[2026-04-12 23:06:44] [INFO] - Project root: /public/home/acf4pijnzl/WDP
[2026-04-12 23:06:44] [INFO] - Task 10 → cancer=C00_C97  section=Male
 [1] "EQI"          "EQI_Air"      "EQI_Water"    "EQI_Land"     "EQI_Built"   
 [6] "EQI_Social"   "Smoking_Rate" "State_FIPS"   "AAMR_Lower"   "AAMR_Upper"  
[11] "cens"         "RUCC"        
Running MCMC with 4 parallel chains...

Chain 1 finished in 161.3 seconds.
Chain 2 finished in 188.8 seconds.
Chain 3 finished in 193.6 seconds.
Chain 4 finished in 201.1 seconds.

All 4 chains finished successfully.
Mean chain execution time: 186.2 seconds.
Total execution time: 201.4 seconds.

Running MCMC with 4 parallel chains...

Chain 1 finished in 569.2 seconds.
Chain 2 finished in 740.7 seconds.
Chain 3 finished in 781.5 seconds.
Chain 4 finished in 822.1 seconds.

All 4 chains finished successfully.
Mean chain execution time: 728.4 seconds.
Total execution time: 822.3 seconds.

Running MCMC with 4 parallel chains...

Chain 4 finished in 197.5 seconds.
Chain 1 finished in 201.5 seconds.
Chain 2 finished in 201.9 seconds.
Chain 3 finished in 224.0 seconds.

All 4 chains finished successfully.
Mean chain execution time: 206.2 seconds.
Total execution time: 224.2 seconds.

Running MCMC with 4 parallel chains...

Chain 1 finished in 361.0 seconds.
Chain 3 finished in 368.8 seconds.
Chain 2 finished in 433.9 seconds.
Chain 4 finished in 445.4 seconds.

All 4 chains finished successfully.
Mean chain execution time: 402.3 seconds.
Total execution time: 445.6 seconds.

Running MCMC with 4 parallel chains...

Chain 2 finished in 180.1 seconds.
Chain 3 finished in 193.2 seconds.
Chain 1 finished in 221.5 seconds.
Chain 4 finished in 239.1 seconds.

All 4 chains finished successfully.
Mean chain execution time: 208.5 seconds.
Total execution time: 239.3 seconds.

Running MCMC with 4 parallel chains...

Chain 1 finished in 367.1 seconds.
Chain 4 finished in 374.4 seconds.
Chain 2 finished in 416.8 seconds.
Chain 3 finished in 444.7 seconds.

All 4 chains finished successfully.
Mean chain execution time: 400.8 seconds.
Total execution time: 444.9 seconds.

Running MCMC with 4 parallel chains...

Chain 4 finished in 182.6 seconds.
Chain 3 finished in 216.5 seconds.
Chain 1 finished in 223.5 seconds.
Chain 2 finished in 235.5 seconds.

All 4 chains finished successfully.
Mean chain execution time: 214.5 seconds.
Total execution time: 235.7 seconds.

Running MCMC with 4 parallel chains...

Chain 3 finished in 405.8 seconds.
Chain 2 finished in 410.5 seconds.
Chain 1 finished in 426.6 seconds.
Chain 4 finished in 462.5 seconds.

All 4 chains finished successfully.
Mean chain execution time: 426.4 seconds.
Total execution time: 462.7 seconds.

Running MCMC with 4 parallel chains...

Chain 3 finished in 197.5 seconds.
Chain 4 finished in 212.2 seconds.
Chain 2 finished in 238.2 seconds.
Chain 1 finished in 250.9 seconds.

All 4 chains finished successfully.
Mean chain execution time: 224.7 seconds.
Total execution time: 251.2 seconds.

Running MCMC with 4 parallel chains...

Chain 3 finished in 367.2 seconds.
Chain 4 finished in 451.0 seconds.
Chain 2 finished in 453.3 seconds.
Chain 1 finished in 476.8 seconds.

All 4 chains finished successfully.
Mean chain execution time: 437.1 seconds.
Total execution time: 476.9 seconds.

[2026-04-13 00:10:57] [INFO] - Done: C00_C97 / Male → Result/Stratified_MRR/
