[2025-10-09 23:50:58] [INFO] - 项目根目录: /public/home/acf4pijnzl/WDP
[2025-10-09 23:50:58] [INFO] - 任务ID=7  疾病=C51_C58  CPU=16
[1] "EQI"          "EQI_Air"      "EQI_Water"    "EQI_Land"     "EQI_Built"   
[6] "EQI_Social"   "Smoking_Rate" "State_FIPS"  
Running MCMC with 4 parallel chains...

Chain 1 finished in 322.0 seconds.
Chain 2 finished in 325.1 seconds.
Chain 3 finished in 351.1 seconds.
Chain 4 finished in 354.5 seconds.

All 4 chains finished successfully.
Mean chain execution time: 338.2 seconds.
Total execution time: 354.6 seconds.

Running MCMC with 4 parallel chains...

Chain 2 finished in 435.4 seconds.
Chain 4 finished in 457.1 seconds.
Chain 1 finished in 473.8 seconds.
Chain 3 finished in 477.7 seconds.

All 4 chains finished successfully.
Mean chain execution time: 461.0 seconds.
Total execution time: 477.8 seconds.

Running MCMC with 4 parallel chains...

Chain 4 finished in 141.2 seconds.
Chain 3 finished in 146.5 seconds.
Chain 2 finished in 149.8 seconds.
Chain 1 finished in 154.4 seconds.

All 4 chains finished successfully.
Mean chain execution time: 148.0 seconds.
Total execution time: 154.5 seconds.

Running MCMC with 4 parallel chains...

Chain 1 finished in 226.9 seconds.
Chain 3 finished in 230.0 seconds.
Chain 2 finished in 231.6 seconds.
Chain 4 finished in 236.1 seconds.

All 4 chains finished successfully.
Mean chain execution time: 231.1 seconds.
Total execution time: 236.2 seconds.

Running MCMC with 4 parallel chains...

Chain 1 finished in 37.0 seconds.
Chain 3 finished in 38.1 seconds.
Chain 4 finished in 39.2 seconds.
Chain 2 finished in 39.4 seconds.

All 4 chains finished successfully.
Mean chain execution time: 38.4 seconds.
Total execution time: 39.5 seconds.

Running MCMC with 4 parallel chains...

Chain 4 finished in 62.8 seconds.
Chain 3 finished in 65.0 seconds.
Chain 1 finished in 68.2 seconds.
Chain 2 finished in 70.2 seconds.

All 4 chains finished successfully.
Mean chain execution time: 66.5 seconds.
Total execution time: 70.3 seconds.

Running MCMC with 4 parallel chains...

Chain 4 finished in 121.7 seconds.
Chain 1 finished in 128.2 seconds.
Chain 2 finished in 132.2 seconds.
Chain 3 finished in 133.3 seconds.

All 4 chains finished successfully.
Mean chain execution time: 128.9 seconds.
Total execution time: 133.4 seconds.

Running MCMC with 4 parallel chains...

Chain 1 finished in 143.3 seconds.
Chain 3 finished in 148.4 seconds.
Chain 2 finished in 153.1 seconds.
Chain 4 finished in 156.4 seconds.

All 4 chains finished successfully.
Mean chain execution time: 150.3 seconds.
Total execution time: 156.6 seconds.

Running MCMC with 4 parallel chains...

Chain 1 finished in 38.9 seconds.
Chain 4 finished in 44.1 seconds.
Chain 2 finished in 44.6 seconds.
Chain 3 finished in 52.6 seconds.

All 4 chains finished successfully.
Mean chain execution time: 45.0 seconds.
Total execution time: 52.6 seconds.

Running MCMC with 4 parallel chains...

Chain 1 finished in 59.3 seconds.
Chain 4 finished in 60.5 seconds.
Chain 2 finished in 62.5 seconds.
Chain 3 finished in 63.9 seconds.

All 4 chains finished successfully.
Mean chain execution time: 61.5 seconds.
Total execution time: 64.0 seconds.

Running MCMC with 4 parallel chains...

Chain 3 finished in 380.4 seconds.
Chain 1 finished in 415.5 seconds.
Chain 4 finished in 416.3 seconds.
Chain 2 finished in 429.2 seconds.

All 4 chains finished successfully.
Mean chain execution time: 410.3 seconds.
Total execution time: 429.3 seconds.

Running MCMC with 4 parallel chains...

Chain 3 finished in 530.5 seconds.
Chain 1 finished in 560.6 seconds.
Chain 4 finished in 605.1 seconds.
Chain 2 finished in 608.1 seconds.

All 4 chains finished successfully.
Mean chain execution time: 576.1 seconds.
Total execution time: 608.3 seconds.

Running MCMC with 4 parallel chains...

Chain 1 finished in 145.2 seconds.
Chain 4 finished in 145.8 seconds.
Chain 3 finished in 146.3 seconds.
Chain 2 finished in 150.4 seconds.

All 4 chains finished successfully.
Mean chain execution time: 146.9 seconds.
Total execution time: 150.5 seconds.

Running MCMC with 4 parallel chains...

Chain 2 finished in 181.1 seconds.
Chain 1 finished in 202.9 seconds.
Chain 3 finished in 218.2 seconds.
Chain 4 finished in 229.6 seconds.

All 4 chains finished successfully.
Mean chain execution time: 207.9 seconds.
Total execution time: 229.8 seconds.

Running MCMC with 4 parallel chains...

Chain 3 finished in 38.2 seconds.
Chain 1 finished in 39.6 seconds.
Chain 4 finished in 40.4 seconds.
Chain 2 finished in 42.1 seconds.

All 4 chains finished successfully.
Mean chain execution time: 40.1 seconds.
Total execution time: 42.2 seconds.

Running MCMC with 4 parallel chains...

Chain 4 finished in 50.6 seconds.
Chain 1 finished in 52.6 seconds.
Chain 2 finished in 60.4 seconds.
Chain 3 finished in 64.8 seconds.

All 4 chains finished successfully.
Mean chain execution time: 57.1 seconds.
Total execution time: 64.9 seconds.

Running MCMC with 4 parallel chains...

Chain 3 finished in 122.6 seconds.
Chain 2 finished in 128.3 seconds.
Chain 1 finished in 131.3 seconds.
Chain 4 finished in 133.3 seconds.

All 4 chains finished successfully.
Mean chain execution time: 128.9 seconds.
Total execution time: 133.5 seconds.

Running MCMC with 4 parallel chains...

Chain 1 finished in 139.7 seconds.
Chain 2 finished in 148.7 seconds.
Chain 4 finished in 152.6 seconds.
Chain 3 finished in 156.7 seconds.

All 4 chains finished successfully.
Mean chain execution time: 149.4 seconds.
Total execution time: 156.9 seconds.

Running MCMC with 4 parallel chains...

Chain 4 finished in 36.1 seconds.
Chain 2 finished in 37.2 seconds.
Chain 3 finished in 38.9 seconds.
Chain 1 finished in 47.7 seconds.

All 4 chains finished successfully.
Mean chain execution time: 40.0 seconds.
Total execution time: 47.8 seconds.

Running MCMC with 4 parallel chains...

Chain 1 finished in 56.9 seconds.
Chain 4 finished in 60.8 seconds.
Chain 2 finished in 62.4 seconds.
Chain 3 finished in 68.8 seconds.

All 4 chains finished successfully.
Mean chain execution time: 62.2 seconds.
Total execution time: 68.9 seconds.

Running MCMC with 4 parallel chains...

Chain 2 finished in 411.4 seconds.
Chain 1 finished in 444.7 seconds.
Chain 3 finished in 460.3 seconds.
Chain 4 finished in 474.8 seconds.

All 4 chains finished successfully.
Mean chain execution time: 447.8 seconds.
Total execution time: 475.0 seconds.

Running MCMC with 4 parallel chains...

Chain 3 finished in 504.8 seconds.
Chain 4 finished in 531.5 seconds.
Chain 1 finished in 560.8 seconds.
Chain 2 finished in 597.7 seconds.

All 4 chains finished successfully.
Mean chain execution time: 548.7 seconds.
Total execution time: 597.8 seconds.

Running MCMC with 4 parallel chains...

Chain 1 finished in 141.3 seconds.
Chain 3 finished in 144.6 seconds.
Chain 2 finished in 146.2 seconds.
Chain 4 finished in 149.9 seconds.

All 4 chains finished successfully.
Mean chain execution time: 145.5 seconds.
Total execution time: 150.0 seconds.

Running MCMC with 4 parallel chains...

Chain 3 finished in 162.0 seconds.
Chain 2 finished in 169.5 seconds.
Chain 4 finished in 170.8 seconds.
Chain 1 finished in 180.5 seconds.

All 4 chains finished successfully.
Mean chain execution time: 170.7 seconds.
Total execution time: 180.5 seconds.

Running MCMC with 4 parallel chains...

Chain 2 finished in 31.2 seconds.
Chain 1 finished in 32.6 seconds.
Chain 4 finished in 36.4 seconds.
Chain 3 finished in 36.8 seconds.

All 4 chains finished successfully.
Mean chain execution time: 34.2 seconds.
Total execution time: 36.9 seconds.

Running MCMC with 4 parallel chains...

Chain 3 finished in 40.8 seconds.
Chain 2 finished in 41.5 seconds.
Chain 4 finished in 44.2 seconds.
Chain 1 finished in 44.9 seconds.

All 4 chains finished successfully.
Mean chain execution time: 42.9 seconds.
Total execution time: 45.0 seconds.

Running MCMC with 4 parallel chains...

Chain 2 finished in 112.9 seconds.
Chain 1 finished in 115.4 seconds.
Chain 3 finished in 126.5 seconds.
Chain 4 finished in 127.1 seconds.

All 4 chains finished successfully.
Mean chain execution time: 120.5 seconds.
Total execution time: 127.2 seconds.

Running MCMC with 4 parallel chains...

Chain 2 finished in 142.1 seconds.
Chain 1 finished in 144.3 seconds.
Chain 4 finished in 148.6 seconds.
Chain 3 finished in 154.8 seconds.

All 4 chains finished successfully.
Mean chain execution time: 147.4 seconds.
Total execution time: 154.9 seconds.

Running MCMC with 4 parallel chains...

Chain 4 finished in 35.2 seconds.
Chain 1 finished in 39.7 seconds.
Chain 3 finished in 42.7 seconds.
Chain 2 finished in 45.6 seconds.

All 4 chains finished successfully.
Mean chain execution time: 40.8 seconds.
Total execution time: 45.7 seconds.

Running MCMC with 4 parallel chains...

Chain 3 finished in 55.4 seconds.
Chain 1 finished in 61.2 seconds.
Chain 4 finished in 61.3 seconds.
Chain 2 finished in 67.6 seconds.

All 4 chains finished successfully.
Mean chain execution time: 61.4 seconds.
Total execution time: 67.7 seconds.

Running MCMC with 4 parallel chains...

Chain 2 finished in 329.2 seconds.
Chain 1 finished in 333.4 seconds.
Chain 4 finished in 344.9 seconds.
Chain 3 finished in 359.7 seconds.

All 4 chains finished successfully.
Mean chain execution time: 341.8 seconds.
Total execution time: 359.8 seconds.

Running MCMC with 4 parallel chains...

Chain 1 finished in 424.1 seconds.
Chain 4 finished in 439.1 seconds.
Chain 2 finished in 455.4 seconds.
Chain 3 finished in 468.2 seconds.

All 4 chains finished successfully.
Mean chain execution time: 446.7 seconds.
Total execution time: 468.3 seconds.

Running MCMC with 4 parallel chains...

Chain 1 finished in 154.6 seconds.
Chain 3 finished in 157.0 seconds.
Chain 4 finished in 158.5 seconds.
Chain 2 finished in 166.3 seconds.

All 4 chains finished successfully.
Mean chain execution time: 159.1 seconds.
Total execution time: 166.5 seconds.

Running MCMC with 4 parallel chains...

Chain 2 finished in 183.8 seconds.
Chain 1 finished in 187.1 seconds.
Chain 4 finished in 187.7 seconds.
Chain 3 finished in 187.9 seconds.

All 4 chains finished successfully.
Mean chain execution time: 186.6 seconds.
Total execution time: 188.0 seconds.

Running MCMC with 4 parallel chains...

Chain 3 finished in 29.9 seconds.
Chain 2 finished in 33.5 seconds.
Chain 1 finished in 34.0 seconds.
Chain 4 finished in 34.5 seconds.

All 4 chains finished successfully.
Mean chain execution time: 33.0 seconds.
Total execution time: 34.6 seconds.

Running MCMC with 4 parallel chains...

Chain 3 finished in 41.5 seconds.
Chain 4 finished in 43.3 seconds.
Chain 2 finished in 43.6 seconds.
Chain 1 finished in 46.3 seconds.

All 4 chains finished successfully.
Mean chain execution time: 43.7 seconds.
Total execution time: 46.4 seconds.

Running MCMC with 4 parallel chains...

Chain 2 finished in 111.0 seconds.
Chain 1 finished in 120.5 seconds.
Chain 4 finished in 123.8 seconds.
Chain 3 finished in 124.2 seconds.

All 4 chains finished successfully.
Mean chain execution time: 119.9 seconds.
Total execution time: 124.3 seconds.

Running MCMC with 4 parallel chains...

Chain 4 finished in 142.8 seconds.
Chain 2 finished in 143.0 seconds.
Chain 1 finished in 149.1 seconds.
Chain 3 finished in 154.3 seconds.

All 4 chains finished successfully.
Mean chain execution time: 147.3 seconds.
Total execution time: 154.5 seconds.

Running MCMC with 4 parallel chains...

Chain 2 finished in 40.5 seconds.
Chain 1 finished in 41.8 seconds.
Chain 4 finished in 42.3 seconds.
Chain 3 finished in 49.9 seconds.

All 4 chains finished successfully.
Mean chain execution time: 43.6 seconds.
Total execution time: 50.0 seconds.

Running MCMC with 4 parallel chains...

Chain 1 finished in 58.9 seconds.
Chain 3 finished in 58.8 seconds.
Chain 2 finished in 66.3 seconds.
Chain 4 finished in 75.4 seconds.

All 4 chains finished successfully.
Mean chain execution time: 64.8 seconds.
Total execution time: 75.5 seconds.

[2025-10-10 01:53:22] [INFO] - ✅ 完成: C51_C58
