Cores: 32 detected | 25 used

===== Section: Koppen | Disease: G20_G30_G12.2_F01_F03 =====
  → koppen_major_B (n=1760)
Chain 1 Informational Message: The current Metropolis proposal is about to be rejected because of the following issue:
Chain 1 Exception: normal_cdf: Scale parameter is 0, but must be positive! (in '/tmp/RtmpgTvuPf/model-1b06530cd500.stan', line 30, column 6 to column 53)
Chain 1 If this warning occurs sporadically, such as for highly constrained variable types like covariance matrices, then the sampler is fine,
Chain 1 but if this warning occurs often then your model may be either severely ill-conditioned or misspecified.
Chain 1 
[OK] koppen_major_B_EQI EQI0005_lag05
Chain 1 Informational Message: The current Metropolis proposal is about to be rejected because of the following issue:
Chain 1 Exception: normal_cdf: Scale parameter is 0, but must be positive! (in '/tmp/RtmpgTvuPf/model-1b06530cd500.stan', line 30, column 6 to column 53)
Chain 1 If this warning occurs sporadically, such as for highly constrained variable types like covariance matrices, then the sampler is fine,
Chain 1 but if this warning occurs often then your model may be either severely ill-conditioned or misspecified.
Chain 1 
Chain 2 Informational Message: The current Metropolis proposal is about to be rejected because of the following issue:
Chain 2 Exception: normal_cdf: Scale parameter is 0, but must be positive! (in '/tmp/RtmpgTvuPf/model-1b06530cd500.stan', line 30, column 6 to column 53)
Chain 2 If this warning occurs sporadically, such as for highly constrained variable types like covariance matrices, then the sampler is fine,
Chain 2 but if this warning occurs often then your model may be either severely ill-conditioned or misspecified.
Chain 2 
[OK] koppen_major_B domains EQI0005_lag05
Chain 1 Informational Message: The current Metropolis proposal is about to be rejected because of the following issue:
Chain 1 Exception: normal_cdf: Scale parameter is 0, but must be positive! (in '/tmp/RtmpgTvuPf/model-1b06530cd500.stan', line 30, column 6 to column 53)
Chain 1 If this warning occurs sporadically, such as for highly constrained variable types like covariance matrices, then the sampler is fine,
Chain 1 but if this warning occurs often then your model may be either severely ill-conditioned or misspecified.
Chain 1 
[OK] koppen_major_B_EQI EQI0005_lag10
Chain 2 Informational Message: The current Metropolis proposal is about to be rejected because of the following issue:
Chain 2 Exception: normal_cdf: Scale parameter is 0, but must be positive! (in '/tmp/RtmpgTvuPf/model-1b06530cd500.stan', line 30, column 6 to column 53)
Chain 2 If this warning occurs sporadically, such as for highly constrained variable types like covariance matrices, then the sampler is fine,
Chain 2 but if this warning occurs often then your model may be either severely ill-conditioned or misspecified.
Chain 2 
Chain 3 Informational Message: The current Metropolis proposal is about to be rejected because of the following issue:
Chain 3 Exception: normal_cdf: Scale parameter is 0, but must be positive! (in '/tmp/RtmpgTvuPf/model-1b06530cd500.stan', line 30, column 6 to column 53)
Chain 3 If this warning occurs sporadically, such as for highly constrained variable types like covariance matrices, then the sampler is fine,
Chain 3 but if this warning occurs often then your model may be either severely ill-conditioned or misspecified.
Chain 3 
[OK] koppen_major_B domains EQI0005_lag10
Chain 1 Informational Message: The current Metropolis proposal is about to be rejected because of the following issue:
Chain 1 Exception: normal_cdf: Scale parameter is 0, but must be positive! (in '/tmp/RtmpgTvuPf/model-1b06530cd500.stan', line 30, column 6 to column 53)
Chain 1 If this warning occurs sporadically, such as for highly constrained variable types like covariance matrices, then the sampler is fine,
Chain 1 but if this warning occurs often then your model may be either severely ill-conditioned or misspecified.
Chain 1 
[OK] koppen_major_B_EQI EQI0005_lag15
Chain 2 Informational Message: The current Metropolis proposal is about to be rejected because of the following issue:
Chain 2 Exception: normal_cdf: Scale parameter is 0, but must be positive! (in '/tmp/RtmpgTvuPf/model-1b06530cd500.stan', line 30, column 6 to column 53)
Chain 2 If this warning occurs sporadically, such as for highly constrained variable types like covariance matrices, then the sampler is fine,
Chain 2 but if this warning occurs often then your model may be either severely ill-conditioned or misspecified.
Chain 2 
Chain 3 Informational Message: The current Metropolis proposal is about to be rejected because of the following issue:
Chain 3 Exception: normal_cdf: Scale parameter is 0, but must be positive! (in '/tmp/RtmpgTvuPf/model-1b06530cd500.stan', line 30, column 6 to column 53)
Chain 3 If this warning occurs sporadically, such as for highly constrained variable types like covariance matrices, then the sampler is fine,
Chain 3 but if this warning occurs often then your model may be either severely ill-conditioned or misspecified.
Chain 3 
[OK] koppen_major_B domains EQI0005_lag15
Chain 1 Informational Message: The current Metropolis proposal is about to be rejected because of the following issue:
Chain 1 Exception: normal_cdf: Scale parameter is 0, but must be positive! (in '/tmp/RtmpgTvuPf/model-1b06530cd500.stan', line 30, column 6 to column 53)
Chain 1 If this warning occurs sporadically, such as for highly constrained variable types like covariance matrices, then the sampler is fine,
Chain 1 but if this warning occurs often then your model may be either severely ill-conditioned or misspecified.
Chain 1 
[OK] koppen_major_B_EQI EQI0610_lag05
Chain 2 Informational Message: The current Metropolis proposal is about to be rejected because of the following issue:
Chain 2 Exception: normal_cdf: Scale parameter is 0, but must be positive! (in '/tmp/RtmpgTvuPf/model-1b06530cd500.stan', line 30, column 6 to column 53)
Chain 2 If this warning occurs sporadically, such as for highly constrained variable types like covariance matrices, then the sampler is fine,
Chain 2 but if this warning occurs often then your model may be either severely ill-conditioned or misspecified.
Chain 2 
Chain 3 Informational Message: The current Metropolis proposal is about to be rejected because of the following issue:
Chain 3 Exception: normal_cdf: Scale parameter is 0, but must be positive! (in '/tmp/RtmpgTvuPf/model-1b06530cd500.stan', line 30, column 6 to column 53)
Chain 3 If this warning occurs sporadically, such as for highly constrained variable types like covariance matrices, then the sampler is fine,
Chain 3 but if this warning occurs often then your model may be either severely ill-conditioned or misspecified.
Chain 3 
[OK] koppen_major_B domains EQI0610_lag05
Chain 1 Informational Message: The current Metropolis proposal is about to be rejected because of the following issue:
Chain 1 Exception: normal_cdf: Scale parameter is 0, but must be positive! (in '/tmp/RtmpgTvuPf/model-1b06530cd500.stan', line 30, column 6 to column 53)
Chain 1 If this warning occurs sporadically, such as for highly constrained variable types like covariance matrices, then the sampler is fine,
Chain 1 but if this warning occurs often then your model may be either severely ill-conditioned or misspecified.
Chain 1 
[OK] koppen_major_B_EQI EQI0610_lag10
Chain 2 Informational Message: The current Metropolis proposal is about to be rejected because of the following issue:
Chain 2 Exception: normal_cdf: Scale parameter is 0, but must be positive! (in '/tmp/RtmpgTvuPf/model-1b06530cd500.stan', line 30, column 6 to column 53)
Chain 2 If this warning occurs sporadically, such as for highly constrained variable types like covariance matrices, then the sampler is fine,
Chain 2 but if this warning occurs often then your model may be either severely ill-conditioned or misspecified.
Chain 2 
Chain 3 Informational Message: The current Metropolis proposal is about to be rejected because of the following issue:
Chain 3 Exception: normal_cdf: Scale parameter is 0, but must be positive! (in '/tmp/RtmpgTvuPf/model-1b06530cd500.stan', line 30, column 6 to column 53)
Chain 3 If this warning occurs sporadically, such as for highly constrained variable types like covariance matrices, then the sampler is fine,
Chain 3 but if this warning occurs often then your model may be either severely ill-conditioned or misspecified.
Chain 3 
[OK] koppen_major_B domains EQI0610_lag10
  → koppen_major_C (n=8853)
[OK] koppen_major_C_EQI EQI0005_lag05
[OK] koppen_major_C domains EQI0005_lag05
[OK] koppen_major_C_EQI EQI0005_lag10
[OK] koppen_major_C domains EQI0005_lag10
[OK] koppen_major_C_EQI EQI0005_lag15
[OK] koppen_major_C domains EQI0005_lag15
[OK] koppen_major_C_EQI EQI0610_lag05
[OK] koppen_major_C domains EQI0610_lag05
[OK] koppen_major_C_EQI EQI0610_lag10
[OK] koppen_major_C domains EQI0610_lag10
  → koppen_major_D (n=5031)
Chain 1 Informational Message: The current Metropolis proposal is about to be rejected because of the following issue:
Chain 1 Exception: normal_lpdf: Scale parameter is 0, but must be positive! (in '/tmp/RtmpgTvuPf/model-1b06530cd500.stan', line 28, column 6 to column 52)
Chain 1 If this warning occurs sporadically, such as for highly constrained variable types like covariance matrices, then the sampler is fine,
Chain 1 but if this warning occurs often then your model may be either severely ill-conditioned or misspecified.
Chain 1 
Chain 3 Informational Message: The current Metropolis proposal is about to be rejected because of the following issue:
Chain 3 Exception: normal_lpdf: Scale parameter is 0, but must be positive! (in '/tmp/RtmpgTvuPf/model-1b06530cd500.stan', line 28, column 6 to column 52)
Chain 3 If this warning occurs sporadically, such as for highly constrained variable types like covariance matrices, then the sampler is fine,
Chain 3 but if this warning occurs often then your model may be either severely ill-conditioned or misspecified.
Chain 3 
Chain 4 Informational Message: The current Metropolis proposal is about to be rejected because of the following issue:
Chain 4 Exception: normal_lpdf: Scale parameter is 0, but must be positive! (in '/tmp/RtmpgTvuPf/model-1b06530cd500.stan', line 28, column 6 to column 52)
Chain 4 If this warning occurs sporadically, such as for highly constrained variable types like covariance matrices, then the sampler is fine,
Chain 4 but if this warning occurs often then your model may be either severely ill-conditioned or misspecified.
Chain 4 
[OK] koppen_major_D_EQI EQI0005_lag05
Chain 1 Informational Message: The current Metropolis proposal is about to be rejected because of the following issue:
Chain 1 Exception: normal_lpdf: Scale parameter is 0, but must be positive! (in '/tmp/RtmpgTvuPf/model-1b06530cd500.stan', line 28, column 6 to column 52)
Chain 1 If this warning occurs sporadically, such as for highly constrained variable types like covariance matrices, then the sampler is fine,
Chain 1 but if this warning occurs often then your model may be either severely ill-conditioned or misspecified.
Chain 1 
Chain 2 Informational Message: The current Metropolis proposal is about to be rejected because of the following issue:
Chain 2 Exception: normal_lpdf: Scale parameter is 0, but must be positive! (in '/tmp/RtmpgTvuPf/model-1b06530cd500.stan', line 28, column 6 to column 52)
Chain 2 If this warning occurs sporadically, such as for highly constrained variable types like covariance matrices, then the sampler is fine,
Chain 2 but if this warning occurs often then your model may be either severely ill-conditioned or misspecified.
Chain 2 
Chain 3 Informational Message: The current Metropolis proposal is about to be rejected because of the following issue:
Chain 3 Exception: normal_lpdf: Scale parameter is 0, but must be positive! (in '/tmp/RtmpgTvuPf/model-1b06530cd500.stan', line 28, column 6 to column 52)
Chain 3 If this warning occurs sporadically, such as for highly constrained variable types like covariance matrices, then the sampler is fine,
Chain 3 but if this warning occurs often then your model may be either severely ill-conditioned or misspecified.
Chain 3 
[OK] koppen_major_D domains EQI0005_lag05
Chain 1 Informational Message: The current Metropolis proposal is about to be rejected because of the following issue:
Chain 1 Exception: normal_lpdf: Scale parameter is 0, but must be positive! (in '/tmp/RtmpgTvuPf/model-1b06530cd500.stan', line 28, column 6 to column 52)
Chain 1 If this warning occurs sporadically, such as for highly constrained variable types like covariance matrices, then the sampler is fine,
Chain 1 but if this warning occurs often then your model may be either severely ill-conditioned or misspecified.
Chain 1 
Chain 3 Informational Message: The current Metropolis proposal is about to be rejected because of the following issue:
Chain 3 Exception: normal_lpdf: Scale parameter is 0, but must be positive! (in '/tmp/RtmpgTvuPf/model-1b06530cd500.stan', line 28, column 6 to column 52)
Chain 3 If this warning occurs sporadically, such as for highly constrained variable types like covariance matrices, then the sampler is fine,
Chain 3 but if this warning occurs often then your model may be either severely ill-conditioned or misspecified.
Chain 3 
Chain 4 Informational Message: The current Metropolis proposal is about to be rejected because of the following issue:
Chain 4 Exception: normal_lpdf: Scale parameter is 0, but must be positive! (in '/tmp/RtmpgTvuPf/model-1b06530cd500.stan', line 28, column 6 to column 52)
Chain 4 If this warning occurs sporadically, such as for highly constrained variable types like covariance matrices, then the sampler is fine,
Chain 4 but if this warning occurs often then your model may be either severely ill-conditioned or misspecified.
Chain 4 
[OK] koppen_major_D_EQI EQI0005_lag10
Chain 1 Informational Message: The current Metropolis proposal is about to be rejected because of the following issue:
Chain 1 Exception: normal_lpdf: Scale parameter is 0, but must be positive! (in '/tmp/RtmpgTvuPf/model-1b06530cd500.stan', line 28, column 6 to column 52)
Chain 1 If this warning occurs sporadically, such as for highly constrained variable types like covariance matrices, then the sampler is fine,
Chain 1 but if this warning occurs often then your model may be either severely ill-conditioned or misspecified.
Chain 1 
Chain 2 Informational Message: The current Metropolis proposal is about to be rejected because of the following issue:
Chain 2 Exception: normal_lpdf: Scale parameter is 0, but must be positive! (in '/tmp/RtmpgTvuPf/model-1b06530cd500.stan', line 28, column 6 to column 52)
Chain 2 If this warning occurs sporadically, such as for highly constrained variable types like covariance matrices, then the sampler is fine,
Chain 2 but if this warning occurs often then your model may be either severely ill-conditioned or misspecified.
Chain 2 
Chain 3 Informational Message: The current Metropolis proposal is about to be rejected because of the following issue:
Chain 3 Exception: normal_lpdf: Scale parameter is 0, but must be positive! (in '/tmp/RtmpgTvuPf/model-1b06530cd500.stan', line 28, column 6 to column 52)
Chain 3 If this warning occurs sporadically, such as for highly constrained variable types like covariance matrices, then the sampler is fine,
Chain 3 but if this warning occurs often then your model may be either severely ill-conditioned or misspecified.
Chain 3 
[OK] koppen_major_D domains EQI0005_lag10
Chain 1 Informational Message: The current Metropolis proposal is about to be rejected because of the following issue:
Chain 1 Exception: normal_lpdf: Scale parameter is 0, but must be positive! (in '/tmp/RtmpgTvuPf/model-1b06530cd500.stan', line 28, column 6 to column 52)
Chain 1 If this warning occurs sporadically, such as for highly constrained variable types like covariance matrices, then the sampler is fine,
Chain 1 but if this warning occurs often then your model may be either severely ill-conditioned or misspecified.
Chain 1 
Chain 2 Informational Message: The current Metropolis proposal is about to be rejected because of the following issue:
Chain 2 Exception: normal_lpdf: Scale parameter is 0, but must be positive! (in '/tmp/RtmpgTvuPf/model-1b06530cd500.stan', line 28, column 6 to column 52)
Chain 2 If this warning occurs sporadically, such as for highly constrained variable types like covariance matrices, then the sampler is fine,
Chain 2 but if this warning occurs often then your model may be either severely ill-conditioned or misspecified.
Chain 2 
Chain 3 Informational Message: The current Metropolis proposal is about to be rejected because of the following issue:
Chain 3 Exception: normal_lpdf: Scale parameter is 0, but must be positive! (in '/tmp/RtmpgTvuPf/model-1b06530cd500.stan', line 28, column 6 to column 52)
Chain 3 If this warning occurs sporadically, such as for highly constrained variable types like covariance matrices, then the sampler is fine,
Chain 3 but if this warning occurs often then your model may be either severely ill-conditioned or misspecified.
Chain 3 
[OK] koppen_major_D_EQI EQI0005_lag15
Chain 1 Informational Message: The current Metropolis proposal is about to be rejected because of the following issue:
Chain 1 Exception: normal_lpdf: Scale parameter is 0, but must be positive! (in '/tmp/RtmpgTvuPf/model-1b06530cd500.stan', line 28, column 6 to column 52)
Chain 1 If this warning occurs sporadically, such as for highly constrained variable types like covariance matrices, then the sampler is fine,
Chain 1 but if this warning occurs often then your model may be either severely ill-conditioned or misspecified.
Chain 1 
Chain 2 Informational Message: The current Metropolis proposal is about to be rejected because of the following issue:
Chain 2 Exception: normal_lpdf: Scale parameter is 0, but must be positive! (in '/tmp/RtmpgTvuPf/model-1b06530cd500.stan', line 28, column 6 to column 52)
Chain 2 If this warning occurs sporadically, such as for highly constrained variable types like covariance matrices, then the sampler is fine,
Chain 2 but if this warning occurs often then your model may be either severely ill-conditioned or misspecified.
Chain 2 
Chain 3 Informational Message: The current Metropolis proposal is about to be rejected because of the following issue:
Chain 3 Exception: normal_lpdf: Scale parameter is 0, but must be positive! (in '/tmp/RtmpgTvuPf/model-1b06530cd500.stan', line 28, column 6 to column 52)
Chain 3 If this warning occurs sporadically, such as for highly constrained variable types like covariance matrices, then the sampler is fine,
Chain 3 but if this warning occurs often then your model may be either severely ill-conditioned or misspecified.
Chain 3 
Chain 4 Informational Message: The current Metropolis proposal is about to be rejected because of the following issue:
Chain 4 Exception: normal_lpdf: Scale parameter is 0, but must be positive! (in '/tmp/RtmpgTvuPf/model-1b06530cd500.stan', line 28, column 6 to column 52)
Chain 4 If this warning occurs sporadically, such as for highly constrained variable types like covariance matrices, then the sampler is fine,
Chain 4 but if this warning occurs often then your model may be either severely ill-conditioned or misspecified.
Chain 4 
[OK] koppen_major_D domains EQI0005_lag15
Chain 1 Informational Message: The current Metropolis proposal is about to be rejected because of the following issue:
Chain 1 Exception: normal_lpdf: Scale parameter is 0, but must be positive! (in '/tmp/RtmpgTvuPf/model-1b06530cd500.stan', line 28, column 6 to column 52)
Chain 1 If this warning occurs sporadically, such as for highly constrained variable types like covariance matrices, then the sampler is fine,
Chain 1 but if this warning occurs often then your model may be either severely ill-conditioned or misspecified.
Chain 1 
Chain 3 Informational Message: The current Metropolis proposal is about to be rejected because of the following issue:
Chain 3 Exception: normal_lpdf: Scale parameter is 0, but must be positive! (in '/tmp/RtmpgTvuPf/model-1b06530cd500.stan', line 28, column 6 to column 52)
Chain 3 If this warning occurs sporadically, such as for highly constrained variable types like covariance matrices, then the sampler is fine,
Chain 3 but if this warning occurs often then your model may be either severely ill-conditioned or misspecified.
Chain 3 
Chain 4 Informational Message: The current Metropolis proposal is about to be rejected because of the following issue:
Chain 4 Exception: normal_lpdf: Scale parameter is 0, but must be positive! (in '/tmp/RtmpgTvuPf/model-1b06530cd500.stan', line 28, column 6 to column 52)
Chain 4 If this warning occurs sporadically, such as for highly constrained variable types like covariance matrices, then the sampler is fine,
Chain 4 but if this warning occurs often then your model may be either severely ill-conditioned or misspecified.
Chain 4 
[OK] koppen_major_D_EQI EQI0610_lag05
Chain 1 Informational Message: The current Metropolis proposal is about to be rejected because of the following issue:
Chain 1 Exception: normal_lpdf: Scale parameter is 0, but must be positive! (in '/tmp/RtmpgTvuPf/model-1b06530cd500.stan', line 28, column 6 to column 52)
Chain 1 If this warning occurs sporadically, such as for highly constrained variable types like covariance matrices, then the sampler is fine,
Chain 1 but if this warning occurs often then your model may be either severely ill-conditioned or misspecified.
Chain 1 
Chain 2 Informational Message: The current Metropolis proposal is about to be rejected because of the following issue:
Chain 2 Exception: normal_lpdf: Scale parameter is 0, but must be positive! (in '/tmp/RtmpgTvuPf/model-1b06530cd500.stan', line 28, column 6 to column 52)
Chain 2 If this warning occurs sporadically, such as for highly constrained variable types like covariance matrices, then the sampler is fine,
Chain 2 but if this warning occurs often then your model may be either severely ill-conditioned or misspecified.
Chain 2 
Chain 3 Informational Message: The current Metropolis proposal is about to be rejected because of the following issue:
Chain 3 Exception: normal_lpdf: Scale parameter is 0, but must be positive! (in '/tmp/RtmpgTvuPf/model-1b06530cd500.stan', line 28, column 6 to column 52)
Chain 3 If this warning occurs sporadically, such as for highly constrained variable types like covariance matrices, then the sampler is fine,
Chain 3 but if this warning occurs often then your model may be either severely ill-conditioned or misspecified.
Chain 3 
[OK] koppen_major_D domains EQI0610_lag05
Chain 1 Informational Message: The current Metropolis proposal is about to be rejected because of the following issue:
Chain 1 Exception: normal_lpdf: Scale parameter is 0, but must be positive! (in '/tmp/RtmpgTvuPf/model-1b06530cd500.stan', line 28, column 6 to column 52)
Chain 1 If this warning occurs sporadically, such as for highly constrained variable types like covariance matrices, then the sampler is fine,
Chain 1 but if this warning occurs often then your model may be either severely ill-conditioned or misspecified.
Chain 1 
Chain 2 Informational Message: The current Metropolis proposal is about to be rejected because of the following issue:
Chain 2 Exception: normal_lpdf: Scale parameter is 0, but must be positive! (in '/tmp/RtmpgTvuPf/model-1b06530cd500.stan', line 28, column 6 to column 52)
Chain 2 If this warning occurs sporadically, such as for highly constrained variable types like covariance matrices, then the sampler is fine,
Chain 2 but if this warning occurs often then your model may be either severely ill-conditioned or misspecified.
Chain 2 
Chain 3 Informational Message: The current Metropolis proposal is about to be rejected because of the following issue:
Chain 3 Exception: normal_lpdf: Scale parameter is 0, but must be positive! (in '/tmp/RtmpgTvuPf/model-1b06530cd500.stan', line 28, column 6 to column 52)
Chain 3 If this warning occurs sporadically, such as for highly constrained variable types like covariance matrices, then the sampler is fine,
Chain 3 but if this warning occurs often then your model may be either severely ill-conditioned or misspecified.
Chain 3 
[OK] koppen_major_D_EQI EQI0610_lag10
Chain 1 Informational Message: The current Metropolis proposal is about to be rejected because of the following issue:
Chain 1 Exception: normal_lpdf: Scale parameter is 0, but must be positive! (in '/tmp/RtmpgTvuPf/model-1b06530cd500.stan', line 28, column 6 to column 52)
Chain 1 If this warning occurs sporadically, such as for highly constrained variable types like covariance matrices, then the sampler is fine,
Chain 1 but if this warning occurs often then your model may be either severely ill-conditioned or misspecified.
Chain 1 
Chain 2 Informational Message: The current Metropolis proposal is about to be rejected because of the following issue:
Chain 2 Exception: normal_lpdf: Scale parameter is 0, but must be positive! (in '/tmp/RtmpgTvuPf/model-1b06530cd500.stan', line 28, column 6 to column 52)
Chain 2 If this warning occurs sporadically, such as for highly constrained variable types like covariance matrices, then the sampler is fine,
Chain 2 but if this warning occurs often then your model may be either severely ill-conditioned or misspecified.
Chain 2 
Chain 3 Informational Message: The current Metropolis proposal is about to be rejected because of the following issue:
Chain 3 Exception: normal_lpdf: Scale parameter is 0, but must be positive! (in '/tmp/RtmpgTvuPf/model-1b06530cd500.stan', line 28, column 6 to column 52)
Chain 3 If this warning occurs sporadically, such as for highly constrained variable types like covariance matrices, then the sampler is fine,
Chain 3 but if this warning occurs often then your model may be either severely ill-conditioned or misspecified.
Chain 3 
Chain 4 Informational Message: The current Metropolis proposal is about to be rejected because of the following issue:
Chain 4 Exception: normal_lpdf: Scale parameter is 0, but must be positive! (in '/tmp/RtmpgTvuPf/model-1b06530cd500.stan', line 28, column 6 to column 52)
Chain 4 If this warning occurs sporadically, such as for highly constrained variable types like covariance matrices, then the sampler is fine,
Chain 4 but if this warning occurs often then your model may be either severely ill-conditioned or misspecified.
Chain 4 
[OK] koppen_major_D domains EQI0610_lag10

===== Done: Koppen | G20_G30_G12.2_F01_F03 =====
Output: /public/home/acf4pijnzl/WDP/Result/Stratified_MRR
