[2026-05-07 01:19:42] [INFO] Project root: /public/home/vanadiumscandium/WDP
[2026-05-07 01:19:46] [INFO] Task 3 → Outcome=I00_I99
[1] "EQI"                       "Smoking_rate"             
[3] "Physical_Activities_rate"  "Obesity_rate"             
[5] "Uninsured_rate"            "Physician_Density_per100k"
[7] "Diabetes_Prevalence_rate"  "State_FIPS"               
Running MCMC with 4 parallel chains...

Chain 3 finished in 817.6 seconds.
Chain 4 finished in 904.9 seconds.
Chain 1 finished in 929.5 seconds.
Chain 2 finished in 958.6 seconds.

All 4 chains finished successfully.
Mean chain execution time: 902.6 seconds.
Total execution time: 958.8 seconds.

Running MCMC with 4 parallel chains...

Chain 2 finished in 378.9 seconds.
Chain 1 finished in 398.5 seconds.
Chain 4 finished in 402.3 seconds.
Chain 3 finished in 429.9 seconds.

All 4 chains finished successfully.
Mean chain execution time: 402.4 seconds.
Total execution time: 430.1 seconds.

Running MCMC with 4 parallel chains...

Chain 1 finished in 1980.8 seconds.
Chain 4 finished in 2071.0 seconds.
Chain 2 finished in 2076.1 seconds.
Chain 3 finished in 2097.3 seconds.

All 4 chains finished successfully.
Mean chain execution time: 2056.3 seconds.
Total execution time: 2097.5 seconds.

Running MCMC with 4 parallel chains...

Chain 2 finished in 392.8 seconds.
Chain 4 finished in 457.5 seconds.
Chain 1 finished in 466.4 seconds.
Chain 3 finished in 467.2 seconds.

All 4 chains finished successfully.
Mean chain execution time: 445.9 seconds.
Total execution time: 467.4 seconds.

Running MCMC with 4 parallel chains...

Chain 2 finished in 1028.4 seconds.
Chain 1 finished in 1104.3 seconds.
Chain 3 finished in 1110.0 seconds.
Chain 4 finished in 1135.1 seconds.

All 4 chains finished successfully.
Mean chain execution time: 1094.5 seconds.
Total execution time: 1135.4 seconds.

Running MCMC with 4 parallel chains...

Chain 4 finished in 885.2 seconds.
Chain 1 finished in 941.6 seconds.
Chain 2 finished in 947.1 seconds.
Chain 3 finished in 987.1 seconds.

All 4 chains finished successfully.
Mean chain execution time: 940.3 seconds.
Total execution time: 987.3 seconds.

Running MCMC with 4 parallel chains...

Chain 3 finished in 445.5 seconds.
Chain 2 finished in 494.1 seconds.
Chain 1 finished in 520.7 seconds.
Chain 4 finished in 550.9 seconds.

All 4 chains finished successfully.
Mean chain execution time: 502.8 seconds.
Total execution time: 551.1 seconds.

Running MCMC with 4 parallel chains...

Chain 4 finished in 583.9 seconds.
Chain 1 finished in 635.1 seconds.
Chain 2 finished in 641.1 seconds.
Chain 3 finished in 675.1 seconds.

All 4 chains finished successfully.
Mean chain execution time: 633.8 seconds.
Total execution time: 675.4 seconds.

Running MCMC with 4 parallel chains...

Chain 1 finished in 551.5 seconds.
Chain 2 finished in 594.2 seconds.
Chain 3 finished in 594.9 seconds.
Chain 4 finished in 625.5 seconds.

All 4 chains finished successfully.
Mean chain execution time: 591.5 seconds.
Total execution time: 625.8 seconds.

Running MCMC with 4 parallel chains...

Chain 1 finished in 515.8 seconds.
Chain 3 finished in 537.1 seconds.
Chain 4 finished in 588.9 seconds.
Chain 2 finished in 596.9 seconds.

All 4 chains finished successfully.
Mean chain execution time: 559.7 seconds.
Total execution time: 597.1 seconds.

Running MCMC with 4 parallel chains...

Chain 4 finished in 637.0 seconds.
Chain 2 finished in 712.7 seconds.
Chain 1 finished in 763.1 seconds.
Chain 3 finished in 784.3 seconds.

All 4 chains finished successfully.
Mean chain execution time: 724.3 seconds.
Total execution time: 784.5 seconds.

Running MCMC with 4 parallel chains...

Chain 4 finished in 480.2 seconds.
Chain 3 finished in 509.1 seconds.
Chain 1 finished in 518.2 seconds.
Chain 2 finished in 526.9 seconds.

All 4 chains finished successfully.
Mean chain execution time: 508.6 seconds.
Total execution time: 527.2 seconds.

Running MCMC with 4 parallel chains...

Chain 4 finished in 579.1 seconds.
Chain 3 finished in 605.4 seconds.
Chain 1 finished in 608.4 seconds.
Chain 2 finished in 617.6 seconds.

All 4 chains finished successfully.
Mean chain execution time: 602.6 seconds.
Total execution time: 617.8 seconds.

Running MCMC with 4 parallel chains...

Chain 2 finished in 2308.6 seconds.
Chain 1 finished in 2327.4 seconds.
Chain 4 finished in 2414.4 seconds.
Chain 3 finished in 2653.4 seconds.

All 4 chains finished successfully.
Mean chain execution time: 2426.0 seconds.
Total execution time: 2653.6 seconds.

Running MCMC with 4 parallel chains...

Chain 2 finished in 2028.8 seconds.
Chain 4 finished in 2082.1 seconds.
Chain 3 finished in 2109.2 seconds.
Chain 1 finished in 2165.8 seconds.

All 4 chains finished successfully.
Mean chain execution time: 2096.5 seconds.
Total execution time: 2166.0 seconds.

Running MCMC with 4 parallel chains...

Chain 4 finished in 502.3 seconds.
Chain 3 finished in 531.1 seconds.
Chain 1 finished in 545.6 seconds.
Chain 2 finished in 569.6 seconds.

All 4 chains finished successfully.
Mean chain execution time: 537.1 seconds.
Total execution time: 569.9 seconds.

Running MCMC with 4 parallel chains...

Chain 3 finished in 513.2 seconds.
Chain 1 finished in 537.0 seconds.
Chain 2 finished in 544.3 seconds.
Chain 4 finished in 564.0 seconds.

All 4 chains finished successfully.
Mean chain execution time: 539.6 seconds.
Total execution time: 564.2 seconds.

Running MCMC with 4 parallel chains...

Chain 1 finished in 660.6 seconds.
Chain 4 finished in 701.6 seconds.
Chain 3 finished in 706.0 seconds.
Chain 2 finished in 729.8 seconds.

All 4 chains finished successfully.
Mean chain execution time: 699.5 seconds.
Total execution time: 729.9 seconds.

Running MCMC with 4 parallel chains...

Chain 3 finished in 599.9 seconds.
Chain 4 finished in 619.5 seconds.
Chain 1 finished in 627.6 seconds.
Chain 2 finished in 637.7 seconds.

All 4 chains finished successfully.
Mean chain execution time: 621.2 seconds.
Total execution time: 637.9 seconds.

Running MCMC with 4 parallel chains...

Chain 4 finished in 1130.2 seconds.
Chain 2 finished in 1167.8 seconds.
Chain 1 finished in 1198.2 seconds.
Chain 3 finished in 1319.0 seconds.

All 4 chains finished successfully.
Mean chain execution time: 1203.8 seconds.
Total execution time: 1319.1 seconds.

Running MCMC with 4 parallel chains...

Chain 4 finished in 710.6 seconds.
Chain 2 finished in 718.6 seconds.
Chain 1 finished in 865.3 seconds.
Chain 3 finished in 923.9 seconds.

All 4 chains finished successfully.
Mean chain execution time: 804.6 seconds.
Total execution time: 924.1 seconds.

Running MCMC with 4 parallel chains...

Chain 2 finished in 625.4 seconds.
Chain 1 finished in 647.1 seconds.
Chain 4 finished in 652.9 seconds.
Chain 3 finished in 783.7 seconds.

All 4 chains finished successfully.
Mean chain execution time: 677.3 seconds.
Total execution time: 783.9 seconds.

Running MCMC with 4 parallel chains...

Chain 2 finished in 748.1 seconds.
Chain 4 finished in 830.5 seconds.
Chain 1 finished in 851.2 seconds.
Chain 3 finished in 913.6 seconds.

All 4 chains finished successfully.
Mean chain execution time: 835.9 seconds.
Total execution time: 913.8 seconds.

Running MCMC with 4 parallel chains...

Chain 3 finished in 2248.7 seconds.
Chain 4 finished in 2398.5 seconds.
Chain 2 finished in 2418.3 seconds.
Chain 1 finished in 2683.9 seconds.

All 4 chains finished successfully.
Mean chain execution time: 2437.4 seconds.
Total execution time: 2684.1 seconds.

Running MCMC with 4 parallel chains...

Chain 3 finished in 811.2 seconds.
Chain 1 finished in 822.2 seconds.
Chain 2 finished in 870.7 seconds.
Chain 4 finished in 890.4 seconds.

All 4 chains finished successfully.
Mean chain execution time: 848.6 seconds.
Total execution time: 890.7 seconds.

Running MCMC with 4 parallel chains...

Chain 2 finished in 691.7 seconds.
Chain 3 finished in 696.4 seconds.
Chain 4 finished in 699.7 seconds.
Chain 1 finished in 774.0 seconds.

All 4 chains finished successfully.
Mean chain execution time: 715.4 seconds.
Total execution time: 774.2 seconds.

Running MCMC with 4 parallel chains...

Chain 1 finished in 603.1 seconds.
Chain 2 finished in 696.9 seconds.
Chain 3 finished in 710.3 seconds.
Chain 4 finished in 739.4 seconds.

All 4 chains finished successfully.
Mean chain execution time: 687.4 seconds.
Total execution time: 739.6 seconds.

Running MCMC with 4 parallel chains...

Chain 1 finished in 792.8 seconds.
Chain 4 finished in 870.2 seconds.
Chain 3 finished in 916.9 seconds.
Chain 2 finished in 977.2 seconds.

All 4 chains finished successfully.
Mean chain execution time: 889.3 seconds.
Total execution time: 977.4 seconds.

Running MCMC with 4 parallel chains...

Chain 2 finished in 841.4 seconds.
Chain 4 finished in 845.2 seconds.
Chain 3 finished in 867.6 seconds.
Chain 1 finished in 886.9 seconds.

All 4 chains finished successfully.
Mean chain execution time: 860.3 seconds.
Total execution time: 887.1 seconds.

Running MCMC with 4 parallel chains...

Chain 3 finished in 773.8 seconds.
Chain 2 finished in 826.9 seconds.
Chain 1 finished in 828.8 seconds.
Chain 4 finished in 845.1 seconds.

All 4 chains finished successfully.
Mean chain execution time: 818.6 seconds.
Total execution time: 845.4 seconds.

Running MCMC with 4 parallel chains...

Chain 1 finished in 561.6 seconds.
Chain 3 finished in 593.6 seconds.
Chain 2 finished in 612.7 seconds.
Chain 4 finished in 628.3 seconds.

All 4 chains finished successfully.
Mean chain execution time: 599.0 seconds.
Total execution time: 628.5 seconds.

Running MCMC with 4 parallel chains...

Chain 3 finished in 742.1 seconds.
Chain 2 finished in 745.4 seconds.
Chain 4 finished in 795.8 seconds.
Chain 1 finished in 806.5 seconds.

All 4 chains finished successfully.
Mean chain execution time: 772.4 seconds.
Total execution time: 806.7 seconds.

Running MCMC with 4 parallel chains...

Chain 1 finished in 639.6 seconds.
Chain 3 finished in 796.8 seconds.
Chain 2 finished in 798.5 seconds.
Chain 4 finished in 857.4 seconds.

All 4 chains finished successfully.
Mean chain execution time: 773.1 seconds.
Total execution time: 857.6 seconds.

Running MCMC with 4 parallel chains...

Chain 4 finished in 863.1 seconds.
Chain 1 finished in 864.5 seconds.
Chain 2 finished in 878.0 seconds.
Chain 3 finished in 878.6 seconds.

All 4 chains finished successfully.
Mean chain execution time: 871.0 seconds.
Total execution time: 878.8 seconds.

Running MCMC with 4 parallel chains...

Chain 1 finished in 861.1 seconds.
Chain 3 finished in 964.3 seconds.
Chain 2 finished in 979.9 seconds.
Chain 4 finished in 983.5 seconds.

All 4 chains finished successfully.
Mean chain execution time: 947.2 seconds.
Total execution time: 983.8 seconds.

Running MCMC with 4 parallel chains...

Chain 1 finished in 2507.8 seconds.
Chain 3 finished in 2698.8 seconds.
Chain 4 finished in 2727.4 seconds.
Chain 2 finished in 2975.5 seconds.

All 4 chains finished successfully.
Mean chain execution time: 2727.4 seconds.
Total execution time: 2975.7 seconds.

Running MCMC with 4 parallel chains...

Chain 4 finished in 624.6 seconds.
Chain 2 finished in 639.7 seconds.
Chain 3 finished in 681.4 seconds.
Chain 1 finished in 791.8 seconds.

All 4 chains finished successfully.
Mean chain execution time: 684.4 seconds.
Total execution time: 792.0 seconds.

Running MCMC with 4 parallel chains...

Chain 4 finished in 632.0 seconds.
Chain 1 finished in 658.0 seconds.
Chain 3 finished in 759.2 seconds.
Chain 2 finished in 801.1 seconds.

All 4 chains finished successfully.
Mean chain execution time: 712.6 seconds.
Total execution time: 801.4 seconds.

Running MCMC with 4 parallel chains...

Chain 4 finished in 776.6 seconds.
Chain 3 finished in 831.3 seconds.
Chain 1 finished in 867.5 seconds.
Chain 2 finished in 924.5 seconds.

All 4 chains finished successfully.
Mean chain execution time: 850.0 seconds.
Total execution time: 924.7 seconds.

Running MCMC with 4 parallel chains...

Chain 3 finished in 724.9 seconds.
Chain 4 finished in 828.8 seconds.
Chain 2 finished in 851.0 seconds.
Chain 1 finished in 1041.5 seconds.

All 4 chains finished successfully.
Mean chain execution time: 861.5 seconds.
Total execution time: 1041.7 seconds.

Running MCMC with 4 parallel chains...

Chain 1 finished in 950.3 seconds.
Chain 2 finished in 953.3 seconds.
Chain 3 finished in 979.7 seconds.
Chain 4 finished in 1012.3 seconds.

All 4 chains finished successfully.
Mean chain execution time: 973.9 seconds.
Total execution time: 1012.6 seconds.

Running MCMC with 4 parallel chains...

Chain 1 finished in 1001.1 seconds.
Chain 2 finished in 1086.5 seconds.
Chain 4 finished in 1295.6 seconds.
Chain 3 finished in 1301.2 seconds.

All 4 chains finished successfully.
Mean chain execution time: 1171.1 seconds.
Total execution time: 1301.4 seconds.

Running MCMC with 4 parallel chains...

Chain 4 finished in 958.2 seconds.
Chain 3 finished in 1044.7 seconds.
Chain 2 finished in 1056.3 seconds.
Chain 1 finished in 1194.4 seconds.

All 4 chains finished successfully.
Mean chain execution time: 1063.4 seconds.
Total execution time: 1194.6 seconds.

Running MCMC with 4 parallel chains...

Chain 1 finished in 1137.2 seconds.
Chain 2 finished in 1140.7 seconds.
Chain 4 finished in 1347.7 seconds.
Chain 3 finished in 1354.0 seconds.

All 4 chains finished successfully.
Mean chain execution time: 1244.9 seconds.
Total execution time: 1354.3 seconds.

Running MCMC with 4 parallel chains...

Chain 4 finished in 1064.9 seconds.
Chain 2 finished in 1099.8 seconds.
Chain 3 finished in 1245.8 seconds.
Chain 1 finished in 1314.8 seconds.

All 4 chains finished successfully.
Mean chain execution time: 1181.3 seconds.
Total execution time: 1315.0 seconds.

Running MCMC with 4 parallel chains...

Chain 3 finished in 2642.4 seconds.
Chain 2 finished in 2765.2 seconds.
Chain 4 finished in 2944.8 seconds.
Chain 1 finished in 3011.3 seconds.

All 4 chains finished successfully.
Mean chain execution time: 2840.9 seconds.
Total execution time: 3011.5 seconds.

Running MCMC with 4 parallel chains...

Chain 3 finished in 835.2 seconds.
Chain 2 finished in 852.3 seconds.
Chain 4 finished in 886.9 seconds.
Chain 1 finished in 914.9 seconds.

All 4 chains finished successfully.
Mean chain execution time: 872.3 seconds.
Total execution time: 915.1 seconds.

Running MCMC with 4 parallel chains...

Chain 2 finished in 1096.0 seconds.
Chain 3 finished in 1097.0 seconds.
Chain 1 finished in 1161.4 seconds.
Chain 4 finished in 1192.5 seconds.

All 4 chains finished successfully.
Mean chain execution time: 1136.7 seconds.
Total execution time: 1192.7 seconds.

Running MCMC with 4 parallel chains...

Chain 4 finished in 1008.5 seconds.
Chain 3 finished in 1077.5 seconds.
Chain 2 finished in 1107.4 seconds.
Chain 1 finished in 1146.0 seconds.

All 4 chains finished successfully.
Mean chain execution time: 1084.8 seconds.
Total execution time: 1146.3 seconds.

Running MCMC with 4 parallel chains...

Chain 3 finished in 856.9 seconds.
Chain 2 finished in 969.0 seconds.
Chain 1 finished in 1054.8 seconds.
Chain 4 finished in 1055.5 seconds.

All 4 chains finished successfully.
Mean chain execution time: 984.1 seconds.
Total execution time: 1055.8 seconds.

Running MCMC with 4 parallel chains...

