[2025-10-16 23:43:42] [INFO] - 项目根目录: /public/home/acf4pijnzl/WDP
[2025-10-16 23:43:42] [INFO] - 开始处理任务 2
[2025-10-16 23:43:42] [INFO] - 处理癌症类型: C18_C21
[1] "EQI"          "EQI_Air"      "EQI_Water"    "EQI_Land"     "EQI_Built"   
[6] "EQI_Social"   "Smoking_Rate" "State_FIPS"   "Cluster"     
Running MCMC with 4 parallel chains...

Chain 3 finished in 56.2 seconds.
Chain 1 finished in 62.9 seconds.
Chain 4 finished in 62.9 seconds.
Chain 2 finished in 64.5 seconds.

All 4 chains finished successfully.
Mean chain execution time: 61.6 seconds.
Total execution time: 64.7 seconds.

Running MCMC with 4 parallel chains...

Chain 4 finished in 78.6 seconds.
Chain 1 finished in 80.7 seconds.
Chain 2 finished in 81.5 seconds.
Chain 3 finished in 89.7 seconds.

All 4 chains finished successfully.
Mean chain execution time: 82.6 seconds.
Total execution time: 89.8 seconds.

Running MCMC with 4 parallel chains...

Chain 1 finished in 66.1 seconds.
Chain 4 finished in 66.1 seconds.
Chain 2 finished in 70.6 seconds.
Chain 3 finished in 72.8 seconds.

All 4 chains finished successfully.
Mean chain execution time: 68.9 seconds.
Total execution time: 72.9 seconds.

Running MCMC with 4 parallel chains...

Chain 2 finished in 86.1 seconds.
Chain 4 finished in 93.2 seconds.
Chain 1 finished in 93.7 seconds.
Chain 3 finished in 97.4 seconds.

All 4 chains finished successfully.
Mean chain execution time: 92.6 seconds.
Total execution time: 97.5 seconds.

Running MCMC with 4 parallel chains...

Chain 4 finished in 63.1 seconds.
Chain 3 finished in 64.7 seconds.
Chain 2 finished in 65.6 seconds.
Chain 1 finished in 71.8 seconds.

All 4 chains finished successfully.
Mean chain execution time: 66.3 seconds.
Total execution time: 71.9 seconds.

Running MCMC with 4 parallel chains...

Chain 1 finished in 83.1 seconds.
Chain 4 finished in 86.7 seconds.
Chain 2 finished in 90.8 seconds.
Chain 3 finished in 96.2 seconds.

All 4 chains finished successfully.
Mean chain execution time: 89.2 seconds.
Total execution time: 96.3 seconds.

Running MCMC with 4 parallel chains...

Chain 3 finished in 53.7 seconds.
Chain 1 finished in 67.6 seconds.
Chain 2 finished in 71.4 seconds.
Chain 4 finished in 75.8 seconds.

All 4 chains finished successfully.
Mean chain execution time: 67.1 seconds.
Total execution time: 75.9 seconds.

Running MCMC with 4 parallel chains...

Chain 3 finished in 75.5 seconds.
Chain 4 finished in 89.0 seconds.
Chain 2 finished in 89.3 seconds.
Chain 1 finished in 94.3 seconds.

All 4 chains finished successfully.
Mean chain execution time: 87.0 seconds.
Total execution time: 94.3 seconds.

Running MCMC with 4 parallel chains...

Chain 2 finished in 70.3 seconds.
Chain 1 finished in 73.6 seconds.
Chain 4 finished in 74.3 seconds.
Chain 3 finished in 76.0 seconds.

All 4 chains finished successfully.
Mean chain execution time: 73.5 seconds.
Total execution time: 76.1 seconds.

Running MCMC with 4 parallel chains...

Chain 3 finished in 98.6 seconds.
Chain 4 finished in 111.3 seconds.
Chain 1 finished in 112.0 seconds.
Chain 2 finished in 121.6 seconds.

All 4 chains finished successfully.
Mean chain execution time: 110.9 seconds.
Total execution time: 121.7 seconds.

Running MCMC with 4 parallel chains...

Chain 1 finished in 75.3 seconds.
Chain 2 finished in 76.0 seconds.
Chain 4 finished in 79.0 seconds.
Chain 3 finished in 81.2 seconds.

All 4 chains finished successfully.
Mean chain execution time: 77.9 seconds.
Total execution time: 81.3 seconds.

Running MCMC with 4 parallel chains...

Chain 1 finished in 99.3 seconds.
Chain 4 finished in 102.2 seconds.
Chain 2 finished in 106.0 seconds.
Chain 3 finished in 115.4 seconds.

All 4 chains finished successfully.
Mean chain execution time: 105.7 seconds.
Total execution time: 115.5 seconds.

Running MCMC with 4 parallel chains...

Chain 2 finished in 74.5 seconds.
Chain 3 finished in 78.6 seconds.
Chain 1 finished in 82.1 seconds.
Chain 4 finished in 84.5 seconds.

All 4 chains finished successfully.
Mean chain execution time: 79.9 seconds.
Total execution time: 84.6 seconds.

Running MCMC with 4 parallel chains...

Chain 1 finished in 93.4 seconds.
Chain 4 finished in 95.9 seconds.
Chain 2 finished in 100.1 seconds.
Chain 3 finished in 102.3 seconds.

All 4 chains finished successfully.
Mean chain execution time: 97.9 seconds.
Total execution time: 102.4 seconds.

Running MCMC with 4 parallel chains...

Chain 3 finished in 69.6 seconds.
Chain 4 finished in 73.6 seconds.
Chain 1 finished in 76.0 seconds.
Chain 2 finished in 76.1 seconds.

All 4 chains finished successfully.
Mean chain execution time: 73.8 seconds.
Total execution time: 76.2 seconds.

Running MCMC with 4 parallel chains...

Chain 1 finished in 97.0 seconds.
Chain 2 finished in 98.5 seconds.
Chain 4 finished in 98.4 seconds.
Chain 3 finished in 102.2 seconds.

All 4 chains finished successfully.
Mean chain execution time: 99.0 seconds.
Total execution time: 102.3 seconds.

Running MCMC with 4 parallel chains...

Chain 1 finished in 175.7 seconds.
Chain 4 finished in 176.6 seconds.
Chain 2 finished in 190.9 seconds.
Chain 3 finished in 192.6 seconds.

All 4 chains finished successfully.
Mean chain execution time: 183.9 seconds.
Total execution time: 192.7 seconds.

Running MCMC with 4 parallel chains...

Chain 1 finished in 337.9 seconds.
Chain 3 finished in 338.8 seconds.
Chain 2 finished in 400.8 seconds.
Chain 4 finished in 439.2 seconds.

All 4 chains finished successfully.
Mean chain execution time: 379.2 seconds.
Total execution time: 439.4 seconds.

Running MCMC with 4 parallel chains...

Chain 2 finished in 182.4 seconds.
Chain 4 finished in 184.8 seconds.
Chain 1 finished in 193.4 seconds.
Chain 3 finished in 197.2 seconds.

All 4 chains finished successfully.
Mean chain execution time: 189.4 seconds.
Total execution time: 197.3 seconds.

Running MCMC with 4 parallel chains...

Chain 2 finished in 448.1 seconds.
Chain 3 finished in 516.6 seconds.
Chain 4 finished in 533.7 seconds.
Chain 1 finished in 549.5 seconds.

All 4 chains finished successfully.
Mean chain execution time: 512.0 seconds.
Total execution time: 549.6 seconds.

Running MCMC with 4 parallel chains...

Chain 2 finished in 149.4 seconds.
Chain 4 finished in 155.4 seconds.
Chain 1 finished in 159.7 seconds.
Chain 3 finished in 178.5 seconds.

All 4 chains finished successfully.
Mean chain execution time: 160.7 seconds.
Total execution time: 178.6 seconds.

Running MCMC with 4 parallel chains...

Chain 2 finished in 232.5 seconds.
Chain 3 finished in 242.4 seconds.
Chain 1 finished in 245.1 seconds.
Chain 4 finished in 249.7 seconds.

All 4 chains finished successfully.
Mean chain execution time: 242.4 seconds.
Total execution time: 249.9 seconds.

Running MCMC with 4 parallel chains...

Chain 1 finished in 164.7 seconds.
Chain 2 finished in 181.1 seconds.
Chain 4 finished in 181.6 seconds.
Chain 3 finished in 188.2 seconds.

All 4 chains finished successfully.
Mean chain execution time: 178.9 seconds.
Total execution time: 188.3 seconds.

Running MCMC with 4 parallel chains...

Chain 3 finished in 250.8 seconds.
Chain 1 finished in 258.2 seconds.
Chain 2 finished in 286.8 seconds.
Chain 4 finished in 315.2 seconds.

All 4 chains finished successfully.
Mean chain execution time: 277.7 seconds.
Total execution time: 315.4 seconds.

[2025-10-17 00:47:08] [INFO] - ✅ 完成: Cancer=C18_C21
