[2026-03-29 20:19:28] [INFO] - 项目根目录: /public/home/acf4pijnzl/WDP
[2026-03-29 20:19:28] [INFO] - 开始处理任务 5
[2026-03-29 20:19:28] [INFO] - 处理疾病: G10
[1] "EQI"          "EQI_Air"      "EQI_Water"    "EQI_Land"     "EQI_Built"   
[6] "EQI_Social"   "Smoking_Rate" "State_FIPS"  
Running MCMC with 4 parallel chains...

Chain 2 finished in 930.9 seconds.
Chain 4 finished in 1001.1 seconds.
Chain 1 finished in 1099.2 seconds.
Chain 3 finished in 1106.3 seconds.

All 4 chains finished successfully.
Mean chain execution time: 1034.4 seconds.
Total execution time: 1106.6 seconds.

Running MCMC with 4 parallel chains...

Chain 4 finished in 790.7 seconds.
Chain 1 finished in 891.4 seconds.
Chain 3 finished in 908.2 seconds.
Chain 2 finished in 913.7 seconds.

All 4 chains finished successfully.
Mean chain execution time: 876.0 seconds.
Total execution time: 913.8 seconds.

Running MCMC with 4 parallel chains...

Chain 2 finished in 863.3 seconds.
Chain 4 finished in 871.4 seconds.
Chain 3 finished in 928.8 seconds.
Chain 1 finished in 1062.3 seconds.

All 4 chains finished successfully.
Mean chain execution time: 931.4 seconds.
Total execution time: 1062.4 seconds.

[2026-03-29 21:11:30] [INFO] - ✅ 完成: Cancer=G10
[2026-03-29 21:11:30] [INFO] - 输出目录: Result/brms_MRR_lag/
