[2026-05-04 21:02:13] [INFO] - 项目根目录: /public/home/acf4pijnzl/WDP
[2026-05-04 21:02:13] [INFO] - 开始处理任务 2
[2026-05-04 21:02:13] [INFO] - 处理outcome: I20_I25
[1] "EQI"          "EQI_Air"      "EQI_Water"    "EQI_Land"     "EQI_Built"   
[6] "EQI_Social"   "Smoking_Rate" "State_FIPS"  
Running MCMC with 4 parallel chains...

Chain 2 finished in 188.7 seconds.
Chain 1 finished in 192.5 seconds.
Chain 3 finished in 203.8 seconds.
Chain 4 finished in 212.7 seconds.

All 4 chains finished successfully.
Mean chain execution time: 199.4 seconds.
Total execution time: 213.0 seconds.

Running MCMC with 4 parallel chains...

Chain 4 finished in 317.1 seconds.
Chain 1 finished in 324.0 seconds.
Chain 2 finished in 330.6 seconds.
Chain 3 finished in 340.4 seconds.

All 4 chains finished successfully.
Mean chain execution time: 328.0 seconds.
Total execution time: 340.6 seconds.

Running MCMC with 4 parallel chains...

Chain 1 finished in 109.4 seconds.
Chain 2 finished in 110.1 seconds.
Chain 4 finished in 126.1 seconds.
Chain 3 finished in 143.8 seconds.

All 4 chains finished successfully.
Mean chain execution time: 122.4 seconds.
Total execution time: 143.9 seconds.

Running MCMC with 4 parallel chains...

Chain 1 finished in 225.8 seconds.
Chain 2 finished in 240.1 seconds.
Chain 3 finished in 250.9 seconds.
Chain 4 finished in 269.1 seconds.

All 4 chains finished successfully.
Mean chain execution time: 246.5 seconds.
Total execution time: 269.2 seconds.

Running MCMC with 4 parallel chains...

Chain 2 finished in 14.2 seconds.
Chain 4 finished in 14.1 seconds.
Chain 1 finished in 15.2 seconds.
Chain 3 finished in 16.0 seconds.

All 4 chains finished successfully.
Mean chain execution time: 14.9 seconds.
Total execution time: 16.1 seconds.

Running MCMC with 4 parallel chains...

Chain 1 finished in 21.4 seconds.
Chain 4 finished in 21.7 seconds.
Chain 2 finished in 23.5 seconds.
Chain 3 finished in 24.2 seconds.

All 4 chains finished successfully.
Mean chain execution time: 22.7 seconds.
Total execution time: 24.3 seconds.

Running MCMC with 4 parallel chains...

Chain 1 finished in 50.0 seconds.
Chain 3 finished in 51.1 seconds.
Chain 4 finished in 53.3 seconds.
Chain 2 finished in 56.6 seconds.

All 4 chains finished successfully.
Mean chain execution time: 52.8 seconds.
Total execution time: 56.8 seconds.

Running MCMC with 4 parallel chains...

Chain 4 finished in 82.2 seconds.
Chain 1 finished in 84.1 seconds.
Chain 3 finished in 98.9 seconds.
Chain 2 finished in 102.3 seconds.

All 4 chains finished successfully.
Mean chain execution time: 91.9 seconds.
Total execution time: 102.3 seconds.

Running MCMC with 4 parallel chains...

Chain 1 finished in 29.5 seconds.
Chain 3 finished in 31.8 seconds.
Chain 2 finished in 32.5 seconds.
Chain 4 finished in 32.8 seconds.

All 4 chains finished successfully.
Mean chain execution time: 31.6 seconds.
Total execution time: 32.9 seconds.

Running MCMC with 4 parallel chains...

Chain 1 finished in 47.0 seconds.
Chain 2 finished in 52.8 seconds.
Chain 3 finished in 53.9 seconds.
Chain 4 finished in 55.4 seconds.

All 4 chains finished successfully.
Mean chain execution time: 52.3 seconds.
Total execution time: 55.6 seconds.

Running MCMC with 4 parallel chains...

Chain 1 finished in 192.3 seconds.
Chain 2 finished in 204.8 seconds.
Chain 3 finished in 216.3 seconds.
Chain 4 finished in 224.0 seconds.

All 4 chains finished successfully.
Mean chain execution time: 209.4 seconds.
Total execution time: 224.2 seconds.

Running MCMC with 4 parallel chains...

Chain 3 finished in 324.9 seconds.
Chain 1 finished in 332.1 seconds.
Chain 4 finished in 338.7 seconds.
Chain 2 finished in 348.0 seconds.

All 4 chains finished successfully.
Mean chain execution time: 335.9 seconds.
Total execution time: 348.1 seconds.

Running MCMC with 4 parallel chains...

Chain 2 finished in 55.9 seconds.
Chain 3 finished in 57.2 seconds.
Chain 4 finished in 61.2 seconds.
Chain 1 finished in 74.1 seconds.

All 4 chains finished successfully.
Mean chain execution time: 62.1 seconds.
Total execution time: 74.2 seconds.

Running MCMC with 4 parallel chains...

Chain 4 finished in 114.5 seconds.
Chain 1 finished in 117.4 seconds.
Chain 3 finished in 119.7 seconds.
Chain 2 finished in 123.0 seconds.

All 4 chains finished successfully.
Mean chain execution time: 118.7 seconds.
Total execution time: 123.1 seconds.

Running MCMC with 4 parallel chains...

Chain 2 finished in 13.8 seconds.
Chain 3 finished in 13.7 seconds.
Chain 4 finished in 14.1 seconds.
Chain 1 finished in 14.9 seconds.

All 4 chains finished successfully.
Mean chain execution time: 14.1 seconds.
Total execution time: 15.0 seconds.

Running MCMC with 4 parallel chains...

Chain 2 finished in 21.3 seconds.
Chain 3 finished in 21.6 seconds.
Chain 4 finished in 21.5 seconds.
Chain 1 finished in 23.8 seconds.

All 4 chains finished successfully.
Mean chain execution time: 22.0 seconds.
Total execution time: 23.9 seconds.

Running MCMC with 4 parallel chains...

Chain 4 finished in 51.6 seconds.
Chain 2 finished in 52.3 seconds.
Chain 1 finished in 55.0 seconds.
Chain 3 finished in 55.8 seconds.

All 4 chains finished successfully.
Mean chain execution time: 53.7 seconds.
Total execution time: 56.0 seconds.

Running MCMC with 4 parallel chains...

Chain 3 finished in 81.3 seconds.
Chain 1 finished in 90.9 seconds.
Chain 4 finished in 91.9 seconds.
Chain 2 finished in 123.0 seconds.

All 4 chains finished successfully.
Mean chain execution time: 96.8 seconds.
Total execution time: 123.1 seconds.

Running MCMC with 4 parallel chains...

Chain 1 finished in 27.7 seconds.
Chain 4 finished in 29.9 seconds.
Chain 2 finished in 33.2 seconds.
Chain 3 finished in 33.3 seconds.

All 4 chains finished successfully.
Mean chain execution time: 31.0 seconds.
Total execution time: 33.4 seconds.

Running MCMC with 4 parallel chains...

Chain 1 finished in 48.2 seconds.
Chain 3 finished in 48.1 seconds.
Chain 2 finished in 52.1 seconds.
Chain 4 finished in 52.6 seconds.

All 4 chains finished successfully.
Mean chain execution time: 50.2 seconds.
Total execution time: 52.7 seconds.

Running MCMC with 4 parallel chains...

Chain 4 finished in 175.0 seconds.
Chain 3 finished in 178.9 seconds.
Chain 1 finished in 210.9 seconds.
Chain 2 finished in 233.0 seconds.

All 4 chains finished successfully.
Mean chain execution time: 199.5 seconds.
Total execution time: 233.1 seconds.

Running MCMC with 4 parallel chains...

Chain 1 finished in 282.6 seconds.
Chain 3 finished in 334.7 seconds.
Chain 4 finished in 351.7 seconds.
Chain 2 finished in 390.5 seconds.

All 4 chains finished successfully.
Mean chain execution time: 339.9 seconds.
Total execution time: 390.7 seconds.

Running MCMC with 4 parallel chains...

Chain 1 finished in 59.2 seconds.
Chain 3 finished in 62.1 seconds.
Chain 4 finished in 64.4 seconds.
Chain 2 finished in 73.4 seconds.

All 4 chains finished successfully.
Mean chain execution time: 64.8 seconds.
Total execution time: 73.6 seconds.

Running MCMC with 4 parallel chains...

Chain 2 finished in 117.1 seconds.
Chain 4 finished in 117.4 seconds.
Chain 3 finished in 118.6 seconds.
Chain 1 finished in 124.9 seconds.

All 4 chains finished successfully.
Mean chain execution time: 119.5 seconds.
Total execution time: 125.0 seconds.

Running MCMC with 4 parallel chains...

Chain 3 finished in 13.0 seconds.
Chain 1 finished in 13.9 seconds.
Chain 4 finished in 14.2 seconds.
Chain 2 finished in 14.5 seconds.

All 4 chains finished successfully.
Mean chain execution time: 13.9 seconds.
Total execution time: 14.6 seconds.

Running MCMC with 4 parallel chains...

Chain 4 finished in 21.5 seconds.
Chain 1 finished in 22.8 seconds.
Chain 3 finished in 22.8 seconds.
Chain 2 finished in 22.9 seconds.

All 4 chains finished successfully.
Mean chain execution time: 22.5 seconds.
Total execution time: 23.0 seconds.

Running MCMC with 4 parallel chains...

Chain 2 finished in 50.0 seconds.
Chain 1 finished in 50.9 seconds.
Chain 4 finished in 54.1 seconds.
Chain 3 finished in 55.0 seconds.

All 4 chains finished successfully.
Mean chain execution time: 52.5 seconds.
Total execution time: 55.2 seconds.

Running MCMC with 4 parallel chains...

Chain 4 finished in 85.7 seconds.
Chain 3 finished in 86.4 seconds.
Chain 2 finished in 89.7 seconds.
Chain 1 finished in 96.5 seconds.

All 4 chains finished successfully.
Mean chain execution time: 89.6 seconds.
Total execution time: 96.5 seconds.

Running MCMC with 4 parallel chains...

Chain 3 finished in 29.0 seconds.
Chain 1 finished in 29.4 seconds.
Chain 4 finished in 29.6 seconds.
Chain 2 finished in 32.7 seconds.

All 4 chains finished successfully.
Mean chain execution time: 30.2 seconds.
Total execution time: 32.8 seconds.

Running MCMC with 4 parallel chains...

Chain 1 finished in 46.7 seconds.
Chain 3 finished in 47.0 seconds.
Chain 2 finished in 50.2 seconds.
Chain 4 finished in 55.0 seconds.

All 4 chains finished successfully.
Mean chain execution time: 49.8 seconds.
Total execution time: 55.2 seconds.

Running MCMC with 4 parallel chains...

Chain 3 finished in 159.8 seconds.
Chain 2 finished in 174.1 seconds.
Chain 4 finished in 181.5 seconds.
Chain 1 finished in 194.6 seconds.

All 4 chains finished successfully.
Mean chain execution time: 177.5 seconds.
Total execution time: 194.7 seconds.

Running MCMC with 4 parallel chains...

Chain 3 finished in 318.2 seconds.
Chain 2 finished in 327.1 seconds.
Chain 1 finished in 332.2 seconds.
Chain 4 finished in 352.4 seconds.

All 4 chains finished successfully.
Mean chain execution time: 332.5 seconds.
Total execution time: 352.5 seconds.

Running MCMC with 4 parallel chains...

Chain 3 finished in 58.9 seconds.
Chain 2 finished in 61.6 seconds.
Chain 4 finished in 65.4 seconds.
Chain 1 finished in 67.3 seconds.

All 4 chains finished successfully.
Mean chain execution time: 63.3 seconds.
Total execution time: 67.4 seconds.

Running MCMC with 4 parallel chains...

Chain 2 finished in 90.1 seconds.
Chain 1 finished in 113.3 seconds.
Chain 3 finished in 111.1 seconds.
Chain 4 finished in 119.8 seconds.

All 4 chains finished successfully.
Mean chain execution time: 108.6 seconds.
Total execution time: 125.3 seconds.

Running MCMC with 4 parallel chains...

Chain 1 finished in 12.5 seconds.
Chain 2 finished in 12.5 seconds.
Chain 3 finished in 14.2 seconds.
Chain 4 finished in 14.6 seconds.

All 4 chains finished successfully.
Mean chain execution time: 13.5 seconds.
Total execution time: 14.7 seconds.

Running MCMC with 4 parallel chains...

Chain 3 finished in 20.9 seconds.
Chain 2 finished in 25.3 seconds.
Chain 1 finished in 25.5 seconds.
Chain 4 finished in 26.8 seconds.

All 4 chains finished successfully.
Mean chain execution time: 24.7 seconds.
Total execution time: 26.9 seconds.

Running MCMC with 4 parallel chains...

Chain 1 finished in 49.3 seconds.
Chain 4 finished in 49.2 seconds.
Chain 2 finished in 49.8 seconds.
Chain 3 finished in 50.9 seconds.

All 4 chains finished successfully.
Mean chain execution time: 49.8 seconds.
Total execution time: 51.0 seconds.

Running MCMC with 4 parallel chains...

Chain 1 finished in 84.7 seconds.
Chain 4 finished in 86.9 seconds.
Chain 2 finished in 88.9 seconds.
Chain 3 finished in 92.9 seconds.

All 4 chains finished successfully.
Mean chain execution time: 88.3 seconds.
Total execution time: 93.0 seconds.

Running MCMC with 4 parallel chains...

Chain 1 finished in 26.7 seconds.
Chain 3 finished in 29.7 seconds.
Chain 4 finished in 31.6 seconds.
Chain 2 finished in 31.8 seconds.

All 4 chains finished successfully.
Mean chain execution time: 29.9 seconds.
Total execution time: 31.9 seconds.

Running MCMC with 4 parallel chains...

Chain 3 finished in 53.2 seconds.
Chain 1 finished in 54.5 seconds.
Chain 4 finished in 57.0 seconds.
Chain 2 finished in 58.2 seconds.

All 4 chains finished successfully.
Mean chain execution time: 55.7 seconds.
Total execution time: 58.2 seconds.

Running MCMC with 4 parallel chains...

Chain 4 finished in 206.1 seconds.
Chain 2 finished in 206.9 seconds.
Chain 3 finished in 208.0 seconds.
Chain 1 finished in 210.9 seconds.

All 4 chains finished successfully.
Mean chain execution time: 208.0 seconds.
Total execution time: 210.9 seconds.

Running MCMC with 4 parallel chains...

Chain 4 finished in 276.4 seconds.
Chain 3 finished in 328.7 seconds.
Chain 1 finished in 356.6 seconds.
Chain 2 finished in 374.6 seconds.

All 4 chains finished successfully.
Mean chain execution time: 334.1 seconds.
Total execution time: 374.8 seconds.

Running MCMC with 4 parallel chains...

Chain 2 finished in 63.7 seconds.
Chain 4 finished in 64.7 seconds.
Chain 1 finished in 65.4 seconds.
Chain 3 finished in 70.2 seconds.

All 4 chains finished successfully.
Mean chain execution time: 66.0 seconds.
Total execution time: 70.4 seconds.

Running MCMC with 4 parallel chains...

Chain 1 finished in 106.4 seconds.
Chain 4 finished in 112.7 seconds.
Chain 3 finished in 116.4 seconds.
Chain 2 finished in 117.4 seconds.

All 4 chains finished successfully.
Mean chain execution time: 113.2 seconds.
Total execution time: 117.4 seconds.

Running MCMC with 4 parallel chains...

Chain 3 finished in 13.0 seconds.
Chain 2 finished in 13.1 seconds.
Chain 4 finished in 13.3 seconds.
Chain 1 finished in 13.5 seconds.

All 4 chains finished successfully.
Mean chain execution time: 13.3 seconds.
Total execution time: 13.6 seconds.

Running MCMC with 4 parallel chains...

Chain 1 finished in 20.4 seconds.
Chain 2 finished in 21.7 seconds.
Chain 3 finished in 24.0 seconds.
Chain 4 finished in 25.3 seconds.

All 4 chains finished successfully.
Mean chain execution time: 22.8 seconds.
Total execution time: 25.4 seconds.

Running MCMC with 4 parallel chains...

Chain 2 finished in 50.1 seconds.
Chain 4 finished in 50.4 seconds.
Chain 3 finished in 51.5 seconds.
Chain 1 finished in 52.4 seconds.

All 4 chains finished successfully.
Mean chain execution time: 51.1 seconds.
Total execution time: 52.4 seconds.

Running MCMC with 4 parallel chains...

Chain 4 finished in 85.4 seconds.
Chain 1 finished in 92.7 seconds.
Chain 3 finished in 97.1 seconds.
Chain 2 finished in 104.3 seconds.

All 4 chains finished successfully.
Mean chain execution time: 94.8 seconds.
Total execution time: 104.3 seconds.

Running MCMC with 4 parallel chains...

Chain 2 finished in 27.2 seconds.
Chain 1 finished in 29.4 seconds.
Chain 3 finished in 29.6 seconds.
Chain 4 finished in 31.3 seconds.

All 4 chains finished successfully.
Mean chain execution time: 29.4 seconds.
Total execution time: 31.5 seconds.

Running MCMC with 4 parallel chains...

Chain 2 finished in 51.0 seconds.
Chain 3 finished in 51.1 seconds.
Chain 4 finished in 53.6 seconds.
Chain 1 finished in 55.3 seconds.

All 4 chains finished successfully.
Mean chain execution time: 52.8 seconds.
Total execution time: 55.4 seconds.

Running MCMC with 4 parallel chains...

Chain 2 finished in 186.9 seconds.
Chain 3 finished in 195.2 seconds.
Chain 4 finished in 210.9 seconds.
Chain 1 finished in 238.4 seconds.

All 4 chains finished successfully.
Mean chain execution time: 207.9 seconds.
Total execution time: 238.6 seconds.

Running MCMC with 4 parallel chains...

Chain 1 finished in 323.1 seconds.
Chain 2 finished in 349.4 seconds.
Chain 3 finished in 351.1 seconds.
Chain 4 finished in 365.1 seconds.

All 4 chains finished successfully.
Mean chain execution time: 347.2 seconds.
Total execution time: 365.3 seconds.

Running MCMC with 4 parallel chains...

Chain 2 finished in 56.0 seconds.
Chain 1 finished in 57.7 seconds.
Chain 3 finished in 61.8 seconds.
Chain 4 finished in 63.5 seconds.

All 4 chains finished successfully.
Mean chain execution time: 59.8 seconds.
Total execution time: 63.7 seconds.

Running MCMC with 4 parallel chains...

Chain 2 finished in 110.0 seconds.
Chain 1 finished in 111.7 seconds.
Chain 3 finished in 111.9 seconds.
Chain 4 finished in 114.6 seconds.

All 4 chains finished successfully.
Mean chain execution time: 112.0 seconds.
Total execution time: 114.7 seconds.

Running MCMC with 4 parallel chains...

Chain 4 finished in 12.4 seconds.
Chain 2 finished in 12.6 seconds.
Chain 3 finished in 12.9 seconds.
Chain 1 finished in 13.1 seconds.

All 4 chains finished successfully.
Mean chain execution time: 12.8 seconds.
Total execution time: 13.2 seconds.

Running MCMC with 4 parallel chains...

Chain 2 finished in 22.3 seconds.
Chain 1 finished in 22.9 seconds.
Chain 4 finished in 23.9 seconds.
Chain 3 finished in 25.7 seconds.

All 4 chains finished successfully.
Mean chain execution time: 23.7 seconds.
Total execution time: 25.7 seconds.

Running MCMC with 4 parallel chains...

Chain 1 finished in 46.6 seconds.
Chain 4 finished in 50.5 seconds.
Chain 3 finished in 52.6 seconds.
Chain 2 finished in 65.5 seconds.

All 4 chains finished successfully.
Mean chain execution time: 53.8 seconds.
Total execution time: 65.6 seconds.

Running MCMC with 4 parallel chains...

Chain 4 finished in 82.3 seconds.
Chain 3 finished in 87.4 seconds.
Chain 1 finished in 96.6 seconds.
Chain 2 finished in 102.8 seconds.

All 4 chains finished successfully.
Mean chain execution time: 92.3 seconds.
Total execution time: 102.8 seconds.

Running MCMC with 4 parallel chains...

Chain 4 finished in 30.2 seconds.
Chain 2 finished in 30.5 seconds.
Chain 3 finished in 30.9 seconds.
Chain 1 finished in 31.9 seconds.

All 4 chains finished successfully.
Mean chain execution time: 30.9 seconds.
Total execution time: 32.0 seconds.

Running MCMC with 4 parallel chains...

Chain 4 finished in 48.8 seconds.
Chain 1 finished in 49.6 seconds.
Chain 3 finished in 52.9 seconds.
Chain 2 finished in 54.0 seconds.

All 4 chains finished successfully.
Mean chain execution time: 51.3 seconds.
Total execution time: 54.1 seconds.

Running MCMC with 4 parallel chains...

Chain 2 finished in 176.9 seconds.
Chain 4 finished in 189.4 seconds.
Chain 1 finished in 194.9 seconds.
Chain 3 finished in 228.8 seconds.

All 4 chains finished successfully.
Mean chain execution time: 197.5 seconds.
Total execution time: 229.0 seconds.

Running MCMC with 4 parallel chains...

Chain 4 finished in 262.8 seconds.
Chain 2 finished in 304.6 seconds.
Chain 1 finished in 306.8 seconds.
Chain 3 finished in 326.6 seconds.

All 4 chains finished successfully.
Mean chain execution time: 300.2 seconds.
Total execution time: 326.9 seconds.

Running MCMC with 4 parallel chains...

Chain 2 finished in 56.8 seconds.
Chain 3 finished in 60.4 seconds.
Chain 1 finished in 65.0 seconds.
Chain 4 finished in 66.1 seconds.

All 4 chains finished successfully.
Mean chain execution time: 62.1 seconds.
Total execution time: 66.2 seconds.

Running MCMC with 4 parallel chains...

Chain 2 finished in 105.6 seconds.
Chain 4 finished in 109.2 seconds.
Chain 1 finished in 111.3 seconds.
Chain 3 finished in 112.7 seconds.

All 4 chains finished successfully.
Mean chain execution time: 109.7 seconds.
Total execution time: 112.8 seconds.

Running MCMC with 4 parallel chains...

Chain 4 finished in 9.6 seconds.
Chain 3 finished in 9.9 seconds.
Chain 1 finished in 11.6 seconds.
Chain 2 finished in 11.9 seconds.

All 4 chains finished successfully.
Mean chain execution time: 10.8 seconds.
Total execution time: 12.0 seconds.

Running MCMC with 4 parallel chains...

Chain 1 finished in 21.1 seconds.
Chain 4 finished in 21.4 seconds.
Chain 2 finished in 22.3 seconds.
Chain 3 finished in 22.7 seconds.

All 4 chains finished successfully.
Mean chain execution time: 21.9 seconds.
Total execution time: 22.8 seconds.

Running MCMC with 4 parallel chains...

Chain 2 finished in 45.6 seconds.
Chain 4 finished in 49.2 seconds.
Chain 1 finished in 50.9 seconds.
Chain 3 finished in 51.9 seconds.

All 4 chains finished successfully.
Mean chain execution time: 49.4 seconds.
Total execution time: 52.0 seconds.

Running MCMC with 4 parallel chains...

Chain 1 finished in 78.6 seconds.
Chain 3 finished in 80.2 seconds.
Chain 2 finished in 82.2 seconds.
Chain 4 finished in 82.5 seconds.

All 4 chains finished successfully.
Mean chain execution time: 80.9 seconds.
Total execution time: 82.6 seconds.

Running MCMC with 4 parallel chains...

Chain 1 finished in 25.6 seconds.
Chain 4 finished in 28.4 seconds.
Chain 3 finished in 30.4 seconds.
Chain 2 finished in 30.6 seconds.

All 4 chains finished successfully.
Mean chain execution time: 28.8 seconds.
Total execution time: 30.7 seconds.

Running MCMC with 4 parallel chains...

Chain 4 finished in 53.5 seconds.
Chain 1 finished in 54.3 seconds.
Chain 3 finished in 54.8 seconds.
Chain 2 finished in 54.8 seconds.

All 4 chains finished successfully.
Mean chain execution time: 54.4 seconds.
Total execution time: 55.0 seconds.

[2026-05-04 23:12:12] [INFO] - ✅ 完成: Outcome=I20_I25
