[2025-10-12 14:36:36] [INFO] - 项目根目录: /public/home/acf4pijnzl/WDP
[2025-10-12 14:36:37] [INFO] - 任务ID=2  分层=race  值=American Indian or Alaska Native  CPU=16
[1] "EQI"          "EQI_Air"      "EQI_Water"    "EQI_Land"     "EQI_Built"   
[6] "EQI_Social"   "Smoking_Rate" "State_FIPS"  
Running MCMC with 4 parallel chains...

Chain 3 finished in 282.7 seconds.
Chain 1 finished in 295.4 seconds.
Chain 4 finished in 333.4 seconds.
Chain 2 finished in 357.5 seconds.

All 4 chains finished successfully.
Mean chain execution time: 317.2 seconds.
Total execution time: 357.7 seconds.

Running MCMC with 4 parallel chains...

Chain 4 finished in 606.6 seconds.
Chain 3 finished in 609.3 seconds.
Chain 2 finished in 611.7 seconds.
Chain 1 finished in 618.1 seconds.

All 4 chains finished successfully.
Mean chain execution time: 611.4 seconds.
Total execution time: 618.2 seconds.

Running MCMC with 4 parallel chains...

Chain 2 finished in 34.6 seconds.
Chain 3 finished in 37.2 seconds.
Chain 1 finished in 39.5 seconds.
Chain 4 finished in 41.0 seconds.

All 4 chains finished successfully.
Mean chain execution time: 38.1 seconds.
Total execution time: 41.2 seconds.

Running MCMC with 4 parallel chains...

Chain 4 finished in 65.4 seconds.
Chain 2 finished in 80.2 seconds.
Chain 3 finished in 80.7 seconds.
Chain 1 finished in 83.2 seconds.

All 4 chains finished successfully.
Mean chain execution time: 77.4 seconds.
Total execution time: 83.3 seconds.

Running MCMC with 4 parallel chains...

Chain 1 finished in 6.6 seconds.
Chain 2 finished in 6.8 seconds.
Chain 3 finished in 6.9 seconds.
Chain 4 finished in 8.9 seconds.

All 4 chains finished successfully.
Mean chain execution time: 7.3 seconds.
Total execution time: 9.0 seconds.

Running MCMC with 4 parallel chains...

Chain 2 finished in 12.1 seconds.
Chain 4 finished in 12.5 seconds.
Chain 1 finished in 12.6 seconds.
Chain 3 finished in 12.7 seconds.

All 4 chains finished successfully.
Mean chain execution time: 12.5 seconds.
Total execution time: 12.9 seconds.

Running MCMC with 4 parallel chains...

Chain 4 finished in 51.8 seconds.
Chain 2 finished in 53.3 seconds.
Chain 3 finished in 66.2 seconds.
Chain 1 finished in 68.2 seconds.

All 4 chains finished successfully.
Mean chain execution time: 59.9 seconds.
Total execution time: 68.3 seconds.

Running MCMC with 4 parallel chains...

Chain 1 finished in 168.5 seconds.
Chain 4 finished in 180.8 seconds.
Chain 3 finished in 184.5 seconds.
Chain 2 finished in 190.2 seconds.

All 4 chains finished successfully.
Mean chain execution time: 181.0 seconds.
Total execution time: 190.3 seconds.

Running MCMC with 4 parallel chains...

Chain 3 finished in 13.4 seconds.
Chain 2 finished in 17.3 seconds.
Chain 1 finished in 22.8 seconds.
Chain 4 finished in 24.2 seconds.

All 4 chains finished successfully.
Mean chain execution time: 19.5 seconds.
Total execution time: 24.4 seconds.

Running MCMC with 4 parallel chains...

Chain 2 finished in 44.3 seconds.
Chain 3 finished in 51.0 seconds.
Chain 1 finished in 53.1 seconds.
Chain 4 finished in 67.6 seconds.

All 4 chains finished successfully.
Mean chain execution time: 54.0 seconds.
Total execution time: 67.7 seconds.

Running MCMC with 4 parallel chains...

Chain 4 finished in 260.9 seconds.
Chain 1 finished in 272.6 seconds.
Chain 2 finished in 275.7 seconds.
Chain 3 finished in 286.9 seconds.

All 4 chains finished successfully.
Mean chain execution time: 274.0 seconds.
Total execution time: 287.1 seconds.

Running MCMC with 4 parallel chains...

Chain 1 finished in 609.9 seconds.
Chain 4 finished in 615.2 seconds.
Chain 2 finished in 618.6 seconds.
Chain 3 finished in 637.4 seconds.

All 4 chains finished successfully.
Mean chain execution time: 620.3 seconds.
Total execution time: 637.6 seconds.

Running MCMC with 4 parallel chains...

Chain 1 finished in 53.2 seconds.
Chain 3 finished in 60.8 seconds.
Chain 2 finished in 70.9 seconds.
Chain 4 finished in 73.9 seconds.

All 4 chains finished successfully.
Mean chain execution time: 64.7 seconds.
Total execution time: 74.0 seconds.

Running MCMC with 4 parallel chains...

Chain 1 finished in 132.9 seconds.
Chain 4 finished in 146.6 seconds.
Chain 2 finished in 149.2 seconds.
Chain 3 finished in 166.3 seconds.

All 4 chains finished successfully.
Mean chain execution time: 148.8 seconds.
Total execution time: 166.4 seconds.

Running MCMC with 4 parallel chains...

Chain 1 finished in 7.2 seconds.
Chain 4 finished in 7.2 seconds.
Chain 3 finished in 7.3 seconds.
Chain 2 finished in 8.5 seconds.

All 4 chains finished successfully.
Mean chain execution time: 7.5 seconds.
Total execution time: 8.6 seconds.

Running MCMC with 4 parallel chains...

Chain 4 finished in 12.8 seconds.
Chain 2 finished in 13.0 seconds.
Chain 1 finished in 13.7 seconds.
Chain 3 finished in 13.6 seconds.

All 4 chains finished successfully.
Mean chain execution time: 13.3 seconds.
Total execution time: 13.8 seconds.

Running MCMC with 4 parallel chains...

Chain 4 finished in 23.3 seconds.
Chain 1 finished in 24.8 seconds.
Chain 2 finished in 25.2 seconds.
Chain 3 finished in 26.8 seconds.

All 4 chains finished successfully.
Mean chain execution time: 25.0 seconds.
Total execution time: 26.9 seconds.

Running MCMC with 4 parallel chains...

Chain 3 finished in 58.5 seconds.
Chain 2 finished in 64.4 seconds.
Chain 1 finished in 67.7 seconds.
Chain 4 finished in 69.1 seconds.

All 4 chains finished successfully.
Mean chain execution time: 64.9 seconds.
Total execution time: 69.2 seconds.

Running MCMC with 4 parallel chains...

Chain 2 finished in 12.2 seconds.
Chain 4 finished in 18.1 seconds.
Chain 1 finished in 19.6 seconds.
Chain 3 finished in 20.3 seconds.

All 4 chains finished successfully.
Mean chain execution time: 17.5 seconds.
Total execution time: 20.4 seconds.

Running MCMC with 4 parallel chains...

Chain 3 finished in 30.0 seconds.
Chain 1 finished in 32.4 seconds.
Chain 4 finished in 35.4 seconds.
Chain 2 finished in 36.2 seconds.

All 4 chains finished successfully.
Mean chain execution time: 33.5 seconds.
Total execution time: 36.3 seconds.

Running MCMC with 4 parallel chains...

Chain 1 finished in 241.3 seconds.
Chain 2 finished in 284.4 seconds.
Chain 4 finished in 303.4 seconds.
Chain 3 finished in 352.6 seconds.

All 4 chains finished successfully.
Mean chain execution time: 295.4 seconds.
Total execution time: 352.8 seconds.

Running MCMC with 4 parallel chains...

Chain 1 finished in 614.9 seconds.
Chain 2 finished in 616.3 seconds.
Chain 3 finished in 620.0 seconds.
Chain 4 finished in 635.1 seconds.

All 4 chains finished successfully.
Mean chain execution time: 621.6 seconds.
Total execution time: 635.2 seconds.

Running MCMC with 4 parallel chains...

Chain 4 finished in 64.0 seconds.
Chain 2 finished in 67.6 seconds.
Chain 3 finished in 68.8 seconds.
Chain 1 finished in 72.5 seconds.

All 4 chains finished successfully.
Mean chain execution time: 68.2 seconds.
Total execution time: 72.6 seconds.

Running MCMC with 4 parallel chains...

Chain 4 finished in 188.0 seconds.
Chain 3 finished in 193.5 seconds.
Chain 1 finished in 193.9 seconds.
Chain 2 finished in 196.5 seconds.

All 4 chains finished successfully.
Mean chain execution time: 193.0 seconds.
Total execution time: 196.6 seconds.

Running MCMC with 4 parallel chains...

Chain 4 finished in 6.2 seconds.
Chain 3 finished in 6.6 seconds.
Chain 1 finished in 6.9 seconds.
Chain 2 finished in 7.2 seconds.

All 4 chains finished successfully.
Mean chain execution time: 6.7 seconds.
Total execution time: 7.3 seconds.

Running MCMC with 4 parallel chains...

Chain 1 finished in 12.7 seconds.
Chain 2 finished in 12.8 seconds.
Chain 3 finished in 13.8 seconds.
Chain 4 finished in 14.0 seconds.

All 4 chains finished successfully.
Mean chain execution time: 13.3 seconds.
Total execution time: 14.1 seconds.

Running MCMC with 4 parallel chains...

Chain 3 finished in 22.0 seconds.
Chain 4 finished in 25.0 seconds.
Chain 1 finished in 26.3 seconds.
Chain 2 finished in 28.1 seconds.

All 4 chains finished successfully.
Mean chain execution time: 25.4 seconds.
Total execution time: 28.2 seconds.

Running MCMC with 4 parallel chains...

Chain 4 finished in 45.0 seconds.
Chain 2 finished in 61.9 seconds.
Chain 3 finished in 63.1 seconds.
Chain 1 finished in 66.4 seconds.

All 4 chains finished successfully.
Mean chain execution time: 59.1 seconds.
Total execution time: 66.5 seconds.

Running MCMC with 4 parallel chains...

Chain 4 finished in 11.5 seconds.
Chain 3 finished in 11.7 seconds.
Chain 1 finished in 13.0 seconds.
Chain 2 finished in 17.3 seconds.

All 4 chains finished successfully.
Mean chain execution time: 13.3 seconds.
Total execution time: 17.3 seconds.

Running MCMC with 4 parallel chains...

Chain 2 finished in 28.5 seconds.
Chain 4 finished in 36.8 seconds.
Chain 1 finished in 46.9 seconds.
Chain 3 finished in 47.7 seconds.

All 4 chains finished successfully.
Mean chain execution time: 40.0 seconds.
Total execution time: 47.8 seconds.

Running MCMC with 4 parallel chains...

Chain 3 finished in 263.7 seconds.
Chain 1 finished in 276.3 seconds.
Chain 2 finished in 298.7 seconds.
Chain 4 finished in 361.9 seconds.

All 4 chains finished successfully.
Mean chain execution time: 300.2 seconds.
Total execution time: 362.1 seconds.

Running MCMC with 4 parallel chains...

Chain 1 finished in 586.5 seconds.
Chain 3 finished in 589.3 seconds.
Chain 2 finished in 593.5 seconds.
Chain 4 finished in 597.1 seconds.

All 4 chains finished successfully.
Mean chain execution time: 591.6 seconds.
Total execution time: 597.2 seconds.

Running MCMC with 4 parallel chains...

Chain 2 finished in 53.8 seconds.
Chain 3 finished in 54.6 seconds.
Chain 4 finished in 73.2 seconds.
Chain 1 finished in 78.4 seconds.

All 4 chains finished successfully.
Mean chain execution time: 65.0 seconds.
Total execution time: 78.5 seconds.

Running MCMC with 4 parallel chains...

Chain 2 finished in 205.4 seconds.
Chain 3 finished in 212.7 seconds.
Chain 4 finished in 223.5 seconds.
Chain 1 finished in 234.3 seconds.

All 4 chains finished successfully.
Mean chain execution time: 219.0 seconds.
Total execution time: 234.4 seconds.

Running MCMC with 4 parallel chains...

Chain 4 finished in 7.5 seconds.
Chain 2 finished in 8.5 seconds.
Chain 1 finished in 10.1 seconds.
Chain 3 finished in 12.9 seconds.

All 4 chains finished successfully.
Mean chain execution time: 9.8 seconds.
Total execution time: 13.0 seconds.

Running MCMC with 4 parallel chains...

Chain 2 finished in 14.6 seconds.
Chain 1 finished in 14.8 seconds.
Chain 3 finished in 15.1 seconds.
Chain 4 finished in 16.8 seconds.

All 4 chains finished successfully.
Mean chain execution time: 15.3 seconds.
Total execution time: 16.9 seconds.

Running MCMC with 4 parallel chains...

Chain 4 finished in 51.3 seconds.
Chain 3 finished in 51.5 seconds.
Chain 1 finished in 58.6 seconds.
Chain 2 finished in 71.5 seconds.

All 4 chains finished successfully.
Mean chain execution time: 58.2 seconds.
Total execution time: 71.6 seconds.

Running MCMC with 4 parallel chains...

Chain 1 finished in 162.5 seconds.
Chain 3 finished in 174.1 seconds.
Chain 4 finished in 177.5 seconds.
Chain 2 finished in 184.7 seconds.

All 4 chains finished successfully.
Mean chain execution time: 174.7 seconds.
Total execution time: 184.8 seconds.

Running MCMC with 4 parallel chains...

Chain 4 finished in 29.4 seconds.
Chain 2 finished in 29.8 seconds.
Chain 3 finished in 29.8 seconds.
Chain 1 finished in 39.2 seconds.

All 4 chains finished successfully.
Mean chain execution time: 32.0 seconds.
Total execution time: 39.3 seconds.

Running MCMC with 4 parallel chains...

Chain 3 finished in 83.7 seconds.
Chain 1 finished in 85.4 seconds.
Chain 4 finished in 91.0 seconds.
Chain 2 finished in 92.6 seconds.

All 4 chains finished successfully.
Mean chain execution time: 88.2 seconds.
Total execution time: 92.7 seconds.

[2025-10-12 16:17:40] [INFO] - ✅ 完成: race=American Indian or Alaska Native
