[2026-04-12 23:53:39] [INFO] - Project root: /public/home/acf4pijnzl/WDP
[2026-04-12 23:53:39] [INFO] - Task 18 → cancer=C00_C97  section=Koppen
 [1] "EQI"          "EQI_Air"      "EQI_Water"    "EQI_Land"     "EQI_Built"   
 [6] "EQI_Social"   "Smoking_Rate" "State_FIPS"   "AAMR_Lower"   "AAMR_Upper"  
[11] "cens"         "RUCC"        
Running MCMC with 4 parallel chains...

Chain 3 finished in 15.4 seconds.
Chain 2 finished in 20.2 seconds.
Chain 4 finished in 20.4 seconds.
Chain 1 finished in 23.2 seconds.

All 4 chains finished successfully.
Mean chain execution time: 19.8 seconds.
Total execution time: 23.3 seconds.

Running MCMC with 4 parallel chains...

Chain 2 finished in 23.7 seconds.
Chain 1 finished in 26.7 seconds.
Chain 3 finished in 27.0 seconds.
Chain 4 finished in 32.7 seconds.

All 4 chains finished successfully.
Mean chain execution time: 27.5 seconds.
Total execution time: 32.8 seconds.

Running MCMC with 4 parallel chains...

Chain 4 finished in 15.4 seconds.
Chain 3 finished in 16.2 seconds.
Chain 1 finished in 17.4 seconds.
Chain 2 finished in 18.7 seconds.

All 4 chains finished successfully.
Mean chain execution time: 16.9 seconds.
Total execution time: 18.8 seconds.

Running MCMC with 4 parallel chains...

Chain 2 finished in 22.5 seconds.
Chain 1 finished in 24.8 seconds.
Chain 3 finished in 27.8 seconds.
Chain 4 finished in 28.6 seconds.

All 4 chains finished successfully.
Mean chain execution time: 25.9 seconds.
Total execution time: 28.7 seconds.

Running MCMC with 4 parallel chains...

Chain 3 finished in 14.9 seconds.
Chain 4 finished in 15.1 seconds.
Chain 2 finished in 15.3 seconds.
Chain 1 finished in 17.4 seconds.

All 4 chains finished successfully.
Mean chain execution time: 15.7 seconds.
Total execution time: 17.5 seconds.

Running MCMC with 4 parallel chains...

Chain 4 finished in 22.9 seconds.
Chain 2 finished in 23.8 seconds.
Chain 1 finished in 24.2 seconds.
Chain 3 finished in 26.4 seconds.

All 4 chains finished successfully.
Mean chain execution time: 24.3 seconds.
Total execution time: 26.5 seconds.

Running MCMC with 4 parallel chains...

Chain 4 finished in 13.0 seconds.
Chain 3 finished in 16.9 seconds.
Chain 1 finished in 18.4 seconds.
Chain 2 finished in 18.7 seconds.

All 4 chains finished successfully.
Mean chain execution time: 16.8 seconds.
Total execution time: 18.9 seconds.

Running MCMC with 4 parallel chains...

Chain 2 finished in 22.6 seconds.
Chain 3 finished in 27.5 seconds.
Chain 4 finished in 28.8 seconds.
Chain 1 finished in 30.1 seconds.

All 4 chains finished successfully.
Mean chain execution time: 27.2 seconds.
Total execution time: 30.1 seconds.

Running MCMC with 4 parallel chains...

Chain 2 finished in 14.8 seconds.
Chain 4 finished in 15.8 seconds.
Chain 3 finished in 16.9 seconds.
Chain 1 finished in 17.1 seconds.

All 4 chains finished successfully.
Mean chain execution time: 16.1 seconds.
Total execution time: 17.1 seconds.

Running MCMC with 4 parallel chains...

Chain 1 finished in 22.9 seconds.
Chain 2 finished in 23.5 seconds.
Chain 4 finished in 24.1 seconds.
Chain 3 finished in 25.8 seconds.

All 4 chains finished successfully.
Mean chain execution time: 24.1 seconds.
Total execution time: 26.0 seconds.

Running MCMC with 4 parallel chains...

Chain 4 finished in 132.2 seconds.
Chain 3 finished in 140.1 seconds.
Chain 2 finished in 142.6 seconds.
Chain 1 finished in 153.5 seconds.

All 4 chains finished successfully.
Mean chain execution time: 142.1 seconds.
Total execution time: 153.6 seconds.

Running MCMC with 4 parallel chains...

Chain 3 finished in 153.6 seconds.
Chain 2 finished in 167.5 seconds.
Chain 1 finished in 171.5 seconds.
Chain 4 finished in 188.3 seconds.

All 4 chains finished successfully.
Mean chain execution time: 170.2 seconds.
Total execution time: 188.5 seconds.

Running MCMC with 4 parallel chains...

Chain 2 finished in 122.2 seconds.
Chain 1 finished in 124.7 seconds.
Chain 4 finished in 129.2 seconds.
Chain 3 finished in 144.4 seconds.

All 4 chains finished successfully.
Mean chain execution time: 130.1 seconds.
Total execution time: 144.5 seconds.

Running MCMC with 4 parallel chains...

Chain 4 finished in 183.1 seconds.
Chain 3 finished in 183.6 seconds.
Chain 1 finished in 191.2 seconds.
Chain 2 finished in 200.5 seconds.

All 4 chains finished successfully.
Mean chain execution time: 189.6 seconds.
Total execution time: 200.6 seconds.

Running MCMC with 4 parallel chains...

Chain 3 finished in 132.4 seconds.
Chain 1 finished in 137.2 seconds.
Chain 2 finished in 140.6 seconds.
Chain 4 finished in 144.9 seconds.

All 4 chains finished successfully.
Mean chain execution time: 138.8 seconds.
Total execution time: 145.1 seconds.

Running MCMC with 4 parallel chains...

Chain 3 finished in 176.6 seconds.
Chain 1 finished in 178.1 seconds.
Chain 4 finished in 195.5 seconds.
Chain 2 finished in 215.7 seconds.

All 4 chains finished successfully.
Mean chain execution time: 191.5 seconds.
Total execution time: 215.9 seconds.

Running MCMC with 4 parallel chains...

Chain 3 finished in 120.2 seconds.
Chain 1 finished in 120.9 seconds.
Chain 2 finished in 123.6 seconds.
Chain 4 finished in 125.1 seconds.

All 4 chains finished successfully.
Mean chain execution time: 122.4 seconds.
Total execution time: 125.2 seconds.

Running MCMC with 4 parallel chains...

Chain 4 finished in 175.4 seconds.
Chain 3 finished in 197.3 seconds.
Chain 2 finished in 202.2 seconds.
Chain 1 finished in 228.8 seconds.

All 4 chains finished successfully.
Mean chain execution time: 200.9 seconds.
Total execution time: 228.9 seconds.

Running MCMC with 4 parallel chains...

Chain 3 finished in 119.6 seconds.
Chain 4 finished in 126.9 seconds.
Chain 2 finished in 130.1 seconds.
Chain 1 finished in 133.9 seconds.

All 4 chains finished successfully.
Mean chain execution time: 127.6 seconds.
Total execution time: 134.2 seconds.

Running MCMC with 4 parallel chains...

Chain 3 finished in 167.1 seconds.
Chain 1 finished in 188.5 seconds.
Chain 2 finished in 190.8 seconds.
Chain 4 finished in 203.4 seconds.

All 4 chains finished successfully.
Mean chain execution time: 187.4 seconds.
Total execution time: 203.6 seconds.

Running MCMC with 4 parallel chains...

Chain 3 finished in 48.9 seconds.
Chain 2 finished in 52.8 seconds.
Chain 1 finished in 54.9 seconds.
Chain 4 finished in 55.0 seconds.

All 4 chains finished successfully.
Mean chain execution time: 52.9 seconds.
Total execution time: 55.2 seconds.

Running MCMC with 4 parallel chains...

Chain 4 finished in 76.6 seconds.
Chain 3 finished in 79.9 seconds.
Chain 2 finished in 81.1 seconds.
Chain 1 finished in 84.8 seconds.

All 4 chains finished successfully.
Mean chain execution time: 80.6 seconds.
Total execution time: 84.9 seconds.

Running MCMC with 4 parallel chains...

Chain 4 finished in 47.3 seconds.
Chain 2 finished in 50.4 seconds.
Chain 1 finished in 53.0 seconds.
Chain 3 finished in 61.9 seconds.

All 4 chains finished successfully.
Mean chain execution time: 53.1 seconds.
Total execution time: 62.0 seconds.

Running MCMC with 4 parallel chains...

Chain 3 finished in 87.4 seconds.
Chain 2 finished in 88.4 seconds.
Chain 4 finished in 92.0 seconds.
Chain 1 finished in 101.3 seconds.

All 4 chains finished successfully.
Mean chain execution time: 92.3 seconds.
Total execution time: 101.4 seconds.

Running MCMC with 4 parallel chains...

Chain 1 finished in 50.6 seconds.
Chain 3 finished in 51.3 seconds.
Chain 4 finished in 53.3 seconds.
Chain 2 finished in 54.4 seconds.

All 4 chains finished successfully.
Mean chain execution time: 52.4 seconds.
Total execution time: 54.5 seconds.

Running MCMC with 4 parallel chains...

Chain 3 finished in 84.0 seconds.
Chain 2 finished in 84.7 seconds.
Chain 1 finished in 87.7 seconds.
Chain 4 finished in 93.6 seconds.

All 4 chains finished successfully.
Mean chain execution time: 87.5 seconds.
Total execution time: 93.8 seconds.

Running MCMC with 4 parallel chains...

Chain 4 finished in 50.5 seconds.
Chain 3 finished in 50.9 seconds.
Chain 2 finished in 53.8 seconds.
Chain 1 finished in 54.3 seconds.

All 4 chains finished successfully.
Mean chain execution time: 52.4 seconds.
Total execution time: 54.4 seconds.

Running MCMC with 4 parallel chains...

Chain 2 finished in 74.7 seconds.
Chain 4 finished in 84.7 seconds.
Chain 1 finished in 87.9 seconds.
Chain 3 finished in 89.1 seconds.

All 4 chains finished successfully.
Mean chain execution time: 84.1 seconds.
Total execution time: 89.2 seconds.

Running MCMC with 4 parallel chains...

Chain 3 finished in 51.1 seconds.
Chain 1 finished in 52.6 seconds.
Chain 2 finished in 54.2 seconds.
Chain 4 finished in 69.3 seconds.

All 4 chains finished successfully.
Mean chain execution time: 56.8 seconds.
Total execution time: 69.5 seconds.

Running MCMC with 4 parallel chains...

Chain 4 finished in 77.3 seconds.
Chain 2 finished in 78.1 seconds.
Chain 1 finished in 81.4 seconds.
Chain 3 finished in 93.1 seconds.

All 4 chains finished successfully.
Mean chain execution time: 82.5 seconds.
Total execution time: 93.2 seconds.

[2026-04-13 00:41:02] [INFO] - Done: C00_C97 / Koppen → Result/Stratified_MRR/
