[2026-04-02 12:17:28] [INFO] - 项目根目录: /public/home/acf4pijnzl/WDP
[2026-04-02 12:17:28] [INFO] - 开始处理任务 5
[2026-04-02 12:17:28] [INFO] - 处理癌症类型: C50
[1] "EQI"          "EQI_Air"      "EQI_Water"    "EQI_Land"     "EQI_Built"   
[6] "EQI_Social"   "Smoking_Rate" "State_FIPS"  
Running MCMC with 4 parallel chains...

Chain 2 finished in 320.2 seconds.
Chain 3 finished in 325.2 seconds.
Chain 1 finished in 326.3 seconds.
Chain 4 finished in 335.3 seconds.

All 4 chains finished successfully.
Mean chain execution time: 326.7 seconds.
Total execution time: 335.6 seconds.

Running MCMC with 4 parallel chains...

Chain 3 finished in 287.7 seconds.
Chain 2 finished in 330.0 seconds.
Chain 4 finished in 334.4 seconds.
Chain 1 finished in 344.4 seconds.

All 4 chains finished successfully.
Mean chain execution time: 324.1 seconds.
Total execution time: 344.6 seconds.

Running MCMC with 4 parallel chains...

Chain 4 finished in 320.1 seconds.
Chain 2 finished in 329.1 seconds.
Chain 1 finished in 348.1 seconds.
Chain 3 finished in 352.5 seconds.

All 4 chains finished successfully.
Mean chain execution time: 337.5 seconds.
Total execution time: 352.7 seconds.

[2026-04-02 12:35:43] [INFO] - ✅ 完成: Cancer=C50
[2026-04-02 12:35:43] [INFO] - 输出目录: Result/brms_MRR_lag/
