[2025-10-09 23:50:58] [INFO] - 项目根目录: /public/home/acf4pijnzl/WDP
[2025-10-09 23:50:58] [INFO] - 任务ID=3  疾病=C25  CPU=16
[1] "EQI"          "EQI_Air"      "EQI_Water"    "EQI_Land"     "EQI_Built"   
[6] "EQI_Social"   "Smoking_Rate" "State_FIPS"  
Running MCMC with 4 parallel chains...

Chain 1 finished in 376.0 seconds.
Chain 3 finished in 376.6 seconds.
Chain 4 finished in 383.3 seconds.
Chain 2 finished in 387.3 seconds.

All 4 chains finished successfully.
Mean chain execution time: 380.8 seconds.
Total execution time: 387.5 seconds.

Running MCMC with 4 parallel chains...

Chain 2 finished in 463.3 seconds.
Chain 3 finished in 472.5 seconds.
Chain 1 finished in 477.8 seconds.
Chain 4 finished in 484.7 seconds.

All 4 chains finished successfully.
Mean chain execution time: 474.6 seconds.
Total execution time: 484.8 seconds.

Running MCMC with 4 parallel chains...

Chain 4 finished in 158.5 seconds.
Chain 3 finished in 162.0 seconds.
Chain 1 finished in 163.9 seconds.
Chain 2 finished in 167.0 seconds.

All 4 chains finished successfully.
Mean chain execution time: 162.8 seconds.
Total execution time: 167.1 seconds.

Running MCMC with 4 parallel chains...

Chain 1 finished in 209.4 seconds.
Chain 2 finished in 212.5 seconds.
Chain 4 finished in 225.8 seconds.
Chain 3 finished in 240.3 seconds.

All 4 chains finished successfully.
Mean chain execution time: 222.0 seconds.
Total execution time: 240.5 seconds.

Running MCMC with 4 parallel chains...

Chain 2 finished in 36.0 seconds.
Chain 4 finished in 37.3 seconds.
Chain 1 finished in 38.2 seconds.
Chain 3 finished in 38.8 seconds.

All 4 chains finished successfully.
Mean chain execution time: 37.5 seconds.
Total execution time: 38.9 seconds.

Running MCMC with 4 parallel chains...

Chain 2 finished in 59.4 seconds.
Chain 3 finished in 62.5 seconds.
Chain 4 finished in 64.6 seconds.
Chain 1 finished in 65.8 seconds.

All 4 chains finished successfully.
Mean chain execution time: 63.1 seconds.
Total execution time: 65.9 seconds.

Running MCMC with 4 parallel chains...

Chain 4 finished in 117.0 seconds.
Chain 2 finished in 119.4 seconds.
Chain 1 finished in 127.2 seconds.
Chain 3 finished in 134.9 seconds.

All 4 chains finished successfully.
Mean chain execution time: 124.6 seconds.
Total execution time: 135.1 seconds.

Running MCMC with 4 parallel chains...

Chain 2 finished in 143.4 seconds.
Chain 3 finished in 148.1 seconds.
Chain 1 finished in 152.5 seconds.
Chain 4 finished in 155.5 seconds.

All 4 chains finished successfully.
Mean chain execution time: 149.9 seconds.
Total execution time: 155.7 seconds.

Running MCMC with 4 parallel chains...

Chain 2 finished in 40.0 seconds.
Chain 4 finished in 46.2 seconds.
Chain 1 finished in 48.5 seconds.
Chain 3 finished in 54.7 seconds.

All 4 chains finished successfully.
Mean chain execution time: 47.3 seconds.
Total execution time: 54.8 seconds.

Running MCMC with 4 parallel chains...

Chain 3 finished in 57.6 seconds.
Chain 1 finished in 61.4 seconds.
Chain 2 finished in 62.3 seconds.
Chain 4 finished in 64.4 seconds.

All 4 chains finished successfully.
Mean chain execution time: 61.4 seconds.
Total execution time: 64.5 seconds.

Running MCMC with 4 parallel chains...

Chain 1 finished in 416.3 seconds.
Chain 3 finished in 420.4 seconds.
Chain 4 finished in 437.9 seconds.
Chain 2 finished in 458.4 seconds.

All 4 chains finished successfully.
Mean chain execution time: 433.3 seconds.
Total execution time: 458.5 seconds.

Running MCMC with 4 parallel chains...

Chain 2 finished in 494.4 seconds.
Chain 4 finished in 563.7 seconds.
Chain 1 finished in 578.8 seconds.
Chain 3 finished in 664.7 seconds.

All 4 chains finished successfully.
Mean chain execution time: 575.4 seconds.
Total execution time: 664.9 seconds.

Running MCMC with 4 parallel chains...

Chain 2 finished in 149.0 seconds.
Chain 4 finished in 151.6 seconds.
Chain 3 finished in 153.9 seconds.
Chain 1 finished in 160.2 seconds.

All 4 chains finished successfully.
Mean chain execution time: 153.7 seconds.
Total execution time: 160.3 seconds.

Running MCMC with 4 parallel chains...

Chain 2 finished in 257.7 seconds.
Chain 1 finished in 267.4 seconds.
Chain 3 finished in 275.4 seconds.
Chain 4 finished in 299.3 seconds.

All 4 chains finished successfully.
Mean chain execution time: 275.0 seconds.
Total execution time: 299.4 seconds.

Running MCMC with 4 parallel chains...

Chain 2 finished in 37.3 seconds.
Chain 3 finished in 37.3 seconds.
Chain 4 finished in 37.8 seconds.
Chain 1 finished in 39.8 seconds.

All 4 chains finished successfully.
Mean chain execution time: 38.0 seconds.
Total execution time: 39.9 seconds.

Running MCMC with 4 parallel chains...

Chain 1 finished in 49.1 seconds.
Chain 3 finished in 51.9 seconds.
Chain 2 finished in 55.2 seconds.
Chain 4 finished in 58.9 seconds.

All 4 chains finished successfully.
Mean chain execution time: 53.8 seconds.
Total execution time: 59.0 seconds.

Running MCMC with 4 parallel chains...

Chain 3 finished in 116.2 seconds.
Chain 2 finished in 118.9 seconds.
Chain 4 finished in 122.7 seconds.
Chain 1 finished in 123.7 seconds.

All 4 chains finished successfully.
Mean chain execution time: 120.4 seconds.
Total execution time: 123.7 seconds.

Running MCMC with 4 parallel chains...

Chain 3 finished in 144.7 seconds.
Chain 4 finished in 144.9 seconds.
Chain 2 finished in 148.1 seconds.
Chain 1 finished in 150.2 seconds.

All 4 chains finished successfully.
Mean chain execution time: 147.0 seconds.
Total execution time: 150.4 seconds.

Running MCMC with 4 parallel chains...

Chain 4 finished in 37.8 seconds.
Chain 3 finished in 40.8 seconds.
Chain 2 finished in 46.7 seconds.
Chain 1 finished in 51.7 seconds.

All 4 chains finished successfully.
Mean chain execution time: 44.2 seconds.
Total execution time: 51.7 seconds.

Running MCMC with 4 parallel chains...

Chain 1 finished in 59.7 seconds.
Chain 2 finished in 59.8 seconds.
Chain 4 finished in 64.9 seconds.
Chain 3 finished in 66.7 seconds.

All 4 chains finished successfully.
Mean chain execution time: 62.8 seconds.
Total execution time: 66.8 seconds.

Running MCMC with 4 parallel chains...

Chain 4 finished in 396.8 seconds.
Chain 1 finished in 420.2 seconds.
Chain 3 finished in 475.6 seconds.
Chain 2 finished in 476.0 seconds.

All 4 chains finished successfully.
Mean chain execution time: 442.2 seconds.
Total execution time: 476.2 seconds.

Running MCMC with 4 parallel chains...

Chain 2 finished in 435.7 seconds.
Chain 4 finished in 491.7 seconds.
Chain 1 finished in 500.1 seconds.
Chain 3 finished in 525.3 seconds.

All 4 chains finished successfully.
Mean chain execution time: 488.2 seconds.
Total execution time: 525.4 seconds.

Running MCMC with 4 parallel chains...

Chain 1 finished in 132.7 seconds.
Chain 4 finished in 140.1 seconds.
Chain 3 finished in 150.9 seconds.
Chain 2 finished in 152.0 seconds.

All 4 chains finished successfully.
Mean chain execution time: 143.9 seconds.
Total execution time: 152.1 seconds.

Running MCMC with 4 parallel chains...

Chain 1 finished in 176.4 seconds.
Chain 2 finished in 183.9 seconds.
Chain 4 finished in 198.8 seconds.
Chain 3 finished in 203.2 seconds.

All 4 chains finished successfully.
Mean chain execution time: 190.6 seconds.
Total execution time: 203.3 seconds.

Running MCMC with 4 parallel chains...

Chain 2 finished in 31.2 seconds.
Chain 3 finished in 32.1 seconds.
Chain 4 finished in 34.2 seconds.
Chain 1 finished in 34.9 seconds.

All 4 chains finished successfully.
Mean chain execution time: 33.1 seconds.
Total execution time: 35.0 seconds.

Running MCMC with 4 parallel chains...

Chain 1 finished in 37.4 seconds.
Chain 3 finished in 38.8 seconds.
Chain 2 finished in 38.9 seconds.
Chain 4 finished in 40.9 seconds.

All 4 chains finished successfully.
Mean chain execution time: 39.0 seconds.
Total execution time: 41.0 seconds.

Running MCMC with 4 parallel chains...

Chain 4 finished in 110.4 seconds.
Chain 1 finished in 117.1 seconds.
Chain 2 finished in 120.0 seconds.
Chain 3 finished in 123.0 seconds.

All 4 chains finished successfully.
Mean chain execution time: 117.6 seconds.
Total execution time: 123.1 seconds.

Running MCMC with 4 parallel chains...

Chain 4 finished in 136.2 seconds.
Chain 1 finished in 143.7 seconds.
Chain 3 finished in 143.9 seconds.
Chain 2 finished in 154.6 seconds.

All 4 chains finished successfully.
Mean chain execution time: 144.6 seconds.
Total execution time: 154.7 seconds.

Running MCMC with 4 parallel chains...

Chain 3 finished in 35.7 seconds.
Chain 1 finished in 43.1 seconds.
Chain 2 finished in 45.7 seconds.
Chain 4 finished in 49.6 seconds.

All 4 chains finished successfully.
Mean chain execution time: 43.5 seconds.
Total execution time: 49.7 seconds.

Running MCMC with 4 parallel chains...

Chain 4 finished in 50.6 seconds.
Chain 3 finished in 56.9 seconds.
Chain 2 finished in 60.5 seconds.
Chain 1 finished in 63.2 seconds.

All 4 chains finished successfully.
Mean chain execution time: 57.8 seconds.
Total execution time: 63.3 seconds.

Running MCMC with 4 parallel chains...

Chain 1 finished in 283.7 seconds.
Chain 3 finished in 321.2 seconds.
Chain 4 finished in 327.1 seconds.
Chain 2 finished in 328.9 seconds.

All 4 chains finished successfully.
Mean chain execution time: 315.2 seconds.
Total execution time: 329.1 seconds.

Running MCMC with 4 parallel chains...

Chain 4 finished in 490.1 seconds.
Chain 1 finished in 491.9 seconds.
Chain 2 finished in 529.5 seconds.
Chain 3 finished in 559.6 seconds.

All 4 chains finished successfully.
Mean chain execution time: 517.8 seconds.
Total execution time: 559.8 seconds.

Running MCMC with 4 parallel chains...

Chain 3 finished in 129.9 seconds.
Chain 4 finished in 136.6 seconds.
Chain 1 finished in 141.3 seconds.
Chain 2 finished in 143.6 seconds.

All 4 chains finished successfully.
Mean chain execution time: 137.8 seconds.
Total execution time: 143.7 seconds.

Running MCMC with 4 parallel chains...

Chain 4 finished in 161.8 seconds.
Chain 1 finished in 163.9 seconds.
Chain 2 finished in 163.9 seconds.
Chain 3 finished in 171.1 seconds.

All 4 chains finished successfully.
Mean chain execution time: 165.2 seconds.
Total execution time: 171.2 seconds.

Running MCMC with 4 parallel chains...

Chain 2 finished in 32.6 seconds.
Chain 4 finished in 34.3 seconds.
Chain 1 finished in 35.3 seconds.
Chain 3 finished in 35.4 seconds.

All 4 chains finished successfully.
Mean chain execution time: 34.4 seconds.
Total execution time: 35.4 seconds.

Running MCMC with 4 parallel chains...

Chain 2 finished in 43.5 seconds.
Chain 4 finished in 46.6 seconds.
Chain 3 finished in 48.8 seconds.
Chain 1 finished in 52.0 seconds.

All 4 chains finished successfully.
Mean chain execution time: 47.7 seconds.
Total execution time: 52.0 seconds.

Running MCMC with 4 parallel chains...

Chain 2 finished in 112.0 seconds.
Chain 4 finished in 113.6 seconds.
Chain 3 finished in 114.3 seconds.
Chain 1 finished in 118.5 seconds.

All 4 chains finished successfully.
Mean chain execution time: 114.6 seconds.
Total execution time: 118.6 seconds.

Running MCMC with 4 parallel chains...

Chain 2 finished in 137.3 seconds.
Chain 4 finished in 151.9 seconds.
Chain 1 finished in 159.8 seconds.
Chain 3 finished in 169.1 seconds.

All 4 chains finished successfully.
Mean chain execution time: 154.5 seconds.
Total execution time: 169.2 seconds.

Running MCMC with 4 parallel chains...

Chain 1 finished in 34.1 seconds.
Chain 4 finished in 39.2 seconds.
Chain 3 finished in 43.1 seconds.
Chain 2 finished in 49.0 seconds.

All 4 chains finished successfully.
Mean chain execution time: 41.3 seconds.
Total execution time: 49.0 seconds.

Running MCMC with 4 parallel chains...

Chain 1 finished in 54.6 seconds.
Chain 4 finished in 55.0 seconds.
Chain 3 finished in 56.6 seconds.
Chain 2 finished in 67.6 seconds.

All 4 chains finished successfully.
Mean chain execution time: 58.5 seconds.
Total execution time: 67.7 seconds.

[2025-10-10 01:56:10] [INFO] - ✅ 完成: C25
