[2025-10-17 00:09:43] [INFO] - 项目根目录: /public/home/acf4pijnzl/WDP
[2025-10-17 00:09:43] [INFO] - 开始处理任务 8
[2025-10-17 00:09:43] [INFO] - 处理癌症类型: C60_C63
[1] "EQI"          "EQI_Air"      "EQI_Water"    "EQI_Land"     "EQI_Built"   
[6] "EQI_Social"   "Smoking_Rate" "State_FIPS"   "Cluster"     
Running MCMC with 4 parallel chains...

Chain 3 finished in 70.0 seconds.
Chain 4 finished in 74.1 seconds.
Chain 2 finished in 75.0 seconds.
Chain 1 finished in 76.2 seconds.

All 4 chains finished successfully.
Mean chain execution time: 73.8 seconds.
Total execution time: 76.3 seconds.

Running MCMC with 4 parallel chains...

Chain 2 finished in 85.5 seconds.
Chain 4 finished in 93.9 seconds.
Chain 1 finished in 99.0 seconds.
Chain 3 finished in 99.6 seconds.

All 4 chains finished successfully.
Mean chain execution time: 94.5 seconds.
Total execution time: 99.7 seconds.

Running MCMC with 4 parallel chains...

Chain 1 finished in 83.7 seconds.
Chain 4 finished in 88.1 seconds.
Chain 2 finished in 90.4 seconds.
Chain 3 finished in 92.7 seconds.

All 4 chains finished successfully.
Mean chain execution time: 88.7 seconds.
Total execution time: 92.8 seconds.

Running MCMC with 4 parallel chains...

Chain 4 finished in 93.0 seconds.
Chain 3 finished in 93.6 seconds.
Chain 1 finished in 99.9 seconds.
Chain 2 finished in 107.6 seconds.

All 4 chains finished successfully.
Mean chain execution time: 98.6 seconds.
Total execution time: 107.8 seconds.

Running MCMC with 4 parallel chains...

Chain 2 finished in 74.6 seconds.
Chain 3 finished in 89.0 seconds.
Chain 1 finished in 93.2 seconds.
Chain 4 finished in 100.1 seconds.

All 4 chains finished successfully.
Mean chain execution time: 89.2 seconds.
Total execution time: 100.2 seconds.

Running MCMC with 4 parallel chains...

Chain 3 finished in 98.0 seconds.
Chain 4 finished in 105.7 seconds.
Chain 1 finished in 107.0 seconds.
Chain 2 finished in 118.4 seconds.

All 4 chains finished successfully.
Mean chain execution time: 107.2 seconds.
Total execution time: 118.5 seconds.

Running MCMC with 4 parallel chains...

Chain 3 finished in 63.2 seconds.
Chain 4 finished in 66.1 seconds.
Chain 2 finished in 72.4 seconds.
Chain 1 finished in 73.0 seconds.

All 4 chains finished successfully.
Mean chain execution time: 68.7 seconds.
Total execution time: 73.1 seconds.

Running MCMC with 4 parallel chains...

Chain 4 finished in 87.8 seconds.
Chain 1 finished in 90.2 seconds.
Chain 3 finished in 96.2 seconds.
Chain 2 finished in 100.5 seconds.

All 4 chains finished successfully.
Mean chain execution time: 93.7 seconds.
Total execution time: 100.6 seconds.

Running MCMC with 4 parallel chains...

Chain 3 finished in 74.3 seconds.
Chain 2 finished in 79.1 seconds.
Chain 4 finished in 79.6 seconds.
Chain 1 finished in 88.5 seconds.

All 4 chains finished successfully.
Mean chain execution time: 80.4 seconds.
Total execution time: 88.6 seconds.

Running MCMC with 4 parallel chains...

Chain 3 finished in 105.1 seconds.
Chain 1 finished in 106.5 seconds.
Chain 4 finished in 110.5 seconds.
Chain 2 finished in 111.0 seconds.

All 4 chains finished successfully.
Mean chain execution time: 108.3 seconds.
Total execution time: 111.1 seconds.

Running MCMC with 4 parallel chains...

Chain 4 finished in 79.3 seconds.
Chain 3 finished in 80.1 seconds.
Chain 1 finished in 82.1 seconds.
Chain 2 finished in 85.5 seconds.

All 4 chains finished successfully.
Mean chain execution time: 81.7 seconds.
Total execution time: 85.6 seconds.

Running MCMC with 4 parallel chains...

Chain 2 finished in 100.2 seconds.
Chain 1 finished in 102.0 seconds.
Chain 4 finished in 119.2 seconds.
Chain 3 finished in 129.8 seconds.

All 4 chains finished successfully.
Mean chain execution time: 112.8 seconds.
Total execution time: 130.0 seconds.

Running MCMC with 4 parallel chains...

Chain 2 finished in 73.1 seconds.
Chain 3 finished in 76.1 seconds.
Chain 1 finished in 77.4 seconds.
Chain 4 finished in 77.3 seconds.

All 4 chains finished successfully.
Mean chain execution time: 76.0 seconds.
Total execution time: 77.5 seconds.

Running MCMC with 4 parallel chains...

Chain 2 finished in 92.6 seconds.
Chain 3 finished in 94.1 seconds.
Chain 4 finished in 96.7 seconds.
Chain 1 finished in 98.6 seconds.

All 4 chains finished successfully.
Mean chain execution time: 95.5 seconds.
Total execution time: 98.6 seconds.

Running MCMC with 4 parallel chains...

Chain 2 finished in 75.4 seconds.
Chain 1 finished in 77.6 seconds.
Chain 4 finished in 79.3 seconds.
Chain 3 finished in 80.6 seconds.

All 4 chains finished successfully.
Mean chain execution time: 78.2 seconds.
Total execution time: 80.7 seconds.

Running MCMC with 4 parallel chains...

Chain 4 finished in 92.8 seconds.
Chain 1 finished in 98.2 seconds.
Chain 3 finished in 104.9 seconds.
Chain 2 finished in 107.4 seconds.

All 4 chains finished successfully.
Mean chain execution time: 100.8 seconds.
Total execution time: 107.5 seconds.

Running MCMC with 4 parallel chains...

Chain 3 finished in 180.1 seconds.
Chain 4 finished in 189.6 seconds.
Chain 2 finished in 193.4 seconds.
Chain 1 finished in 219.3 seconds.

All 4 chains finished successfully.
Mean chain execution time: 195.6 seconds.
Total execution time: 219.4 seconds.

Running MCMC with 4 parallel chains...

Chain 1 finished in 441.3 seconds.
Chain 3 finished in 492.6 seconds.
Chain 4 finished in 493.8 seconds.
Chain 2 finished in 497.5 seconds.

All 4 chains finished successfully.
Mean chain execution time: 481.3 seconds.
Total execution time: 497.6 seconds.

Running MCMC with 4 parallel chains...

Chain 2 finished in 183.0 seconds.
Chain 1 finished in 183.9 seconds.
Chain 3 finished in 184.6 seconds.
Chain 4 finished in 187.3 seconds.

All 4 chains finished successfully.
Mean chain execution time: 184.7 seconds.
Total execution time: 187.5 seconds.

Running MCMC with 4 parallel chains...

Chain 3 finished in 500.8 seconds.
Chain 4 finished in 522.2 seconds.
Chain 2 finished in 530.7 seconds.
Chain 1 finished in 551.5 seconds.

All 4 chains finished successfully.
Mean chain execution time: 526.3 seconds.
Total execution time: 551.6 seconds.

Running MCMC with 4 parallel chains...

Chain 4 finished in 155.5 seconds.
Chain 2 finished in 161.5 seconds.
Chain 3 finished in 175.0 seconds.
Chain 1 finished in 188.4 seconds.

All 4 chains finished successfully.
Mean chain execution time: 170.1 seconds.
Total execution time: 188.5 seconds.

Running MCMC with 4 parallel chains...

Chain 4 finished in 232.5 seconds.
Chain 2 finished in 242.6 seconds.
Chain 1 finished in 250.5 seconds.
Chain 3 finished in 258.2 seconds.

All 4 chains finished successfully.
Mean chain execution time: 246.0 seconds.
Total execution time: 258.3 seconds.

Running MCMC with 4 parallel chains...

Chain 3 finished in 170.2 seconds.
Chain 4 finished in 174.6 seconds.
Chain 1 finished in 175.1 seconds.
Chain 2 finished in 193.3 seconds.

All 4 chains finished successfully.
Mean chain execution time: 178.3 seconds.
Total execution time: 193.4 seconds.

Running MCMC with 4 parallel chains...

Chain 3 finished in 236.2 seconds.
Chain 2 finished in 240.5 seconds.
Chain 4 finished in 246.3 seconds.
Chain 1 finished in 274.5 seconds.

All 4 chains finished successfully.
Mean chain execution time: 249.4 seconds.
Total execution time: 274.6 seconds.

[2025-10-17 01:16:38] [INFO] - ✅ 完成: Cancer=C60_C63
