[2025-10-17 00:21:43] [INFO] - 项目根目录: /public/home/acf4pijnzl/WDP
[2025-10-17 00:21:43] [INFO] - 开始处理任务 11
[2025-10-17 00:21:43] [INFO] - 处理癌症类型: C76_C80
[1] "EQI"          "EQI_Air"      "EQI_Water"    "EQI_Land"     "EQI_Built"   
[6] "EQI_Social"   "Smoking_Rate" "State_FIPS"   "Cluster"     
Running MCMC with 4 parallel chains...

Chain 3 finished in 58.2 seconds.
Chain 2 finished in 59.9 seconds.
Chain 4 finished in 62.4 seconds.
Chain 1 finished in 67.2 seconds.

All 4 chains finished successfully.
Mean chain execution time: 61.9 seconds.
Total execution time: 67.4 seconds.

Running MCMC with 4 parallel chains...

Chain 1 finished in 74.5 seconds.
Chain 4 finished in 80.0 seconds.
Chain 3 finished in 94.3 seconds.
Chain 2 finished in 100.1 seconds.

All 4 chains finished successfully.
Mean chain execution time: 87.2 seconds.
Total execution time: 100.1 seconds.

Running MCMC with 4 parallel chains...

Chain 4 finished in 62.4 seconds.
Chain 2 finished in 68.2 seconds.
Chain 3 finished in 76.2 seconds.
Chain 1 finished in 78.6 seconds.

All 4 chains finished successfully.
Mean chain execution time: 71.4 seconds.
Total execution time: 78.6 seconds.

Running MCMC with 4 parallel chains...

Chain 3 finished in 85.2 seconds.
Chain 1 finished in 96.0 seconds.
Chain 2 finished in 99.4 seconds.
Chain 4 finished in 99.7 seconds.

All 4 chains finished successfully.
Mean chain execution time: 95.1 seconds.
Total execution time: 99.8 seconds.

Running MCMC with 4 parallel chains...

Chain 1 finished in 63.4 seconds.
Chain 4 finished in 68.0 seconds.
Chain 2 finished in 74.0 seconds.
Chain 3 finished in 77.3 seconds.

All 4 chains finished successfully.
Mean chain execution time: 70.7 seconds.
Total execution time: 77.4 seconds.

Running MCMC with 4 parallel chains...

Chain 4 finished in 88.2 seconds.
Chain 1 finished in 88.9 seconds.
Chain 2 finished in 90.7 seconds.
Chain 3 finished in 101.9 seconds.

All 4 chains finished successfully.
Mean chain execution time: 92.4 seconds.
Total execution time: 102.1 seconds.

Running MCMC with 4 parallel chains...

Chain 4 finished in 62.2 seconds.
Chain 2 finished in 64.9 seconds.
Chain 3 finished in 66.9 seconds.
Chain 1 finished in 78.2 seconds.

All 4 chains finished successfully.
Mean chain execution time: 68.1 seconds.
Total execution time: 78.3 seconds.

Running MCMC with 4 parallel chains...

Chain 1 finished in 85.6 seconds.
Chain 4 finished in 85.7 seconds.
Chain 2 finished in 86.0 seconds.
Chain 3 finished in 94.1 seconds.

All 4 chains finished successfully.
Mean chain execution time: 87.8 seconds.
Total execution time: 94.2 seconds.

Running MCMC with 4 parallel chains...

Chain 2 finished in 69.7 seconds.
Chain 4 finished in 74.5 seconds.
Chain 1 finished in 76.5 seconds.
Chain 3 finished in 76.9 seconds.

All 4 chains finished successfully.
Mean chain execution time: 74.4 seconds.
Total execution time: 77.0 seconds.

Running MCMC with 4 parallel chains...

Chain 3 finished in 100.8 seconds.
Chain 2 finished in 102.0 seconds.
Chain 4 finished in 104.8 seconds.
Chain 1 finished in 120.2 seconds.

All 4 chains finished successfully.
Mean chain execution time: 107.0 seconds.
Total execution time: 120.3 seconds.

Running MCMC with 4 parallel chains...

Chain 3 finished in 71.4 seconds.
Chain 2 finished in 73.9 seconds.
Chain 1 finished in 74.6 seconds.
Chain 4 finished in 76.1 seconds.

All 4 chains finished successfully.
Mean chain execution time: 74.0 seconds.
Total execution time: 76.2 seconds.

Running MCMC with 4 parallel chains...

Chain 3 finished in 103.4 seconds.
Chain 2 finished in 105.0 seconds.
Chain 4 finished in 105.9 seconds.
Chain 1 finished in 115.4 seconds.

All 4 chains finished successfully.
Mean chain execution time: 107.4 seconds.
Total execution time: 115.5 seconds.

Running MCMC with 4 parallel chains...

Chain 2 finished in 68.6 seconds.
Chain 4 finished in 73.3 seconds.
Chain 3 finished in 74.2 seconds.
Chain 1 finished in 78.9 seconds.

All 4 chains finished successfully.
Mean chain execution time: 73.8 seconds.
Total execution time: 79.0 seconds.

Running MCMC with 4 parallel chains...

Chain 2 finished in 94.3 seconds.
Chain 1 finished in 94.9 seconds.
Chain 4 finished in 104.9 seconds.
Chain 3 finished in 111.1 seconds.

All 4 chains finished successfully.
Mean chain execution time: 101.3 seconds.
Total execution time: 111.2 seconds.

Running MCMC with 4 parallel chains...

Chain 3 finished in 78.5 seconds.
Chain 2 finished in 84.3 seconds.
Chain 4 finished in 87.8 seconds.
Chain 1 finished in 91.5 seconds.

All 4 chains finished successfully.
Mean chain execution time: 85.5 seconds.
Total execution time: 91.6 seconds.

Running MCMC with 4 parallel chains...

Chain 2 finished in 98.0 seconds.
Chain 3 finished in 110.1 seconds.
Chain 1 finished in 111.0 seconds.
Chain 4 finished in 112.2 seconds.

All 4 chains finished successfully.
Mean chain execution time: 107.8 seconds.
Total execution time: 112.3 seconds.

Running MCMC with 4 parallel chains...

Chain 4 finished in 169.2 seconds.
Chain 3 finished in 171.3 seconds.
Chain 2 finished in 184.9 seconds.
Chain 1 finished in 190.7 seconds.

All 4 chains finished successfully.
Mean chain execution time: 179.0 seconds.
Total execution time: 190.8 seconds.

Running MCMC with 4 parallel chains...

Chain 1 finished in 457.1 seconds.
Chain 4 finished in 479.6 seconds.
Chain 3 finished in 481.3 seconds.
Chain 2 finished in 494.1 seconds.

All 4 chains finished successfully.
Mean chain execution time: 478.0 seconds.
Total execution time: 494.2 seconds.

Running MCMC with 4 parallel chains...

Chain 3 finished in 170.7 seconds.
Chain 4 finished in 178.5 seconds.
Chain 1 finished in 183.6 seconds.
Chain 2 finished in 185.3 seconds.

All 4 chains finished successfully.
Mean chain execution time: 179.5 seconds.
Total execution time: 185.4 seconds.

Running MCMC with 4 parallel chains...

Chain 1 finished in 456.4 seconds.
Chain 4 finished in 474.9 seconds.
Chain 2 finished in 512.3 seconds.
Chain 3 finished in 535.1 seconds.

All 4 chains finished successfully.
Mean chain execution time: 494.7 seconds.
Total execution time: 535.2 seconds.

Running MCMC with 4 parallel chains...

Chain 1 finished in 158.6 seconds.
Chain 3 finished in 163.2 seconds.
Chain 2 finished in 165.0 seconds.
Chain 4 finished in 170.4 seconds.

All 4 chains finished successfully.
Mean chain execution time: 164.3 seconds.
Total execution time: 170.5 seconds.

Running MCMC with 4 parallel chains...

Chain 2 finished in 260.4 seconds.
Chain 1 finished in 272.6 seconds.
Chain 4 finished in 276.9 seconds.
Chain 3 finished in 303.6 seconds.

All 4 chains finished successfully.
Mean chain execution time: 278.4 seconds.
Total execution time: 303.7 seconds.

Running MCMC with 4 parallel chains...

Chain 3 finished in 125.8 seconds.
Chain 4 finished in 147.9 seconds.
Chain 1 finished in 152.0 seconds.
Chain 2 finished in 167.9 seconds.

All 4 chains finished successfully.
Mean chain execution time: 148.4 seconds.
Total execution time: 168.0 seconds.

Running MCMC with 4 parallel chains...

Chain 3 finished in 227.3 seconds.
Chain 1 finished in 234.5 seconds.
Chain 4 finished in 241.2 seconds.
Chain 2 finished in 262.2 seconds.

All 4 chains finished successfully.
Mean chain execution time: 241.3 seconds.
Total execution time: 262.4 seconds.

[2025-10-17 01:26:05] [INFO] - ✅ 完成: Cancer=C76_C80
