[2026-04-13 15:22:31] [INFO] - Project root: /public/home/acf4pijnzl/WDP
[2026-04-13 15:22:31] [INFO] - Task 7 → cancer=G20_G30_G12.2_F01_F03  section=RUCC
 [1] "EQI"          "EQI_Air"      "EQI_Water"    "EQI_Land"     "EQI_Built"   
 [6] "EQI_Social"   "Smoking_Rate" "State_FIPS"   "AAMR_Lower"   "AAMR_Upper"  
[11] "cens"         "RUCC"        
Running MCMC with 4 parallel chains...

Chain 1 finished in 87.2 seconds.
Chain 3 finished in 87.3 seconds.
Chain 2 finished in 92.6 seconds.
Chain 4 finished in 95.8 seconds.

All 4 chains finished successfully.
Mean chain execution time: 90.7 seconds.
Total execution time: 95.9 seconds.

Running MCMC with 4 parallel chains...

Chain 2 finished in 159.0 seconds.
Chain 1 finished in 161.8 seconds.
Chain 4 finished in 164.8 seconds.
Chain 3 finished in 177.3 seconds.

All 4 chains finished successfully.
Mean chain execution time: 165.7 seconds.
Total execution time: 177.4 seconds.

Running MCMC with 4 parallel chains...

Chain 2 finished in 77.1 seconds.
Chain 4 finished in 82.1 seconds.
Chain 3 finished in 84.5 seconds.
Chain 1 finished in 86.1 seconds.

All 4 chains finished successfully.
Mean chain execution time: 82.5 seconds.
Total execution time: 86.2 seconds.

Running MCMC with 4 parallel chains...

Chain 4 finished in 115.7 seconds.
Chain 2 finished in 116.4 seconds.
Chain 1 finished in 118.9 seconds.
Chain 3 finished in 119.9 seconds.

All 4 chains finished successfully.
Mean chain execution time: 117.8 seconds.
Total execution time: 120.1 seconds.

Running MCMC with 4 parallel chains...

Chain 2 finished in 73.5 seconds.
Chain 4 finished in 77.6 seconds.
Chain 1 finished in 81.2 seconds.
Chain 3 finished in 81.6 seconds.

All 4 chains finished successfully.
Mean chain execution time: 78.5 seconds.
Total execution time: 81.7 seconds.

Running MCMC with 4 parallel chains...

Chain 2 finished in 110.0 seconds.
Chain 3 finished in 111.5 seconds.
Chain 4 finished in 113.8 seconds.
Chain 1 finished in 114.9 seconds.

All 4 chains finished successfully.
Mean chain execution time: 112.6 seconds.
Total execution time: 115.1 seconds.

Running MCMC with 4 parallel chains...

Chain 2 finished in 69.4 seconds.
Chain 3 finished in 74.9 seconds.
Chain 4 finished in 76.9 seconds.
Chain 1 finished in 77.6 seconds.

All 4 chains finished successfully.
Mean chain execution time: 74.7 seconds.
Total execution time: 77.8 seconds.

Running MCMC with 4 parallel chains...

Chain 4 finished in 115.0 seconds.
Chain 1 finished in 116.2 seconds.
Chain 3 finished in 121.0 seconds.
Chain 2 finished in 124.9 seconds.

All 4 chains finished successfully.
Mean chain execution time: 119.3 seconds.
Total execution time: 125.0 seconds.

Running MCMC with 4 parallel chains...

Chain 3 finished in 65.3 seconds.
Chain 4 finished in 69.1 seconds.
Chain 1 finished in 81.8 seconds.
Chain 2 finished in 86.1 seconds.

All 4 chains finished successfully.
Mean chain execution time: 75.6 seconds.
Total execution time: 86.3 seconds.

Running MCMC with 4 parallel chains...

Chain 2 finished in 115.4 seconds.
Chain 3 finished in 117.7 seconds.
Chain 4 finished in 117.8 seconds.
Chain 1 finished in 118.2 seconds.

All 4 chains finished successfully.
Mean chain execution time: 117.3 seconds.
Total execution time: 118.2 seconds.

Running MCMC with 4 parallel chains...

Chain 3 finished in 15.4 seconds.
Chain 1 finished in 15.7 seconds.
Chain 2 finished in 16.0 seconds.
Chain 4 finished in 15.9 seconds.

All 4 chains finished successfully.
Mean chain execution time: 15.7 seconds.
Total execution time: 16.0 seconds.

Running MCMC with 4 parallel chains...

Chain 2 finished in 25.3 seconds.
Chain 3 finished in 27.5 seconds.
Chain 1 finished in 29.7 seconds.
Chain 4 finished in 30.5 seconds.

All 4 chains finished successfully.
Mean chain execution time: 28.2 seconds.
Total execution time: 30.6 seconds.

Running MCMC with 4 parallel chains...

Chain 3 finished in 19.3 seconds.
Chain 2 finished in 20.4 seconds.
Chain 4 finished in 20.5 seconds.
Chain 1 finished in 20.7 seconds.

All 4 chains finished successfully.
Mean chain execution time: 20.2 seconds.
Total execution time: 20.7 seconds.

Running MCMC with 4 parallel chains...

Chain 1 finished in 28.8 seconds.
Chain 4 finished in 30.4 seconds.
Chain 2 finished in 31.3 seconds.
Chain 3 finished in 36.8 seconds.

All 4 chains finished successfully.
Mean chain execution time: 31.8 seconds.
Total execution time: 36.9 seconds.

Running MCMC with 4 parallel chains...

Chain 4 finished in 15.6 seconds.
Chain 2 finished in 15.9 seconds.
Chain 3 finished in 17.8 seconds.
Chain 1 finished in 21.4 seconds.

All 4 chains finished successfully.
Mean chain execution time: 17.7 seconds.
Total execution time: 21.5 seconds.

Running MCMC with 4 parallel chains...

Chain 2 finished in 29.1 seconds.
Chain 3 finished in 29.7 seconds.
Chain 4 finished in 30.3 seconds.
Chain 1 finished in 32.7 seconds.

All 4 chains finished successfully.
Mean chain execution time: 30.4 seconds.
Total execution time: 32.8 seconds.

Running MCMC with 4 parallel chains...

Chain 3 finished in 13.0 seconds.
Chain 1 finished in 13.8 seconds.
Chain 2 finished in 15.9 seconds.
Chain 4 finished in 18.8 seconds.

All 4 chains finished successfully.
Mean chain execution time: 15.4 seconds.
Total execution time: 18.8 seconds.

Running MCMC with 4 parallel chains...

Chain 1 finished in 22.3 seconds.
Chain 2 finished in 22.6 seconds.
Chain 4 finished in 27.0 seconds.
Chain 3 finished in 28.9 seconds.

All 4 chains finished successfully.
Mean chain execution time: 25.2 seconds.
Total execution time: 29.1 seconds.

Running MCMC with 4 parallel chains...

Chain 1 finished in 14.0 seconds.
Chain 2 finished in 14.8 seconds.
Chain 3 finished in 15.7 seconds.
Chain 4 finished in 18.3 seconds.

All 4 chains finished successfully.
Mean chain execution time: 15.7 seconds.
Total execution time: 18.5 seconds.

Running MCMC with 4 parallel chains...

Chain 3 finished in 36.5 seconds.
Chain 2 finished in 42.0 seconds.
Chain 1 finished in 45.4 seconds.
Chain 4 finished in 45.8 seconds.

All 4 chains finished successfully.
Mean chain execution time: 42.4 seconds.
Total execution time: 46.0 seconds.

Running MCMC with 4 parallel chains...

Chain 3 finished in 67.8 seconds.
Chain 2 finished in 76.6 seconds.
Chain 1 finished in 80.0 seconds.
Chain 4 finished in 83.7 seconds.

All 4 chains finished successfully.
Mean chain execution time: 77.0 seconds.
Total execution time: 83.8 seconds.

Running MCMC with 4 parallel chains...

Chain 4 finished in 98.2 seconds.
Chain 1 finished in 107.8 seconds.
Chain 2 finished in 108.4 seconds.
Chain 3 finished in 109.0 seconds.

All 4 chains finished successfully.
Mean chain execution time: 105.9 seconds.
Total execution time: 109.2 seconds.

Running MCMC with 4 parallel chains...

Chain 2 finished in 74.3 seconds.
Chain 3 finished in 76.8 seconds.
Chain 4 finished in 79.3 seconds.
Chain 1 finished in 81.3 seconds.

All 4 chains finished successfully.
Mean chain execution time: 77.9 seconds.
Total execution time: 81.4 seconds.

Running MCMC with 4 parallel chains...

Chain 2 finished in 91.8 seconds.
Chain 1 finished in 112.4 seconds.
Chain 3 finished in 112.5 seconds.
Chain 4 finished in 117.1 seconds.

All 4 chains finished successfully.
Mean chain execution time: 108.5 seconds.
Total execution time: 117.2 seconds.

Running MCMC with 4 parallel chains...

Chain 2 finished in 67.6 seconds.
Chain 3 finished in 74.1 seconds.
Chain 4 finished in 74.2 seconds.
Chain 1 finished in 76.5 seconds.

All 4 chains finished successfully.
Mean chain execution time: 73.1 seconds.
Total execution time: 76.6 seconds.

Running MCMC with 4 parallel chains...

Chain 2 finished in 98.9 seconds.
Chain 1 finished in 99.1 seconds.
Chain 3 finished in 111.0 seconds.
Chain 4 finished in 117.4 seconds.

All 4 chains finished successfully.
Mean chain execution time: 106.6 seconds.
Total execution time: 117.5 seconds.

Running MCMC with 4 parallel chains...

Chain 3 finished in 66.3 seconds.
Chain 2 finished in 71.5 seconds.
Chain 1 finished in 77.9 seconds.
Chain 4 finished in 79.5 seconds.

All 4 chains finished successfully.
Mean chain execution time: 73.8 seconds.
Total execution time: 79.6 seconds.

Running MCMC with 4 parallel chains...

Chain 2 finished in 104.9 seconds.
Chain 3 finished in 109.3 seconds.
Chain 1 finished in 110.2 seconds.
Chain 4 finished in 113.5 seconds.

All 4 chains finished successfully.
Mean chain execution time: 109.5 seconds.
Total execution time: 113.7 seconds.

Running MCMC with 4 parallel chains...

Chain 1 finished in 62.6 seconds.
Chain 4 finished in 64.9 seconds.
Chain 2 finished in 65.2 seconds.
Chain 3 finished in 77.9 seconds.

All 4 chains finished successfully.
Mean chain execution time: 67.7 seconds.
Total execution time: 78.0 seconds.

Running MCMC with 4 parallel chains...

Chain 2 finished in 106.7 seconds.
Chain 1 finished in 107.9 seconds.
Chain 4 finished in 109.6 seconds.
Chain 3 finished in 110.1 seconds.

All 4 chains finished successfully.
Mean chain execution time: 108.6 seconds.
Total execution time: 110.3 seconds.

Running MCMC with 4 parallel chains...

Chain 3 finished in 29.3 seconds.
Chain 1 finished in 32.1 seconds.
Chain 4 finished in 32.2 seconds.
Chain 2 finished in 33.1 seconds.

All 4 chains finished successfully.
Mean chain execution time: 31.7 seconds.
Total execution time: 33.2 seconds.

Running MCMC with 4 parallel chains...

Chain 1 finished in 46.3 seconds.
Chain 3 finished in 47.0 seconds.
Chain 4 finished in 54.9 seconds.
Chain 2 finished in 64.8 seconds.

All 4 chains finished successfully.
Mean chain execution time: 53.2 seconds.
Total execution time: 64.9 seconds.

Running MCMC with 4 parallel chains...

Chain 1 finished in 29.0 seconds.
Chain 2 finished in 29.5 seconds.
Chain 3 finished in 33.7 seconds.
Chain 4 finished in 34.3 seconds.

All 4 chains finished successfully.
Mean chain execution time: 31.6 seconds.
Total execution time: 34.4 seconds.

Running MCMC with 4 parallel chains...

Chain 2 finished in 47.4 seconds.
Chain 3 finished in 58.3 seconds.
Chain 1 finished in 58.5 seconds.
Chain 4 finished in 64.7 seconds.

All 4 chains finished successfully.
Mean chain execution time: 57.2 seconds.
Total execution time: 64.9 seconds.

Running MCMC with 4 parallel chains...

Chain 1 finished in 30.1 seconds.
Chain 4 finished in 31.5 seconds.
Chain 2 finished in 32.8 seconds.
Chain 3 finished in 33.2 seconds.

All 4 chains finished successfully.
Mean chain execution time: 31.9 seconds.
Total execution time: 33.3 seconds.

Running MCMC with 4 parallel chains...

Chain 4 finished in 46.8 seconds.
Chain 2 finished in 48.8 seconds.
Chain 1 finished in 53.8 seconds.
Chain 3 finished in 54.5 seconds.

All 4 chains finished successfully.
Mean chain execution time: 51.0 seconds.
Total execution time: 54.6 seconds.

Running MCMC with 4 parallel chains...

Chain 2 finished in 27.9 seconds.
Chain 4 finished in 28.8 seconds.
Chain 3 finished in 30.6 seconds.
Chain 1 finished in 33.2 seconds.

All 4 chains finished successfully.
Mean chain execution time: 30.1 seconds.
Total execution time: 33.2 seconds.

Running MCMC with 4 parallel chains...

Chain 4 finished in 44.6 seconds.
Chain 2 finished in 48.3 seconds.
Chain 1 finished in 55.0 seconds.
Chain 3 finished in 55.9 seconds.

All 4 chains finished successfully.
Mean chain execution time: 50.9 seconds.
Total execution time: 56.0 seconds.

Running MCMC with 4 parallel chains...

Chain 3 finished in 27.1 seconds.
Chain 2 finished in 28.5 seconds.
Chain 1 finished in 29.8 seconds.
Chain 4 finished in 31.0 seconds.

All 4 chains finished successfully.
Mean chain execution time: 29.1 seconds.
Total execution time: 31.1 seconds.

Running MCMC with 4 parallel chains...

Chain 2 finished in 44.9 seconds.
Chain 4 finished in 48.6 seconds.
Chain 1 finished in 50.4 seconds.
Chain 3 finished in 54.6 seconds.

All 4 chains finished successfully.
Mean chain execution time: 49.6 seconds.
Total execution time: 54.7 seconds.

[2026-04-13 16:11:09] [INFO] - Done: G20_G30_G12.2_F01_F03 / RUCC → Result/Stratified_MRR/
