[2026-04-02 12:17:28] [INFO] - 项目根目录: /public/home/acf4pijnzl/WDP
[2026-04-02 12:17:28] [INFO] - 开始处理任务 8
[2026-04-02 12:17:28] [INFO] - 处理癌症类型: C64_C65
[1] "EQI"          "EQI_Air"      "EQI_Water"    "EQI_Land"     "EQI_Built"   
[6] "EQI_Social"   "Smoking_Rate" "State_FIPS"  
Running MCMC with 4 parallel chains...

Chain 2 finished in 486.6 seconds.
Chain 1 finished in 488.4 seconds.
Chain 3 finished in 497.4 seconds.
Chain 4 finished in 497.7 seconds.

All 4 chains finished successfully.
Mean chain execution time: 492.5 seconds.
Total execution time: 498.1 seconds.

Running MCMC with 4 parallel chains...

Chain 2 finished in 491.5 seconds.
Chain 1 finished in 495.7 seconds.
Chain 4 finished in 507.7 seconds.
Chain 3 finished in 514.2 seconds.

All 4 chains finished successfully.
Mean chain execution time: 502.3 seconds.
Total execution time: 514.4 seconds.

Running MCMC with 4 parallel chains...

Chain 4 finished in 457.6 seconds.
Chain 3 finished in 498.5 seconds.
Chain 1 finished in 524.8 seconds.
Chain 2 finished in 531.1 seconds.

All 4 chains finished successfully.
Mean chain execution time: 503.0 seconds.
Total execution time: 531.3 seconds.

[2026-04-02 12:44:16] [INFO] - ✅ 完成: Cancer=C64_C65
[2026-04-02 12:44:16] [INFO] - 输出目录: Result/brms_MRR_lag/
