[2026-04-13 15:06:06] [INFO] - Project root: /public/home/acf4pijnzl/WDP
[2026-04-13 15:06:06] [INFO] - Task 6 → cancer=G20_G30_G12.2_F01_F03  section=Typology
 [1] "EQI"          "EQI_Air"      "EQI_Water"    "EQI_Land"     "EQI_Built"   
 [6] "EQI_Social"   "Smoking_Rate" "State_FIPS"   "AAMR_Lower"   "AAMR_Upper"  
[11] "cens"         "RUCC"        
Running MCMC with 4 parallel chains...

Chain 3 finished in 21.4 seconds.
Chain 1 finished in 21.6 seconds.
Chain 2 finished in 22.6 seconds.
Chain 4 finished in 22.8 seconds.

All 4 chains finished successfully.
Mean chain execution time: 22.1 seconds.
Total execution time: 23.0 seconds.

Running MCMC with 4 parallel chains...

Chain 2 finished in 27.7 seconds.
Chain 3 finished in 28.4 seconds.
Chain 4 finished in 29.6 seconds.
Chain 1 finished in 31.9 seconds.

All 4 chains finished successfully.
Mean chain execution time: 29.4 seconds.
Total execution time: 32.0 seconds.

Running MCMC with 4 parallel chains...

Chain 3 finished in 18.0 seconds.
Chain 2 finished in 18.5 seconds.
Chain 1 finished in 19.6 seconds.
Chain 4 finished in 19.9 seconds.

All 4 chains finished successfully.
Mean chain execution time: 19.0 seconds.
Total execution time: 20.0 seconds.

Running MCMC with 4 parallel chains...

Chain 2 finished in 27.4 seconds.
Chain 4 finished in 27.4 seconds.
Chain 1 finished in 28.0 seconds.
Chain 3 finished in 29.0 seconds.

All 4 chains finished successfully.
Mean chain execution time: 28.0 seconds.
Total execution time: 29.1 seconds.

Running MCMC with 4 parallel chains...

Chain 3 finished in 17.7 seconds.
Chain 2 finished in 18.7 seconds.
Chain 4 finished in 19.6 seconds.
Chain 1 finished in 23.5 seconds.

All 4 chains finished successfully.
Mean chain execution time: 19.9 seconds.
Total execution time: 23.6 seconds.

Running MCMC with 4 parallel chains...

Chain 3 finished in 25.9 seconds.
Chain 1 finished in 27.3 seconds.
Chain 4 finished in 30.2 seconds.
Chain 2 finished in 31.6 seconds.

All 4 chains finished successfully.
Mean chain execution time: 28.7 seconds.
Total execution time: 31.6 seconds.

Running MCMC with 4 parallel chains...

Chain 2 finished in 18.5 seconds.
Chain 4 finished in 18.8 seconds.
Chain 3 finished in 18.9 seconds.
Chain 1 finished in 19.4 seconds.

All 4 chains finished successfully.
Mean chain execution time: 18.9 seconds.
Total execution time: 19.4 seconds.

Running MCMC with 4 parallel chains...

Chain 2 finished in 26.7 seconds.
Chain 4 finished in 27.2 seconds.
Chain 3 finished in 27.7 seconds.
Chain 1 finished in 27.9 seconds.

All 4 chains finished successfully.
Mean chain execution time: 27.4 seconds.
Total execution time: 27.9 seconds.

Running MCMC with 4 parallel chains...

Chain 2 finished in 19.1 seconds.
Chain 1 finished in 19.7 seconds.
Chain 4 finished in 20.0 seconds.
Chain 3 finished in 20.9 seconds.

All 4 chains finished successfully.
Mean chain execution time: 19.9 seconds.
Total execution time: 20.9 seconds.

Running MCMC with 4 parallel chains...

Chain 4 finished in 27.7 seconds.
Chain 1 finished in 28.1 seconds.
Chain 3 finished in 29.5 seconds.
Chain 2 finished in 30.6 seconds.

All 4 chains finished successfully.
Mean chain execution time: 29.0 seconds.
Total execution time: 30.7 seconds.

Running MCMC with 4 parallel chains...

Chain 2 finished in 4.5 seconds.
Chain 3 finished in 4.8 seconds.
Chain 4 finished in 4.9 seconds.
Chain 1 finished in 5.0 seconds.

All 4 chains finished successfully.
Mean chain execution time: 4.8 seconds.
Total execution time: 5.1 seconds.

Running MCMC with 4 parallel chains...

Chain 2 finished in 7.3 seconds.
Chain 1 finished in 7.5 seconds.
Chain 3 finished in 7.6 seconds.
Chain 4 finished in 8.2 seconds.

All 4 chains finished successfully.
Mean chain execution time: 7.7 seconds.
Total execution time: 8.3 seconds.

Running MCMC with 4 parallel chains...

Chain 1 finished in 5.4 seconds.
Chain 4 finished in 5.7 seconds.
Chain 2 finished in 5.9 seconds.
Chain 3 finished in 5.8 seconds.

All 4 chains finished successfully.
Mean chain execution time: 5.7 seconds.
Total execution time: 7.9 seconds.

Running MCMC with 4 parallel chains...

Chain 2 finished in 7.3 seconds.
Chain 3 finished in 7.4 seconds.
Chain 1 finished in 7.8 seconds.
Chain 4 finished in 7.8 seconds.

All 4 chains finished successfully.
Mean chain execution time: 7.5 seconds.
Total execution time: 7.9 seconds.

Running MCMC with 4 parallel chains...

Chain 1 finished in 6.0 seconds.
Chain 3 finished in 6.5 seconds.
Chain 2 finished in 7.2 seconds.
Chain 4 finished in 7.3 seconds.

All 4 chains finished successfully.
Mean chain execution time: 6.8 seconds.
Total execution time: 7.4 seconds.

Running MCMC with 4 parallel chains...

Chain 2 finished in 7.8 seconds.
Chain 3 finished in 7.9 seconds.
Chain 4 finished in 8.5 seconds.
Chain 1 finished in 8.8 seconds.

All 4 chains finished successfully.
Mean chain execution time: 8.2 seconds.
Total execution time: 8.9 seconds.

Running MCMC with 4 parallel chains...

Chain 3 finished in 5.2 seconds.
Chain 2 finished in 5.4 seconds.
Chain 4 finished in 5.5 seconds.
Chain 1 finished in 5.7 seconds.

All 4 chains finished successfully.
Mean chain execution time: 5.4 seconds.
Total execution time: 5.8 seconds.

Running MCMC with 4 parallel chains...

Chain 2 finished in 8.0 seconds.
Chain 3 finished in 8.0 seconds.
Chain 4 finished in 8.0 seconds.
Chain 1 finished in 8.1 seconds.

All 4 chains finished successfully.
Mean chain execution time: 8.0 seconds.
Total execution time: 8.3 seconds.

Running MCMC with 4 parallel chains...

Chain 2 finished in 6.1 seconds.
Chain 1 finished in 6.3 seconds.
Chain 3 finished in 6.8 seconds.
Chain 4 finished in 6.8 seconds.

All 4 chains finished successfully.
Mean chain execution time: 6.5 seconds.
Total execution time: 6.9 seconds.

Running MCMC with 4 parallel chains...

Chain 2 finished in 8.3 seconds.
Chain 3 finished in 8.7 seconds.
Chain 1 finished in 9.6 seconds.
Chain 4 finished in 11.0 seconds.

All 4 chains finished successfully.
Mean chain execution time: 9.4 seconds.
Total execution time: 11.2 seconds.

Running MCMC with 4 parallel chains...

Chain 3 finished in 67.6 seconds.
Chain 4 finished in 68.7 seconds.
Chain 2 finished in 69.5 seconds.
Chain 1 finished in 75.3 seconds.

All 4 chains finished successfully.
Mean chain execution time: 70.3 seconds.
Total execution time: 75.4 seconds.

Running MCMC with 4 parallel chains...

Chain 1 finished in 100.6 seconds.
Chain 3 finished in 105.2 seconds.
Chain 4 finished in 110.0 seconds.
Chain 2 finished in 119.1 seconds.

All 4 chains finished successfully.
Mean chain execution time: 108.7 seconds.
Total execution time: 119.1 seconds.

Running MCMC with 4 parallel chains...

Chain 1 finished in 67.2 seconds.
Chain 2 finished in 67.5 seconds.
Chain 3 finished in 70.1 seconds.
Chain 4 finished in 70.0 seconds.

All 4 chains finished successfully.
Mean chain execution time: 68.7 seconds.
Total execution time: 70.2 seconds.

Running MCMC with 4 parallel chains...

Chain 4 finished in 99.9 seconds.
Chain 3 finished in 107.0 seconds.
Chain 1 finished in 108.6 seconds.
Chain 2 finished in 112.8 seconds.

All 4 chains finished successfully.
Mean chain execution time: 107.1 seconds.
Total execution time: 112.9 seconds.

Running MCMC with 4 parallel chains...

Chain 1 finished in 65.2 seconds.
Chain 4 finished in 68.6 seconds.
Chain 2 finished in 70.3 seconds.
Chain 3 finished in 72.3 seconds.

All 4 chains finished successfully.
Mean chain execution time: 69.1 seconds.
Total execution time: 72.4 seconds.

Running MCMC with 4 parallel chains...

Chain 3 finished in 92.8 seconds.
Chain 1 finished in 101.9 seconds.
Chain 4 finished in 105.7 seconds.
Chain 2 finished in 107.5 seconds.

All 4 chains finished successfully.
Mean chain execution time: 102.0 seconds.
Total execution time: 107.6 seconds.

Running MCMC with 4 parallel chains...

Chain 4 finished in 67.5 seconds.
Chain 2 finished in 69.8 seconds.
Chain 1 finished in 70.3 seconds.
Chain 3 finished in 73.0 seconds.

All 4 chains finished successfully.
Mean chain execution time: 70.1 seconds.
Total execution time: 73.1 seconds.

Running MCMC with 4 parallel chains...

Chain 3 finished in 104.4 seconds.
Chain 1 finished in 109.6 seconds.
Chain 4 finished in 110.0 seconds.
Chain 2 finished in 110.2 seconds.

All 4 chains finished successfully.
Mean chain execution time: 108.5 seconds.
Total execution time: 110.3 seconds.

Running MCMC with 4 parallel chains...

Chain 4 finished in 63.7 seconds.
Chain 1 finished in 65.7 seconds.
Chain 2 finished in 68.4 seconds.
Chain 3 finished in 70.2 seconds.

All 4 chains finished successfully.
Mean chain execution time: 67.0 seconds.
Total execution time: 70.3 seconds.

Running MCMC with 4 parallel chains...

Chain 3 finished in 103.1 seconds.
Chain 2 finished in 104.4 seconds.
Chain 4 finished in 106.3 seconds.
Chain 1 finished in 112.9 seconds.

All 4 chains finished successfully.
Mean chain execution time: 106.7 seconds.
Total execution time: 113.0 seconds.

Running MCMC with 4 parallel chains...

Chain 4 finished in 18.4 seconds.
Chain 2 finished in 20.3 seconds.
Chain 1 finished in 20.6 seconds.
Chain 3 finished in 24.0 seconds.

All 4 chains finished successfully.
Mean chain execution time: 20.8 seconds.
Total execution time: 24.2 seconds.

Running MCMC with 4 parallel chains...

Chain 3 finished in 23.8 seconds.
Chain 4 finished in 25.3 seconds.
Chain 2 finished in 27.8 seconds.
Chain 1 finished in 29.3 seconds.

All 4 chains finished successfully.
Mean chain execution time: 26.5 seconds.
Total execution time: 29.4 seconds.

Running MCMC with 4 parallel chains...

Chain 1 finished in 16.4 seconds.
Chain 2 finished in 17.3 seconds.
Chain 4 finished in 17.5 seconds.
Chain 3 finished in 17.9 seconds.

All 4 chains finished successfully.
Mean chain execution time: 17.3 seconds.
Total execution time: 18.0 seconds.

Running MCMC with 4 parallel chains...

Chain 1 finished in 23.8 seconds.
Chain 4 finished in 24.0 seconds.
Chain 3 finished in 24.3 seconds.
Chain 2 finished in 28.8 seconds.

All 4 chains finished successfully.
Mean chain execution time: 25.2 seconds.
Total execution time: 28.8 seconds.

Running MCMC with 4 parallel chains...

Chain 1 finished in 16.6 seconds.
Chain 2 finished in 17.5 seconds.
Chain 3 finished in 17.7 seconds.
Chain 4 finished in 17.6 seconds.

All 4 chains finished successfully.
Mean chain execution time: 17.3 seconds.
Total execution time: 17.8 seconds.

Running MCMC with 4 parallel chains...

Chain 3 finished in 23.8 seconds.
Chain 4 finished in 24.0 seconds.
Chain 1 finished in 24.8 seconds.
Chain 2 finished in 32.9 seconds.

All 4 chains finished successfully.
Mean chain execution time: 26.4 seconds.
Total execution time: 33.0 seconds.

Running MCMC with 4 parallel chains...

Chain 1 finished in 15.9 seconds.
Chain 2 finished in 17.0 seconds.
Chain 3 finished in 17.7 seconds.
Chain 4 finished in 18.0 seconds.

All 4 chains finished successfully.
Mean chain execution time: 17.1 seconds.
Total execution time: 18.1 seconds.

Running MCMC with 4 parallel chains...

Chain 1 finished in 23.4 seconds.
Chain 4 finished in 23.4 seconds.
Chain 3 finished in 23.8 seconds.
Chain 2 finished in 27.2 seconds.

All 4 chains finished successfully.
Mean chain execution time: 24.5 seconds.
Total execution time: 27.3 seconds.

Running MCMC with 4 parallel chains...

Chain 1 finished in 16.2 seconds.
Chain 4 finished in 17.8 seconds.
Chain 2 finished in 18.0 seconds.
Chain 3 finished in 19.0 seconds.

All 4 chains finished successfully.
Mean chain execution time: 17.8 seconds.
Total execution time: 19.1 seconds.

Running MCMC with 4 parallel chains...

Chain 2 finished in 24.2 seconds.
Chain 4 finished in 26.5 seconds.
Chain 3 finished in 27.0 seconds.
Chain 1 finished in 28.0 seconds.

All 4 chains finished successfully.
Mean chain execution time: 26.4 seconds.
Total execution time: 28.1 seconds.

Running MCMC with 4 parallel chains...

Chain 3 finished in 14.9 seconds.
Chain 4 finished in 15.5 seconds.
Chain 1 finished in 18.4 seconds.
Chain 2 finished in 19.0 seconds.

All 4 chains finished successfully.
Mean chain execution time: 17.0 seconds.
Total execution time: 19.1 seconds.

Running MCMC with 4 parallel chains...

Chain 4 finished in 29.2 seconds.
Chain 2 finished in 29.6 seconds.
Chain 3 finished in 30.2 seconds.
Chain 1 finished in 32.0 seconds.

All 4 chains finished successfully.
Mean chain execution time: 30.2 seconds.
Total execution time: 32.1 seconds.

Running MCMC with 4 parallel chains...

Chain 3 finished in 14.6 seconds.
Chain 1 finished in 15.1 seconds.
Chain 2 finished in 16.5 seconds.
Chain 4 finished in 16.8 seconds.

All 4 chains finished successfully.
Mean chain execution time: 15.7 seconds.
Total execution time: 16.9 seconds.

Running MCMC with 4 parallel chains...

Chain 1 finished in 23.7 seconds.
Chain 3 finished in 24.9 seconds.
Chain 2 finished in 30.8 seconds.
Chain 4 finished in 33.7 seconds.

All 4 chains finished successfully.
Mean chain execution time: 28.3 seconds.
Total execution time: 33.8 seconds.

Running MCMC with 4 parallel chains...

Chain 3 finished in 14.9 seconds.
Chain 4 finished in 15.1 seconds.
Chain 2 finished in 16.1 seconds.
Chain 1 finished in 16.9 seconds.

All 4 chains finished successfully.
Mean chain execution time: 15.7 seconds.
Total execution time: 17.0 seconds.

Running MCMC with 4 parallel chains...

Chain 1 finished in 22.1 seconds.
Chain 4 finished in 24.3 seconds.
Chain 3 finished in 24.5 seconds.
Chain 2 finished in 31.5 seconds.

All 4 chains finished successfully.
Mean chain execution time: 25.6 seconds.
Total execution time: 31.5 seconds.

Running MCMC with 4 parallel chains...

Chain 3 finished in 14.0 seconds.
Chain 4 finished in 15.1 seconds.
Chain 1 finished in 15.3 seconds.
Chain 2 finished in 15.6 seconds.

All 4 chains finished successfully.
Mean chain execution time: 15.0 seconds.
Total execution time: 15.7 seconds.

Running MCMC with 4 parallel chains...

Chain 1 finished in 20.9 seconds.
Chain 3 finished in 22.0 seconds.
Chain 2 finished in 23.5 seconds.
Chain 4 finished in 25.6 seconds.

All 4 chains finished successfully.
Mean chain execution time: 23.0 seconds.
Total execution time: 25.7 seconds.

Running MCMC with 4 parallel chains...

Chain 2 finished in 14.1 seconds.
Chain 3 finished in 14.1 seconds.
Chain 1 finished in 14.5 seconds.
Chain 4 finished in 15.2 seconds.

All 4 chains finished successfully.
Mean chain execution time: 14.5 seconds.
Total execution time: 15.4 seconds.

Running MCMC with 4 parallel chains...

Chain 3 finished in 22.6 seconds.
Chain 2 finished in 25.0 seconds.
Chain 1 finished in 25.1 seconds.
Chain 4 finished in 27.2 seconds.

All 4 chains finished successfully.
Mean chain execution time: 25.0 seconds.
Total execution time: 27.3 seconds.

Running MCMC with 4 parallel chains...

Chain 2 finished in 64.5 seconds.
Chain 3 finished in 64.7 seconds.
Chain 4 finished in 68.7 seconds.
Chain 1 finished in 70.9 seconds.

All 4 chains finished successfully.
Mean chain execution time: 67.2 seconds.
Total execution time: 71.0 seconds.

Running MCMC with 4 parallel chains...

Chain 2 finished in 83.4 seconds.
Chain 4 finished in 84.7 seconds.
Chain 3 finished in 90.7 seconds.
Chain 1 finished in 93.4 seconds.

All 4 chains finished successfully.
Mean chain execution time: 88.1 seconds.
Total execution time: 93.5 seconds.

Running MCMC with 4 parallel chains...

Chain 2 finished in 57.0 seconds.
Chain 3 finished in 60.7 seconds.
Chain 4 finished in 61.7 seconds.
Chain 1 finished in 65.8 seconds.

All 4 chains finished successfully.
Mean chain execution time: 61.3 seconds.
Total execution time: 65.8 seconds.

Running MCMC with 4 parallel chains...

Chain 1 finished in 89.8 seconds.
Chain 4 finished in 89.9 seconds.
Chain 2 finished in 95.9 seconds.
Chain 3 finished in 102.6 seconds.

All 4 chains finished successfully.
Mean chain execution time: 94.5 seconds.
Total execution time: 102.7 seconds.

Running MCMC with 4 parallel chains...

Chain 1 finished in 61.0 seconds.
Chain 4 finished in 63.5 seconds.
Chain 3 finished in 63.6 seconds.
Chain 2 finished in 68.2 seconds.

All 4 chains finished successfully.
Mean chain execution time: 64.1 seconds.
Total execution time: 68.3 seconds.

Running MCMC with 4 parallel chains...

Chain 4 finished in 84.7 seconds.
Chain 1 finished in 87.7 seconds.
Chain 2 finished in 92.4 seconds.
Chain 3 finished in 100.4 seconds.

All 4 chains finished successfully.
Mean chain execution time: 91.3 seconds.
Total execution time: 100.5 seconds.

Running MCMC with 4 parallel chains...

Chain 3 finished in 50.8 seconds.
Chain 4 finished in 54.6 seconds.
Chain 2 finished in 60.3 seconds.
Chain 1 finished in 61.8 seconds.

All 4 chains finished successfully.
Mean chain execution time: 56.9 seconds.
Total execution time: 61.8 seconds.

Running MCMC with 4 parallel chains...

Chain 4 finished in 89.1 seconds.
Chain 2 finished in 92.4 seconds.
Chain 3 finished in 94.7 seconds.
Chain 1 finished in 97.2 seconds.

All 4 chains finished successfully.
Mean chain execution time: 93.4 seconds.
Total execution time: 97.4 seconds.

Running MCMC with 4 parallel chains...

Chain 1 finished in 59.9 seconds.
Chain 2 finished in 60.8 seconds.
Chain 4 finished in 64.3 seconds.
Chain 3 finished in 66.6 seconds.

All 4 chains finished successfully.
Mean chain execution time: 62.9 seconds.
Total execution time: 66.6 seconds.

Running MCMC with 4 parallel chains...

Chain 4 finished in 88.5 seconds.
Chain 1 finished in 89.8 seconds.
Chain 2 finished in 91.9 seconds.
Chain 3 finished in 102.3 seconds.

All 4 chains finished successfully.
Mean chain execution time: 93.1 seconds.
Total execution time: 102.4 seconds.

[2026-04-13 15:52:25] [INFO] - Done: G20_G30_G12.2_F01_F03 / Typology → Result/Stratified_MRR/
