[2025-10-09 23:50:58] [INFO] - 项目根目录: /public/home/acf4pijnzl/WDP
[2025-10-09 23:50:58] [INFO] - 任务ID=10  疾病=C64_C68  CPU=16
[1] "EQI"          "EQI_Air"      "EQI_Water"    "EQI_Land"     "EQI_Built"   
[6] "EQI_Social"   "Smoking_Rate" "State_FIPS"  
Running MCMC with 4 parallel chains...

Chain 3 finished in 409.0 seconds.
Chain 2 finished in 411.7 seconds.
Chain 4 finished in 419.0 seconds.
Chain 1 finished in 497.6 seconds.

All 4 chains finished successfully.
Mean chain execution time: 434.3 seconds.
Total execution time: 497.9 seconds.

Running MCMC with 4 parallel chains...

Chain 3 finished in 576.9 seconds.
Chain 4 finished in 613.0 seconds.
Chain 2 finished in 672.1 seconds.
Chain 1 finished in 696.2 seconds.

All 4 chains finished successfully.
Mean chain execution time: 639.5 seconds.
Total execution time: 696.3 seconds.

Running MCMC with 4 parallel chains...

Chain 3 finished in 148.0 seconds.
Chain 2 finished in 152.2 seconds.
Chain 4 finished in 158.3 seconds.
Chain 1 finished in 166.3 seconds.

All 4 chains finished successfully.
Mean chain execution time: 156.2 seconds.
Total execution time: 166.4 seconds.

Running MCMC with 4 parallel chains...

Chain 3 finished in 203.6 seconds.
Chain 1 finished in 219.9 seconds.
Chain 4 finished in 231.6 seconds.
Chain 2 finished in 235.8 seconds.

All 4 chains finished successfully.
Mean chain execution time: 222.7 seconds.
Total execution time: 235.9 seconds.

Running MCMC with 4 parallel chains...

Chain 4 finished in 38.0 seconds.
Chain 2 finished in 38.5 seconds.
Chain 1 finished in 38.9 seconds.
Chain 3 finished in 39.2 seconds.

All 4 chains finished successfully.
Mean chain execution time: 38.6 seconds.
Total execution time: 39.3 seconds.

Running MCMC with 4 parallel chains...

Chain 1 finished in 52.8 seconds.
Chain 4 finished in 53.4 seconds.
Chain 2 finished in 55.2 seconds.
Chain 3 finished in 58.8 seconds.

All 4 chains finished successfully.
Mean chain execution time: 55.0 seconds.
Total execution time: 58.9 seconds.

Running MCMC with 4 parallel chains...

Chain 1 finished in 116.0 seconds.
Chain 4 finished in 117.3 seconds.
Chain 2 finished in 118.6 seconds.
Chain 3 finished in 123.0 seconds.

All 4 chains finished successfully.
Mean chain execution time: 118.7 seconds.
Total execution time: 123.2 seconds.

Running MCMC with 4 parallel chains...

Chain 2 finished in 146.7 seconds.
Chain 3 finished in 146.7 seconds.
Chain 4 finished in 149.6 seconds.
Chain 1 finished in 150.4 seconds.

All 4 chains finished successfully.
Mean chain execution time: 148.3 seconds.
Total execution time: 150.4 seconds.

Running MCMC with 4 parallel chains...

Chain 4 finished in 39.1 seconds.
Chain 3 finished in 40.3 seconds.
Chain 2 finished in 43.0 seconds.
Chain 1 finished in 47.7 seconds.

All 4 chains finished successfully.
Mean chain execution time: 42.6 seconds.
Total execution time: 47.8 seconds.

Running MCMC with 4 parallel chains...

Chain 2 finished in 55.5 seconds.
Chain 1 finished in 62.4 seconds.
Chain 4 finished in 64.2 seconds.
Chain 3 finished in 67.7 seconds.

All 4 chains finished successfully.
Mean chain execution time: 62.4 seconds.
Total execution time: 67.8 seconds.

Running MCMC with 4 parallel chains...

Chain 3 finished in 456.2 seconds.
Chain 4 finished in 456.8 seconds.
Chain 2 finished in 496.8 seconds.
Chain 1 finished in 502.3 seconds.

All 4 chains finished successfully.
Mean chain execution time: 478.1 seconds.
Total execution time: 502.4 seconds.

Running MCMC with 4 parallel chains...

Chain 4 finished in 569.8 seconds.
Chain 2 finished in 614.4 seconds.
Chain 1 finished in 691.6 seconds.
Chain 3 finished in 771.8 seconds.

All 4 chains finished successfully.
Mean chain execution time: 661.9 seconds.
Total execution time: 771.9 seconds.

Running MCMC with 4 parallel chains...

Chain 3 finished in 145.8 seconds.
Chain 2 finished in 171.4 seconds.
Chain 1 finished in 173.6 seconds.
Chain 4 finished in 174.6 seconds.

All 4 chains finished successfully.
Mean chain execution time: 166.3 seconds.
Total execution time: 174.7 seconds.

Running MCMC with 4 parallel chains...

Chain 1 finished in 199.3 seconds.
Chain 3 finished in 203.6 seconds.
Chain 4 finished in 239.1 seconds.
Chain 2 finished in 241.0 seconds.

All 4 chains finished successfully.
Mean chain execution time: 220.8 seconds.
Total execution time: 241.1 seconds.

Running MCMC with 4 parallel chains...

Chain 4 finished in 37.5 seconds.
Chain 3 finished in 38.9 seconds.
Chain 2 finished in 39.2 seconds.
Chain 1 finished in 41.2 seconds.

All 4 chains finished successfully.
Mean chain execution time: 39.2 seconds.
Total execution time: 41.3 seconds.

Running MCMC with 4 parallel chains...

Chain 2 finished in 53.5 seconds.
Chain 3 finished in 54.6 seconds.
Chain 4 finished in 57.3 seconds.
Chain 1 finished in 66.2 seconds.

All 4 chains finished successfully.
Mean chain execution time: 57.9 seconds.
Total execution time: 66.3 seconds.

Running MCMC with 4 parallel chains...

Chain 1 finished in 126.8 seconds.
Chain 2 finished in 131.3 seconds.
Chain 4 finished in 136.1 seconds.
Chain 3 finished in 144.1 seconds.

All 4 chains finished successfully.
Mean chain execution time: 134.6 seconds.
Total execution time: 144.2 seconds.

Running MCMC with 4 parallel chains...

Chain 3 finished in 138.2 seconds.
Chain 1 finished in 141.1 seconds.
Chain 2 finished in 162.8 seconds.
Chain 4 finished in 179.9 seconds.

All 4 chains finished successfully.
Mean chain execution time: 155.5 seconds.
Total execution time: 180.0 seconds.

Running MCMC with 4 parallel chains...

Chain 1 finished in 46.6 seconds.
Chain 3 finished in 48.9 seconds.
Chain 4 finished in 50.2 seconds.
Chain 2 finished in 55.0 seconds.

All 4 chains finished successfully.
Mean chain execution time: 50.2 seconds.
Total execution time: 55.2 seconds.

Running MCMC with 4 parallel chains...

Chain 2 finished in 60.9 seconds.
Chain 1 finished in 62.2 seconds.
Chain 3 finished in 65.9 seconds.
Chain 4 finished in 68.6 seconds.

All 4 chains finished successfully.
Mean chain execution time: 64.4 seconds.
Total execution time: 68.7 seconds.

Running MCMC with 4 parallel chains...

Chain 3 finished in 469.3 seconds.
Chain 4 finished in 471.9 seconds.
Chain 1 finished in 476.0 seconds.
Chain 2 finished in 509.3 seconds.

All 4 chains finished successfully.
Mean chain execution time: 481.6 seconds.
Total execution time: 509.3 seconds.

Running MCMC with 4 parallel chains...

Chain 2 finished in 666.1 seconds.
Chain 4 finished in 688.6 seconds.
Chain 3 finished in 710.5 seconds.
Chain 1 finished in 742.2 seconds.

All 4 chains finished successfully.
Mean chain execution time: 701.9 seconds.
Total execution time: 742.3 seconds.

Running MCMC with 4 parallel chains...

Chain 3 finished in 154.4 seconds.
Chain 2 finished in 158.9 seconds.
Chain 4 finished in 163.8 seconds.
Chain 1 finished in 176.0 seconds.

All 4 chains finished successfully.
Mean chain execution time: 163.3 seconds.
Total execution time: 176.0 seconds.

Running MCMC with 4 parallel chains...

Chain 2 finished in 186.1 seconds.
Chain 1 finished in 189.2 seconds.
Chain 4 finished in 193.4 seconds.
Chain 3 finished in 206.9 seconds.

All 4 chains finished successfully.
Mean chain execution time: 193.9 seconds.
Total execution time: 207.0 seconds.

Running MCMC with 4 parallel chains...

Chain 1 finished in 32.8 seconds.
Chain 4 finished in 34.7 seconds.
Chain 2 finished in 35.1 seconds.
Chain 3 finished in 36.4 seconds.

All 4 chains finished successfully.
Mean chain execution time: 34.8 seconds.
Total execution time: 36.6 seconds.

Running MCMC with 4 parallel chains...

Chain 4 finished in 41.0 seconds.
Chain 2 finished in 42.3 seconds.
Chain 3 finished in 43.1 seconds.
Chain 1 finished in 45.4 seconds.

All 4 chains finished successfully.
Mean chain execution time: 43.0 seconds.
Total execution time: 45.5 seconds.

Running MCMC with 4 parallel chains...

Chain 2 finished in 117.8 seconds.
Chain 4 finished in 117.8 seconds.
Chain 1 finished in 123.2 seconds.
Chain 3 finished in 134.2 seconds.

All 4 chains finished successfully.
Mean chain execution time: 123.3 seconds.
Total execution time: 134.3 seconds.

Running MCMC with 4 parallel chains...

Chain 4 finished in 143.2 seconds.
Chain 1 finished in 152.6 seconds.
Chain 2 finished in 155.7 seconds.
Chain 3 finished in 161.0 seconds.

All 4 chains finished successfully.
Mean chain execution time: 153.1 seconds.
Total execution time: 161.1 seconds.

Running MCMC with 4 parallel chains...

Chain 3 finished in 36.7 seconds.
Chain 4 finished in 39.8 seconds.
Chain 2 finished in 47.9 seconds.
Chain 1 finished in 48.1 seconds.

All 4 chains finished successfully.
Mean chain execution time: 43.1 seconds.
Total execution time: 48.2 seconds.

Running MCMC with 4 parallel chains...

Chain 1 finished in 60.1 seconds.
Chain 2 finished in 62.4 seconds.
Chain 4 finished in 65.9 seconds.
Chain 3 finished in 66.4 seconds.

All 4 chains finished successfully.
Mean chain execution time: 63.7 seconds.
Total execution time: 66.5 seconds.

Running MCMC with 4 parallel chains...

Chain 1 finished in 366.9 seconds.
Chain 3 finished in 371.8 seconds.
Chain 4 finished in 401.0 seconds.
Chain 2 finished in 401.4 seconds.

All 4 chains finished successfully.
Mean chain execution time: 385.3 seconds.
Total execution time: 401.5 seconds.

Running MCMC with 4 parallel chains...

Chain 2 finished in 572.8 seconds.
Chain 4 finished in 634.4 seconds.
Chain 1 finished in 639.0 seconds.
Chain 3 finished in 712.2 seconds.

All 4 chains finished successfully.
Mean chain execution time: 639.6 seconds.
Total execution time: 712.3 seconds.

Running MCMC with 4 parallel chains...

Chain 3 finished in 146.0 seconds.
Chain 2 finished in 148.0 seconds.
Chain 1 finished in 161.2 seconds.
Chain 4 finished in 162.6 seconds.

All 4 chains finished successfully.
Mean chain execution time: 154.4 seconds.
Total execution time: 162.8 seconds.

Running MCMC with 4 parallel chains...

Chain 1 finished in 171.6 seconds.
Chain 3 finished in 182.2 seconds.
Chain 2 finished in 185.5 seconds.
Chain 4 finished in 187.6 seconds.

All 4 chains finished successfully.
Mean chain execution time: 181.7 seconds.
Total execution time: 187.7 seconds.

Running MCMC with 4 parallel chains...

Chain 3 finished in 28.8 seconds.
Chain 1 finished in 34.3 seconds.
Chain 4 finished in 34.4 seconds.
Chain 2 finished in 39.1 seconds.

All 4 chains finished successfully.
Mean chain execution time: 34.2 seconds.
Total execution time: 39.2 seconds.

Running MCMC with 4 parallel chains...

Chain 2 finished in 44.4 seconds.
Chain 1 finished in 44.9 seconds.
Chain 3 finished in 46.9 seconds.
Chain 4 finished in 46.9 seconds.

All 4 chains finished successfully.
Mean chain execution time: 45.8 seconds.
Total execution time: 47.1 seconds.

Running MCMC with 4 parallel chains...

Chain 4 finished in 126.0 seconds.
Chain 1 finished in 128.0 seconds.
Chain 2 finished in 129.0 seconds.
Chain 3 finished in 139.8 seconds.

All 4 chains finished successfully.
Mean chain execution time: 130.7 seconds.
Total execution time: 139.9 seconds.

Running MCMC with 4 parallel chains...

Chain 2 finished in 147.4 seconds.
Chain 3 finished in 153.3 seconds.
Chain 4 finished in 155.4 seconds.
Chain 1 finished in 159.3 seconds.

All 4 chains finished successfully.
Mean chain execution time: 153.8 seconds.
Total execution time: 159.3 seconds.

Running MCMC with 4 parallel chains...

Chain 3 finished in 35.7 seconds.
Chain 1 finished in 41.8 seconds.
Chain 4 finished in 45.5 seconds.
Chain 2 finished in 47.0 seconds.

All 4 chains finished successfully.
Mean chain execution time: 42.5 seconds.
Total execution time: 47.1 seconds.

Running MCMC with 4 parallel chains...

Chain 1 finished in 53.2 seconds.
Chain 2 finished in 53.7 seconds.
Chain 3 finished in 58.5 seconds.
Chain 4 finished in 61.3 seconds.

All 4 chains finished successfully.
Mean chain execution time: 56.7 seconds.
Total execution time: 61.5 seconds.

[2025-10-10 02:13:15] [INFO] - ✅ 完成: C64_C68
