[2026-05-04 21:02:58] [INFO] - 项目根目录: /public/home/acf4pijnzl/WDP
[2026-05-04 21:02:58] [INFO] - 开始处理任务 4
[2026-05-04 21:02:58] [INFO] - 处理outcome: I60_I69
[1] "EQI"          "EQI_Air"      "EQI_Water"    "EQI_Land"     "EQI_Built"   
[6] "EQI_Social"   "Smoking_Rate" "State_FIPS"  
Running MCMC with 4 parallel chains...

Chain 4 finished in 271.6 seconds.
Chain 2 finished in 276.0 seconds.
Chain 3 finished in 283.4 seconds.
Chain 1 finished in 290.9 seconds.

All 4 chains finished successfully.
Mean chain execution time: 280.5 seconds.
Total execution time: 291.0 seconds.

Running MCMC with 4 parallel chains...

Chain 1 finished in 343.5 seconds.
Chain 2 finished in 347.8 seconds.
Chain 4 finished in 350.4 seconds.
Chain 3 finished in 355.8 seconds.

All 4 chains finished successfully.
Mean chain execution time: 349.4 seconds.
Total execution time: 356.0 seconds.

Running MCMC with 4 parallel chains...

Chain 1 finished in 85.7 seconds.
Chain 4 finished in 88.3 seconds.
Chain 2 finished in 95.4 seconds.
Chain 3 finished in 100.4 seconds.

All 4 chains finished successfully.
Mean chain execution time: 92.5 seconds.
Total execution time: 100.6 seconds.

Running MCMC with 4 parallel chains...

Chain 1 finished in 125.5 seconds.
Chain 3 finished in 139.6 seconds.
Chain 4 finished in 153.7 seconds.
Chain 2 finished in 156.6 seconds.

All 4 chains finished successfully.
Mean chain execution time: 143.9 seconds.
Total execution time: 156.8 seconds.

Running MCMC with 4 parallel chains...

Chain 1 finished in 24.3 seconds.
Chain 4 finished in 25.7 seconds.
Chain 3 finished in 25.9 seconds.
Chain 2 finished in 28.8 seconds.

All 4 chains finished successfully.
Mean chain execution time: 26.2 seconds.
Total execution time: 28.9 seconds.

Running MCMC with 4 parallel chains...

Chain 3 finished in 35.0 seconds.
Chain 1 finished in 38.3 seconds.
Chain 2 finished in 38.9 seconds.
Chain 4 finished in 38.8 seconds.

All 4 chains finished successfully.
Mean chain execution time: 37.8 seconds.
Total execution time: 39.0 seconds.

Running MCMC with 4 parallel chains...

Chain 2 finished in 86.4 seconds.
Chain 1 finished in 87.4 seconds.
Chain 4 finished in 89.3 seconds.
Chain 3 finished in 93.1 seconds.

All 4 chains finished successfully.
Mean chain execution time: 89.0 seconds.
Total execution time: 93.2 seconds.

Running MCMC with 4 parallel chains...

Chain 4 finished in 113.1 seconds.
Chain 1 finished in 121.1 seconds.
Chain 2 finished in 123.3 seconds.
Chain 3 finished in 130.7 seconds.

All 4 chains finished successfully.
Mean chain execution time: 122.0 seconds.
Total execution time: 130.8 seconds.

Running MCMC with 4 parallel chains...

Chain 2 finished in 35.3 seconds.
Chain 1 finished in 35.8 seconds.
Chain 4 finished in 36.1 seconds.
Chain 3 finished in 40.5 seconds.

All 4 chains finished successfully.
Mean chain execution time: 36.9 seconds.
Total execution time: 40.7 seconds.

Running MCMC with 4 parallel chains...

Chain 3 finished in 56.0 seconds.
Chain 4 finished in 57.0 seconds.
Chain 1 finished in 61.7 seconds.
Chain 2 finished in 64.0 seconds.

All 4 chains finished successfully.
Mean chain execution time: 59.7 seconds.
Total execution time: 64.2 seconds.

Running MCMC with 4 parallel chains...

Chain 3 finished in 297.4 seconds.
Chain 2 finished in 312.2 seconds.
Chain 1 finished in 313.9 seconds.
Chain 4 finished in 323.5 seconds.

All 4 chains finished successfully.
Mean chain execution time: 311.7 seconds.
Total execution time: 323.7 seconds.

Running MCMC with 4 parallel chains...

Chain 1 finished in 388.8 seconds.
Chain 3 finished in 451.5 seconds.
Chain 2 finished in 457.7 seconds.
Chain 4 finished in 462.1 seconds.

All 4 chains finished successfully.
Mean chain execution time: 440.0 seconds.
Total execution time: 462.2 seconds.

Running MCMC with 4 parallel chains...

Chain 1 finished in 96.8 seconds.
Chain 4 finished in 113.7 seconds.
Chain 2 finished in 115.3 seconds.
Chain 3 finished in 118.3 seconds.

All 4 chains finished successfully.
Mean chain execution time: 111.0 seconds.
Total execution time: 118.5 seconds.

Running MCMC with 4 parallel chains...

Chain 1 finished in 159.9 seconds.
Chain 3 finished in 162.3 seconds.
Chain 2 finished in 185.8 seconds.
Chain 4 finished in 199.7 seconds.

All 4 chains finished successfully.
Mean chain execution time: 176.9 seconds.
Total execution time: 199.8 seconds.

Running MCMC with 4 parallel chains...

Chain 4 finished in 26.2 seconds.
Chain 3 finished in 26.7 seconds.
Chain 1 finished in 26.9 seconds.
Chain 2 finished in 27.8 seconds.

All 4 chains finished successfully.
Mean chain execution time: 26.9 seconds.
Total execution time: 27.9 seconds.

Running MCMC with 4 parallel chains...

Chain 1 finished in 36.8 seconds.
Chain 3 finished in 38.9 seconds.
Chain 2 finished in 41.7 seconds.
Chain 4 finished in 43.8 seconds.

All 4 chains finished successfully.
Mean chain execution time: 40.3 seconds.
Total execution time: 43.9 seconds.

Running MCMC with 4 parallel chains...

Chain 4 finished in 93.0 seconds.
Chain 3 finished in 95.9 seconds.
Chain 2 finished in 97.4 seconds.
Chain 1 finished in 97.5 seconds.

All 4 chains finished successfully.
Mean chain execution time: 96.0 seconds.
Total execution time: 97.6 seconds.

Running MCMC with 4 parallel chains...

Chain 1 finished in 118.9 seconds.
Chain 3 finished in 124.1 seconds.
Chain 4 finished in 127.7 seconds.
Chain 2 finished in 133.6 seconds.

All 4 chains finished successfully.
Mean chain execution time: 126.1 seconds.
Total execution time: 133.7 seconds.

Running MCMC with 4 parallel chains...

Chain 4 finished in 41.3 seconds.
Chain 2 finished in 41.8 seconds.
Chain 3 finished in 44.1 seconds.
Chain 1 finished in 47.0 seconds.

All 4 chains finished successfully.
Mean chain execution time: 43.6 seconds.
Total execution time: 47.1 seconds.

Running MCMC with 4 parallel chains...

Chain 2 finished in 67.8 seconds.
Chain 1 finished in 69.2 seconds.
Chain 4 finished in 69.8 seconds.
Chain 3 finished in 70.9 seconds.

All 4 chains finished successfully.
Mean chain execution time: 69.4 seconds.
Total execution time: 71.1 seconds.

Running MCMC with 4 parallel chains...

Chain 2 finished in 268.0 seconds.
Chain 3 finished in 270.9 seconds.
Chain 4 finished in 272.5 seconds.
Chain 1 finished in 278.5 seconds.

All 4 chains finished successfully.
Mean chain execution time: 272.5 seconds.
Total execution time: 278.6 seconds.

Running MCMC with 4 parallel chains...

Chain 4 finished in 365.4 seconds.
Chain 2 finished in 366.4 seconds.
Chain 3 finished in 371.1 seconds.
Chain 1 finished in 391.0 seconds.

All 4 chains finished successfully.
Mean chain execution time: 373.5 seconds.
Total execution time: 391.2 seconds.

Running MCMC with 4 parallel chains...

Chain 3 finished in 90.2 seconds.
Chain 4 finished in 92.2 seconds.
Chain 2 finished in 93.6 seconds.
Chain 1 finished in 94.8 seconds.

All 4 chains finished successfully.
Mean chain execution time: 92.7 seconds.
Total execution time: 94.9 seconds.

Running MCMC with 4 parallel chains...

Chain 1 finished in 137.2 seconds.
Chain 4 finished in 141.7 seconds.
Chain 2 finished in 144.1 seconds.
Chain 3 finished in 160.1 seconds.

All 4 chains finished successfully.
Mean chain execution time: 145.7 seconds.
Total execution time: 160.2 seconds.

Running MCMC with 4 parallel chains...

Chain 4 finished in 24.6 seconds.
Chain 2 finished in 24.8 seconds.
Chain 3 finished in 27.3 seconds.
Chain 1 finished in 27.5 seconds.

All 4 chains finished successfully.
Mean chain execution time: 26.1 seconds.
Total execution time: 27.6 seconds.

Running MCMC with 4 parallel chains...

Chain 4 finished in 37.3 seconds.
Chain 2 finished in 37.6 seconds.
Chain 3 finished in 43.4 seconds.
Chain 1 finished in 45.0 seconds.

All 4 chains finished successfully.
Mean chain execution time: 40.8 seconds.
Total execution time: 45.1 seconds.

Running MCMC with 4 parallel chains...

Chain 2 finished in 88.9 seconds.
Chain 4 finished in 92.9 seconds.
Chain 3 finished in 95.9 seconds.
Chain 1 finished in 96.2 seconds.

All 4 chains finished successfully.
Mean chain execution time: 93.5 seconds.
Total execution time: 96.2 seconds.

Running MCMC with 4 parallel chains...

Chain 1 finished in 121.7 seconds.
Chain 2 finished in 124.4 seconds.
Chain 4 finished in 130.6 seconds.
Chain 3 finished in 134.8 seconds.

All 4 chains finished successfully.
Mean chain execution time: 127.9 seconds.
Total execution time: 135.0 seconds.

Running MCMC with 4 parallel chains...

Chain 2 finished in 37.3 seconds.
Chain 1 finished in 37.7 seconds.
Chain 4 finished in 48.6 seconds.
Chain 3 finished in 49.1 seconds.

All 4 chains finished successfully.
Mean chain execution time: 43.1 seconds.
Total execution time: 49.2 seconds.

Running MCMC with 4 parallel chains...

Chain 1 finished in 55.5 seconds.
Chain 4 finished in 65.6 seconds.
Chain 2 finished in 66.9 seconds.
Chain 3 finished in 73.3 seconds.

All 4 chains finished successfully.
Mean chain execution time: 65.3 seconds.
Total execution time: 73.5 seconds.

Running MCMC with 4 parallel chains...

Chain 2 finished in 251.8 seconds.
Chain 4 finished in 261.8 seconds.
Chain 3 finished in 265.0 seconds.
Chain 1 finished in 270.1 seconds.

All 4 chains finished successfully.
Mean chain execution time: 262.2 seconds.
Total execution time: 270.2 seconds.

Running MCMC with 4 parallel chains...

Chain 1 finished in 355.3 seconds.
Chain 2 finished in 358.3 seconds.
Chain 4 finished in 364.5 seconds.
Chain 3 finished in 371.4 seconds.

All 4 chains finished successfully.
Mean chain execution time: 362.4 seconds.
Total execution time: 371.6 seconds.

Running MCMC with 4 parallel chains...

Chain 2 finished in 82.8 seconds.
Chain 1 finished in 85.0 seconds.
Chain 4 finished in 91.6 seconds.
Chain 3 finished in 92.8 seconds.

All 4 chains finished successfully.
Mean chain execution time: 88.0 seconds.
Total execution time: 92.9 seconds.

Running MCMC with 4 parallel chains...

Chain 3 finished in 127.7 seconds.
Chain 2 finished in 128.1 seconds.
Chain 1 finished in 132.0 seconds.
Chain 4 finished in 142.1 seconds.

All 4 chains finished successfully.
Mean chain execution time: 132.5 seconds.
Total execution time: 142.3 seconds.

Running MCMC with 4 parallel chains...

Chain 1 finished in 21.6 seconds.
Chain 2 finished in 22.0 seconds.
Chain 4 finished in 22.7 seconds.
Chain 3 finished in 23.9 seconds.

All 4 chains finished successfully.
Mean chain execution time: 22.5 seconds.
Total execution time: 24.0 seconds.

Running MCMC with 4 parallel chains...

Chain 1 finished in 34.0 seconds.
Chain 2 finished in 34.5 seconds.
Chain 3 finished in 35.5 seconds.
Chain 4 finished in 37.8 seconds.

All 4 chains finished successfully.
Mean chain execution time: 35.5 seconds.
Total execution time: 37.9 seconds.

Running MCMC with 4 parallel chains...

Chain 1 finished in 83.1 seconds.
Chain 4 finished in 83.7 seconds.
Chain 3 finished in 92.5 seconds.
Chain 2 finished in 92.6 seconds.

All 4 chains finished successfully.
Mean chain execution time: 88.0 seconds.
Total execution time: 92.7 seconds.

Running MCMC with 4 parallel chains...

Chain 1 finished in 128.9 seconds.
Chain 3 finished in 135.3 seconds.
Chain 4 finished in 140.8 seconds.
Chain 2 finished in 142.5 seconds.

All 4 chains finished successfully.
Mean chain execution time: 136.9 seconds.
Total execution time: 142.6 seconds.

Running MCMC with 4 parallel chains...

Chain 2 finished in 36.2 seconds.
Chain 1 finished in 40.6 seconds.
Chain 4 finished in 42.5 seconds.
Chain 3 finished in 43.4 seconds.

All 4 chains finished successfully.
Mean chain execution time: 40.7 seconds.
Total execution time: 43.5 seconds.

Running MCMC with 4 parallel chains...

Chain 2 finished in 57.3 seconds.
Chain 4 finished in 61.4 seconds.
Chain 3 finished in 61.6 seconds.
Chain 1 finished in 72.7 seconds.

All 4 chains finished successfully.
Mean chain execution time: 63.3 seconds.
Total execution time: 72.8 seconds.

Running MCMC with 4 parallel chains...

Chain 4 finished in 285.1 seconds.
Chain 1 finished in 299.7 seconds.
Chain 2 finished in 305.2 seconds.
Chain 3 finished in 323.3 seconds.

All 4 chains finished successfully.
Mean chain execution time: 303.3 seconds.
Total execution time: 323.5 seconds.

Running MCMC with 4 parallel chains...

Chain 3 finished in 358.1 seconds.
Chain 1 finished in 359.8 seconds.
Chain 4 finished in 365.2 seconds.
Chain 2 finished in 416.9 seconds.

All 4 chains finished successfully.
Mean chain execution time: 375.0 seconds.
Total execution time: 417.1 seconds.

Running MCMC with 4 parallel chains...

Chain 3 finished in 103.5 seconds.
Chain 4 finished in 107.4 seconds.
Chain 2 finished in 114.2 seconds.
Chain 1 finished in 116.9 seconds.

All 4 chains finished successfully.
Mean chain execution time: 110.5 seconds.
Total execution time: 117.0 seconds.

Running MCMC with 4 parallel chains...

Chain 4 finished in 143.8 seconds.
Chain 1 finished in 149.6 seconds.
Chain 2 finished in 150.3 seconds.
Chain 3 finished in 159.7 seconds.

All 4 chains finished successfully.
Mean chain execution time: 150.9 seconds.
Total execution time: 159.8 seconds.

Running MCMC with 4 parallel chains...

Chain 1 finished in 21.0 seconds.
Chain 4 finished in 23.4 seconds.
Chain 3 finished in 23.9 seconds.
Chain 2 finished in 24.2 seconds.

All 4 chains finished successfully.
Mean chain execution time: 23.1 seconds.
Total execution time: 24.3 seconds.

Running MCMC with 4 parallel chains...

Chain 3 finished in 33.6 seconds.
Chain 4 finished in 34.8 seconds.
Chain 2 finished in 38.7 seconds.
Chain 1 finished in 42.3 seconds.

All 4 chains finished successfully.
Mean chain execution time: 37.4 seconds.
Total execution time: 42.4 seconds.

Running MCMC with 4 parallel chains...

Chain 1 finished in 91.1 seconds.
Chain 4 finished in 92.8 seconds.
Chain 2 finished in 93.8 seconds.
Chain 3 finished in 94.0 seconds.

All 4 chains finished successfully.
Mean chain execution time: 92.9 seconds.
Total execution time: 94.2 seconds.

Running MCMC with 4 parallel chains...

Chain 1 finished in 127.3 seconds.
Chain 2 finished in 131.0 seconds.
Chain 4 finished in 136.3 seconds.
Chain 3 finished in 151.3 seconds.

All 4 chains finished successfully.
Mean chain execution time: 136.5 seconds.
Total execution time: 151.4 seconds.

Running MCMC with 4 parallel chains...

Chain 4 finished in 38.4 seconds.
Chain 3 finished in 38.6 seconds.
Chain 2 finished in 38.9 seconds.
Chain 1 finished in 43.5 seconds.

All 4 chains finished successfully.
Mean chain execution time: 39.9 seconds.
Total execution time: 43.7 seconds.

Running MCMC with 4 parallel chains...

Chain 2 finished in 63.6 seconds.
Chain 1 finished in 64.7 seconds.
Chain 4 finished in 66.7 seconds.
Chain 3 finished in 72.1 seconds.

All 4 chains finished successfully.
Mean chain execution time: 66.8 seconds.
Total execution time: 72.2 seconds.

Running MCMC with 4 parallel chains...

Chain 1 finished in 252.9 seconds.
Chain 4 finished in 258.5 seconds.
Chain 3 finished in 263.2 seconds.
Chain 2 finished in 296.8 seconds.

All 4 chains finished successfully.
Mean chain execution time: 267.8 seconds.
Total execution time: 296.9 seconds.

Running MCMC with 4 parallel chains...

Chain 2 finished in 340.8 seconds.
Chain 3 finished in 349.7 seconds.
Chain 4 finished in 350.9 seconds.
Chain 1 finished in 363.2 seconds.

All 4 chains finished successfully.
Mean chain execution time: 351.2 seconds.
Total execution time: 363.3 seconds.

Running MCMC with 4 parallel chains...

Chain 3 finished in 90.6 seconds.
Chain 1 finished in 90.8 seconds.
Chain 4 finished in 90.8 seconds.
Chain 2 finished in 93.5 seconds.

All 4 chains finished successfully.
Mean chain execution time: 91.4 seconds.
Total execution time: 93.6 seconds.

Running MCMC with 4 parallel chains...

Chain 3 finished in 119.6 seconds.
Chain 4 finished in 120.5 seconds.
Chain 2 finished in 127.9 seconds.
Chain 1 finished in 128.2 seconds.

All 4 chains finished successfully.
Mean chain execution time: 124.0 seconds.
Total execution time: 128.3 seconds.

Running MCMC with 4 parallel chains...

Chain 1 finished in 22.7 seconds.
Chain 4 finished in 23.0 seconds.
Chain 2 finished in 23.6 seconds.
Chain 3 finished in 25.0 seconds.

All 4 chains finished successfully.
Mean chain execution time: 23.5 seconds.
Total execution time: 25.1 seconds.

Running MCMC with 4 parallel chains...

Chain 3 finished in 35.5 seconds.
Chain 2 finished in 36.3 seconds.
Chain 1 finished in 37.6 seconds.
Chain 4 finished in 38.9 seconds.

All 4 chains finished successfully.
Mean chain execution time: 37.1 seconds.
Total execution time: 39.1 seconds.

Running MCMC with 4 parallel chains...

Chain 3 finished in 86.0 seconds.
Chain 4 finished in 87.7 seconds.
Chain 1 finished in 88.7 seconds.
Chain 2 finished in 96.7 seconds.

All 4 chains finished successfully.
Mean chain execution time: 89.8 seconds.
Total execution time: 96.8 seconds.

Running MCMC with 4 parallel chains...

Chain 1 finished in 124.4 seconds.
Chain 2 finished in 130.4 seconds.
Chain 4 finished in 138.3 seconds.
Chain 3 finished in 161.7 seconds.

All 4 chains finished successfully.
Mean chain execution time: 138.7 seconds.
Total execution time: 161.8 seconds.

Running MCMC with 4 parallel chains...

Chain 4 finished in 37.5 seconds.
Chain 1 finished in 38.8 seconds.
Chain 2 finished in 42.6 seconds.
Chain 3 finished in 43.7 seconds.

All 4 chains finished successfully.
Mean chain execution time: 40.6 seconds.
Total execution time: 43.8 seconds.

Running MCMC with 4 parallel chains...

Chain 1 finished in 66.1 seconds.
Chain 4 finished in 67.8 seconds.
Chain 3 finished in 69.4 seconds.
Chain 2 finished in 69.6 seconds.

All 4 chains finished successfully.
Mean chain execution time: 68.2 seconds.
Total execution time: 69.7 seconds.

Running MCMC with 4 parallel chains...

Chain 3 finished in 205.5 seconds.
Chain 4 finished in 230.6 seconds.
Chain 2 finished in 244.9 seconds.
Chain 1 finished in 248.5 seconds.

All 4 chains finished successfully.
Mean chain execution time: 232.4 seconds.
Total execution time: 248.6 seconds.

Running MCMC with 4 parallel chains...

Chain 1 finished in 334.3 seconds.
Chain 3 finished in 338.0 seconds.
Chain 4 finished in 346.8 seconds.
Chain 2 finished in 372.4 seconds.

All 4 chains finished successfully.
Mean chain execution time: 347.9 seconds.
Total execution time: 372.5 seconds.

Running MCMC with 4 parallel chains...

Chain 2 finished in 72.6 seconds.
Chain 3 finished in 89.5 seconds.
Chain 1 finished in 93.1 seconds.
Chain 4 finished in 99.1 seconds.

All 4 chains finished successfully.
Mean chain execution time: 88.6 seconds.
Total execution time: 99.3 seconds.

Running MCMC with 4 parallel chains...

Chain 2 finished in 122.6 seconds.
Chain 4 finished in 124.6 seconds.
Chain 1 finished in 125.4 seconds.
Chain 3 finished in 137.6 seconds.

All 4 chains finished successfully.
Mean chain execution time: 127.6 seconds.
Total execution time: 137.7 seconds.

Running MCMC with 4 parallel chains...

Chain 3 finished in 16.5 seconds.
Chain 1 finished in 19.0 seconds.
Chain 4 finished in 19.7 seconds.
Chain 2 finished in 21.2 seconds.

All 4 chains finished successfully.
Mean chain execution time: 19.1 seconds.
Total execution time: 21.3 seconds.

Running MCMC with 4 parallel chains...

Chain 3 finished in 31.2 seconds.
Chain 4 finished in 31.5 seconds.
Chain 2 finished in 32.0 seconds.
Chain 1 finished in 33.3 seconds.

All 4 chains finished successfully.
Mean chain execution time: 32.0 seconds.
Total execution time: 33.4 seconds.

Running MCMC with 4 parallel chains...

Chain 3 finished in 78.7 seconds.
Chain 4 finished in 80.4 seconds.
Chain 1 finished in 81.7 seconds.
Chain 2 finished in 89.8 seconds.

All 4 chains finished successfully.
Mean chain execution time: 82.7 seconds.
Total execution time: 89.9 seconds.

Running MCMC with 4 parallel chains...

Chain 4 finished in 106.6 seconds.
Chain 3 finished in 110.0 seconds.
Chain 2 finished in 122.2 seconds.
Chain 1 finished in 170.4 seconds.

All 4 chains finished successfully.
Mean chain execution time: 127.3 seconds.
Total execution time: 170.5 seconds.

Running MCMC with 4 parallel chains...

Chain 2 finished in 32.4 seconds.
Chain 4 finished in 32.5 seconds.
Chain 1 finished in 33.5 seconds.
Chain 3 finished in 43.8 seconds.

All 4 chains finished successfully.
Mean chain execution time: 35.5 seconds.
Total execution time: 43.8 seconds.

Running MCMC with 4 parallel chains...

Chain 3 finished in 56.0 seconds.
Chain 2 finished in 59.8 seconds.
Chain 4 finished in 62.9 seconds.
Chain 1 finished in 65.9 seconds.

All 4 chains finished successfully.
Mean chain execution time: 61.1 seconds.
Total execution time: 66.0 seconds.

[2026-05-04 23:45:07] [INFO] - ✅ 完成: Outcome=I60_I69
