[2026-04-13 14:59:35] [INFO] - Project root: /public/home/acf4pijnzl/WDP
[2026-04-13 14:59:35] [INFO] - Task 5 → cancer=G20_G30_G12.2_F01_F03  section=Indian
 [1] "EQI"          "EQI_Air"      "EQI_Water"    "EQI_Land"     "EQI_Built"   
 [6] "EQI_Social"   "Smoking_Rate" "State_FIPS"   "AAMR_Lower"   "AAMR_Upper"  
[11] "cens"         "RUCC"        
Running MCMC with 4 parallel chains...

Chain 1 finished in 1917.1 seconds.
Chain 2 finished in 2015.8 seconds.
Chain 4 finished in 2087.5 seconds.
Chain 3 finished in 2116.0 seconds.

All 4 chains finished successfully.
Mean chain execution time: 2034.1 seconds.
Total execution time: 2116.2 seconds.

Running MCMC with 4 parallel chains...

Chain 2 finished in 2559.0 seconds.
Chain 3 finished in 2682.5 seconds.
Chain 1 finished in 2777.3 seconds.
Chain 4 finished in 3168.2 seconds.

All 4 chains finished successfully.
Mean chain execution time: 2796.8 seconds.
Total execution time: 3168.3 seconds.

Running MCMC with 4 parallel chains...

Chain 2 finished in 1984.7 seconds.
Chain 1 finished in 2067.0 seconds.
Chain 3 finished in 2067.0 seconds.
Chain 4 finished in 2121.5 seconds.

All 4 chains finished successfully.
Mean chain execution time: 2060.0 seconds.
Total execution time: 2121.7 seconds.

Running MCMC with 4 parallel chains...

Chain 1 finished in 2641.5 seconds.
Chain 4 finished in 2685.3 seconds.
Chain 3 finished in 2688.8 seconds.
Chain 2 finished in 2751.4 seconds.

All 4 chains finished successfully.
Mean chain execution time: 2691.7 seconds.
Total execution time: 2751.6 seconds.

Running MCMC with 4 parallel chains...

Chain 4 finished in 2282.0 seconds.
Chain 1 finished in 2507.2 seconds.
Chain 3 finished in 2707.2 seconds.
Chain 2 finished in 3081.2 seconds.

All 4 chains finished successfully.
Mean chain execution time: 2644.4 seconds.
Total execution time: 3081.3 seconds.

Running MCMC with 4 parallel chains...

Chain 1 finished in 2711.5 seconds.
Chain 4 finished in 3233.9 seconds.
Chain 2 finished in 3403.0 seconds.
Chain 3 finished in 5337.6 seconds.

All 4 chains finished successfully.
Mean chain execution time: 3671.5 seconds.
Total execution time: 5337.7 seconds.

Running MCMC with 4 parallel chains...

Chain 2 finished in 2031.0 seconds.
Chain 1 finished in 2089.6 seconds.
Chain 4 finished in 2129.9 seconds.
Chain 3 finished in 2190.4 seconds.

All 4 chains finished successfully.
Mean chain execution time: 2110.2 seconds.
Total execution time: 2190.6 seconds.

Running MCMC with 4 parallel chains...

Chain 1 finished in 2585.6 seconds.
Chain 2 finished in 2607.0 seconds.
Chain 3 finished in 2638.6 seconds.
Chain 4 finished in 3109.0 seconds.

All 4 chains finished successfully.
Mean chain execution time: 2735.1 seconds.
Total execution time: 3109.1 seconds.

Running MCMC with 4 parallel chains...

Chain 4 finished in 2257.5 seconds.
Chain 3 finished in 2258.0 seconds.
Chain 1 finished in 2406.6 seconds.
Chain 2 finished in 5815.3 seconds.

All 4 chains finished successfully.
Mean chain execution time: 3184.4 seconds.
Total execution time: 5815.4 seconds.

Running MCMC with 4 parallel chains...

Chain 3 finished in 3085.4 seconds.
Chain 2 finished in 3144.1 seconds.
Chain 1 finished in 3487.5 seconds.
Chain 4 finished in 3529.5 seconds.

All 4 chains finished successfully.
Mean chain execution time: 3311.6 seconds.
Total execution time: 3529.6 seconds.

[2026-04-14 00:14:05] [INFO] - Done: G20_G30_G12.2_F01_F03 / Indian → Result/Stratified_MRR/
