[2026-05-04 21:05:33] [INFO] - 项目根目录: /public/home/acf4pijnzl/WDP
[2026-05-04 21:05:33] [INFO] - 开始处理任务 6
[2026-05-04 21:05:33] [INFO] - 处理outcome: J43_J44
[1] "EQI"          "EQI_Air"      "EQI_Water"    "EQI_Land"     "EQI_Built"   
[6] "EQI_Social"   "Smoking_Rate" "State_FIPS"  
Running MCMC with 4 parallel chains...

Chain 2 finished in 277.2 seconds.
Chain 4 finished in 277.6 seconds.
Chain 3 finished in 277.9 seconds.
Chain 1 finished in 285.5 seconds.

All 4 chains finished successfully.
Mean chain execution time: 279.5 seconds.
Total execution time: 285.6 seconds.

Running MCMC with 4 parallel chains...

Chain 1 finished in 440.8 seconds.
Chain 3 finished in 445.9 seconds.
Chain 2 finished in 520.8 seconds.
Chain 4 finished in 579.0 seconds.

All 4 chains finished successfully.
Mean chain execution time: 496.6 seconds.
Total execution time: 579.2 seconds.

Running MCMC with 4 parallel chains...

Chain 4 finished in 110.3 seconds.
Chain 3 finished in 122.1 seconds.
Chain 2 finished in 133.0 seconds.
Chain 1 finished in 134.1 seconds.

All 4 chains finished successfully.
Mean chain execution time: 124.9 seconds.
Total execution time: 134.2 seconds.

Running MCMC with 4 parallel chains...

Chain 2 finished in 168.9 seconds.
Chain 1 finished in 186.4 seconds.
Chain 3 finished in 189.6 seconds.
Chain 4 finished in 208.2 seconds.

All 4 chains finished successfully.
Mean chain execution time: 188.3 seconds.
Total execution time: 208.4 seconds.

Running MCMC with 4 parallel chains...

Chain 3 finished in 24.9 seconds.
Chain 4 finished in 32.2 seconds.
Chain 2 finished in 33.0 seconds.
Chain 1 finished in 33.9 seconds.

All 4 chains finished successfully.
Mean chain execution time: 31.0 seconds.
Total execution time: 34.0 seconds.

Running MCMC with 4 parallel chains...

Chain 3 finished in 38.1 seconds.
Chain 4 finished in 49.1 seconds.
Chain 1 finished in 52.4 seconds.
Chain 2 finished in 55.9 seconds.

All 4 chains finished successfully.
Mean chain execution time: 48.9 seconds.
Total execution time: 55.9 seconds.

Running MCMC with 4 parallel chains...

Chain 3 finished in 117.3 seconds.
Chain 2 finished in 120.4 seconds.
Chain 4 finished in 121.0 seconds.
Chain 1 finished in 127.7 seconds.

All 4 chains finished successfully.
Mean chain execution time: 121.6 seconds.
Total execution time: 127.8 seconds.

Running MCMC with 4 parallel chains...

Chain 1 finished in 167.9 seconds.
Chain 4 finished in 177.3 seconds.
Chain 3 finished in 185.1 seconds.
Chain 2 finished in 185.6 seconds.

All 4 chains finished successfully.
Mean chain execution time: 179.0 seconds.
Total execution time: 185.7 seconds.

Running MCMC with 4 parallel chains...

Chain 2 finished in 43.4 seconds.
Chain 3 finished in 47.1 seconds.
Chain 1 finished in 47.3 seconds.
Chain 4 finished in 53.2 seconds.

All 4 chains finished successfully.
Mean chain execution time: 47.8 seconds.
Total execution time: 53.4 seconds.

Running MCMC with 4 parallel chains...

Chain 2 finished in 75.5 seconds.
Chain 4 finished in 77.1 seconds.
Chain 3 finished in 79.9 seconds.
Chain 1 finished in 87.6 seconds.

All 4 chains finished successfully.
Mean chain execution time: 80.0 seconds.
Total execution time: 87.7 seconds.

Running MCMC with 4 parallel chains...

Chain 1 finished in 342.0 seconds.
Chain 4 finished in 354.0 seconds.
Chain 2 finished in 378.7 seconds.
Chain 3 finished in 388.8 seconds.

All 4 chains finished successfully.
Mean chain execution time: 365.9 seconds.
Total execution time: 389.0 seconds.

Running MCMC with 4 parallel chains...

Chain 4 finished in 445.8 seconds.
Chain 1 finished in 497.3 seconds.
Chain 3 finished in 557.9 seconds.
Chain 2 finished in 564.2 seconds.

All 4 chains finished successfully.
Mean chain execution time: 516.3 seconds.
Total execution time: 564.4 seconds.

Running MCMC with 4 parallel chains...

Chain 4 finished in 116.8 seconds.
Chain 3 finished in 120.4 seconds.
Chain 1 finished in 126.3 seconds.
Chain 2 finished in 131.8 seconds.

All 4 chains finished successfully.
Mean chain execution time: 123.8 seconds.
Total execution time: 131.9 seconds.

Running MCMC with 4 parallel chains...

Chain 2 finished in 170.6 seconds.
Chain 3 finished in 171.0 seconds.
Chain 4 finished in 187.0 seconds.
Chain 1 finished in 192.4 seconds.

All 4 chains finished successfully.
Mean chain execution time: 180.2 seconds.
Total execution time: 192.5 seconds.

Running MCMC with 4 parallel chains...

Chain 3 finished in 23.1 seconds.
Chain 1 finished in 28.1 seconds.
Chain 4 finished in 31.6 seconds.
Chain 2 finished in 33.5 seconds.

All 4 chains finished successfully.
Mean chain execution time: 29.1 seconds.
Total execution time: 33.5 seconds.

Running MCMC with 4 parallel chains...

Chain 1 finished in 50.4 seconds.
Chain 3 finished in 51.9 seconds.
Chain 2 finished in 53.5 seconds.
Chain 4 finished in 59.3 seconds.

All 4 chains finished successfully.
Mean chain execution time: 53.8 seconds.
Total execution time: 59.5 seconds.

Running MCMC with 4 parallel chains...

Chain 3 finished in 115.0 seconds.
Chain 1 finished in 120.0 seconds.
Chain 2 finished in 121.5 seconds.
Chain 4 finished in 122.5 seconds.

All 4 chains finished successfully.
Mean chain execution time: 119.8 seconds.
Total execution time: 122.7 seconds.

Running MCMC with 4 parallel chains...

Chain 4 finished in 151.6 seconds.
Chain 3 finished in 166.7 seconds.
Chain 1 finished in 166.9 seconds.
Chain 2 finished in 167.8 seconds.

All 4 chains finished successfully.
Mean chain execution time: 163.3 seconds.
Total execution time: 168.0 seconds.

Running MCMC with 4 parallel chains...

Chain 1 finished in 45.5 seconds.
Chain 2 finished in 47.7 seconds.
Chain 4 finished in 49.4 seconds.
Chain 3 finished in 54.7 seconds.

All 4 chains finished successfully.
Mean chain execution time: 49.3 seconds.
Total execution time: 54.9 seconds.

Running MCMC with 4 parallel chains...

Chain 3 finished in 61.6 seconds.
Chain 2 finished in 68.9 seconds.
Chain 1 finished in 75.1 seconds.
Chain 4 finished in 85.5 seconds.

All 4 chains finished successfully.
Mean chain execution time: 72.8 seconds.
Total execution time: 85.7 seconds.

Running MCMC with 4 parallel chains...

Chain 3 finished in 326.0 seconds.
Chain 1 finished in 366.5 seconds.
Chain 4 finished in 371.5 seconds.
Chain 2 finished in 372.8 seconds.

All 4 chains finished successfully.
Mean chain execution time: 359.2 seconds.
Total execution time: 373.0 seconds.

Running MCMC with 4 parallel chains...

Chain 3 finished in 437.7 seconds.
Chain 2 finished in 478.6 seconds.
Chain 4 finished in 494.5 seconds.
Chain 1 finished in 523.5 seconds.

All 4 chains finished successfully.
Mean chain execution time: 483.6 seconds.
Total execution time: 523.7 seconds.

Running MCMC with 4 parallel chains...

Chain 2 finished in 102.9 seconds.
Chain 3 finished in 115.9 seconds.
Chain 4 finished in 121.4 seconds.
Chain 1 finished in 124.8 seconds.

All 4 chains finished successfully.
Mean chain execution time: 116.2 seconds.
Total execution time: 124.9 seconds.

Running MCMC with 4 parallel chains...

Chain 2 finished in 171.1 seconds.
Chain 1 finished in 174.7 seconds.
Chain 4 finished in 176.5 seconds.
Chain 3 finished in 222.1 seconds.

All 4 chains finished successfully.
Mean chain execution time: 186.1 seconds.
Total execution time: 222.3 seconds.

Running MCMC with 4 parallel chains...

Chain 1 finished in 29.5 seconds.
Chain 3 finished in 29.7 seconds.
Chain 4 finished in 30.9 seconds.
Chain 2 finished in 31.5 seconds.

All 4 chains finished successfully.
Mean chain execution time: 30.4 seconds.
Total execution time: 31.6 seconds.

Running MCMC with 4 parallel chains...

Chain 2 finished in 48.1 seconds.
Chain 1 finished in 49.2 seconds.
Chain 3 finished in 49.9 seconds.
Chain 4 finished in 52.6 seconds.

All 4 chains finished successfully.
Mean chain execution time: 49.9 seconds.
Total execution time: 52.8 seconds.

Running MCMC with 4 parallel chains...

Chain 4 finished in 95.0 seconds.
Chain 3 finished in 101.6 seconds.
Chain 1 finished in 108.7 seconds.
Chain 2 finished in 111.2 seconds.

All 4 chains finished successfully.
Mean chain execution time: 104.1 seconds.
Total execution time: 111.3 seconds.

Running MCMC with 4 parallel chains...

Chain 3 finished in 157.9 seconds.
Chain 4 finished in 162.6 seconds.
Chain 1 finished in 163.9 seconds.
Chain 2 finished in 171.2 seconds.

All 4 chains finished successfully.
Mean chain execution time: 163.9 seconds.
Total execution time: 171.4 seconds.

Running MCMC with 4 parallel chains...

Chain 1 finished in 45.8 seconds.
Chain 3 finished in 48.3 seconds.
Chain 2 finished in 56.7 seconds.
Chain 4 finished in 61.0 seconds.

All 4 chains finished successfully.
Mean chain execution time: 52.9 seconds.
Total execution time: 61.1 seconds.

Running MCMC with 4 parallel chains...

Chain 3 finished in 74.4 seconds.
Chain 1 finished in 85.1 seconds.
Chain 4 finished in 89.2 seconds.
Chain 2 finished in 91.7 seconds.

All 4 chains finished successfully.
Mean chain execution time: 85.1 seconds.
Total execution time: 91.8 seconds.

Running MCMC with 4 parallel chains...

Chain 3 finished in 323.1 seconds.
Chain 1 finished in 328.9 seconds.
Chain 2 finished in 347.4 seconds.
Chain 4 finished in 357.4 seconds.

All 4 chains finished successfully.
Mean chain execution time: 339.2 seconds.
Total execution time: 357.6 seconds.

Running MCMC with 4 parallel chains...

Chain 3 finished in 463.5 seconds.
Chain 2 finished in 540.4 seconds.
Chain 4 finished in 543.9 seconds.
Chain 1 finished in 550.0 seconds.

All 4 chains finished successfully.
Mean chain execution time: 524.5 seconds.
Total execution time: 550.1 seconds.

Running MCMC with 4 parallel chains...

Chain 4 finished in 91.9 seconds.
Chain 3 finished in 101.8 seconds.
Chain 1 finished in 110.9 seconds.
Chain 2 finished in 116.2 seconds.

All 4 chains finished successfully.
Mean chain execution time: 105.2 seconds.
Total execution time: 116.3 seconds.

Running MCMC with 4 parallel chains...

Chain 3 finished in 156.6 seconds.
Chain 4 finished in 160.2 seconds.
Chain 2 finished in 178.8 seconds.
Chain 1 finished in 181.3 seconds.

All 4 chains finished successfully.
Mean chain execution time: 169.2 seconds.
Total execution time: 181.4 seconds.

Running MCMC with 4 parallel chains...

Chain 2 finished in 22.5 seconds.
Chain 3 finished in 26.0 seconds.
Chain 4 finished in 26.9 seconds.
Chain 1 finished in 29.4 seconds.

All 4 chains finished successfully.
Mean chain execution time: 26.2 seconds.
Total execution time: 29.5 seconds.

Running MCMC with 4 parallel chains...

Chain 1 finished in 46.0 seconds.
Chain 3 finished in 47.0 seconds.
Chain 2 finished in 47.8 seconds.
Chain 4 finished in 51.7 seconds.

All 4 chains finished successfully.
Mean chain execution time: 48.1 seconds.
Total execution time: 51.8 seconds.

Running MCMC with 4 parallel chains...

Chain 1 finished in 86.0 seconds.
Chain 3 finished in 108.7 seconds.
Chain 2 finished in 109.3 seconds.
Chain 4 finished in 112.3 seconds.

All 4 chains finished successfully.
Mean chain execution time: 104.1 seconds.
Total execution time: 112.5 seconds.

Running MCMC with 4 parallel chains...

Chain 4 finished in 136.1 seconds.
Chain 2 finished in 149.0 seconds.
Chain 1 finished in 155.0 seconds.
Chain 3 finished in 165.2 seconds.

All 4 chains finished successfully.
Mean chain execution time: 151.3 seconds.
Total execution time: 165.3 seconds.

Running MCMC with 4 parallel chains...

Chain 4 finished in 45.2 seconds.
Chain 2 finished in 45.5 seconds.
Chain 3 finished in 48.5 seconds.
Chain 1 finished in 51.4 seconds.

All 4 chains finished successfully.
Mean chain execution time: 47.7 seconds.
Total execution time: 51.5 seconds.

Running MCMC with 4 parallel chains...

Chain 4 finished in 68.1 seconds.
Chain 2 finished in 71.7 seconds.
Chain 3 finished in 73.5 seconds.
Chain 1 finished in 90.6 seconds.

All 4 chains finished successfully.
Mean chain execution time: 76.0 seconds.
Total execution time: 90.7 seconds.

Running MCMC with 4 parallel chains...

Chain 3 finished in 299.4 seconds.
Chain 1 finished in 319.5 seconds.
Chain 2 finished in 356.9 seconds.
Chain 4 finished in 358.1 seconds.

All 4 chains finished successfully.
Mean chain execution time: 333.5 seconds.
Total execution time: 358.3 seconds.

Running MCMC with 4 parallel chains...

Chain 4 finished in 448.0 seconds.
Chain 1 finished in 500.8 seconds.
Chain 3 finished in 527.0 seconds.
Chain 2 finished in 543.8 seconds.

All 4 chains finished successfully.
Mean chain execution time: 504.9 seconds.
Total execution time: 544.0 seconds.

Running MCMC with 4 parallel chains...

Chain 1 finished in 111.6 seconds.
Chain 4 finished in 114.2 seconds.
Chain 3 finished in 118.9 seconds.
Chain 2 finished in 123.0 seconds.

All 4 chains finished successfully.
Mean chain execution time: 116.9 seconds.
Total execution time: 123.1 seconds.

Running MCMC with 4 parallel chains...

Chain 2 finished in 147.5 seconds.
Chain 4 finished in 152.5 seconds.
Chain 3 finished in 163.8 seconds.
Chain 1 finished in 173.9 seconds.

All 4 chains finished successfully.
Mean chain execution time: 159.5 seconds.
Total execution time: 174.0 seconds.

Running MCMC with 4 parallel chains...

Chain 3 finished in 23.9 seconds.
Chain 4 finished in 25.6 seconds.
Chain 1 finished in 27.0 seconds.
Chain 2 finished in 30.1 seconds.

All 4 chains finished successfully.
Mean chain execution time: 26.7 seconds.
Total execution time: 30.2 seconds.

Running MCMC with 4 parallel chains...

Chain 1 finished in 42.0 seconds.
Chain 4 finished in 42.7 seconds.
Chain 2 finished in 43.8 seconds.
Chain 3 finished in 44.5 seconds.

All 4 chains finished successfully.
Mean chain execution time: 43.3 seconds.
Total execution time: 44.6 seconds.

Running MCMC with 4 parallel chains...

Chain 4 finished in 93.9 seconds.
Chain 2 finished in 98.4 seconds.
Chain 3 finished in 103.0 seconds.
Chain 1 finished in 109.0 seconds.

All 4 chains finished successfully.
Mean chain execution time: 101.1 seconds.
Total execution time: 109.1 seconds.

Running MCMC with 4 parallel chains...

Chain 2 finished in 134.7 seconds.
Chain 3 finished in 141.6 seconds.
Chain 4 finished in 155.0 seconds.
Chain 1 finished in 157.0 seconds.

All 4 chains finished successfully.
Mean chain execution time: 147.1 seconds.
Total execution time: 157.0 seconds.

Running MCMC with 4 parallel chains...

Chain 3 finished in 41.5 seconds.
Chain 2 finished in 42.3 seconds.
Chain 1 finished in 44.5 seconds.
Chain 4 finished in 46.7 seconds.

All 4 chains finished successfully.
Mean chain execution time: 43.7 seconds.
Total execution time: 46.9 seconds.

Running MCMC with 4 parallel chains...

Chain 4 finished in 68.4 seconds.
Chain 2 finished in 75.5 seconds.
Chain 3 finished in 75.7 seconds.
Chain 1 finished in 77.4 seconds.

All 4 chains finished successfully.
Mean chain execution time: 74.3 seconds.
Total execution time: 77.5 seconds.

Running MCMC with 4 parallel chains...

Chain 1 finished in 319.8 seconds.
Chain 3 finished in 323.4 seconds.
Chain 2 finished in 346.2 seconds.
Chain 4 finished in 348.4 seconds.

All 4 chains finished successfully.
Mean chain execution time: 334.5 seconds.
Total execution time: 348.5 seconds.

Running MCMC with 4 parallel chains...

Chain 2 finished in 457.4 seconds.
Chain 3 finished in 489.3 seconds.
Chain 4 finished in 505.3 seconds.
Chain 1 finished in 524.9 seconds.

All 4 chains finished successfully.
Mean chain execution time: 494.2 seconds.
Total execution time: 525.1 seconds.

Running MCMC with 4 parallel chains...

Chain 3 finished in 108.6 seconds.
Chain 4 finished in 118.2 seconds.
Chain 2 finished in 119.3 seconds.
Chain 1 finished in 128.6 seconds.

All 4 chains finished successfully.
Mean chain execution time: 118.7 seconds.
Total execution time: 128.7 seconds.

Running MCMC with 4 parallel chains...

Chain 2 finished in 124.8 seconds.
Chain 4 finished in 168.8 seconds.
Chain 1 finished in 174.5 seconds.
Chain 3 finished in 177.4 seconds.

All 4 chains finished successfully.
Mean chain execution time: 161.4 seconds.
Total execution time: 177.6 seconds.

Running MCMC with 4 parallel chains...

Chain 2 finished in 20.5 seconds.
Chain 3 finished in 23.4 seconds.
Chain 1 finished in 23.8 seconds.
Chain 4 finished in 25.0 seconds.

All 4 chains finished successfully.
Mean chain execution time: 23.2 seconds.
Total execution time: 25.2 seconds.

Running MCMC with 4 parallel chains...

Chain 3 finished in 37.6 seconds.
Chain 1 finished in 42.7 seconds.
Chain 4 finished in 43.5 seconds.
Chain 2 finished in 43.9 seconds.

All 4 chains finished successfully.
Mean chain execution time: 41.9 seconds.
Total execution time: 44.0 seconds.

Running MCMC with 4 parallel chains...

Chain 1 finished in 93.9 seconds.
Chain 3 finished in 99.1 seconds.
Chain 4 finished in 99.1 seconds.
Chain 2 finished in 109.5 seconds.

All 4 chains finished successfully.
Mean chain execution time: 100.4 seconds.
Total execution time: 109.6 seconds.

Running MCMC with 4 parallel chains...

Chain 3 finished in 126.2 seconds.
Chain 4 finished in 158.6 seconds.
Chain 2 finished in 165.2 seconds.
Chain 1 finished in 166.4 seconds.

All 4 chains finished successfully.
Mean chain execution time: 154.1 seconds.
Total execution time: 166.5 seconds.

Running MCMC with 4 parallel chains...

Chain 2 finished in 41.1 seconds.
Chain 3 finished in 43.5 seconds.
Chain 1 finished in 44.0 seconds.
Chain 4 finished in 45.4 seconds.

All 4 chains finished successfully.
Mean chain execution time: 43.5 seconds.
Total execution time: 45.6 seconds.

Running MCMC with 4 parallel chains...

Chain 2 finished in 64.8 seconds.
Chain 3 finished in 80.3 seconds.
Chain 1 finished in 80.9 seconds.
Chain 4 finished in 85.7 seconds.

All 4 chains finished successfully.
Mean chain execution time: 77.9 seconds.
Total execution time: 85.9 seconds.

Running MCMC with 4 parallel chains...

Chain 1 finished in 299.1 seconds.
Chain 2 finished in 306.0 seconds.
Chain 3 finished in 336.3 seconds.
Chain 4 finished in 344.1 seconds.

All 4 chains finished successfully.
Mean chain execution time: 321.3 seconds.
Total execution time: 344.3 seconds.

Running MCMC with 4 parallel chains...

Chain 4 finished in 387.8 seconds.
Chain 3 finished in 467.0 seconds.
Chain 1 finished in 507.6 seconds.
Chain 2 finished in 519.1 seconds.

All 4 chains finished successfully.
Mean chain execution time: 470.4 seconds.
Total execution time: 519.2 seconds.

Running MCMC with 4 parallel chains...

Chain 2 finished in 83.0 seconds.
Chain 4 finished in 111.1 seconds.
Chain 1 finished in 115.5 seconds.
Chain 3 finished in 115.8 seconds.

All 4 chains finished successfully.
Mean chain execution time: 106.4 seconds.
Total execution time: 116.0 seconds.

Running MCMC with 4 parallel chains...

Chain 2 finished in 128.5 seconds.
Chain 3 finished in 157.4 seconds.
Chain 1 finished in 163.2 seconds.
Chain 4 finished in 168.4 seconds.

All 4 chains finished successfully.
Mean chain execution time: 154.4 seconds.
Total execution time: 168.6 seconds.

Running MCMC with 4 parallel chains...

Chain 3 finished in 17.5 seconds.
Chain 4 finished in 19.2 seconds.
Chain 2 finished in 19.3 seconds.
Chain 1 finished in 20.6 seconds.

All 4 chains finished successfully.
Mean chain execution time: 19.1 seconds.
Total execution time: 20.6 seconds.

Running MCMC with 4 parallel chains...

Chain 2 finished in 29.6 seconds.
Chain 3 finished in 31.8 seconds.
Chain 1 finished in 37.2 seconds.
Chain 4 finished in 40.1 seconds.

All 4 chains finished successfully.
Mean chain execution time: 34.6 seconds.
Total execution time: 40.3 seconds.

Running MCMC with 4 parallel chains...

Chain 2 finished in 75.0 seconds.
Chain 3 finished in 94.2 seconds.
Chain 4 finished in 97.6 seconds.
Chain 1 finished in 104.3 seconds.

All 4 chains finished successfully.
Mean chain execution time: 92.8 seconds.
Total execution time: 104.4 seconds.

Running MCMC with 4 parallel chains...

Chain 2 finished in 124.3 seconds.
Chain 1 finished in 127.3 seconds.
Chain 3 finished in 140.5 seconds.
Chain 4 finished in 141.8 seconds.

All 4 chains finished successfully.
Mean chain execution time: 133.5 seconds.
Total execution time: 142.1 seconds.

Running MCMC with 4 parallel chains...

Chain 1 finished in 40.1 seconds.
Chain 3 finished in 40.2 seconds.
Chain 4 finished in 42.5 seconds.
Chain 2 finished in 44.3 seconds.

All 4 chains finished successfully.
Mean chain execution time: 41.8 seconds.
Total execution time: 44.4 seconds.

Running MCMC with 4 parallel chains...

Chain 3 finished in 60.9 seconds.
Chain 4 finished in 64.3 seconds.
Chain 2 finished in 68.8 seconds.
Chain 1 finished in 71.4 seconds.

All 4 chains finished successfully.
Mean chain execution time: 66.3 seconds.
Total execution time: 71.5 seconds.

[2026-05-05 00:28:03] [INFO] - ✅ 完成: Outcome=J43_J44
