[2026-05-07 01:19:42] [INFO] Project root: /public/home/vanadiumscandium/WDP
[2026-05-07 01:19:44] [INFO] Task 0 → Outcome=K70_K76_C22
[1] "EQI"                       "Smoking_rate"             
[3] "Physical_Activities_rate"  "Obesity_rate"             
[5] "Uninsured_rate"            "Physician_Density_per100k"
[7] "Diabetes_Prevalence_rate"  "State_FIPS"               
Running MCMC with 4 parallel chains...

Chain 2 finished in 127.2 seconds.
Chain 1 finished in 133.4 seconds.
Chain 4 finished in 134.4 seconds.
Chain 3 finished in 142.0 seconds.

All 4 chains finished successfully.
Mean chain execution time: 134.2 seconds.
Total execution time: 142.3 seconds.

Running MCMC with 4 parallel chains...

Chain 3 finished in 294.8 seconds.
Chain 1 finished in 355.2 seconds.
Chain 4 finished in 369.3 seconds.
Chain 2 finished in 381.0 seconds.

All 4 chains finished successfully.
Mean chain execution time: 350.1 seconds.
Total execution time: 381.1 seconds.

Running MCMC with 4 parallel chains...

Chain 2 finished in 639.2 seconds.
Chain 3 finished in 645.7 seconds.
Chain 4 finished in 661.2 seconds.
Chain 1 finished in 668.8 seconds.

All 4 chains finished successfully.
Mean chain execution time: 653.7 seconds.
Total execution time: 668.9 seconds.

Running MCMC with 4 parallel chains...

Chain 2 finished in 363.9 seconds.
Chain 1 finished in 431.5 seconds.
Chain 4 finished in 432.1 seconds.
Chain 3 finished in 442.7 seconds.

All 4 chains finished successfully.
Mean chain execution time: 417.6 seconds.
Total execution time: 442.9 seconds.

Running MCMC with 4 parallel chains...

Chain 4 finished in 225.4 seconds.
Chain 3 finished in 240.9 seconds.
Chain 2 finished in 247.1 seconds.
Chain 1 finished in 282.6 seconds.

All 4 chains finished successfully.
Mean chain execution time: 249.0 seconds.
Total execution time: 282.7 seconds.

Running MCMC with 4 parallel chains...

Chain 3 finished in 475.2 seconds.
Chain 1 finished in 498.4 seconds.
Chain 4 finished in 515.4 seconds.
Chain 2 finished in 602.6 seconds.

All 4 chains finished successfully.
Mean chain execution time: 522.9 seconds.
Total execution time: 602.8 seconds.

Running MCMC with 4 parallel chains...

Chain 1 finished in 208.2 seconds.
Chain 4 finished in 212.2 seconds.
Chain 3 finished in 213.2 seconds.
Chain 2 finished in 229.8 seconds.

All 4 chains finished successfully.
Mean chain execution time: 215.8 seconds.
Total execution time: 230.0 seconds.

Running MCMC with 4 parallel chains...

Chain 1 finished in 813.8 seconds.
Chain 2 finished in 865.0 seconds.
Chain 3 finished in 937.5 seconds.
Chain 4 finished in 942.7 seconds.

All 4 chains finished successfully.
Mean chain execution time: 889.8 seconds.
Total execution time: 942.8 seconds.

Running MCMC with 4 parallel chains...

Chain 1 finished in 513.7 seconds.
Chain 2 finished in 534.3 seconds.
Chain 3 finished in 560.3 seconds.
Chain 4 finished in 560.6 seconds.

All 4 chains finished successfully.
Mean chain execution time: 542.2 seconds.
Total execution time: 560.8 seconds.

Running MCMC with 4 parallel chains...

Chain 1 finished in 390.1 seconds.
Chain 2 finished in 397.3 seconds.
Chain 4 finished in 420.9 seconds.
Chain 3 finished in 430.2 seconds.

All 4 chains finished successfully.
Mean chain execution time: 409.6 seconds.
Total execution time: 430.4 seconds.

Running MCMC with 4 parallel chains...

Chain 4 finished in 686.1 seconds.
Chain 1 finished in 696.7 seconds.
Chain 2 finished in 697.6 seconds.
Chain 3 finished in 752.8 seconds.

All 4 chains finished successfully.
Mean chain execution time: 708.3 seconds.
Total execution time: 753.0 seconds.

Running MCMC with 4 parallel chains...

Chain 4 finished in 352.9 seconds.
Chain 1 finished in 387.3 seconds.
Chain 3 finished in 404.8 seconds.
Chain 2 finished in 422.9 seconds.

All 4 chains finished successfully.
Mean chain execution time: 392.0 seconds.
Total execution time: 423.0 seconds.

Running MCMC with 4 parallel chains...

Chain 3 finished in 892.0 seconds.
Chain 2 finished in 904.4 seconds.
Chain 1 finished in 987.6 seconds.
Chain 4 finished in 1017.5 seconds.

All 4 chains finished successfully.
Mean chain execution time: 950.4 seconds.
Total execution time: 1017.7 seconds.

Running MCMC with 4 parallel chains...

Chain 2 finished in 670.5 seconds.
Chain 4 finished in 681.5 seconds.
Chain 3 finished in 694.5 seconds.
Chain 1 finished in 885.7 seconds.

All 4 chains finished successfully.
Mean chain execution time: 733.0 seconds.
Total execution time: 885.8 seconds.

Running MCMC with 4 parallel chains...

Chain 3 finished in 828.1 seconds.
Chain 4 finished in 842.6 seconds.
Chain 1 finished in 860.9 seconds.
Chain 2 finished in 875.1 seconds.

All 4 chains finished successfully.
Mean chain execution time: 851.6 seconds.
Total execution time: 875.2 seconds.

Running MCMC with 4 parallel chains...

Chain 2 finished in 700.5 seconds.
Chain 4 finished in 805.8 seconds.
Chain 3 finished in 838.5 seconds.
Chain 1 finished in 892.7 seconds.

All 4 chains finished successfully.
Mean chain execution time: 809.4 seconds.
Total execution time: 892.8 seconds.

Running MCMC with 4 parallel chains...

Chain 4 finished in 524.2 seconds.
Chain 3 finished in 543.7 seconds.
Chain 1 finished in 550.2 seconds.
Chain 2 finished in 574.4 seconds.

All 4 chains finished successfully.
Mean chain execution time: 548.1 seconds.
Total execution time: 574.5 seconds.

Running MCMC with 4 parallel chains...

Chain 4 finished in 688.1 seconds.
Chain 2 finished in 716.3 seconds.
Chain 3 finished in 753.8 seconds.
Chain 1 finished in 758.1 seconds.

All 4 chains finished successfully.
Mean chain execution time: 729.1 seconds.
Total execution time: 758.3 seconds.

Running MCMC with 4 parallel chains...

Chain 2 finished in 474.3 seconds.
Chain 1 finished in 497.3 seconds.
Chain 3 finished in 503.8 seconds.
Chain 4 finished in 528.9 seconds.

All 4 chains finished successfully.
Mean chain execution time: 501.1 seconds.
Total execution time: 529.1 seconds.

Running MCMC with 4 parallel chains...

Chain 2 finished in 606.1 seconds.
Chain 3 finished in 619.3 seconds.
Chain 1 finished in 640.7 seconds.
Chain 4 finished in 642.0 seconds.

All 4 chains finished successfully.
Mean chain execution time: 627.0 seconds.
Total execution time: 642.1 seconds.

Running MCMC with 4 parallel chains...

Chain 1 finished in 274.4 seconds.
Chain 3 finished in 277.1 seconds.
Chain 4 finished in 281.8 seconds.
Chain 2 finished in 288.0 seconds.

All 4 chains finished successfully.
Mean chain execution time: 280.3 seconds.
Total execution time: 288.1 seconds.

Running MCMC with 4 parallel chains...

Chain 1 finished in 613.9 seconds.
Chain 2 finished in 629.4 seconds.
Chain 3 finished in 641.4 seconds.
Chain 4 finished in 679.3 seconds.

All 4 chains finished successfully.
Mean chain execution time: 641.0 seconds.
Total execution time: 679.4 seconds.

Running MCMC with 4 parallel chains...

Chain 2 finished in 824.7 seconds.
Chain 1 finished in 865.3 seconds.
Chain 4 finished in 918.9 seconds.
Chain 3 finished in 945.9 seconds.

All 4 chains finished successfully.
Mean chain execution time: 888.7 seconds.
Total execution time: 946.1 seconds.

Running MCMC with 4 parallel chains...

Chain 1 finished in 894.1 seconds.
Chain 3 finished in 1028.3 seconds.
Chain 2 finished in 1034.6 seconds.
Chain 4 finished in 1043.3 seconds.

All 4 chains finished successfully.
Mean chain execution time: 1000.1 seconds.
Total execution time: 1043.5 seconds.

Running MCMC with 4 parallel chains...

Chain 4 finished in 983.3 seconds.
Chain 3 finished in 985.9 seconds.
Chain 2 finished in 1031.4 seconds.
Chain 1 finished in 1049.3 seconds.

All 4 chains finished successfully.
Mean chain execution time: 1012.5 seconds.
Total execution time: 1049.4 seconds.

Running MCMC with 4 parallel chains...

Chain 2 finished in 989.4 seconds.
Chain 1 finished in 1030.8 seconds.
Chain 4 finished in 1047.6 seconds.
Chain 3 finished in 1088.8 seconds.

All 4 chains finished successfully.
Mean chain execution time: 1039.1 seconds.
Total execution time: 1088.9 seconds.

Running MCMC with 4 parallel chains...

Chain 3 finished in 512.7 seconds.
Chain 4 finished in 544.3 seconds.
Chain 2 finished in 569.4 seconds.
Chain 1 finished in 612.7 seconds.

All 4 chains finished successfully.
Mean chain execution time: 559.8 seconds.
Total execution time: 612.9 seconds.

Running MCMC with 4 parallel chains...

Chain 3 finished in 819.2 seconds.
Chain 1 finished in 849.5 seconds.
Chain 4 finished in 853.5 seconds.
Chain 2 finished in 859.3 seconds.

All 4 chains finished successfully.
Mean chain execution time: 845.4 seconds.
Total execution time: 859.5 seconds.

Running MCMC with 4 parallel chains...

Chain 3 finished in 568.4 seconds.
Chain 4 finished in 603.3 seconds.
Chain 2 finished in 614.9 seconds.
Chain 1 finished in 616.9 seconds.

All 4 chains finished successfully.
Mean chain execution time: 600.9 seconds.
Total execution time: 617.0 seconds.

Running MCMC with 4 parallel chains...

Chain 2 finished in 660.4 seconds.
Chain 3 finished in 719.1 seconds.
Chain 4 finished in 724.4 seconds.
Chain 1 finished in 732.2 seconds.

All 4 chains finished successfully.
Mean chain execution time: 709.0 seconds.
Total execution time: 732.2 seconds.

Running MCMC with 4 parallel chains...

Chain 4 finished in 432.7 seconds.
Chain 3 finished in 490.4 seconds.
Chain 2 finished in 499.9 seconds.
Chain 1 finished in 517.5 seconds.

All 4 chains finished successfully.
Mean chain execution time: 485.1 seconds.
Total execution time: 517.6 seconds.

Running MCMC with 4 parallel chains...

Chain 1 finished in 708.4 seconds.
Chain 3 finished in 730.6 seconds.
Chain 4 finished in 805.8 seconds.
Chain 2 finished in 810.3 seconds.

All 4 chains finished successfully.
Mean chain execution time: 763.8 seconds.
Total execution time: 810.4 seconds.

Running MCMC with 4 parallel chains...

Chain 3 finished in 886.5 seconds.
Chain 4 finished in 917.2 seconds.
Chain 2 finished in 946.9 seconds.
Chain 1 finished in 1032.8 seconds.

All 4 chains finished successfully.
Mean chain execution time: 945.9 seconds.
Total execution time: 1033.0 seconds.

Running MCMC with 4 parallel chains...

Chain 3 finished in 1066.7 seconds.
Chain 4 finished in 1149.7 seconds.
Chain 2 finished in 1162.4 seconds.
Chain 1 finished in 1221.4 seconds.

All 4 chains finished successfully.
Mean chain execution time: 1150.1 seconds.
Total execution time: 1221.5 seconds.

Running MCMC with 4 parallel chains...

Chain 3 finished in 851.4 seconds.
Chain 2 finished in 968.4 seconds.
Chain 4 finished in 995.7 seconds.
Chain 1 finished in 1011.2 seconds.

All 4 chains finished successfully.
Mean chain execution time: 956.7 seconds.
Total execution time: 1011.4 seconds.

Running MCMC with 4 parallel chains...

Chain 4 finished in 886.5 seconds.
Chain 1 finished in 890.3 seconds.
Chain 2 finished in 925.0 seconds.
Chain 3 finished in 1023.1 seconds.

All 4 chains finished successfully.
Mean chain execution time: 931.2 seconds.
Total execution time: 1023.3 seconds.

Running MCMC with 4 parallel chains...

Chain 1 finished in 711.7 seconds.
Chain 2 finished in 813.1 seconds.
Chain 4 finished in 940.0 seconds.
Chain 3 finished in 963.4 seconds.

All 4 chains finished successfully.
Mean chain execution time: 857.0 seconds.
Total execution time: 963.5 seconds.

Running MCMC with 4 parallel chains...

Chain 2 finished in 984.1 seconds.
Chain 3 finished in 986.1 seconds.
Chain 4 finished in 1108.1 seconds.
Chain 1 finished in 1195.0 seconds.

All 4 chains finished successfully.
Mean chain execution time: 1068.3 seconds.
Total execution time: 1195.2 seconds.

Running MCMC with 4 parallel chains...

Chain 4 finished in 721.8 seconds.
Chain 3 finished in 793.4 seconds.
Chain 1 finished in 806.8 seconds.
Chain 2 finished in 828.9 seconds.

All 4 chains finished successfully.
Mean chain execution time: 787.7 seconds.
Total execution time: 829.1 seconds.

Running MCMC with 4 parallel chains...

Chain 4 finished in 494.9 seconds.
Chain 2 finished in 520.1 seconds.
Chain 1 finished in 578.3 seconds.
Chain 3 finished in 579.9 seconds.

All 4 chains finished successfully.
Mean chain execution time: 543.3 seconds.
Total execution time: 580.0 seconds.

Running MCMC with 4 parallel chains...

Chain 2 finished in 791.4 seconds.
Chain 1 finished in 815.5 seconds.
Chain 3 finished in 838.8 seconds.
Chain 4 finished in 867.9 seconds.

All 4 chains finished successfully.
Mean chain execution time: 828.4 seconds.
Total execution time: 868.1 seconds.

Running MCMC with 4 parallel chains...

Chain 2 finished in 618.2 seconds.
Chain 1 finished in 624.5 seconds.
Chain 3 finished in 660.2 seconds.
Chain 4 finished in 684.7 seconds.

All 4 chains finished successfully.
Mean chain execution time: 646.9 seconds.
Total execution time: 686.4 seconds.

Running MCMC with 4 parallel chains...

Chain 2 finished in 983.7 seconds.
Chain 3 finished in 994.8 seconds.
Chain 4 finished in 1079.6 seconds.
Chain 1 finished in 1127.1 seconds.

All 4 chains finished successfully.
Mean chain execution time: 1046.3 seconds.
Total execution time: 1127.3 seconds.

Running MCMC with 4 parallel chains...

Chain 4 finished in 1194.8 seconds.
Chain 2 finished in 1225.3 seconds.
Chain 1 finished in 1241.8 seconds.
Chain 3 finished in 1291.1 seconds.

All 4 chains finished successfully.
Mean chain execution time: 1238.2 seconds.
Total execution time: 1291.2 seconds.

Running MCMC with 4 parallel chains...

Chain 4 finished in 1085.1 seconds.
Chain 3 finished in 1178.8 seconds.
Chain 1 finished in 1185.3 seconds.
Chain 2 finished in 1194.0 seconds.

All 4 chains finished successfully.
Mean chain execution time: 1160.8 seconds.
Total execution time: 1194.2 seconds.

Running MCMC with 4 parallel chains...

Chain 4 finished in 1181.2 seconds.
Chain 3 finished in 1183.7 seconds.
Chain 2 finished in 1304.7 seconds.
Chain 1 finished in 1322.3 seconds.

All 4 chains finished successfully.
Mean chain execution time: 1248.0 seconds.
Total execution time: 1322.5 seconds.

Running MCMC with 4 parallel chains...

Chain 4 finished in 932.9 seconds.
Chain 1 finished in 1080.1 seconds.
Chain 3 finished in 1086.4 seconds.
Chain 2 finished in 1119.0 seconds.

All 4 chains finished successfully.
Mean chain execution time: 1054.6 seconds.
Total execution time: 1119.3 seconds.

Running MCMC with 4 parallel chains...

Chain 1 finished in 1098.1 seconds.
Chain 2 finished in 1184.9 seconds.
Chain 3 finished in 1235.7 seconds.
Chain 4 finished in 1282.6 seconds.

All 4 chains finished successfully.
Mean chain execution time: 1200.3 seconds.
Total execution time: 1282.7 seconds.

Running MCMC with 4 parallel chains...

Chain 3 finished in 829.6 seconds.
Chain 4 finished in 860.9 seconds.
Chain 1 finished in 878.8 seconds.
Chain 2 finished in 883.0 seconds.

All 4 chains finished successfully.
Mean chain execution time: 863.1 seconds.
Total execution time: 883.1 seconds.

Running MCMC with 4 parallel chains...

Chain 1 finished in 615.5 seconds.
Chain 4 finished in 618.5 seconds.
Chain 3 finished in 636.4 seconds.
Chain 2 finished in 647.2 seconds.

All 4 chains finished successfully.
Mean chain execution time: 629.4 seconds.
Total execution time: 647.4 seconds.

Running MCMC with 4 parallel chains...

Chain 1 finished in 830.9 seconds.
Chain 2 finished in 914.2 seconds.
Chain 3 finished in 933.6 seconds.
Chain 4 finished in 935.2 seconds.

All 4 chains finished successfully.
Mean chain execution time: 903.5 seconds.
Total execution time: 935.4 seconds.

Running MCMC with 4 parallel chains...

Chain 3 finished in 726.5 seconds.
Chain 2 finished in 761.4 seconds.
Chain 1 finished in 837.8 seconds.
Chain 4 finished in 875.1 seconds.

All 4 chains finished successfully.
Mean chain execution time: 800.2 seconds.
Total execution time: 875.2 seconds.

Running MCMC with 4 parallel chains...

Chain 4 finished in 1129.9 seconds.
Chain 1 finished in 1197.9 seconds.
Chain 2 finished in 1220.2 seconds.
Chain 3 finished in 1274.5 seconds.

All 4 chains finished successfully.
Mean chain execution time: 1205.6 seconds.
Total execution time: 1274.6 seconds.

Running MCMC with 4 parallel chains...

Chain 1 finished in 918.8 seconds.
Chain 2 finished in 1004.1 seconds.
Chain 4 finished in 1056.1 seconds.
Chain 3 finished in 1083.2 seconds.

All 4 chains finished successfully.
Mean chain execution time: 1015.5 seconds.
Total execution time: 1083.3 seconds.

Running MCMC with 4 parallel chains...

Chain 4 finished in 1158.5 seconds.
Chain 1 finished in 1176.6 seconds.
Chain 2 finished in 1188.5 seconds.
Chain 3 finished in 1217.7 seconds.

All 4 chains finished successfully.
Mean chain execution time: 1185.3 seconds.
Total execution time: 1217.9 seconds.

Running MCMC with 4 parallel chains...

Chain 1 finished in 951.9 seconds.
Chain 2 finished in 1078.6 seconds.
Chain 4 finished in 1182.9 seconds.
Chain 3 finished in 1189.1 seconds.

All 4 chains finished successfully.
Mean chain execution time: 1100.6 seconds.
Total execution time: 1189.3 seconds.

Running MCMC with 4 parallel chains...

Chain 3 finished in 818.0 seconds.
Chain 2 finished in 824.1 seconds.
Chain 1 finished in 839.8 seconds.
Chain 4 finished in 850.4 seconds.

All 4 chains finished successfully.
Mean chain execution time: 833.1 seconds.
Total execution time: 850.6 seconds.

Running MCMC with 4 parallel chains...

Chain 2 finished in 1210.2 seconds.
Chain 1 finished in 1239.7 seconds.
Chain 3 finished in 1291.5 seconds.
Chain 4 finished in 1291.6 seconds.

All 4 chains finished successfully.
Mean chain execution time: 1258.2 seconds.
Total execution time: 1291.8 seconds.

Running MCMC with 4 parallel chains...

Chain 1 finished in 1133.0 seconds.
Chain 4 finished in 1147.0 seconds.
Chain 2 finished in 1183.9 seconds.
Chain 3 finished in 1209.6 seconds.

All 4 chains finished successfully.
Mean chain execution time: 1168.4 seconds.
Total execution time: 1209.8 seconds.

Running MCMC with 4 parallel chains...

Chain 2 finished in 1334.7 seconds.
Chain 3 finished in 1349.1 seconds.
Chain 4 finished in 1349.3 seconds.
Chain 1 finished in 1370.2 seconds.

All 4 chains finished successfully.
Mean chain execution time: 1350.8 seconds.
Total execution time: 1370.3 seconds.

Running MCMC with 4 parallel chains...

Chain 2 finished in 1097.1 seconds.
Chain 1 finished in 1199.6 seconds.
Chain 4 finished in 1289.2 seconds.
Chain 3 finished in 1336.3 seconds.

All 4 chains finished successfully.
Mean chain execution time: 1230.5 seconds.
Total execution time: 1336.4 seconds.

Running MCMC with 4 parallel chains...

Chain 3 finished in 868.5 seconds.
Chain 1 finished in 943.3 seconds.
Chain 4 finished in 946.1 seconds.
Chain 2 finished in 983.5 seconds.

All 4 chains finished successfully.
Mean chain execution time: 935.3 seconds.
Total execution time: 983.6 seconds.

Running MCMC with 4 parallel chains...

