[2026-03-30 19:33:11] [INFO] - 项目根目录: /public/home/acf4pijnzl/WDP
[2026-03-30 19:33:11] [INFO] - 开始处理任务 0
[2026-03-30 19:33:11] [INFO] - 处理疾病: F01
[1] "EQI"          "EQI_Air"      "EQI_Water"    "EQI_Land"     "EQI_Built"   
[6] "EQI_Social"   "Smoking_Rate" "State_FIPS"  
Running MCMC with 4 parallel chains...

Chain 1 finished in 380.2 seconds.
Chain 2 finished in 389.3 seconds.
Chain 4 finished in 412.8 seconds.
Chain 3 finished in 431.2 seconds.

All 4 chains finished successfully.
Mean chain execution time: 403.4 seconds.
Total execution time: 431.6 seconds.

Running MCMC with 4 parallel chains...

Chain 3 finished in 350.7 seconds.
Chain 4 finished in 353.5 seconds.
Chain 2 finished in 384.3 seconds.
Chain 1 finished in 393.0 seconds.

All 4 chains finished successfully.
Mean chain execution time: 370.4 seconds.
Total execution time: 393.1 seconds.

Running MCMC with 4 parallel chains...

Chain 4 finished in 363.6 seconds.
Chain 1 finished in 364.0 seconds.
Chain 3 finished in 380.7 seconds.
Chain 2 finished in 390.7 seconds.

All 4 chains finished successfully.
Mean chain execution time: 374.7 seconds.
Total execution time: 390.8 seconds.

[2026-03-30 19:54:17] [INFO] - ✅ 完成: Cancer=F01
[2026-03-30 19:54:17] [INFO] - 输出目录: Result/brms_MRR_lag/
