[2026-05-04 21:07:37] [INFO] - 项目根目录: /public/home/acf4pijnzl/WDP
[2026-05-04 21:07:37] [INFO] - 开始处理任务 7
[2026-05-04 21:07:37] [INFO] - 处理outcome: J45
[1] "EQI"          "EQI_Air"      "EQI_Water"    "EQI_Land"     "EQI_Built"   
[6] "EQI_Social"   "Smoking_Rate" "State_FIPS"  
Running MCMC with 4 parallel chains...

Chain 2 finished in 646.3 seconds.
Chain 3 finished in 660.7 seconds.
Chain 1 finished in 675.5 seconds.
Chain 4 finished in 681.7 seconds.

All 4 chains finished successfully.
Mean chain execution time: 666.0 seconds.
Total execution time: 682.0 seconds.

Running MCMC with 4 parallel chains...

Chain 2 finished in 908.7 seconds.
Chain 3 finished in 927.6 seconds.
Chain 4 finished in 999.1 seconds.
Chain 1 finished in 1060.8 seconds.

All 4 chains finished successfully.
Mean chain execution time: 974.1 seconds.
Total execution time: 1060.9 seconds.

Running MCMC with 4 parallel chains...

Chain 3 finished in 247.6 seconds.
Chain 1 finished in 254.6 seconds.
Chain 4 finished in 255.2 seconds.
Chain 2 finished in 271.1 seconds.

All 4 chains finished successfully.
Mean chain execution time: 257.1 seconds.
Total execution time: 271.2 seconds.

Running MCMC with 4 parallel chains...

Chain 3 finished in 314.0 seconds.
Chain 1 finished in 324.2 seconds.
Chain 2 finished in 334.6 seconds.
Chain 4 finished in 341.1 seconds.

All 4 chains finished successfully.
Mean chain execution time: 328.5 seconds.
Total execution time: 341.2 seconds.

Running MCMC with 4 parallel chains...

Chain 2 finished in 64.0 seconds.
Chain 4 finished in 64.6 seconds.
Chain 1 finished in 65.4 seconds.
Chain 3 finished in 73.0 seconds.

All 4 chains finished successfully.
Mean chain execution time: 66.8 seconds.
Total execution time: 73.1 seconds.

Running MCMC with 4 parallel chains...

Chain 1 finished in 88.8 seconds.
Chain 2 finished in 90.6 seconds.
Chain 4 finished in 91.3 seconds.
Chain 3 finished in 93.5 seconds.

All 4 chains finished successfully.
Mean chain execution time: 91.1 seconds.
Total execution time: 93.7 seconds.

Running MCMC with 4 parallel chains...

Chain 4 finished in 225.3 seconds.
Chain 2 finished in 226.3 seconds.
Chain 3 finished in 232.3 seconds.
Chain 1 finished in 234.3 seconds.

All 4 chains finished successfully.
Mean chain execution time: 229.6 seconds.
Total execution time: 234.4 seconds.

Running MCMC with 4 parallel chains...

Chain 4 finished in 250.2 seconds.
Chain 2 finished in 257.5 seconds.
Chain 1 finished in 261.8 seconds.
Chain 3 finished in 267.7 seconds.

All 4 chains finished successfully.
Mean chain execution time: 259.3 seconds.
Total execution time: 267.8 seconds.

Running MCMC with 4 parallel chains...

Chain 4 finished in 114.8 seconds.
Chain 2 finished in 117.1 seconds.
Chain 1 finished in 117.7 seconds.
Chain 3 finished in 118.9 seconds.

All 4 chains finished successfully.
Mean chain execution time: 117.1 seconds.
Total execution time: 119.0 seconds.

Running MCMC with 4 parallel chains...

Chain 3 finished in 138.3 seconds.
Chain 1 finished in 138.7 seconds.
Chain 4 finished in 144.1 seconds.
Chain 2 finished in 148.0 seconds.

All 4 chains finished successfully.
Mean chain execution time: 142.3 seconds.
Total execution time: 148.1 seconds.

Running MCMC with 4 parallel chains...

Chain 2 finished in 644.4 seconds.
Chain 3 finished in 656.7 seconds.
Chain 4 finished in 678.6 seconds.
Chain 1 finished in 682.4 seconds.

All 4 chains finished successfully.
Mean chain execution time: 665.5 seconds.
Total execution time: 682.5 seconds.

Running MCMC with 4 parallel chains...

Chain 2 finished in 792.5 seconds.
Chain 3 finished in 846.8 seconds.
Chain 4 finished in 857.5 seconds.
Chain 1 finished in 863.7 seconds.

All 4 chains finished successfully.
Mean chain execution time: 840.1 seconds.
Total execution time: 863.8 seconds.

Running MCMC with 4 parallel chains...

Chain 3 finished in 259.0 seconds.
Chain 4 finished in 268.4 seconds.
Chain 2 finished in 271.5 seconds.
Chain 1 finished in 274.0 seconds.

All 4 chains finished successfully.
Mean chain execution time: 268.2 seconds.
Total execution time: 274.2 seconds.

Running MCMC with 4 parallel chains...

Chain 1 finished in 321.6 seconds.
Chain 4 finished in 333.3 seconds.
Chain 2 finished in 348.7 seconds.
Chain 3 finished in 353.6 seconds.

All 4 chains finished successfully.
Mean chain execution time: 339.3 seconds.
Total execution time: 353.7 seconds.

Running MCMC with 4 parallel chains...

Chain 1 finished in 62.5 seconds.
Chain 4 finished in 62.8 seconds.
Chain 3 finished in 64.0 seconds.
Chain 2 finished in 65.6 seconds.

All 4 chains finished successfully.
Mean chain execution time: 63.7 seconds.
Total execution time: 65.7 seconds.

Running MCMC with 4 parallel chains...

Chain 1 finished in 85.8 seconds.
Chain 4 finished in 89.2 seconds.
Chain 2 finished in 91.8 seconds.
Chain 3 finished in 93.3 seconds.

All 4 chains finished successfully.
Mean chain execution time: 90.0 seconds.
Total execution time: 93.4 seconds.

Running MCMC with 4 parallel chains...

Chain 4 finished in 202.5 seconds.
Chain 1 finished in 207.2 seconds.
Chain 2 finished in 211.3 seconds.
Chain 3 finished in 226.2 seconds.

All 4 chains finished successfully.
Mean chain execution time: 211.8 seconds.
Total execution time: 226.5 seconds.

Running MCMC with 4 parallel chains...

Chain 1 finished in 253.6 seconds.
Chain 3 finished in 263.3 seconds.
Chain 2 finished in 264.1 seconds.
Chain 4 finished in 268.1 seconds.

All 4 chains finished successfully.
Mean chain execution time: 262.3 seconds.
Total execution time: 268.3 seconds.

Running MCMC with 4 parallel chains...

Chain 4 finished in 110.4 seconds.
Chain 3 finished in 117.7 seconds.
Chain 2 finished in 121.5 seconds.
Chain 1 finished in 136.0 seconds.

All 4 chains finished successfully.
Mean chain execution time: 121.4 seconds.
Total execution time: 136.1 seconds.

Running MCMC with 4 parallel chains...

Chain 2 finished in 144.4 seconds.
Chain 4 finished in 145.2 seconds.
Chain 1 finished in 149.5 seconds.
Chain 3 finished in 158.9 seconds.

All 4 chains finished successfully.
Mean chain execution time: 149.5 seconds.
Total execution time: 159.1 seconds.

Running MCMC with 4 parallel chains...

Chain 2 finished in 604.1 seconds.
Chain 4 finished in 650.6 seconds.
Chain 3 finished in 652.4 seconds.
Chain 1 finished in 701.1 seconds.

All 4 chains finished successfully.
Mean chain execution time: 652.1 seconds.
Total execution time: 701.2 seconds.

Running MCMC with 4 parallel chains...

Chain 2 finished in 739.5 seconds.
Chain 3 finished in 880.1 seconds.
Chain 4 finished in 913.5 seconds.
Chain 1 finished in 924.7 seconds.

All 4 chains finished successfully.
Mean chain execution time: 864.4 seconds.
Total execution time: 924.9 seconds.

Running MCMC with 4 parallel chains...

Chain 2 finished in 244.9 seconds.
Chain 3 finished in 247.6 seconds.
Chain 4 finished in 247.5 seconds.
Chain 1 finished in 252.4 seconds.

All 4 chains finished successfully.
Mean chain execution time: 248.1 seconds.
Total execution time: 252.5 seconds.

Running MCMC with 4 parallel chains...

Chain 4 finished in 304.7 seconds.
Chain 1 finished in 331.9 seconds.
Chain 2 finished in 341.8 seconds.
Chain 3 finished in 363.4 seconds.

All 4 chains finished successfully.
Mean chain execution time: 335.4 seconds.
Total execution time: 363.5 seconds.

Running MCMC with 4 parallel chains...

Chain 3 finished in 58.9 seconds.
Chain 4 finished in 60.1 seconds.
Chain 2 finished in 62.8 seconds.
Chain 1 finished in 63.1 seconds.

All 4 chains finished successfully.
Mean chain execution time: 61.2 seconds.
Total execution time: 63.2 seconds.

Running MCMC with 4 parallel chains...

Chain 2 finished in 84.4 seconds.
Chain 4 finished in 84.7 seconds.
Chain 3 finished in 90.1 seconds.
Chain 1 finished in 92.6 seconds.

All 4 chains finished successfully.
Mean chain execution time: 87.9 seconds.
Total execution time: 92.7 seconds.

Running MCMC with 4 parallel chains...

Chain 1 finished in 190.9 seconds.
Chain 4 finished in 215.4 seconds.
Chain 2 finished in 220.4 seconds.
Chain 3 finished in 225.2 seconds.

All 4 chains finished successfully.
Mean chain execution time: 213.0 seconds.
Total execution time: 225.4 seconds.

Running MCMC with 4 parallel chains...

Chain 1 finished in 244.9 seconds.
Chain 4 finished in 249.9 seconds.
Chain 2 finished in 259.2 seconds.
Chain 3 finished in 280.6 seconds.

All 4 chains finished successfully.
Mean chain execution time: 258.6 seconds.
Total execution time: 280.7 seconds.

Running MCMC with 4 parallel chains...

Chain 3 finished in 111.9 seconds.
Chain 4 finished in 112.0 seconds.
Chain 2 finished in 116.0 seconds.
Chain 1 finished in 117.2 seconds.

All 4 chains finished successfully.
Mean chain execution time: 114.3 seconds.
Total execution time: 117.3 seconds.

Running MCMC with 4 parallel chains...

Chain 3 finished in 141.2 seconds.
Chain 1 finished in 143.3 seconds.
Chain 2 finished in 143.4 seconds.
Chain 4 finished in 145.5 seconds.

All 4 chains finished successfully.
Mean chain execution time: 143.4 seconds.
Total execution time: 145.6 seconds.

Running MCMC with 4 parallel chains...

Chain 2 finished in 557.4 seconds.
Chain 4 finished in 568.4 seconds.
Chain 1 finished in 604.8 seconds.
Chain 3 finished in 627.7 seconds.

All 4 chains finished successfully.
Mean chain execution time: 589.6 seconds.
Total execution time: 627.8 seconds.

Running MCMC with 4 parallel chains...

Chain 2 finished in 709.6 seconds.
Chain 1 finished in 771.0 seconds.
Chain 3 finished in 783.8 seconds.
Chain 4 finished in 796.1 seconds.

All 4 chains finished successfully.
Mean chain execution time: 765.1 seconds.
Total execution time: 796.3 seconds.

Running MCMC with 4 parallel chains...

Chain 1 finished in 230.5 seconds.
Chain 4 finished in 234.5 seconds.
Chain 3 finished in 246.7 seconds.
Chain 2 finished in 253.4 seconds.

All 4 chains finished successfully.
Mean chain execution time: 241.3 seconds.
Total execution time: 253.5 seconds.

Running MCMC with 4 parallel chains...

Chain 2 finished in 294.5 seconds.
Chain 4 finished in 296.0 seconds.
Chain 3 finished in 308.2 seconds.
Chain 1 finished in 312.2 seconds.

All 4 chains finished successfully.
Mean chain execution time: 302.7 seconds.
Total execution time: 312.3 seconds.

Running MCMC with 4 parallel chains...

Chain 2 finished in 54.2 seconds.
Chain 4 finished in 54.9 seconds.
Chain 1 finished in 55.3 seconds.
Chain 3 finished in 57.6 seconds.

All 4 chains finished successfully.
Mean chain execution time: 55.5 seconds.
Total execution time: 57.7 seconds.

Running MCMC with 4 parallel chains...

Chain 3 finished in 69.5 seconds.
Chain 1 finished in 78.0 seconds.
Chain 2 finished in 78.3 seconds.
Chain 4 finished in 87.2 seconds.

All 4 chains finished successfully.
Mean chain execution time: 78.2 seconds.
Total execution time: 87.4 seconds.

Running MCMC with 4 parallel chains...

Chain 1 finished in 196.5 seconds.
Chain 2 finished in 204.2 seconds.
Chain 3 finished in 209.4 seconds.
Chain 4 finished in 232.7 seconds.

All 4 chains finished successfully.
Mean chain execution time: 210.7 seconds.
Total execution time: 232.9 seconds.

Running MCMC with 4 parallel chains...

Chain 1 finished in 248.0 seconds.
Chain 4 finished in 251.3 seconds.
Chain 2 finished in 254.8 seconds.
Chain 3 finished in 260.2 seconds.

All 4 chains finished successfully.
Mean chain execution time: 253.6 seconds.
Total execution time: 260.3 seconds.

Running MCMC with 4 parallel chains...

Chain 3 finished in 102.4 seconds.
Chain 4 finished in 107.3 seconds.
Chain 1 finished in 109.4 seconds.
Chain 2 finished in 109.3 seconds.

All 4 chains finished successfully.
Mean chain execution time: 107.1 seconds.
Total execution time: 109.4 seconds.

Running MCMC with 4 parallel chains...

Chain 4 finished in 130.0 seconds.
Chain 1 finished in 131.9 seconds.
Chain 2 finished in 132.6 seconds.
Chain 3 finished in 144.3 seconds.

All 4 chains finished successfully.
Mean chain execution time: 134.7 seconds.
Total execution time: 144.4 seconds.

Running MCMC with 4 parallel chains...

Chain 1 finished in 606.5 seconds.
Chain 4 finished in 620.7 seconds.
Chain 2 finished in 631.7 seconds.
Chain 3 finished in 674.8 seconds.

All 4 chains finished successfully.
Mean chain execution time: 633.4 seconds.
Total execution time: 675.0 seconds.

Running MCMC with 4 parallel chains...

Chain 2 finished in 693.2 seconds.
Chain 3 finished in 797.0 seconds.
Chain 1 finished in 879.5 seconds.
Chain 4 finished in 912.1 seconds.

All 4 chains finished successfully.
Mean chain execution time: 820.4 seconds.
Total execution time: 912.3 seconds.

Running MCMC with 4 parallel chains...

Chain 3 finished in 258.3 seconds.
Chain 1 finished in 263.4 seconds.
Chain 4 finished in 272.8 seconds.
Chain 2 finished in 273.4 seconds.

All 4 chains finished successfully.
Mean chain execution time: 267.0 seconds.
Total execution time: 273.5 seconds.

Running MCMC with 4 parallel chains...

Chain 4 finished in 309.6 seconds.
Chain 2 finished in 325.5 seconds.
Chain 3 finished in 332.5 seconds.
Chain 1 finished in 341.2 seconds.

All 4 chains finished successfully.
Mean chain execution time: 327.2 seconds.
Total execution time: 341.3 seconds.

Running MCMC with 4 parallel chains...

Chain 1 finished in 53.5 seconds.
Chain 2 finished in 53.9 seconds.
Chain 3 finished in 56.8 seconds.
Chain 4 finished in 60.9 seconds.

All 4 chains finished successfully.
Mean chain execution time: 56.3 seconds.
Total execution time: 61.1 seconds.

Running MCMC with 4 parallel chains...

Chain 1 finished in 60.3 seconds.
Chain 4 finished in 63.7 seconds.
Chain 3 finished in 67.5 seconds.
Chain 2 finished in 69.3 seconds.

All 4 chains finished successfully.
Mean chain execution time: 65.2 seconds.
Total execution time: 69.4 seconds.

Running MCMC with 4 parallel chains...

Chain 1 finished in 182.5 seconds.
Chain 4 finished in 193.6 seconds.
Chain 3 finished in 216.3 seconds.
Chain 2 finished in 217.7 seconds.

All 4 chains finished successfully.
Mean chain execution time: 202.5 seconds.
Total execution time: 217.9 seconds.

Running MCMC with 4 parallel chains...

Chain 2 finished in 228.5 seconds.
Chain 4 finished in 233.9 seconds.
Chain 1 finished in 240.9 seconds.
Chain 3 finished in 245.4 seconds.

All 4 chains finished successfully.
Mean chain execution time: 237.2 seconds.
Total execution time: 245.5 seconds.

Running MCMC with 4 parallel chains...

Chain 2 finished in 108.7 seconds.
Chain 4 finished in 108.8 seconds.
Chain 1 finished in 109.4 seconds.
Chain 3 finished in 109.9 seconds.

All 4 chains finished successfully.
Mean chain execution time: 109.2 seconds.
Total execution time: 110.0 seconds.

Running MCMC with 4 parallel chains...

Chain 3 finished in 131.7 seconds.
Chain 1 finished in 134.9 seconds.
Chain 2 finished in 137.5 seconds.
Chain 4 finished in 137.8 seconds.

All 4 chains finished successfully.
Mean chain execution time: 135.5 seconds.
Total execution time: 137.9 seconds.

Running MCMC with 4 parallel chains...

Chain 2 finished in 656.9 seconds.
Chain 3 finished in 667.0 seconds.
Chain 4 finished in 669.3 seconds.
Chain 1 finished in 706.1 seconds.

All 4 chains finished successfully.
Mean chain execution time: 674.8 seconds.
Total execution time: 706.2 seconds.

Running MCMC with 4 parallel chains...

Chain 3 finished in 820.6 seconds.
Chain 2 finished in 834.6 seconds.
Chain 4 finished in 955.6 seconds.
Chain 1 finished in 971.8 seconds.

All 4 chains finished successfully.
Mean chain execution time: 895.6 seconds.
Total execution time: 971.8 seconds.

Running MCMC with 4 parallel chains...

Chain 2 finished in 256.3 seconds.
Chain 3 finished in 256.8 seconds.
Chain 4 finished in 271.1 seconds.
Chain 1 finished in 273.8 seconds.

All 4 chains finished successfully.
Mean chain execution time: 264.5 seconds.
Total execution time: 273.9 seconds.

Running MCMC with 4 parallel chains...

Chain 4 finished in 320.1 seconds.
Chain 3 finished in 330.2 seconds.
Chain 1 finished in 339.3 seconds.
Chain 2 finished in 348.1 seconds.

All 4 chains finished successfully.
Mean chain execution time: 334.4 seconds.
Total execution time: 348.2 seconds.

Running MCMC with 4 parallel chains...

Chain 1 finished in 54.6 seconds.
Chain 3 finished in 58.3 seconds.
Chain 2 finished in 61.8 seconds.
Chain 4 finished in 62.1 seconds.

All 4 chains finished successfully.
Mean chain execution time: 59.2 seconds.
Total execution time: 62.2 seconds.

Running MCMC with 4 parallel chains...

Chain 1 finished in 67.6 seconds.
Chain 4 finished in 68.0 seconds.
Chain 3 finished in 68.5 seconds.
Chain 2 finished in 72.2 seconds.

All 4 chains finished successfully.
Mean chain execution time: 69.1 seconds.
Total execution time: 72.3 seconds.

Running MCMC with 4 parallel chains...

Chain 1 finished in 192.3 seconds.
Chain 2 finished in 197.0 seconds.
Chain 3 finished in 197.3 seconds.
Chain 4 finished in 200.5 seconds.

All 4 chains finished successfully.
Mean chain execution time: 196.8 seconds.
Total execution time: 200.6 seconds.

Running MCMC with 4 parallel chains...

Chain 1 finished in 227.2 seconds.
Chain 2 finished in 228.6 seconds.
Chain 3 finished in 229.7 seconds.
Chain 4 finished in 247.0 seconds.

All 4 chains finished successfully.
Mean chain execution time: 233.1 seconds.
Total execution time: 247.1 seconds.

Running MCMC with 4 parallel chains...

Chain 4 finished in 104.4 seconds.
Chain 1 finished in 104.9 seconds.
Chain 3 finished in 108.5 seconds.
Chain 2 finished in 113.4 seconds.

All 4 chains finished successfully.
Mean chain execution time: 107.8 seconds.
Total execution time: 113.5 seconds.

Running MCMC with 4 parallel chains...

Chain 4 finished in 128.3 seconds.
Chain 1 finished in 134.7 seconds.
Chain 2 finished in 136.4 seconds.
Chain 3 finished in 142.8 seconds.

All 4 chains finished successfully.
Mean chain execution time: 135.5 seconds.
Total execution time: 143.0 seconds.

Running MCMC with 4 parallel chains...

Chain 2 finished in 610.3 seconds.
Chain 4 finished in 624.2 seconds.
Chain 1 finished in 657.9 seconds.
Chain 3 finished in 660.4 seconds.

All 4 chains finished successfully.
Mean chain execution time: 638.2 seconds.
Total execution time: 660.5 seconds.

Running MCMC with 4 parallel chains...

Chain 1 finished in 742.4 seconds.
Chain 2 finished in 759.4 seconds.
Chain 3 finished in 797.0 seconds.
Chain 4 finished in 907.6 seconds.

All 4 chains finished successfully.
Mean chain execution time: 801.6 seconds.
Total execution time: 907.9 seconds.

Running MCMC with 4 parallel chains...

Chain 3 finished in 230.6 seconds.
Chain 2 finished in 232.4 seconds.
Chain 4 finished in 235.7 seconds.
Chain 1 finished in 253.7 seconds.

All 4 chains finished successfully.
Mean chain execution time: 238.1 seconds.
Total execution time: 253.9 seconds.

Running MCMC with 4 parallel chains...

Chain 1 finished in 303.6 seconds.
Chain 4 finished in 307.8 seconds.
Chain 3 finished in 308.6 seconds.
Chain 2 finished in 315.8 seconds.

All 4 chains finished successfully.
Mean chain execution time: 309.0 seconds.
Total execution time: 316.0 seconds.

Running MCMC with 4 parallel chains...

Chain 2 finished in 48.5 seconds.
Chain 1 finished in 49.9 seconds.
Chain 4 finished in 50.1 seconds.
Chain 3 finished in 52.2 seconds.

All 4 chains finished successfully.
Mean chain execution time: 50.2 seconds.
Total execution time: 52.3 seconds.

Running MCMC with 4 parallel chains...

Chain 3 finished in 56.9 seconds.
Chain 1 finished in 57.9 seconds.
Chain 4 finished in 60.7 seconds.
Chain 2 finished in 65.2 seconds.

All 4 chains finished successfully.
Mean chain execution time: 60.2 seconds.
Total execution time: 65.4 seconds.

Running MCMC with 4 parallel chains...

Chain 4 finished in 195.5 seconds.
Chain 3 finished in 197.2 seconds.
Chain 1 finished in 198.2 seconds.
Chain 2 finished in 205.7 seconds.

All 4 chains finished successfully.
Mean chain execution time: 199.1 seconds.
Total execution time: 205.7 seconds.

Running MCMC with 4 parallel chains...

Chain 1 finished in 235.0 seconds.
Chain 2 finished in 261.2 seconds.
Chain 3 finished in 261.8 seconds.
Chain 4 finished in 271.7 seconds.

All 4 chains finished successfully.
Mean chain execution time: 257.4 seconds.
Total execution time: 271.9 seconds.

Running MCMC with 4 parallel chains...

Chain 4 finished in 106.0 seconds.
Chain 2 finished in 107.0 seconds.
Chain 1 finished in 115.8 seconds.
Chain 3 finished in 117.1 seconds.

All 4 chains finished successfully.
Mean chain execution time: 111.5 seconds.
Total execution time: 117.2 seconds.

Running MCMC with 4 parallel chains...

Chain 1 finished in 120.1 seconds.
Chain 2 finished in 127.7 seconds.
Chain 3 finished in 130.6 seconds.
Chain 4 finished in 131.4 seconds.

All 4 chains finished successfully.
Mean chain execution time: 127.5 seconds.
Total execution time: 131.6 seconds.

[2026-05-05 03:12:01] [INFO] - ✅ 完成: Outcome=J45
