[2025-10-17 00:09:43] [INFO] - 项目根目录: /public/home/acf4pijnzl/WDP
[2025-10-17 00:09:43] [INFO] - 开始处理任务 9
[2025-10-17 00:09:43] [INFO] - 处理癌症类型: C61
[1] "EQI"          "EQI_Air"      "EQI_Water"    "EQI_Land"     "EQI_Built"   
[6] "EQI_Social"   "Smoking_Rate" "State_FIPS"   "Cluster"     
Running MCMC with 4 parallel chains...

Chain 3 finished in 75.5 seconds.
Chain 1 finished in 75.7 seconds.
Chain 2 finished in 79.9 seconds.
Chain 4 finished in 96.7 seconds.

All 4 chains finished successfully.
Mean chain execution time: 81.9 seconds.
Total execution time: 96.9 seconds.

Running MCMC with 4 parallel chains...

Chain 4 finished in 89.8 seconds.
Chain 3 finished in 102.1 seconds.
Chain 2 finished in 103.0 seconds.
Chain 1 finished in 111.3 seconds.

All 4 chains finished successfully.
Mean chain execution time: 101.5 seconds.
Total execution time: 111.3 seconds.

Running MCMC with 4 parallel chains...

Chain 1 finished in 78.6 seconds.
Chain 2 finished in 91.8 seconds.
Chain 3 finished in 104.7 seconds.
Chain 4 finished in 110.3 seconds.

All 4 chains finished successfully.
Mean chain execution time: 96.4 seconds.
Total execution time: 110.4 seconds.

Running MCMC with 4 parallel chains...

Chain 3 finished in 94.4 seconds.
Chain 1 finished in 109.6 seconds.
Chain 2 finished in 109.7 seconds.
Chain 4 finished in 112.4 seconds.

All 4 chains finished successfully.
Mean chain execution time: 106.5 seconds.
Total execution time: 112.5 seconds.

Running MCMC with 4 parallel chains...

Chain 2 finished in 90.2 seconds.
Chain 3 finished in 94.5 seconds.
Chain 1 finished in 95.1 seconds.
Chain 4 finished in 101.8 seconds.

All 4 chains finished successfully.
Mean chain execution time: 95.4 seconds.
Total execution time: 101.9 seconds.

Running MCMC with 4 parallel chains...

Chain 2 finished in 86.1 seconds.
Chain 3 finished in 98.6 seconds.
Chain 4 finished in 102.8 seconds.
Chain 1 finished in 121.7 seconds.

All 4 chains finished successfully.
Mean chain execution time: 102.3 seconds.
Total execution time: 121.7 seconds.

Running MCMC with 4 parallel chains...

Chain 1 finished in 67.2 seconds.
Chain 3 finished in 69.1 seconds.
Chain 2 finished in 72.2 seconds.
Chain 4 finished in 80.0 seconds.

All 4 chains finished successfully.
Mean chain execution time: 72.1 seconds.
Total execution time: 80.2 seconds.

Running MCMC with 4 parallel chains...

Chain 3 finished in 85.4 seconds.
Chain 2 finished in 87.8 seconds.
Chain 1 finished in 106.6 seconds.
Chain 4 finished in 111.8 seconds.

All 4 chains finished successfully.
Mean chain execution time: 97.9 seconds.
Total execution time: 112.0 seconds.

Running MCMC with 4 parallel chains...

Chain 1 finished in 73.6 seconds.
Chain 3 finished in 74.6 seconds.
Chain 2 finished in 79.8 seconds.
Chain 4 finished in 80.8 seconds.

All 4 chains finished successfully.
Mean chain execution time: 77.2 seconds.
Total execution time: 80.9 seconds.

Running MCMC with 4 parallel chains...

Chain 1 finished in 107.8 seconds.
Chain 3 finished in 108.0 seconds.
Chain 4 finished in 107.9 seconds.
Chain 2 finished in 121.5 seconds.

All 4 chains finished successfully.
Mean chain execution time: 111.3 seconds.
Total execution time: 121.6 seconds.

Running MCMC with 4 parallel chains...

Chain 1 finished in 77.6 seconds.
Chain 3 finished in 78.9 seconds.
Chain 4 finished in 80.6 seconds.
Chain 2 finished in 82.6 seconds.

All 4 chains finished successfully.
Mean chain execution time: 79.9 seconds.
Total execution time: 82.7 seconds.

Running MCMC with 4 parallel chains...

Chain 4 finished in 105.0 seconds.
Chain 1 finished in 109.0 seconds.
Chain 3 finished in 109.6 seconds.
Chain 2 finished in 123.7 seconds.

All 4 chains finished successfully.
Mean chain execution time: 111.8 seconds.
Total execution time: 123.8 seconds.

Running MCMC with 4 parallel chains...

Chain 3 finished in 71.4 seconds.
Chain 1 finished in 76.8 seconds.
Chain 2 finished in 83.9 seconds.
Chain 4 finished in 89.9 seconds.

All 4 chains finished successfully.
Mean chain execution time: 80.5 seconds.
Total execution time: 90.0 seconds.

Running MCMC with 4 parallel chains...

Chain 2 finished in 94.7 seconds.
Chain 1 finished in 100.7 seconds.
Chain 4 finished in 101.6 seconds.
Chain 3 finished in 114.5 seconds.

All 4 chains finished successfully.
Mean chain execution time: 102.9 seconds.
Total execution time: 114.6 seconds.

Running MCMC with 4 parallel chains...

Chain 1 finished in 75.4 seconds.
Chain 2 finished in 82.0 seconds.
Chain 3 finished in 82.7 seconds.
Chain 4 finished in 84.3 seconds.

All 4 chains finished successfully.
Mean chain execution time: 81.1 seconds.
Total execution time: 84.4 seconds.

Running MCMC with 4 parallel chains...

Chain 4 finished in 95.6 seconds.
Chain 1 finished in 98.4 seconds.
Chain 2 finished in 101.8 seconds.
Chain 3 finished in 103.3 seconds.

All 4 chains finished successfully.
Mean chain execution time: 99.8 seconds.
Total execution time: 103.4 seconds.

Running MCMC with 4 parallel chains...

Chain 1 finished in 184.9 seconds.
Chain 2 finished in 186.2 seconds.
Chain 4 finished in 191.8 seconds.
Chain 3 finished in 193.1 seconds.

All 4 chains finished successfully.
Mean chain execution time: 189.0 seconds.
Total execution time: 193.2 seconds.

Running MCMC with 4 parallel chains...

Chain 1 finished in 458.9 seconds.
Chain 4 finished in 520.9 seconds.
Chain 2 finished in 529.1 seconds.
Chain 3 finished in 531.1 seconds.

All 4 chains finished successfully.
Mean chain execution time: 510.0 seconds.
Total execution time: 531.2 seconds.

Running MCMC with 4 parallel chains...

Chain 3 finished in 189.7 seconds.
Chain 4 finished in 190.7 seconds.
Chain 1 finished in 191.2 seconds.
Chain 2 finished in 197.2 seconds.

All 4 chains finished successfully.
Mean chain execution time: 192.2 seconds.
Total execution time: 197.3 seconds.

Running MCMC with 4 parallel chains...

Chain 3 finished in 512.8 seconds.
Chain 4 finished in 521.2 seconds.
Chain 1 finished in 534.1 seconds.
Chain 2 finished in 549.9 seconds.

All 4 chains finished successfully.
Mean chain execution time: 529.5 seconds.
Total execution time: 550.1 seconds.

Running MCMC with 4 parallel chains...

Chain 3 finished in 169.8 seconds.
Chain 1 finished in 171.2 seconds.
Chain 4 finished in 174.5 seconds.
Chain 2 finished in 178.3 seconds.

All 4 chains finished successfully.
Mean chain execution time: 173.5 seconds.
Total execution time: 178.4 seconds.

Running MCMC with 4 parallel chains...

Chain 4 finished in 251.0 seconds.
Chain 3 finished in 263.4 seconds.
Chain 2 finished in 267.5 seconds.
Chain 1 finished in 278.4 seconds.

All 4 chains finished successfully.
Mean chain execution time: 265.1 seconds.
Total execution time: 278.4 seconds.

Running MCMC with 4 parallel chains...

Chain 4 finished in 172.4 seconds.
Chain 3 finished in 172.9 seconds.
Chain 2 finished in 178.5 seconds.
Chain 1 finished in 186.8 seconds.

All 4 chains finished successfully.
Mean chain execution time: 177.7 seconds.
Total execution time: 186.9 seconds.

Running MCMC with 4 parallel chains...

Chain 3 finished in 243.1 seconds.
Chain 1 finished in 244.5 seconds.
Chain 4 finished in 246.9 seconds.
Chain 2 finished in 258.5 seconds.

All 4 chains finished successfully.
Mean chain execution time: 248.2 seconds.
Total execution time: 258.6 seconds.

[2025-10-17 01:18:23] [INFO] - ✅ 完成: Cancer=C61
