[2026-03-29 20:17:11] [INFO] - 项目根目录: /public/home/acf4pijnzl/WDP
[2026-03-29 20:17:11] [INFO] - 开始处理任务 0
[2026-03-29 20:17:11] [INFO] - 处理疾病: G20_G30_G12.2_F01_F03
[1] "EQI"          "EQI_Air"      "EQI_Water"    "EQI_Land"     "EQI_Built"   
[6] "EQI_Social"   "Smoking_Rate" "State_FIPS"  
Running MCMC with 4 parallel chains...

Chain 3 finished in 224.9 seconds.
Chain 4 finished in 235.0 seconds.
Chain 1 finished in 243.1 seconds.
Chain 2 finished in 244.7 seconds.

All 4 chains finished successfully.
Mean chain execution time: 236.9 seconds.
Total execution time: 245.1 seconds.

Running MCMC with 4 parallel chains...

Chain 2 finished in 245.2 seconds.
Chain 1 finished in 245.6 seconds.
Chain 4 finished in 248.1 seconds.
Chain 3 finished in 251.1 seconds.

All 4 chains finished successfully.
Mean chain execution time: 247.5 seconds.
Total execution time: 251.3 seconds.

Running MCMC with 4 parallel chains...

Chain 1 finished in 192.3 seconds.
Chain 3 finished in 219.3 seconds.
Chain 4 finished in 238.4 seconds.
Chain 2 finished in 242.8 seconds.

All 4 chains finished successfully.
Mean chain execution time: 223.2 seconds.
Total execution time: 243.0 seconds.

[2026-03-29 20:30:19] [INFO] - ✅ 完成: Cancer=G20_G30_G12.2_F01_F03
[2026-03-29 20:30:19] [INFO] - 输出目录: Result/brms_MRR_lag/
