[2026-05-07 01:19:42] [INFO] Project root: /public/home/vanadiumscandium/WDP
[2026-05-07 01:19:46] [INFO] Task 5 → Outcome=G20_G30_G12.2_F01_F03
[1] "EQI"                       "Smoking_rate"             
[3] "Physical_Activities_rate"  "Obesity_rate"             
[5] "Uninsured_rate"            "Physician_Density_per100k"
[7] "Diabetes_Prevalence_rate"  "State_FIPS"               
Running MCMC with 4 parallel chains...

Chain 4 finished in 117.5 seconds.
Chain 3 finished in 120.3 seconds.
Chain 1 finished in 121.7 seconds.
Chain 2 finished in 128.6 seconds.

All 4 chains finished successfully.
Mean chain execution time: 122.0 seconds.
Total execution time: 128.8 seconds.

Running MCMC with 4 parallel chains...

Chain 3 finished in 230.8 seconds.
Chain 2 finished in 237.7 seconds.
Chain 1 finished in 247.2 seconds.
Chain 4 finished in 249.8 seconds.

All 4 chains finished successfully.
Mean chain execution time: 241.4 seconds.
Total execution time: 250.0 seconds.

Running MCMC with 4 parallel chains...

Chain 1 finished in 369.3 seconds.
Chain 4 finished in 410.7 seconds.
Chain 2 finished in 424.5 seconds.
Chain 3 finished in 435.2 seconds.

All 4 chains finished successfully.
Mean chain execution time: 409.9 seconds.
Total execution time: 435.3 seconds.

Running MCMC with 4 parallel chains...

Chain 2 finished in 247.6 seconds.
Chain 1 finished in 261.3 seconds.
Chain 4 finished in 273.5 seconds.
Chain 3 finished in 274.7 seconds.

All 4 chains finished successfully.
Mean chain execution time: 264.3 seconds.
Total execution time: 274.8 seconds.

Running MCMC with 4 parallel chains...

Chain 4 finished in 205.0 seconds.
Chain 3 finished in 208.8 seconds.
Chain 1 finished in 213.4 seconds.
Chain 2 finished in 224.0 seconds.

All 4 chains finished successfully.
Mean chain execution time: 212.8 seconds.
Total execution time: 224.1 seconds.

Running MCMC with 4 parallel chains...

Chain 2 finished in 306.9 seconds.
Chain 1 finished in 333.5 seconds.
Chain 3 finished in 338.2 seconds.
Chain 4 finished in 368.0 seconds.

All 4 chains finished successfully.
Mean chain execution time: 336.7 seconds.
Total execution time: 368.2 seconds.

Running MCMC with 4 parallel chains...

Chain 3 finished in 195.7 seconds.
Chain 1 finished in 203.1 seconds.
Chain 2 finished in 211.4 seconds.
Chain 4 finished in 214.1 seconds.

All 4 chains finished successfully.
Mean chain execution time: 206.1 seconds.
Total execution time: 214.3 seconds.

Running MCMC with 4 parallel chains...

Chain 1 finished in 486.1 seconds.
Chain 4 finished in 493.1 seconds.
Chain 2 finished in 500.9 seconds.
Chain 3 finished in 521.9 seconds.

All 4 chains finished successfully.
Mean chain execution time: 500.5 seconds.
Total execution time: 522.0 seconds.

Running MCMC with 4 parallel chains...

Chain 1 finished in 327.0 seconds.
Chain 2 finished in 369.4 seconds.
Chain 4 finished in 378.5 seconds.
Chain 3 finished in 418.8 seconds.

All 4 chains finished successfully.
Mean chain execution time: 373.4 seconds.
Total execution time: 418.9 seconds.

Running MCMC with 4 parallel chains...

Chain 3 finished in 264.4 seconds.
Chain 4 finished in 270.2 seconds.
Chain 1 finished in 277.7 seconds.
Chain 2 finished in 287.3 seconds.

All 4 chains finished successfully.
Mean chain execution time: 274.9 seconds.
Total execution time: 287.4 seconds.

Running MCMC with 4 parallel chains...

Chain 3 finished in 452.3 seconds.
Chain 4 finished in 477.0 seconds.
Chain 1 finished in 490.8 seconds.
Chain 2 finished in 507.1 seconds.

All 4 chains finished successfully.
Mean chain execution time: 481.8 seconds.
Total execution time: 507.2 seconds.

Running MCMC with 4 parallel chains...

Chain 3 finished in 253.7 seconds.
Chain 4 finished in 271.2 seconds.
Chain 1 finished in 303.1 seconds.
Chain 2 finished in 331.0 seconds.

All 4 chains finished successfully.
Mean chain execution time: 289.8 seconds.
Total execution time: 331.1 seconds.

Running MCMC with 4 parallel chains...

Chain 4 finished in 398.9 seconds.
Chain 3 finished in 443.5 seconds.
Chain 1 finished in 496.2 seconds.
Chain 2 finished in 504.1 seconds.

All 4 chains finished successfully.
Mean chain execution time: 460.7 seconds.
Total execution time: 504.2 seconds.

Running MCMC with 4 parallel chains...

Chain 3 finished in 397.5 seconds.
Chain 1 finished in 449.4 seconds.
Chain 2 finished in 478.3 seconds.
Chain 4 finished in 484.2 seconds.

All 4 chains finished successfully.
Mean chain execution time: 452.4 seconds.
Total execution time: 484.3 seconds.

Running MCMC with 4 parallel chains...

Chain 4 finished in 525.7 seconds.
Chain 1 finished in 555.8 seconds.
Chain 2 finished in 587.1 seconds.
Chain 3 finished in 592.7 seconds.

All 4 chains finished successfully.
Mean chain execution time: 565.3 seconds.
Total execution time: 592.9 seconds.

Running MCMC with 4 parallel chains...

Chain 4 finished in 406.7 seconds.
Chain 2 finished in 429.4 seconds.
Chain 3 finished in 471.1 seconds.
Chain 1 finished in 471.2 seconds.

All 4 chains finished successfully.
Mean chain execution time: 444.6 seconds.
Total execution time: 471.4 seconds.

Running MCMC with 4 parallel chains...

Chain 1 finished in 287.5 seconds.
Chain 3 finished in 302.2 seconds.
Chain 2 finished in 304.7 seconds.
Chain 4 finished in 317.6 seconds.

All 4 chains finished successfully.
Mean chain execution time: 303.0 seconds.
Total execution time: 317.8 seconds.

Running MCMC with 4 parallel chains...

Chain 4 finished in 472.9 seconds.
Chain 2 finished in 485.5 seconds.
Chain 1 finished in 506.5 seconds.
Chain 3 finished in 515.7 seconds.

All 4 chains finished successfully.
Mean chain execution time: 495.1 seconds.
Total execution time: 515.9 seconds.

Running MCMC with 4 parallel chains...

Chain 3 finished in 351.8 seconds.
Chain 1 finished in 410.1 seconds.
Chain 2 finished in 417.7 seconds.
Chain 4 finished in 436.2 seconds.

All 4 chains finished successfully.
Mean chain execution time: 404.0 seconds.
Total execution time: 436.4 seconds.

Running MCMC with 4 parallel chains...

Chain 4 finished in 373.9 seconds.
Chain 3 finished in 392.4 seconds.
Chain 2 finished in 402.4 seconds.
Chain 1 finished in 442.6 seconds.

All 4 chains finished successfully.
Mean chain execution time: 402.8 seconds.
Total execution time: 442.7 seconds.

Running MCMC with 4 parallel chains...

Chain 3 finished in 232.5 seconds.
Chain 1 finished in 251.5 seconds.
Chain 4 finished in 254.6 seconds.
Chain 2 finished in 260.3 seconds.

All 4 chains finished successfully.
Mean chain execution time: 249.7 seconds.
Total execution time: 260.4 seconds.

Running MCMC with 4 parallel chains...

Chain 2 finished in 392.8 seconds.
Chain 1 finished in 426.9 seconds.
Chain 4 finished in 441.5 seconds.
Chain 3 finished in 445.6 seconds.

All 4 chains finished successfully.
Mean chain execution time: 426.7 seconds.
Total execution time: 445.8 seconds.

Running MCMC with 4 parallel chains...

Chain 4 finished in 518.7 seconds.
Chain 1 finished in 520.8 seconds.
Chain 3 finished in 550.8 seconds.
Chain 2 finished in 551.6 seconds.

All 4 chains finished successfully.
Mean chain execution time: 535.5 seconds.
Total execution time: 551.7 seconds.

Running MCMC with 4 parallel chains...

Chain 2 finished in 472.1 seconds.
Chain 3 finished in 509.2 seconds.
Chain 4 finished in 521.2 seconds.
Chain 1 finished in 544.9 seconds.

All 4 chains finished successfully.
Mean chain execution time: 511.9 seconds.
Total execution time: 545.0 seconds.

Running MCMC with 4 parallel chains...

Chain 2 finished in 622.6 seconds.
Chain 1 finished in 652.2 seconds.
Chain 4 finished in 661.6 seconds.
Chain 3 finished in 664.7 seconds.

All 4 chains finished successfully.
Mean chain execution time: 650.3 seconds.
Total execution time: 664.9 seconds.

Running MCMC with 4 parallel chains...

Chain 4 finished in 495.2 seconds.
Chain 2 finished in 507.9 seconds.
Chain 1 finished in 531.8 seconds.
Chain 3 finished in 545.3 seconds.

All 4 chains finished successfully.
Mean chain execution time: 520.0 seconds.
Total execution time: 545.4 seconds.

Running MCMC with 4 parallel chains...

Chain 2 finished in 420.1 seconds.
Chain 4 finished in 428.9 seconds.
Chain 1 finished in 435.6 seconds.
Chain 3 finished in 435.9 seconds.

All 4 chains finished successfully.
Mean chain execution time: 430.1 seconds.
Total execution time: 436.0 seconds.

Running MCMC with 4 parallel chains...

Chain 2 finished in 553.0 seconds.
Chain 4 finished in 576.9 seconds.
Chain 3 finished in 585.4 seconds.
Chain 1 finished in 585.9 seconds.

All 4 chains finished successfully.
Mean chain execution time: 575.3 seconds.
Total execution time: 586.0 seconds.

Running MCMC with 4 parallel chains...

Chain 4 finished in 455.0 seconds.
Chain 2 finished in 457.5 seconds.
Chain 1 finished in 462.2 seconds.
Chain 3 finished in 466.8 seconds.

All 4 chains finished successfully.
Mean chain execution time: 460.4 seconds.
Total execution time: 466.9 seconds.

Running MCMC with 4 parallel chains...

Chain 1 finished in 451.1 seconds.
Chain 2 finished in 485.5 seconds.
Chain 4 finished in 515.2 seconds.
Chain 3 finished in 544.4 seconds.

All 4 chains finished successfully.
Mean chain execution time: 499.0 seconds.
Total execution time: 544.6 seconds.

Running MCMC with 4 parallel chains...

Chain 1 finished in 280.9 seconds.
Chain 4 finished in 310.4 seconds.
Chain 3 finished in 348.4 seconds.
Chain 2 finished in 356.1 seconds.

All 4 chains finished successfully.
Mean chain execution time: 324.0 seconds.
Total execution time: 356.3 seconds.

Running MCMC with 4 parallel chains...

Chain 3 finished in 474.2 seconds.
Chain 4 finished in 510.8 seconds.
Chain 2 finished in 517.9 seconds.
Chain 1 finished in 571.9 seconds.

All 4 chains finished successfully.
Mean chain execution time: 518.7 seconds.
Total execution time: 572.0 seconds.

Running MCMC with 4 parallel chains...

Chain 1 finished in 502.6 seconds.
Chain 2 finished in 525.6 seconds.
Chain 3 finished in 529.5 seconds.
Chain 4 finished in 539.1 seconds.

All 4 chains finished successfully.
Mean chain execution time: 524.2 seconds.
Total execution time: 539.3 seconds.

Running MCMC with 4 parallel chains...

Chain 4 finished in 640.0 seconds.
Chain 2 finished in 644.2 seconds.
Chain 3 finished in 653.4 seconds.
Chain 1 finished in 684.0 seconds.

All 4 chains finished successfully.
Mean chain execution time: 655.4 seconds.
Total execution time: 684.2 seconds.

Running MCMC with 4 parallel chains...

Chain 2 finished in 543.8 seconds.
Chain 3 finished in 556.4 seconds.
Chain 1 finished in 562.2 seconds.
Chain 4 finished in 609.9 seconds.

All 4 chains finished successfully.
Mean chain execution time: 568.1 seconds.
Total execution time: 610.1 seconds.

Running MCMC with 4 parallel chains...

Chain 4 finished in 582.8 seconds.
Chain 1 finished in 618.9 seconds.
Chain 2 finished in 651.2 seconds.
Chain 3 finished in 655.3 seconds.

All 4 chains finished successfully.
Mean chain execution time: 627.1 seconds.
Total execution time: 655.5 seconds.

Running MCMC with 4 parallel chains...

Chain 2 finished in 484.7 seconds.
Chain 3 finished in 511.1 seconds.
Chain 4 finished in 520.3 seconds.
Chain 1 finished in 534.2 seconds.

All 4 chains finished successfully.
Mean chain execution time: 512.6 seconds.
Total execution time: 534.3 seconds.

Running MCMC with 4 parallel chains...

Chain 2 finished in 591.2 seconds.
Chain 3 finished in 648.9 seconds.
Chain 4 finished in 652.2 seconds.
Chain 1 finished in 658.2 seconds.

All 4 chains finished successfully.
Mean chain execution time: 637.6 seconds.
Total execution time: 658.3 seconds.

Running MCMC with 4 parallel chains...

Chain 2 finished in 465.5 seconds.
Chain 4 finished in 523.8 seconds.
Chain 3 finished in 536.8 seconds.
Chain 1 finished in 540.5 seconds.

All 4 chains finished successfully.
Mean chain execution time: 516.6 seconds.
Total execution time: 540.6 seconds.

Running MCMC with 4 parallel chains...

Chain 1 finished in 394.0 seconds.
Chain 3 finished in 422.1 seconds.
Chain 2 finished in 438.8 seconds.
Chain 4 finished in 451.7 seconds.

All 4 chains finished successfully.
Mean chain execution time: 426.6 seconds.
Total execution time: 451.9 seconds.

Running MCMC with 4 parallel chains...

Chain 1 finished in 605.4 seconds.
Chain 3 finished in 619.4 seconds.
Chain 4 finished in 623.1 seconds.
Chain 2 finished in 626.0 seconds.

All 4 chains finished successfully.
Mean chain execution time: 618.5 seconds.
Total execution time: 626.1 seconds.

Running MCMC with 4 parallel chains...

Chain 2 finished in 424.8 seconds.
Chain 3 finished in 432.7 seconds.
Chain 1 finished in 470.6 seconds.
Chain 4 finished in 476.1 seconds.

All 4 chains finished successfully.
Mean chain execution time: 451.1 seconds.
Total execution time: 476.3 seconds.

Running MCMC with 4 parallel chains...

Chain 3 finished in 542.7 seconds.
Chain 2 finished in 565.8 seconds.
Chain 4 finished in 574.7 seconds.
Chain 1 finished in 622.6 seconds.

All 4 chains finished successfully.
Mean chain execution time: 576.4 seconds.
Total execution time: 622.7 seconds.

Running MCMC with 4 parallel chains...

Chain 3 finished in 678.6 seconds.
Chain 1 finished in 684.6 seconds.
Chain 4 finished in 694.2 seconds.
Chain 2 finished in 694.5 seconds.

All 4 chains finished successfully.
Mean chain execution time: 688.0 seconds.
Total execution time: 694.6 seconds.

Running MCMC with 4 parallel chains...

Chain 4 finished in 554.5 seconds.
Chain 1 finished in 580.4 seconds.
Chain 2 finished in 580.6 seconds.
Chain 3 finished in 613.5 seconds.

All 4 chains finished successfully.
Mean chain execution time: 582.2 seconds.
Total execution time: 613.7 seconds.

Running MCMC with 4 parallel chains...

Chain 1 finished in 643.9 seconds.
Chain 2 finished in 673.7 seconds.
Chain 4 finished in 684.5 seconds.
Chain 3 finished in 705.4 seconds.

All 4 chains finished successfully.
Mean chain execution time: 676.9 seconds.
Total execution time: 705.6 seconds.

Running MCMC with 4 parallel chains...

Chain 1 finished in 532.4 seconds.
Chain 3 finished in 540.3 seconds.
Chain 4 finished in 540.9 seconds.
Chain 2 finished in 553.7 seconds.

All 4 chains finished successfully.
Mean chain execution time: 541.8 seconds.
Total execution time: 553.8 seconds.

Running MCMC with 4 parallel chains...

Chain 2 finished in 664.3 seconds.
Chain 4 finished in 676.3 seconds.
Chain 1 finished in 696.2 seconds.
Chain 3 finished in 707.2 seconds.

All 4 chains finished successfully.
Mean chain execution time: 686.0 seconds.
Total execution time: 707.3 seconds.

Running MCMC with 4 parallel chains...

Chain 2 finished in 548.4 seconds.
Chain 3 finished in 607.7 seconds.
Chain 4 finished in 633.5 seconds.
Chain 1 finished in 635.0 seconds.

All 4 chains finished successfully.
Mean chain execution time: 606.2 seconds.
Total execution time: 635.2 seconds.

Running MCMC with 4 parallel chains...

Chain 3 finished in 468.1 seconds.
Chain 4 finished in 474.9 seconds.
Chain 1 finished in 479.4 seconds.
Chain 2 finished in 511.8 seconds.

All 4 chains finished successfully.
Mean chain execution time: 483.6 seconds.
Total execution time: 511.9 seconds.

Running MCMC with 4 parallel chains...

Chain 3 finished in 636.2 seconds.
Chain 4 finished in 642.3 seconds.
Chain 2 finished in 698.1 seconds.
Chain 1 finished in 713.9 seconds.

All 4 chains finished successfully.
Mean chain execution time: 672.6 seconds.
Total execution time: 714.0 seconds.

Running MCMC with 4 parallel chains...

Chain 1 finished in 534.6 seconds.
Chain 3 finished in 601.5 seconds.
Chain 4 finished in 608.7 seconds.
Chain 2 finished in 610.5 seconds.

All 4 chains finished successfully.
Mean chain execution time: 588.8 seconds.
Total execution time: 610.6 seconds.

Running MCMC with 4 parallel chains...

Chain 1 finished in 657.5 seconds.
Chain 3 finished in 684.7 seconds.
Chain 4 finished in 685.9 seconds.
Chain 2 finished in 704.4 seconds.

All 4 chains finished successfully.
Mean chain execution time: 683.1 seconds.
Total execution time: 704.5 seconds.

Running MCMC with 4 parallel chains...

Chain 3 finished in 560.4 seconds.
Chain 4 finished in 577.1 seconds.
Chain 2 finished in 590.6 seconds.
Chain 1 finished in 597.0 seconds.

All 4 chains finished successfully.
Mean chain execution time: 581.3 seconds.
Total execution time: 597.1 seconds.

Running MCMC with 4 parallel chains...

Chain 3 finished in 678.8 seconds.
Chain 2 finished in 702.9 seconds.
Chain 1 finished in 745.1 seconds.
Chain 4 finished in 762.8 seconds.

All 4 chains finished successfully.
Mean chain execution time: 722.4 seconds.
Total execution time: 763.0 seconds.

Running MCMC with 4 parallel chains...

Chain 3 finished in 599.3 seconds.
Chain 1 finished in 648.2 seconds.
Chain 4 finished in 664.7 seconds.
Chain 2 finished in 699.1 seconds.

All 4 chains finished successfully.
Mean chain execution time: 652.8 seconds.
Total execution time: 699.3 seconds.

Running MCMC with 4 parallel chains...

Chain 3 finished in 585.4 seconds.
Chain 4 finished in 628.3 seconds.
Chain 1 finished in 631.9 seconds.
Chain 2 finished in 647.9 seconds.

All 4 chains finished successfully.
Mean chain execution time: 623.3 seconds.
Total execution time: 649.6 seconds.

Running MCMC with 4 parallel chains...

Chain 4 finished in 659.3 seconds.
Chain 3 finished in 720.5 seconds.
Chain 1 finished in 736.2 seconds.
Chain 2 finished in 746.6 seconds.

All 4 chains finished successfully.
Mean chain execution time: 715.6 seconds.
Total execution time: 746.7 seconds.

Running MCMC with 4 parallel chains...

Chain 4 finished in 590.7 seconds.
Chain 1 finished in 606.6 seconds.
Chain 2 finished in 632.7 seconds.
Chain 3 finished in 633.9 seconds.

All 4 chains finished successfully.
Mean chain execution time: 616.0 seconds.
Total execution time: 634.1 seconds.

Running MCMC with 4 parallel chains...

Chain 3 finished in 745.4 seconds.
Chain 2 finished in 755.8 seconds.
Chain 1 finished in 833.9 seconds.
Chain 4 finished in 918.8 seconds.

All 4 chains finished successfully.
Mean chain execution time: 813.5 seconds.
Total execution time: 919.0 seconds.

Running MCMC with 4 parallel chains...

Chain 2 finished in 668.2 seconds.
Chain 4 finished in 701.9 seconds.
Chain 1 finished in 716.6 seconds.
Chain 3 finished in 745.3 seconds.

All 4 chains finished successfully.
Mean chain execution time: 708.0 seconds.
Total execution time: 745.4 seconds.

Running MCMC with 4 parallel chains...

Chain 1 finished in 672.9 seconds.
Chain 3 finished in 689.7 seconds.
Chain 2 finished in 702.0 seconds.
Chain 4 finished in 701.9 seconds.

All 4 chains finished successfully.
Mean chain execution time: 691.6 seconds.
Total execution time: 702.1 seconds.

Running MCMC with 4 parallel chains...

Chain 1 finished in 723.4 seconds.
Chain 2 finished in 727.4 seconds.
Chain 4 finished in 770.6 seconds.
Chain 3 finished in 771.6 seconds.

All 4 chains finished successfully.
Mean chain execution time: 748.2 seconds.
Total execution time: 771.8 seconds.

Running MCMC with 4 parallel chains...

Chain 4 finished in 752.8 seconds.
Chain 2 finished in 816.6 seconds.
Chain 3 finished in 822.2 seconds.
Chain 1 finished in 842.2 seconds.

All 4 chains finished successfully.
Mean chain execution time: 808.5 seconds.
Total execution time: 842.4 seconds.

Running MCMC with 4 parallel chains...

Chain 1 finished in 44.4 seconds.
Chain 4 finished in 46.1 seconds.
Chain 2 finished in 48.3 seconds.
Chain 3 finished in 54.9 seconds.

All 4 chains finished successfully.
Mean chain execution time: 48.4 seconds.
Total execution time: 55.0 seconds.

Running MCMC with 4 parallel chains...

Chain 2 finished in 88.5 seconds.
Chain 4 finished in 99.1 seconds.
Chain 1 finished in 104.9 seconds.
Chain 3 finished in 115.1 seconds.

All 4 chains finished successfully.
Mean chain execution time: 101.9 seconds.
Total execution time: 115.2 seconds.

Running MCMC with 4 parallel chains...

Chain 2 finished in 114.5 seconds.
Chain 3 finished in 115.9 seconds.
Chain 1 finished in 146.1 seconds.
Chain 4 finished in 152.7 seconds.

All 4 chains finished successfully.
Mean chain execution time: 132.3 seconds.
Total execution time: 152.8 seconds.

Running MCMC with 4 parallel chains...

Chain 3 finished in 83.0 seconds.
Chain 4 finished in 87.9 seconds.
Chain 2 finished in 88.8 seconds.
Chain 1 finished in 114.8 seconds.

All 4 chains finished successfully.
Mean chain execution time: 93.6 seconds.
Total execution time: 114.9 seconds.

Running MCMC with 4 parallel chains...

Chain 2 finished in 63.0 seconds.
Chain 4 finished in 65.2 seconds.
Chain 3 finished in 71.2 seconds.
Chain 1 finished in 72.6 seconds.

All 4 chains finished successfully.
Mean chain execution time: 68.0 seconds.
Total execution time: 72.7 seconds.

Running MCMC with 4 parallel chains...

Chain 2 finished in 135.8 seconds.
Chain 4 finished in 148.7 seconds.
Chain 1 finished in 149.7 seconds.
Chain 3 finished in 157.9 seconds.

All 4 chains finished successfully.
Mean chain execution time: 148.0 seconds.
Total execution time: 158.0 seconds.

Running MCMC with 4 parallel chains...

Chain 4 finished in 54.9 seconds.
Chain 3 finished in 67.8 seconds.
Chain 2 finished in 70.5 seconds.
Chain 1 finished in 74.5 seconds.

All 4 chains finished successfully.
Mean chain execution time: 66.9 seconds.
Total execution time: 74.5 seconds.

Running MCMC with 4 parallel chains...

Chain 1 finished in 156.1 seconds.
Chain 2 finished in 156.8 seconds.
Chain 4 finished in 185.8 seconds.
Chain 3 finished in 195.7 seconds.

All 4 chains finished successfully.
Mean chain execution time: 173.6 seconds.
Total execution time: 195.8 seconds.

Running MCMC with 4 parallel chains...

Chain 1 finished in 121.9 seconds.
Chain 2 finished in 126.2 seconds.
Chain 4 finished in 149.2 seconds.
Chain 3 finished in 159.3 seconds.

All 4 chains finished successfully.
Mean chain execution time: 139.2 seconds.
Total execution time: 159.5 seconds.

Running MCMC with 4 parallel chains...

Chain 2 finished in 97.3 seconds.
Chain 1 finished in 97.5 seconds.
Chain 4 finished in 100.7 seconds.
Chain 3 finished in 103.0 seconds.

All 4 chains finished successfully.
Mean chain execution time: 99.6 seconds.
Total execution time: 103.2 seconds.

Running MCMC with 4 parallel chains...

Chain 4 finished in 216.1 seconds.
Chain 2 finished in 221.1 seconds.
Chain 1 finished in 226.4 seconds.
Chain 3 finished in 233.0 seconds.

All 4 chains finished successfully.
Mean chain execution time: 224.2 seconds.
Total execution time: 233.1 seconds.

Running MCMC with 4 parallel chains...

Chain 3 finished in 95.8 seconds.
Chain 4 finished in 100.3 seconds.
Chain 1 finished in 102.2 seconds.
Chain 2 finished in 121.4 seconds.

All 4 chains finished successfully.
Mean chain execution time: 104.9 seconds.
Total execution time: 121.5 seconds.

Running MCMC with 4 parallel chains...

Chain 2 finished in 136.5 seconds.
Chain 4 finished in 142.5 seconds.
Chain 1 finished in 168.2 seconds.
Chain 3 finished in 182.8 seconds.

All 4 chains finished successfully.
Mean chain execution time: 157.5 seconds.
Total execution time: 183.0 seconds.

Running MCMC with 4 parallel chains...

Chain 3 finished in 127.7 seconds.
Chain 2 finished in 136.8 seconds.
Chain 4 finished in 149.5 seconds.
Chain 1 finished in 156.5 seconds.

All 4 chains finished successfully.
Mean chain execution time: 142.6 seconds.
Total execution time: 156.5 seconds.

Running MCMC with 4 parallel chains...

Chain 2 finished in 196.0 seconds.
Chain 3 finished in 206.3 seconds.
Chain 4 finished in 207.6 seconds.
Chain 1 finished in 215.4 seconds.

All 4 chains finished successfully.
Mean chain execution time: 206.3 seconds.
Total execution time: 215.5 seconds.

Running MCMC with 4 parallel chains...

Chain 2 finished in 125.1 seconds.
Chain 3 finished in 129.1 seconds.
Chain 1 finished in 137.4 seconds.
Chain 4 finished in 147.1 seconds.

All 4 chains finished successfully.
Mean chain execution time: 134.7 seconds.
Total execution time: 147.2 seconds.

Running MCMC with 4 parallel chains...

Chain 1 finished in 93.2 seconds.
Chain 3 finished in 94.5 seconds.
Chain 4 finished in 97.4 seconds.
Chain 2 finished in 99.0 seconds.

All 4 chains finished successfully.
Mean chain execution time: 96.0 seconds.
Total execution time: 99.1 seconds.

Running MCMC with 4 parallel chains...

Chain 4 finished in 180.3 seconds.
Chain 1 finished in 190.7 seconds.
Chain 3 finished in 195.2 seconds.
Chain 2 finished in 212.0 seconds.

All 4 chains finished successfully.
Mean chain execution time: 194.5 seconds.
Total execution time: 212.2 seconds.

Running MCMC with 4 parallel chains...

Chain 4 finished in 130.6 seconds.
Chain 3 finished in 131.3 seconds.
Chain 1 finished in 140.2 seconds.
Chain 2 finished in 144.7 seconds.

All 4 chains finished successfully.
Mean chain execution time: 136.7 seconds.
Total execution time: 144.7 seconds.

Running MCMC with 4 parallel chains...

Chain 3 finished in 165.4 seconds.
Chain 1 finished in 168.6 seconds.
Chain 2 finished in 192.4 seconds.
Chain 4 finished in 194.5 seconds.

All 4 chains finished successfully.
Mean chain execution time: 180.2 seconds.
Total execution time: 194.6 seconds.

Running MCMC with 4 parallel chains...

Chain 2 finished in 80.4 seconds.
Chain 3 finished in 82.6 seconds.
Chain 4 finished in 86.4 seconds.
Chain 1 finished in 87.4 seconds.

All 4 chains finished successfully.
Mean chain execution time: 84.2 seconds.
Total execution time: 87.5 seconds.

Running MCMC with 4 parallel chains...

Chain 4 finished in 157.9 seconds.
Chain 1 finished in 174.1 seconds.
Chain 2 finished in 196.9 seconds.
Chain 3 finished in 204.6 seconds.

All 4 chains finished successfully.
Mean chain execution time: 183.4 seconds.
Total execution time: 204.8 seconds.

Running MCMC with 4 parallel chains...

Chain 3 finished in 180.0 seconds.
Chain 4 finished in 188.5 seconds.
Chain 1 finished in 195.4 seconds.
Chain 2 finished in 208.6 seconds.

All 4 chains finished successfully.
Mean chain execution time: 193.1 seconds.
Total execution time: 208.7 seconds.

Running MCMC with 4 parallel chains...

Chain 3 finished in 173.3 seconds.
Chain 1 finished in 175.1 seconds.
Chain 4 finished in 182.1 seconds.
Chain 2 finished in 186.8 seconds.

All 4 chains finished successfully.
Mean chain execution time: 179.3 seconds.
Total execution time: 186.9 seconds.

Running MCMC with 4 parallel chains...

Chain 3 finished in 258.2 seconds.
Chain 4 finished in 285.0 seconds.
Chain 1 finished in 287.7 seconds.
Chain 2 finished in 287.8 seconds.

All 4 chains finished successfully.
Mean chain execution time: 279.6 seconds.
Total execution time: 287.9 seconds.

Running MCMC with 4 parallel chains...

Chain 2 finished in 164.2 seconds.
Chain 4 finished in 179.8 seconds.
Chain 3 finished in 182.8 seconds.
Chain 1 finished in 188.8 seconds.

All 4 chains finished successfully.
Mean chain execution time: 178.9 seconds.
Total execution time: 188.9 seconds.

Running MCMC with 4 parallel chains...

Chain 4 finished in 142.1 seconds.
Chain 3 finished in 150.4 seconds.
Chain 2 finished in 159.0 seconds.
Chain 1 finished in 162.8 seconds.

All 4 chains finished successfully.
Mean chain execution time: 153.6 seconds.
Total execution time: 162.9 seconds.

Running MCMC with 4 parallel chains...

Chain 2 finished in 246.3 seconds.
Chain 1 finished in 280.0 seconds.
Chain 3 finished in 284.9 seconds.
Chain 4 finished in 287.2 seconds.

All 4 chains finished successfully.
Mean chain execution time: 274.6 seconds.
Total execution time: 317.5 seconds.

Running MCMC with 4 parallel chains...

Chain 3 finished in 164.8 seconds.
Chain 4 finished in 171.6 seconds.
Chain 2 finished in 180.7 seconds.
Chain 1 finished in 184.1 seconds.

All 4 chains finished successfully.
Mean chain execution time: 175.3 seconds.
Total execution time: 184.1 seconds.

Running MCMC with 4 parallel chains...

Chain 2 finished in 220.7 seconds.
Chain 4 finished in 234.6 seconds.
Chain 1 finished in 236.6 seconds.
Chain 3 finished in 245.3 seconds.

All 4 chains finished successfully.
Mean chain execution time: 234.3 seconds.
Total execution time: 245.4 seconds.

Running MCMC with 4 parallel chains...

Chain 1 finished in 102.1 seconds.
Chain 3 finished in 121.6 seconds.
Chain 4 finished in 125.1 seconds.
Chain 2 finished in 134.9 seconds.

All 4 chains finished successfully.
Mean chain execution time: 120.9 seconds.
Total execution time: 135.0 seconds.

Running MCMC with 4 parallel chains...

Chain 2 finished in 205.2 seconds.
Chain 4 finished in 208.7 seconds.
Chain 3 finished in 224.2 seconds.
Chain 1 finished in 244.6 seconds.

All 4 chains finished successfully.
Mean chain execution time: 220.7 seconds.
Total execution time: 244.8 seconds.

Running MCMC with 4 parallel chains...

Chain 3 finished in 158.4 seconds.
Chain 4 finished in 166.5 seconds.
Chain 2 finished in 177.0 seconds.
Chain 1 finished in 185.2 seconds.

All 4 chains finished successfully.
Mean chain execution time: 171.8 seconds.
Total execution time: 185.2 seconds.

Running MCMC with 4 parallel chains...

Chain 2 finished in 233.3 seconds.
Chain 1 finished in 248.0 seconds.
Chain 3 finished in 260.3 seconds.
Chain 4 finished in 265.9 seconds.

All 4 chains finished successfully.
Mean chain execution time: 251.9 seconds.
Total execution time: 266.1 seconds.

Running MCMC with 4 parallel chains...

Chain 4 finished in 184.6 seconds.
Chain 2 finished in 198.0 seconds.
Chain 1 finished in 199.3 seconds.
Chain 3 finished in 199.7 seconds.

All 4 chains finished successfully.
Mean chain execution time: 195.4 seconds.
Total execution time: 199.8 seconds.

Running MCMC with 4 parallel chains...

Chain 1 finished in 228.4 seconds.
Chain 4 finished in 228.8 seconds.
Chain 3 finished in 228.8 seconds.
Chain 2 finished in 229.8 seconds.

All 4 chains finished successfully.
Mean chain execution time: 229.0 seconds.
Total execution time: 229.9 seconds.

Running MCMC with 4 parallel chains...

Chain 3 finished in 150.8 seconds.
Chain 2 finished in 160.9 seconds.
Chain 4 finished in 162.5 seconds.
Chain 1 finished in 177.9 seconds.

All 4 chains finished successfully.
Mean chain execution time: 163.0 seconds.
Total execution time: 178.0 seconds.

Running MCMC with 4 parallel chains...

Chain 4 finished in 195.3 seconds.
Chain 2 finished in 200.6 seconds.
Chain 3 finished in 217.4 seconds.
Chain 1 finished in 230.5 seconds.

All 4 chains finished successfully.
Mean chain execution time: 211.0 seconds.
Total execution time: 230.6 seconds.

Running MCMC with 4 parallel chains...

Chain 1 finished in 184.7 seconds.
Chain 2 finished in 191.9 seconds.
Chain 3 finished in 198.2 seconds.
Chain 4 finished in 225.7 seconds.

All 4 chains finished successfully.
Mean chain execution time: 200.1 seconds.
Total execution time: 225.9 seconds.

Running MCMC with 4 parallel chains...

Chain 2 finished in 136.8 seconds.
Chain 3 finished in 144.3 seconds.
Chain 4 finished in 157.0 seconds.
Chain 1 finished in 165.5 seconds.

All 4 chains finished successfully.
Mean chain execution time: 150.9 seconds.
Total execution time: 165.5 seconds.

Running MCMC with 4 parallel chains...

Chain 1 finished in 221.4 seconds.
Chain 4 finished in 236.4 seconds.
Chain 2 finished in 236.7 seconds.
Chain 3 finished in 255.5 seconds.

All 4 chains finished successfully.
Mean chain execution time: 237.5 seconds.
Total execution time: 255.7 seconds.

Running MCMC with 4 parallel chains...

Chain 4 finished in 176.1 seconds.
Chain 3 finished in 181.7 seconds.
Chain 2 finished in 191.9 seconds.
Chain 1 finished in 198.3 seconds.

All 4 chains finished successfully.
Mean chain execution time: 187.0 seconds.
Total execution time: 198.5 seconds.

Running MCMC with 4 parallel chains...

Chain 3 finished in 197.7 seconds.
Chain 1 finished in 214.3 seconds.
Chain 2 finished in 217.4 seconds.
Chain 4 finished in 220.7 seconds.

All 4 chains finished successfully.
Mean chain execution time: 212.5 seconds.
Total execution time: 220.8 seconds.

Running MCMC with 4 parallel chains...

Chain 2 finished in 310.8 seconds.
Chain 3 finished in 311.7 seconds.
Chain 1 finished in 314.4 seconds.
Chain 4 finished in 320.3 seconds.

All 4 chains finished successfully.
Mean chain execution time: 314.3 seconds.
Total execution time: 320.5 seconds.

Running MCMC with 4 parallel chains...

Chain 3 finished in 200.3 seconds.
Chain 2 finished in 216.5 seconds.
Chain 1 finished in 227.1 seconds.
Chain 4 finished in 239.4 seconds.

All 4 chains finished successfully.
Mean chain execution time: 220.8 seconds.
Total execution time: 239.6 seconds.

Running MCMC with 4 parallel chains...

Chain 4 finished in 264.7 seconds.
Chain 1 finished in 266.2 seconds.
Chain 3 finished in 289.8 seconds.
Chain 2 finished in 299.7 seconds.

All 4 chains finished successfully.
Mean chain execution time: 280.1 seconds.
Total execution time: 299.8 seconds.

Running MCMC with 4 parallel chains...

Chain 1 finished in 185.0 seconds.
Chain 2 finished in 185.2 seconds.
Chain 3 finished in 189.5 seconds.
Chain 4 finished in 201.0 seconds.

All 4 chains finished successfully.
Mean chain execution time: 190.2 seconds.
Total execution time: 201.1 seconds.

Running MCMC with 4 parallel chains...

Chain 3 finished in 278.9 seconds.
Chain 1 finished in 289.2 seconds.
Chain 2 finished in 293.6 seconds.
Chain 4 finished in 295.7 seconds.

All 4 chains finished successfully.
Mean chain execution time: 289.4 seconds.
Total execution time: 295.9 seconds.

Running MCMC with 4 parallel chains...

Chain 2 finished in 271.3 seconds.
Chain 3 finished in 277.9 seconds.
Chain 4 finished in 286.1 seconds.
Chain 1 finished in 300.3 seconds.

All 4 chains finished successfully.
Mean chain execution time: 283.9 seconds.
Total execution time: 300.4 seconds.

Running MCMC with 4 parallel chains...

Chain 4 finished in 169.3 seconds.
Chain 2 finished in 169.8 seconds.
Chain 1 finished in 183.9 seconds.
Chain 3 finished in 194.0 seconds.

All 4 chains finished successfully.
Mean chain execution time: 179.2 seconds.
Total execution time: 194.1 seconds.

Running MCMC with 4 parallel chains...

Chain 3 finished in 291.3 seconds.
Chain 2 finished in 301.3 seconds.
Chain 4 finished in 313.5 seconds.
Chain 1 finished in 330.2 seconds.

All 4 chains finished successfully.
Mean chain execution time: 309.1 seconds.
Total execution time: 330.3 seconds.

Running MCMC with 4 parallel chains...

Chain 3 finished in 217.5 seconds.
Chain 4 finished in 241.7 seconds.
Chain 1 finished in 248.8 seconds.
Chain 2 finished in 252.0 seconds.

All 4 chains finished successfully.
Mean chain execution time: 240.0 seconds.
Total execution time: 252.1 seconds.

Running MCMC with 4 parallel chains...

Chain 3 finished in 263.9 seconds.
Chain 1 finished in 266.2 seconds.
Chain 2 finished in 268.9 seconds.
Chain 4 finished in 272.2 seconds.

All 4 chains finished successfully.
Mean chain execution time: 267.8 seconds.
Total execution time: 272.4 seconds.

Running MCMC with 4 parallel chains...

Chain 3 finished in 187.3 seconds.
Chain 1 finished in 203.2 seconds.
Chain 4 finished in 208.6 seconds.
Chain 2 finished in 239.9 seconds.

All 4 chains finished successfully.
Mean chain execution time: 209.7 seconds.
Total execution time: 240.0 seconds.

Running MCMC with 4 parallel chains...

Chain 1 finished in 279.0 seconds.
Chain 2 finished in 280.8 seconds.
Chain 4 finished in 291.2 seconds.
Chain 3 finished in 301.3 seconds.

All 4 chains finished successfully.
Mean chain execution time: 288.1 seconds.
Total execution time: 301.4 seconds.

Running MCMC with 4 parallel chains...

Chain 4 finished in 215.6 seconds.
Chain 3 finished in 237.6 seconds.
Chain 2 finished in 248.4 seconds.
Chain 1 finished in 263.0 seconds.

All 4 chains finished successfully.
Mean chain execution time: 241.1 seconds.
Total execution time: 263.1 seconds.

Running MCMC with 4 parallel chains...

Chain 2 finished in 239.1 seconds.
Chain 3 finished in 239.7 seconds.
Chain 4 finished in 252.1 seconds.
Chain 1 finished in 261.7 seconds.

All 4 chains finished successfully.
Mean chain execution time: 248.1 seconds.
Total execution time: 261.8 seconds.

Running MCMC with 4 parallel chains...

Chain 3 finished in 307.3 seconds.
Chain 1 finished in 311.8 seconds.
Chain 4 finished in 318.7 seconds.
Chain 2 finished in 324.1 seconds.

All 4 chains finished successfully.
Mean chain execution time: 315.5 seconds.
Total execution time: 324.2 seconds.

Running MCMC with 4 parallel chains...

Chain 4 finished in 217.5 seconds.
Chain 2 finished in 223.7 seconds.
Chain 3 finished in 224.5 seconds.
Chain 1 finished in 230.2 seconds.

All 4 chains finished successfully.
Mean chain execution time: 224.0 seconds.
Total execution time: 230.3 seconds.

Running MCMC with 4 parallel chains...

Chain 4 finished in 320.5 seconds.
Chain 3 finished in 324.0 seconds.
Chain 1 finished in 341.4 seconds.
Chain 2 finished in 392.2 seconds.

All 4 chains finished successfully.
Mean chain execution time: 344.5 seconds.
Total execution time: 392.3 seconds.

Running MCMC with 4 parallel chains...

Chain 1 finished in 297.0 seconds.
Chain 2 finished in 299.6 seconds.
Chain 3 finished in 305.1 seconds.
Chain 4 finished in 309.2 seconds.

All 4 chains finished successfully.
Mean chain execution time: 302.7 seconds.
Total execution time: 309.4 seconds.

Running MCMC with 4 parallel chains...

Chain 1 finished in 287.8 seconds.
Chain 3 finished in 321.4 seconds.
Chain 4 finished in 321.5 seconds.
Chain 2 finished in 323.0 seconds.

All 4 chains finished successfully.
Mean chain execution time: 313.5 seconds.
Total execution time: 323.2 seconds.

Running MCMC with 4 parallel chains...

Chain 1 finished in 280.8 seconds.
Chain 4 finished in 285.1 seconds.
Chain 3 finished in 285.8 seconds.
Chain 2 finished in 302.1 seconds.

All 4 chains finished successfully.
Mean chain execution time: 288.4 seconds.
Total execution time: 302.2 seconds.

Running MCMC with 4 parallel chains...

Chain 3 finished in 328.0 seconds.
Chain 1 finished in 345.6 seconds.
Chain 2 finished in 357.6 seconds.
Chain 4 finished in 414.6 seconds.

All 4 chains finished successfully.
Mean chain execution time: 361.5 seconds.
Total execution time: 414.8 seconds.

Running MCMC with 4 parallel chains...

Chain 1 finished in 8.5 seconds.
Chain 3 finished in 8.5 seconds.
Chain 4 finished in 10.1 seconds.
Chain 2 finished in 10.5 seconds.

All 4 chains finished successfully.
Mean chain execution time: 9.4 seconds.
Total execution time: 10.6 seconds.

Running MCMC with 4 parallel chains...

Chain 4 finished in 17.6 seconds.
Chain 2 finished in 18.5 seconds.
Chain 1 finished in 19.1 seconds.
Chain 3 finished in 19.4 seconds.

All 4 chains finished successfully.
Mean chain execution time: 18.7 seconds.
Total execution time: 19.6 seconds.

Running MCMC with 4 parallel chains...

Chain 4 finished in 24.0 seconds.
Chain 2 finished in 25.2 seconds.
Chain 1 finished in 25.7 seconds.
Chain 3 finished in 26.4 seconds.

All 4 chains finished successfully.
Mean chain execution time: 25.3 seconds.
Total execution time: 26.6 seconds.

Running MCMC with 4 parallel chains...

Chain 1 finished in 17.1 seconds.
Chain 4 finished in 18.0 seconds.
Chain 2 finished in 19.5 seconds.
Chain 3 finished in 21.2 seconds.

All 4 chains finished successfully.
Mean chain execution time: 19.0 seconds.
Total execution time: 21.3 seconds.

Running MCMC with 4 parallel chains...

Chain 1 finished in 13.0 seconds.
Chain 3 finished in 13.1 seconds.
Chain 2 finished in 13.8 seconds.
Chain 4 finished in 14.0 seconds.

All 4 chains finished successfully.
Mean chain execution time: 13.5 seconds.
Total execution time: 14.1 seconds.

Running MCMC with 4 parallel chains...

Chain 1 finished in 26.3 seconds.
Chain 3 finished in 28.0 seconds.
Chain 4 finished in 28.5 seconds.
Chain 2 finished in 29.4 seconds.

All 4 chains finished successfully.
Mean chain execution time: 28.1 seconds.
Total execution time: 29.5 seconds.

Running MCMC with 4 parallel chains...

Chain 4 finished in 14.3 seconds.
Chain 3 finished in 14.5 seconds.
Chain 1 finished in 15.0 seconds.
Chain 2 finished in 15.2 seconds.

All 4 chains finished successfully.
Mean chain execution time: 14.8 seconds.
Total execution time: 15.3 seconds.

Running MCMC with 4 parallel chains...

Chain 2 finished in 28.8 seconds.
Chain 4 finished in 29.2 seconds.
Chain 1 finished in 29.5 seconds.
Chain 3 finished in 30.1 seconds.

All 4 chains finished successfully.
Mean chain execution time: 29.4 seconds.
Total execution time: 30.2 seconds.

Running MCMC with 4 parallel chains...

Chain 4 finished in 29.2 seconds.
Chain 2 finished in 29.7 seconds.
Chain 1 finished in 31.6 seconds.
Chain 3 finished in 32.6 seconds.

All 4 chains finished successfully.
Mean chain execution time: 30.8 seconds.
Total execution time: 32.7 seconds.

Running MCMC with 4 parallel chains...

Chain 2 finished in 20.5 seconds.
Chain 4 finished in 22.0 seconds.
Chain 3 finished in 22.4 seconds.
Chain 1 finished in 24.4 seconds.

All 4 chains finished successfully.
Mean chain execution time: 22.3 seconds.
Total execution time: 24.5 seconds.

Running MCMC with 4 parallel chains...

Chain 2 finished in 32.6 seconds.
Chain 3 finished in 33.0 seconds.
Chain 4 finished in 39.4 seconds.
Chain 1 finished in 40.3 seconds.

All 4 chains finished successfully.
Mean chain execution time: 36.3 seconds.
Total execution time: 40.3 seconds.

Running MCMC with 4 parallel chains...

Chain 4 finished in 23.9 seconds.
Chain 3 finished in 24.0 seconds.
Chain 2 finished in 24.3 seconds.
Chain 1 finished in 25.3 seconds.

All 4 chains finished successfully.
Mean chain execution time: 24.4 seconds.
Total execution time: 25.3 seconds.

Running MCMC with 4 parallel chains...

Chain 3 finished in 30.2 seconds.
Chain 4 finished in 30.2 seconds.
Chain 1 finished in 31.0 seconds.
Chain 2 finished in 32.6 seconds.

All 4 chains finished successfully.
Mean chain execution time: 31.0 seconds.
Total execution time: 32.8 seconds.

Running MCMC with 4 parallel chains...

Chain 2 finished in 26.9 seconds.
Chain 4 finished in 27.8 seconds.
Chain 1 finished in 28.4 seconds.
Chain 3 finished in 28.7 seconds.

All 4 chains finished successfully.
Mean chain execution time: 27.9 seconds.
Total execution time: 28.8 seconds.

Running MCMC with 4 parallel chains...

Chain 2 finished in 31.8 seconds.
Chain 1 finished in 35.6 seconds.
Chain 4 finished in 36.6 seconds.
Chain 3 finished in 37.5 seconds.

All 4 chains finished successfully.
Mean chain execution time: 35.4 seconds.
Total execution time: 37.6 seconds.

Running MCMC with 4 parallel chains...

Chain 1 finished in 27.6 seconds.
Chain 2 finished in 28.6 seconds.
Chain 3 finished in 29.5 seconds.
Chain 4 finished in 29.5 seconds.

All 4 chains finished successfully.
Mean chain execution time: 28.8 seconds.
Total execution time: 29.6 seconds.

Running MCMC with 4 parallel chains...

Chain 1 finished in 21.1 seconds.
Chain 2 finished in 21.5 seconds.
Chain 3 finished in 22.2 seconds.
Chain 4 finished in 24.8 seconds.

All 4 chains finished successfully.
Mean chain execution time: 22.4 seconds.
Total execution time: 24.9 seconds.

Running MCMC with 4 parallel chains...

Chain 4 finished in 32.5 seconds.
Chain 3 finished in 33.0 seconds.
Chain 1 finished in 33.5 seconds.
Chain 2 finished in 37.5 seconds.

All 4 chains finished successfully.
Mean chain execution time: 34.1 seconds.
Total execution time: 37.6 seconds.

Running MCMC with 4 parallel chains...

Chain 1 finished in 36.5 seconds.
Chain 2 finished in 37.9 seconds.
Chain 3 finished in 39.6 seconds.
Chain 4 finished in 42.3 seconds.

All 4 chains finished successfully.
Mean chain execution time: 39.1 seconds.
Total execution time: 42.5 seconds.

Running MCMC with 4 parallel chains...

Chain 3 finished in 28.1 seconds.
Chain 2 finished in 32.6 seconds.
Chain 4 finished in 32.6 seconds.
Chain 1 finished in 33.1 seconds.

All 4 chains finished successfully.
Mean chain execution time: 31.6 seconds.
Total execution time: 33.2 seconds.

Running MCMC with 4 parallel chains...

Chain 2 finished in 17.2 seconds.
Chain 1 finished in 20.6 seconds.
Chain 3 finished in 21.1 seconds.
Chain 4 finished in 21.1 seconds.

All 4 chains finished successfully.
Mean chain execution time: 20.0 seconds.
Total execution time: 21.3 seconds.

Running MCMC with 4 parallel chains...

Chain 4 finished in 30.1 seconds.
Chain 1 finished in 32.9 seconds.
Chain 2 finished in 34.3 seconds.
Chain 3 finished in 34.8 seconds.

All 4 chains finished successfully.
Mean chain execution time: 33.0 seconds.
Total execution time: 34.9 seconds.

Running MCMC with 4 parallel chains...

Chain 1 finished in 41.6 seconds.
Chain 2 finished in 45.7 seconds.
Chain 3 finished in 47.0 seconds.
Chain 4 finished in 49.5 seconds.

All 4 chains finished successfully.
Mean chain execution time: 46.0 seconds.
Total execution time: 49.7 seconds.

Running MCMC with 4 parallel chains...

Chain 1 finished in 31.1 seconds.
Chain 2 finished in 32.0 seconds.
Chain 4 finished in 33.2 seconds.
Chain 3 finished in 36.1 seconds.

All 4 chains finished successfully.
Mean chain execution time: 33.1 seconds.
Total execution time: 36.2 seconds.

Running MCMC with 4 parallel chains...

Chain 3 finished in 40.7 seconds.
Chain 1 finished in 40.9 seconds.
Chain 4 finished in 44.5 seconds.
Chain 2 finished in 45.1 seconds.

All 4 chains finished successfully.
Mean chain execution time: 42.8 seconds.
Total execution time: 45.3 seconds.

Running MCMC with 4 parallel chains...

Chain 2 finished in 33.6 seconds.
Chain 4 finished in 39.0 seconds.
Chain 3 finished in 40.4 seconds.
Chain 1 finished in 41.7 seconds.

All 4 chains finished successfully.
Mean chain execution time: 38.7 seconds.
Total execution time: 41.8 seconds.

Running MCMC with 4 parallel chains...

Chain 2 finished in 35.0 seconds.
Chain 1 finished in 37.3 seconds.
Chain 3 finished in 39.8 seconds.
Chain 4 finished in 41.9 seconds.

All 4 chains finished successfully.
Mean chain execution time: 38.5 seconds.
Total execution time: 42.1 seconds.

Running MCMC with 4 parallel chains...

Chain 1 finished in 40.9 seconds.
Chain 3 finished in 44.0 seconds.
Chain 2 finished in 44.9 seconds.
Chain 4 finished in 57.2 seconds.

All 4 chains finished successfully.
Mean chain execution time: 46.7 seconds.
Total execution time: 57.3 seconds.

Running MCMC with 4 parallel chains...

Chain 1 finished in 43.5 seconds.
Chain 4 finished in 44.9 seconds.
Chain 2 finished in 45.5 seconds.
Chain 3 finished in 46.7 seconds.

All 4 chains finished successfully.
Mean chain execution time: 45.1 seconds.
Total execution time: 46.8 seconds.

Running MCMC with 4 parallel chains...

Chain 2 finished in 36.1 seconds.
Chain 3 finished in 37.2 seconds.
Chain 4 finished in 37.8 seconds.
Chain 1 finished in 41.9 seconds.

All 4 chains finished successfully.
Mean chain execution time: 38.2 seconds.
Total execution time: 42.0 seconds.

Running MCMC with 4 parallel chains...

Chain 1 finished in 25.9 seconds.
Chain 2 finished in 25.9 seconds.
Chain 3 finished in 26.3 seconds.
Chain 4 finished in 27.2 seconds.

All 4 chains finished successfully.
Mean chain execution time: 26.3 seconds.
Total execution time: 27.3 seconds.

Running MCMC with 4 parallel chains...

Chain 3 finished in 37.6 seconds.
Chain 1 finished in 39.1 seconds.
Chain 2 finished in 45.5 seconds.
Chain 4 finished in 45.7 seconds.

All 4 chains finished successfully.
Mean chain execution time: 42.0 seconds.
Total execution time: 45.8 seconds.

Running MCMC with 4 parallel chains...

Chain 3 finished in 31.4 seconds.
Chain 2 finished in 32.9 seconds.
Chain 1 finished in 33.2 seconds.
Chain 4 finished in 38.1 seconds.

All 4 chains finished successfully.
Mean chain execution time: 33.9 seconds.
Total execution time: 38.2 seconds.

Running MCMC with 4 parallel chains...

Chain 4 finished in 37.9 seconds.
Chain 1 finished in 38.6 seconds.
Chain 2 finished in 38.7 seconds.
Chain 3 finished in 42.1 seconds.

All 4 chains finished successfully.
Mean chain execution time: 39.4 seconds.
Total execution time: 42.2 seconds.

Running MCMC with 4 parallel chains...

Chain 3 finished in 49.0 seconds.
Chain 2 finished in 49.5 seconds.
Chain 1 finished in 50.9 seconds.
Chain 4 finished in 51.2 seconds.

All 4 chains finished successfully.
Mean chain execution time: 50.1 seconds.
Total execution time: 51.3 seconds.

Running MCMC with 4 parallel chains...

Chain 4 finished in 37.2 seconds.
Chain 2 finished in 39.3 seconds.
Chain 1 finished in 40.5 seconds.
Chain 3 finished in 40.6 seconds.

All 4 chains finished successfully.
Mean chain execution time: 39.4 seconds.
Total execution time: 40.7 seconds.

Running MCMC with 4 parallel chains...

Chain 4 finished in 29.6 seconds.
Chain 2 finished in 29.8 seconds.
Chain 3 finished in 31.6 seconds.
Chain 1 finished in 35.5 seconds.

All 4 chains finished successfully.
Mean chain execution time: 31.6 seconds.
Total execution time: 35.6 seconds.

Running MCMC with 4 parallel chains...

Chain 2 finished in 37.3 seconds.
Chain 4 finished in 38.4 seconds.
Chain 3 finished in 38.9 seconds.
Chain 1 finished in 41.2 seconds.

All 4 chains finished successfully.
Mean chain execution time: 39.0 seconds.
Total execution time: 41.3 seconds.

Running MCMC with 4 parallel chains...

Chain 1 finished in 34.6 seconds.
Chain 2 finished in 37.5 seconds.
Chain 3 finished in 39.1 seconds.
Chain 4 finished in 40.7 seconds.

All 4 chains finished successfully.
Mean chain execution time: 38.0 seconds.
Total execution time: 40.9 seconds.

Running MCMC with 4 parallel chains...

Chain 2 finished in 38.7 seconds.
Chain 3 finished in 41.8 seconds.
Chain 4 finished in 42.3 seconds.
Chain 1 finished in 44.8 seconds.

All 4 chains finished successfully.
Mean chain execution time: 41.9 seconds.
Total execution time: 44.9 seconds.

Running MCMC with 4 parallel chains...

Chain 3 finished in 51.6 seconds.
Chain 1 finished in 53.6 seconds.
Chain 4 finished in 54.1 seconds.
Chain 2 finished in 56.3 seconds.

All 4 chains finished successfully.
Mean chain execution time: 53.9 seconds.
Total execution time: 56.4 seconds.

Running MCMC with 4 parallel chains...

Chain 2 finished in 34.7 seconds.
Chain 3 finished in 35.9 seconds.
Chain 1 finished in 36.5 seconds.
Chain 4 finished in 40.9 seconds.

All 4 chains finished successfully.
Mean chain execution time: 37.0 seconds.
Total execution time: 41.0 seconds.

Running MCMC with 4 parallel chains...

Chain 3 finished in 48.1 seconds.
Chain 4 finished in 48.3 seconds.
Chain 2 finished in 48.7 seconds.
Chain 1 finished in 51.0 seconds.

All 4 chains finished successfully.
Mean chain execution time: 49.0 seconds.
Total execution time: 51.1 seconds.

Running MCMC with 4 parallel chains...

Chain 2 finished in 54.2 seconds.
Chain 3 finished in 55.5 seconds.
Chain 4 finished in 56.4 seconds.
Chain 1 finished in 60.8 seconds.

All 4 chains finished successfully.
Mean chain execution time: 56.7 seconds.
Total execution time: 61.0 seconds.

Running MCMC with 4 parallel chains...

Chain 2 finished in 52.4 seconds.
Chain 4 finished in 52.6 seconds.
Chain 1 finished in 54.4 seconds.
Chain 3 finished in 55.4 seconds.

All 4 chains finished successfully.
Mean chain execution time: 53.7 seconds.
Total execution time: 55.5 seconds.

Running MCMC with 4 parallel chains...

Chain 4 finished in 40.6 seconds.
Chain 3 finished in 41.0 seconds.
Chain 2 finished in 44.3 seconds.
Chain 1 finished in 45.5 seconds.

All 4 chains finished successfully.
Mean chain execution time: 42.9 seconds.
Total execution time: 45.6 seconds.

Running MCMC with 4 parallel chains...

Chain 4 finished in 39.5 seconds.
Chain 3 finished in 41.7 seconds.
Chain 1 finished in 44.3 seconds.
Chain 2 finished in 45.8 seconds.

All 4 chains finished successfully.
Mean chain execution time: 42.8 seconds.
Total execution time: 46.0 seconds.

Running MCMC with 4 parallel chains...

Chain 2 finished in 45.7 seconds.
Chain 1 finished in 52.3 seconds.
Chain 3 finished in 53.2 seconds.
Chain 4 finished in 56.7 seconds.

All 4 chains finished successfully.
Mean chain execution time: 52.0 seconds.
Total execution time: 56.9 seconds.

Running MCMC with 4 parallel chains...

Chain 1 finished in 44.3 seconds.
Chain 4 finished in 46.5 seconds.
Chain 2 finished in 51.8 seconds.
Chain 3 finished in 52.5 seconds.

All 4 chains finished successfully.
Mean chain execution time: 48.8 seconds.
Total execution time: 52.7 seconds.

Running MCMC with 4 parallel chains...

Chain 3 finished in 46.1 seconds.
Chain 1 finished in 46.7 seconds.
Chain 2 finished in 49.1 seconds.
Chain 4 finished in 49.8 seconds.

All 4 chains finished successfully.
Mean chain execution time: 47.9 seconds.
Total execution time: 49.9 seconds.

Running MCMC with 4 parallel chains...

Chain 3 finished in 54.9 seconds.
Chain 4 finished in 59.8 seconds.
Chain 2 finished in 61.7 seconds.
Chain 1 finished in 71.4 seconds.

All 4 chains finished successfully.
Mean chain execution time: 62.0 seconds.
Total execution time: 71.5 seconds.

Running MCMC with 4 parallel chains...

Chain 4 finished in 43.1 seconds.
Chain 1 finished in 46.8 seconds.
Chain 2 finished in 49.8 seconds.
Chain 3 finished in 50.7 seconds.

All 4 chains finished successfully.
Mean chain execution time: 47.6 seconds.
Total execution time: 50.8 seconds.

Running MCMC with 4 parallel chains...

Chain 1 finished in 42.3 seconds.
Chain 4 finished in 47.3 seconds.
Chain 2 finished in 51.5 seconds.
Chain 3 finished in 55.3 seconds.

All 4 chains finished successfully.
Mean chain execution time: 49.1 seconds.
Total execution time: 55.5 seconds.

Running MCMC with 4 parallel chains...

Chain 1 finished in 49.5 seconds.
Chain 2 finished in 49.8 seconds.
Chain 4 finished in 55.6 seconds.
Chain 3 finished in 57.4 seconds.

All 4 chains finished successfully.
Mean chain execution time: 53.1 seconds.
Total execution time: 57.5 seconds.

Running MCMC with 4 parallel chains...

Chain 2 finished in 59.6 seconds.
Chain 1 finished in 60.6 seconds.
Chain 3 finished in 62.0 seconds.
Chain 4 finished in 62.9 seconds.

All 4 chains finished successfully.
Mean chain execution time: 61.3 seconds.
Total execution time: 63.1 seconds.

Running MCMC with 4 parallel chains...

Chain 1 finished in 39.4 seconds.
Chain 3 finished in 41.0 seconds.
Chain 4 finished in 41.5 seconds.
Chain 2 finished in 44.7 seconds.

All 4 chains finished successfully.
Mean chain execution time: 41.6 seconds.
Total execution time: 44.8 seconds.

Running MCMC with 4 parallel chains...

Chain 2 finished in 54.5 seconds.
Chain 1 finished in 54.8 seconds.
Chain 4 finished in 56.6 seconds.
Chain 3 finished in 59.3 seconds.

All 4 chains finished successfully.
Mean chain execution time: 56.3 seconds.
Total execution time: 59.4 seconds.

Running MCMC with 4 parallel chains...

Chain 4 finished in 57.5 seconds.
Chain 3 finished in 60.3 seconds.
Chain 2 finished in 61.9 seconds.
Chain 1 finished in 62.6 seconds.

All 4 chains finished successfully.
Mean chain execution time: 60.6 seconds.
Total execution time: 62.7 seconds.

Running MCMC with 4 parallel chains...

Chain 2 finished in 53.6 seconds.
Chain 1 finished in 56.5 seconds.
Chain 3 finished in 57.6 seconds.
Chain 4 finished in 77.0 seconds.

All 4 chains finished successfully.
Mean chain execution time: 61.2 seconds.
Total execution time: 77.2 seconds.

Running MCMC with 4 parallel chains...

Chain 2 finished in 64.3 seconds.
Chain 1 finished in 65.3 seconds.
Chain 4 finished in 66.6 seconds.
Chain 3 finished in 70.4 seconds.

All 4 chains finished successfully.
Mean chain execution time: 66.7 seconds.
Total execution time: 70.5 seconds.

Running MCMC with 4 parallel chains...

Chain 2 finished in 51.2 seconds.
Chain 4 finished in 59.0 seconds.
Chain 1 finished in 59.5 seconds.
Chain 3 finished in 61.7 seconds.

All 4 chains finished successfully.
Mean chain execution time: 57.8 seconds.
Total execution time: 61.8 seconds.

Running MCMC with 4 parallel chains...

Chain 4 finished in 58.1 seconds.
Chain 1 finished in 63.2 seconds.
Chain 2 finished in 63.9 seconds.
Chain 3 finished in 69.0 seconds.

All 4 chains finished successfully.
Mean chain execution time: 63.6 seconds.
Total execution time: 69.1 seconds.

Running MCMC with 4 parallel chains...

Chain 2 finished in 60.5 seconds.
Chain 3 finished in 62.4 seconds.
Chain 4 finished in 65.0 seconds.
Chain 1 finished in 71.5 seconds.

All 4 chains finished successfully.
Mean chain execution time: 64.9 seconds.
Total execution time: 71.6 seconds.

Running MCMC with 4 parallel chains...

Chain 1 finished in 65.0 seconds.
Chain 3 finished in 67.8 seconds.
Chain 4 finished in 70.0 seconds.
Chain 2 finished in 73.2 seconds.

All 4 chains finished successfully.
Mean chain execution time: 69.0 seconds.
Total execution time: 73.2 seconds.

Running MCMC with 4 parallel chains...

Chain 3 finished in 29.4 seconds.
Chain 1 finished in 29.9 seconds.
Chain 2 finished in 30.3 seconds.
Chain 4 finished in 31.2 seconds.

All 4 chains finished successfully.
Mean chain execution time: 30.2 seconds.
Total execution time: 31.3 seconds.

Running MCMC with 4 parallel chains...

Chain 3 finished in 74.4 seconds.
Chain 4 finished in 77.5 seconds.
Chain 1 finished in 79.7 seconds.
Chain 2 finished in 84.6 seconds.

All 4 chains finished successfully.
Mean chain execution time: 79.1 seconds.
Total execution time: 84.7 seconds.

Running MCMC with 4 parallel chains...

Chain 4 finished in 98.6 seconds.
Chain 2 finished in 101.8 seconds.
Chain 1 finished in 103.8 seconds.
Chain 3 finished in 106.6 seconds.

All 4 chains finished successfully.
Mean chain execution time: 102.7 seconds.
Total execution time: 106.8 seconds.

Running MCMC with 4 parallel chains...

Chain 2 finished in 73.5 seconds.
Chain 3 finished in 77.5 seconds.
Chain 4 finished in 80.3 seconds.
Chain 1 finished in 82.8 seconds.

All 4 chains finished successfully.
Mean chain execution time: 78.5 seconds.
Total execution time: 82.9 seconds.

Running MCMC with 4 parallel chains...

Chain 3 finished in 50.1 seconds.
Chain 1 finished in 51.9 seconds.
Chain 2 finished in 54.9 seconds.
Chain 4 finished in 69.8 seconds.

All 4 chains finished successfully.
Mean chain execution time: 56.7 seconds.
Total execution time: 70.0 seconds.

Running MCMC with 4 parallel chains...

Chain 1 finished in 69.0 seconds.
Chain 4 finished in 73.5 seconds.
Chain 3 finished in 95.5 seconds.
Chain 2 finished in 100.5 seconds.

All 4 chains finished successfully.
Mean chain execution time: 84.6 seconds.
Total execution time: 100.7 seconds.

Running MCMC with 4 parallel chains...

Chain 2 finished in 48.3 seconds.
Chain 1 finished in 51.2 seconds.
Chain 4 finished in 55.7 seconds.
Chain 3 finished in 58.5 seconds.

All 4 chains finished successfully.
Mean chain execution time: 53.4 seconds.
Total execution time: 58.6 seconds.

Running MCMC with 4 parallel chains...

Chain 3 finished in 120.3 seconds.
Chain 2 finished in 141.3 seconds.
Chain 1 finished in 143.7 seconds.
Chain 4 finished in 151.3 seconds.

All 4 chains finished successfully.
Mean chain execution time: 139.2 seconds.
Total execution time: 151.5 seconds.

Running MCMC with 4 parallel chains...

Chain 2 finished in 101.3 seconds.
Chain 1 finished in 106.4 seconds.
Chain 4 finished in 120.6 seconds.
Chain 3 finished in 135.1 seconds.

All 4 chains finished successfully.
Mean chain execution time: 115.8 seconds.
Total execution time: 135.2 seconds.

Running MCMC with 4 parallel chains...

Chain 4 finished in 80.2 seconds.
Chain 3 finished in 81.3 seconds.
Chain 2 finished in 82.8 seconds.
Chain 1 finished in 90.7 seconds.

All 4 chains finished successfully.
Mean chain execution time: 83.8 seconds.
Total execution time: 90.8 seconds.

Running MCMC with 4 parallel chains...

Chain 2 finished in 123.6 seconds.
Chain 1 finished in 124.6 seconds.
Chain 4 finished in 130.8 seconds.
Chain 3 finished in 132.0 seconds.

All 4 chains finished successfully.
Mean chain execution time: 127.8 seconds.
Total execution time: 132.1 seconds.

Running MCMC with 4 parallel chains...

Chain 1 finished in 88.0 seconds.
Chain 2 finished in 94.0 seconds.
Chain 3 finished in 98.1 seconds.
Chain 4 finished in 104.8 seconds.

All 4 chains finished successfully.
Mean chain execution time: 96.2 seconds.
Total execution time: 104.9 seconds.

Running MCMC with 4 parallel chains...

Chain 2 finished in 114.7 seconds.
Chain 4 finished in 125.8 seconds.
Chain 1 finished in 127.8 seconds.
Chain 3 finished in 143.8 seconds.

All 4 chains finished successfully.
Mean chain execution time: 128.0 seconds.
Total execution time: 144.0 seconds.

Running MCMC with 4 parallel chains...

Chain 1 finished in 105.7 seconds.
Chain 3 finished in 109.0 seconds.
Chain 4 finished in 115.3 seconds.
Chain 2 finished in 120.0 seconds.

All 4 chains finished successfully.
Mean chain execution time: 112.5 seconds.
Total execution time: 120.1 seconds.

Running MCMC with 4 parallel chains...

Chain 2 finished in 120.3 seconds.
Chain 3 finished in 135.1 seconds.
Chain 1 finished in 142.3 seconds.
Chain 4 finished in 145.1 seconds.

All 4 chains finished successfully.
Mean chain execution time: 135.7 seconds.
Total execution time: 145.3 seconds.

Running MCMC with 4 parallel chains...

Chain 4 finished in 102.8 seconds.
Chain 1 finished in 109.1 seconds.
Chain 2 finished in 111.6 seconds.
Chain 3 finished in 140.7 seconds.

All 4 chains finished successfully.
Mean chain execution time: 116.1 seconds.
Total execution time: 140.9 seconds.

Running MCMC with 4 parallel chains...

Chain 1 finished in 84.7 seconds.
Chain 2 finished in 87.4 seconds.
Chain 3 finished in 87.6 seconds.
Chain 4 finished in 88.4 seconds.

All 4 chains finished successfully.
Mean chain execution time: 87.0 seconds.
Total execution time: 88.5 seconds.

Running MCMC with 4 parallel chains...

Chain 2 finished in 126.0 seconds.
Chain 4 finished in 130.7 seconds.
Chain 3 finished in 134.1 seconds.
Chain 1 finished in 141.2 seconds.

All 4 chains finished successfully.
Mean chain execution time: 133.0 seconds.
Total execution time: 141.2 seconds.

Running MCMC with 4 parallel chains...

Chain 3 finished in 132.3 seconds.
Chain 2 finished in 141.2 seconds.
Chain 1 finished in 142.0 seconds.
Chain 4 finished in 142.5 seconds.

All 4 chains finished successfully.
Mean chain execution time: 139.5 seconds.
Total execution time: 142.6 seconds.

Running MCMC with 4 parallel chains...

Chain 4 finished in 86.0 seconds.
Chain 1 finished in 99.2 seconds.
Chain 2 finished in 116.1 seconds.
Chain 3 finished in 121.1 seconds.

All 4 chains finished successfully.
Mean chain execution time: 105.6 seconds.
Total execution time: 121.2 seconds.

Running MCMC with 4 parallel chains...

Chain 1 finished in 73.2 seconds.
Chain 3 finished in 73.9 seconds.
Chain 4 finished in 75.4 seconds.
Chain 2 finished in 77.8 seconds.

All 4 chains finished successfully.
Mean chain execution time: 75.1 seconds.
Total execution time: 78.0 seconds.

Running MCMC with 4 parallel chains...

Chain 2 finished in 118.3 seconds.
Chain 3 finished in 118.3 seconds.
Chain 4 finished in 118.9 seconds.
Chain 1 finished in 126.3 seconds.

All 4 chains finished successfully.
Mean chain execution time: 120.5 seconds.
Total execution time: 126.4 seconds.

Running MCMC with 4 parallel chains...

