[2026-05-04 21:12:45] [INFO] - 项目根目录: /public/home/acf4pijnzl/WDP
[2026-05-04 21:12:45] [INFO] - 开始处理任务 11
[2026-05-04 21:12:45] [INFO] - 处理outcome: K70_K76_C22
[1] "EQI"          "EQI_Air"      "EQI_Water"    "EQI_Land"     "EQI_Built"   
[6] "EQI_Social"   "Smoking_Rate" "State_FIPS"  
Running MCMC with 4 parallel chains...

Chain 4 finished in 307.8 seconds.
Chain 1 finished in 322.6 seconds.
Chain 3 finished in 332.2 seconds.
Chain 2 finished in 344.1 seconds.

All 4 chains finished successfully.
Mean chain execution time: 326.7 seconds.
Total execution time: 344.3 seconds.

Running MCMC with 4 parallel chains...

Chain 3 finished in 476.3 seconds.
Chain 4 finished in 503.9 seconds.
Chain 2 finished in 510.8 seconds.
Chain 1 finished in 523.5 seconds.

All 4 chains finished successfully.
Mean chain execution time: 503.6 seconds.
Total execution time: 523.6 seconds.

Running MCMC with 4 parallel chains...

Chain 3 finished in 107.0 seconds.
Chain 1 finished in 108.4 seconds.
Chain 2 finished in 109.9 seconds.
Chain 4 finished in 117.0 seconds.

All 4 chains finished successfully.
Mean chain execution time: 110.6 seconds.
Total execution time: 117.1 seconds.

Running MCMC with 4 parallel chains...

Chain 3 finished in 183.7 seconds.
Chain 1 finished in 184.3 seconds.
Chain 4 finished in 189.4 seconds.
Chain 2 finished in 197.6 seconds.

All 4 chains finished successfully.
Mean chain execution time: 188.7 seconds.
Total execution time: 197.7 seconds.

Running MCMC with 4 parallel chains...

Chain 1 finished in 29.4 seconds.
Chain 2 finished in 31.0 seconds.
Chain 3 finished in 31.8 seconds.
Chain 4 finished in 32.8 seconds.

All 4 chains finished successfully.
Mean chain execution time: 31.3 seconds.
Total execution time: 32.9 seconds.

Running MCMC with 4 parallel chains...

Chain 1 finished in 46.9 seconds.
Chain 4 finished in 47.1 seconds.
Chain 2 finished in 50.7 seconds.
Chain 3 finished in 51.8 seconds.

All 4 chains finished successfully.
Mean chain execution time: 49.1 seconds.
Total execution time: 51.9 seconds.

Running MCMC with 4 parallel chains...

Chain 2 finished in 104.9 seconds.
Chain 4 finished in 109.8 seconds.
Chain 3 finished in 111.3 seconds.
Chain 1 finished in 114.7 seconds.

All 4 chains finished successfully.
Mean chain execution time: 110.2 seconds.
Total execution time: 114.8 seconds.

Running MCMC with 4 parallel chains...

Chain 1 finished in 150.9 seconds.
Chain 3 finished in 156.6 seconds.
Chain 4 finished in 164.1 seconds.
Chain 2 finished in 172.2 seconds.

All 4 chains finished successfully.
Mean chain execution time: 160.9 seconds.
Total execution time: 172.3 seconds.

Running MCMC with 4 parallel chains...

Chain 4 finished in 51.2 seconds.
Chain 3 finished in 51.8 seconds.
Chain 2 finished in 56.5 seconds.
Chain 1 finished in 59.7 seconds.

All 4 chains finished successfully.
Mean chain execution time: 54.8 seconds.
Total execution time: 59.7 seconds.

Running MCMC with 4 parallel chains...

Chain 2 finished in 60.1 seconds.
Chain 4 finished in 62.1 seconds.
Chain 3 finished in 74.9 seconds.
Chain 1 finished in 86.0 seconds.

All 4 chains finished successfully.
Mean chain execution time: 70.8 seconds.
Total execution time: 86.1 seconds.

Running MCMC with 4 parallel chains...

Chain 2 finished in 274.3 seconds.
Chain 1 finished in 290.8 seconds.
Chain 4 finished in 302.6 seconds.
Chain 3 finished in 313.4 seconds.

All 4 chains finished successfully.
Mean chain execution time: 295.3 seconds.
Total execution time: 313.5 seconds.

Running MCMC with 4 parallel chains...

Chain 1 finished in 460.2 seconds.
Chain 4 finished in 471.5 seconds.
Chain 2 finished in 527.6 seconds.
Chain 3 finished in 593.0 seconds.

All 4 chains finished successfully.
Mean chain execution time: 513.1 seconds.
Total execution time: 593.2 seconds.

Running MCMC with 4 parallel chains...

Chain 3 finished in 100.2 seconds.
Chain 1 finished in 105.9 seconds.
Chain 4 finished in 109.4 seconds.
Chain 2 finished in 111.8 seconds.

All 4 chains finished successfully.
Mean chain execution time: 106.8 seconds.
Total execution time: 111.9 seconds.

Running MCMC with 4 parallel chains...

Chain 1 finished in 205.2 seconds.
Chain 3 finished in 206.2 seconds.
Chain 2 finished in 206.5 seconds.
Chain 4 finished in 214.4 seconds.

All 4 chains finished successfully.
Mean chain execution time: 208.1 seconds.
Total execution time: 214.5 seconds.

Running MCMC with 4 parallel chains...

Chain 1 finished in 29.6 seconds.
Chain 2 finished in 29.6 seconds.
Chain 3 finished in 32.4 seconds.
Chain 4 finished in 33.3 seconds.

All 4 chains finished successfully.
Mean chain execution time: 31.2 seconds.
Total execution time: 33.4 seconds.

Running MCMC with 4 parallel chains...

Chain 3 finished in 41.9 seconds.
Chain 1 finished in 44.6 seconds.
Chain 2 finished in 47.4 seconds.
Chain 4 finished in 49.2 seconds.

All 4 chains finished successfully.
Mean chain execution time: 45.8 seconds.
Total execution time: 49.4 seconds.

Running MCMC with 4 parallel chains...

Chain 4 finished in 98.7 seconds.
Chain 3 finished in 101.0 seconds.
Chain 2 finished in 101.6 seconds.
Chain 1 finished in 107.4 seconds.

All 4 chains finished successfully.
Mean chain execution time: 102.2 seconds.
Total execution time: 107.5 seconds.

Running MCMC with 4 parallel chains...

Chain 3 finished in 145.6 seconds.
Chain 1 finished in 152.7 seconds.
Chain 4 finished in 158.4 seconds.
Chain 2 finished in 160.1 seconds.

All 4 chains finished successfully.
Mean chain execution time: 154.2 seconds.
Total execution time: 160.2 seconds.

Running MCMC with 4 parallel chains...

Chain 3 finished in 47.7 seconds.
Chain 2 finished in 53.8 seconds.
Chain 4 finished in 56.7 seconds.
Chain 1 finished in 57.8 seconds.

All 4 chains finished successfully.
Mean chain execution time: 54.0 seconds.
Total execution time: 57.9 seconds.

Running MCMC with 4 parallel chains...

Chain 4 finished in 65.3 seconds.
Chain 2 finished in 75.6 seconds.
Chain 3 finished in 85.3 seconds.
Chain 1 finished in 94.8 seconds.

All 4 chains finished successfully.
Mean chain execution time: 80.2 seconds.
Total execution time: 94.9 seconds.

Running MCMC with 4 parallel chains...

Chain 1 finished in 302.1 seconds.
Chain 4 finished in 312.3 seconds.
Chain 2 finished in 315.9 seconds.
Chain 3 finished in 334.2 seconds.

All 4 chains finished successfully.
Mean chain execution time: 316.1 seconds.
Total execution time: 334.3 seconds.

Running MCMC with 4 parallel chains...

Chain 1 finished in 409.0 seconds.
Chain 3 finished in 437.1 seconds.
Chain 2 finished in 447.7 seconds.
Chain 4 finished in 474.0 seconds.

All 4 chains finished successfully.
Mean chain execution time: 442.0 seconds.
Total execution time: 474.2 seconds.

Running MCMC with 4 parallel chains...

Chain 2 finished in 101.2 seconds.
Chain 4 finished in 103.0 seconds.
Chain 3 finished in 109.0 seconds.
Chain 1 finished in 109.4 seconds.

All 4 chains finished successfully.
Mean chain execution time: 105.6 seconds.
Total execution time: 109.6 seconds.

Running MCMC with 4 parallel chains...

Chain 1 finished in 190.8 seconds.
Chain 2 finished in 198.5 seconds.
Chain 3 finished in 200.7 seconds.
Chain 4 finished in 205.5 seconds.

All 4 chains finished successfully.
Mean chain execution time: 198.9 seconds.
Total execution time: 205.6 seconds.

Running MCMC with 4 parallel chains...

Chain 4 finished in 25.3 seconds.
Chain 1 finished in 28.0 seconds.
Chain 2 finished in 29.2 seconds.
Chain 3 finished in 29.9 seconds.

All 4 chains finished successfully.
Mean chain execution time: 28.1 seconds.
Total execution time: 30.0 seconds.

Running MCMC with 4 parallel chains...

Chain 4 finished in 46.3 seconds.
Chain 1 finished in 51.7 seconds.
Chain 2 finished in 54.1 seconds.
Chain 3 finished in 55.9 seconds.

All 4 chains finished successfully.
Mean chain execution time: 52.0 seconds.
Total execution time: 56.0 seconds.

Running MCMC with 4 parallel chains...

Chain 4 finished in 93.4 seconds.
Chain 1 finished in 95.6 seconds.
Chain 2 finished in 95.5 seconds.
Chain 3 finished in 97.9 seconds.

All 4 chains finished successfully.
Mean chain execution time: 95.6 seconds.
Total execution time: 98.1 seconds.

Running MCMC with 4 parallel chains...

Chain 3 finished in 140.7 seconds.
Chain 4 finished in 144.9 seconds.
Chain 2 finished in 149.8 seconds.
Chain 1 finished in 150.5 seconds.

All 4 chains finished successfully.
Mean chain execution time: 146.5 seconds.
Total execution time: 150.7 seconds.

Running MCMC with 4 parallel chains...

Chain 4 finished in 37.1 seconds.
Chain 2 finished in 45.1 seconds.
Chain 3 finished in 45.1 seconds.
Chain 1 finished in 48.4 seconds.

All 4 chains finished successfully.
Mean chain execution time: 43.9 seconds.
Total execution time: 48.5 seconds.

Running MCMC with 4 parallel chains...

Chain 3 finished in 55.3 seconds.
Chain 4 finished in 61.8 seconds.
Chain 2 finished in 64.6 seconds.
Chain 1 finished in 76.8 seconds.

All 4 chains finished successfully.
Mean chain execution time: 64.6 seconds.
Total execution time: 76.9 seconds.

Running MCMC with 4 parallel chains...

Chain 1 finished in 304.4 seconds.
Chain 3 finished in 347.2 seconds.
Chain 4 finished in 386.3 seconds.
Chain 2 finished in 413.2 seconds.

All 4 chains finished successfully.
Mean chain execution time: 362.8 seconds.
Total execution time: 413.3 seconds.

Running MCMC with 4 parallel chains...

Chain 1 finished in 484.7 seconds.
Chain 4 finished in 497.0 seconds.
Chain 2 finished in 574.0 seconds.
Chain 3 finished in 600.6 seconds.

All 4 chains finished successfully.
Mean chain execution time: 539.1 seconds.
Total execution time: 600.9 seconds.

Running MCMC with 4 parallel chains...

Chain 1 finished in 96.4 seconds.
Chain 2 finished in 97.3 seconds.
Chain 4 finished in 97.6 seconds.
Chain 3 finished in 99.6 seconds.

All 4 chains finished successfully.
Mean chain execution time: 97.7 seconds.
Total execution time: 99.8 seconds.

Running MCMC with 4 parallel chains...

Chain 1 finished in 147.4 seconds.
Chain 2 finished in 160.0 seconds.
Chain 3 finished in 189.0 seconds.
Chain 4 finished in 189.0 seconds.

All 4 chains finished successfully.
Mean chain execution time: 171.3 seconds.
Total execution time: 189.1 seconds.

Running MCMC with 4 parallel chains...

Chain 3 finished in 25.8 seconds.
Chain 2 finished in 26.0 seconds.
Chain 4 finished in 26.3 seconds.
Chain 1 finished in 28.0 seconds.

All 4 chains finished successfully.
Mean chain execution time: 26.5 seconds.
Total execution time: 28.1 seconds.

Running MCMC with 4 parallel chains...

Chain 3 finished in 35.8 seconds.
Chain 2 finished in 39.5 seconds.
Chain 4 finished in 41.2 seconds.
Chain 1 finished in 46.9 seconds.

All 4 chains finished successfully.
Mean chain execution time: 40.8 seconds.
Total execution time: 46.9 seconds.

Running MCMC with 4 parallel chains...

Chain 4 finished in 84.5 seconds.
Chain 3 finished in 94.4 seconds.
Chain 1 finished in 99.0 seconds.
Chain 2 finished in 108.1 seconds.

All 4 chains finished successfully.
Mean chain execution time: 96.5 seconds.
Total execution time: 108.1 seconds.

Running MCMC with 4 parallel chains...

Chain 1 finished in 119.6 seconds.
Chain 3 finished in 135.0 seconds.
Chain 2 finished in 140.6 seconds.
Chain 4 finished in 146.0 seconds.

All 4 chains finished successfully.
Mean chain execution time: 135.3 seconds.
Total execution time: 146.2 seconds.

Running MCMC with 4 parallel chains...

Chain 1 finished in 31.4 seconds.
Chain 2 finished in 32.9 seconds.
Chain 3 finished in 33.5 seconds.
Chain 4 finished in 38.1 seconds.

All 4 chains finished successfully.
Mean chain execution time: 34.0 seconds.
Total execution time: 38.3 seconds.

Running MCMC with 4 parallel chains...

Chain 1 finished in 52.7 seconds.
Chain 4 finished in 53.5 seconds.
Chain 3 finished in 60.0 seconds.
Chain 2 finished in 64.0 seconds.

All 4 chains finished successfully.
Mean chain execution time: 57.5 seconds.
Total execution time: 64.3 seconds.

Running MCMC with 4 parallel chains...

Chain 2 finished in 237.4 seconds.
Chain 4 finished in 274.4 seconds.
Chain 1 finished in 290.6 seconds.
Chain 3 finished in 301.9 seconds.

All 4 chains finished successfully.
Mean chain execution time: 276.1 seconds.
Total execution time: 302.1 seconds.

Running MCMC with 4 parallel chains...

Chain 1 finished in 398.5 seconds.
Chain 3 finished in 416.6 seconds.
Chain 2 finished in 439.0 seconds.
Chain 4 finished in 466.3 seconds.

All 4 chains finished successfully.
Mean chain execution time: 430.1 seconds.
Total execution time: 466.5 seconds.

Running MCMC with 4 parallel chains...

Chain 4 finished in 104.7 seconds.
Chain 1 finished in 105.8 seconds.
Chain 3 finished in 107.5 seconds.
Chain 2 finished in 112.3 seconds.

All 4 chains finished successfully.
Mean chain execution time: 107.6 seconds.
Total execution time: 112.5 seconds.

Running MCMC with 4 parallel chains...

Chain 2 finished in 136.4 seconds.
Chain 1 finished in 138.2 seconds.
Chain 3 finished in 139.1 seconds.
Chain 4 finished in 143.0 seconds.

All 4 chains finished successfully.
Mean chain execution time: 139.2 seconds.
Total execution time: 143.2 seconds.

Running MCMC with 4 parallel chains...

Chain 2 finished in 25.0 seconds.
Chain 4 finished in 26.3 seconds.
Chain 1 finished in 26.9 seconds.
Chain 3 finished in 27.3 seconds.

All 4 chains finished successfully.
Mean chain execution time: 26.4 seconds.
Total execution time: 27.4 seconds.

Running MCMC with 4 parallel chains...

Chain 3 finished in 33.2 seconds.
Chain 4 finished in 37.6 seconds.
Chain 1 finished in 37.7 seconds.
Chain 2 finished in 46.3 seconds.

All 4 chains finished successfully.
Mean chain execution time: 38.7 seconds.
Total execution time: 46.3 seconds.

Running MCMC with 4 parallel chains...

Chain 4 finished in 82.1 seconds.
Chain 1 finished in 90.5 seconds.
Chain 2 finished in 92.3 seconds.
Chain 3 finished in 105.6 seconds.

All 4 chains finished successfully.
Mean chain execution time: 92.6 seconds.
Total execution time: 105.8 seconds.

Running MCMC with 4 parallel chains...

Chain 4 finished in 144.0 seconds.
Chain 2 finished in 144.1 seconds.
Chain 1 finished in 147.3 seconds.
Chain 3 finished in 173.0 seconds.

All 4 chains finished successfully.
Mean chain execution time: 152.1 seconds.
Total execution time: 173.1 seconds.

Running MCMC with 4 parallel chains...

Chain 4 finished in 44.7 seconds.
Chain 1 finished in 44.9 seconds.
Chain 3 finished in 46.6 seconds.
Chain 2 finished in 52.2 seconds.

All 4 chains finished successfully.
Mean chain execution time: 47.1 seconds.
Total execution time: 52.4 seconds.

Running MCMC with 4 parallel chains...

Chain 1 finished in 59.3 seconds.
Chain 4 finished in 59.3 seconds.
Chain 3 finished in 59.4 seconds.
Chain 2 finished in 63.2 seconds.

All 4 chains finished successfully.
Mean chain execution time: 60.3 seconds.
Total execution time: 63.3 seconds.

Running MCMC with 4 parallel chains...

Chain 1 finished in 259.4 seconds.
Chain 2 finished in 292.5 seconds.
Chain 4 finished in 299.2 seconds.
Chain 3 finished in 306.0 seconds.

All 4 chains finished successfully.
Mean chain execution time: 289.3 seconds.
Total execution time: 306.1 seconds.

Running MCMC with 4 parallel chains...

Chain 2 finished in 389.9 seconds.
Chain 4 finished in 432.4 seconds.
Chain 3 finished in 449.7 seconds.
Chain 1 finished in 487.4 seconds.

All 4 chains finished successfully.
Mean chain execution time: 439.8 seconds.
Total execution time: 487.6 seconds.

Running MCMC with 4 parallel chains...

Chain 2 finished in 101.5 seconds.
Chain 3 finished in 105.6 seconds.
Chain 4 finished in 107.4 seconds.
Chain 1 finished in 121.0 seconds.

All 4 chains finished successfully.
Mean chain execution time: 108.9 seconds.
Total execution time: 121.1 seconds.

Running MCMC with 4 parallel chains...

Chain 1 finished in 137.4 seconds.
Chain 3 finished in 138.1 seconds.
Chain 2 finished in 139.1 seconds.
Chain 4 finished in 147.4 seconds.

All 4 chains finished successfully.
Mean chain execution time: 140.5 seconds.
Total execution time: 147.5 seconds.

Running MCMC with 4 parallel chains...

Chain 1 finished in 23.6 seconds.
Chain 4 finished in 24.2 seconds.
Chain 3 finished in 25.1 seconds.
Chain 2 finished in 26.1 seconds.

All 4 chains finished successfully.
Mean chain execution time: 24.8 seconds.
Total execution time: 26.3 seconds.

Running MCMC with 4 parallel chains...

Chain 2 finished in 34.8 seconds.
Chain 3 finished in 34.8 seconds.
Chain 4 finished in 36.2 seconds.
Chain 1 finished in 43.3 seconds.

All 4 chains finished successfully.
Mean chain execution time: 37.3 seconds.
Total execution time: 43.4 seconds.

Running MCMC with 4 parallel chains...

Chain 2 finished in 87.5 seconds.
Chain 4 finished in 92.5 seconds.
Chain 1 finished in 92.9 seconds.
Chain 3 finished in 96.0 seconds.

All 4 chains finished successfully.
Mean chain execution time: 92.2 seconds.
Total execution time: 96.1 seconds.

Running MCMC with 4 parallel chains...

Chain 3 finished in 129.2 seconds.
Chain 4 finished in 145.7 seconds.
Chain 2 finished in 157.9 seconds.
Chain 1 finished in 161.4 seconds.

All 4 chains finished successfully.
Mean chain execution time: 148.6 seconds.
Total execution time: 161.5 seconds.

Running MCMC with 4 parallel chains...

Chain 2 finished in 31.4 seconds.
Chain 3 finished in 38.9 seconds.
Chain 4 finished in 42.9 seconds.
Chain 1 finished in 50.3 seconds.

All 4 chains finished successfully.
Mean chain execution time: 40.9 seconds.
Total execution time: 50.4 seconds.

Running MCMC with 4 parallel chains...

Chain 2 finished in 57.9 seconds.
Chain 1 finished in 62.5 seconds.
Chain 3 finished in 63.3 seconds.
Chain 4 finished in 75.1 seconds.

All 4 chains finished successfully.
Mean chain execution time: 64.7 seconds.
Total execution time: 75.2 seconds.

Running MCMC with 4 parallel chains...

Chain 4 finished in 334.3 seconds.
Chain 2 finished in 361.2 seconds.
Chain 1 finished in 366.5 seconds.
Chain 3 finished in 388.7 seconds.

All 4 chains finished successfully.
Mean chain execution time: 362.7 seconds.
Total execution time: 388.9 seconds.

Running MCMC with 4 parallel chains...

Chain 2 finished in 570.8 seconds.
Chain 4 finished in 610.2 seconds.
Chain 1 finished in 620.5 seconds.
Chain 3 finished in 651.8 seconds.

All 4 chains finished successfully.
Mean chain execution time: 613.3 seconds.
Total execution time: 651.9 seconds.

Running MCMC with 4 parallel chains...

Chain 4 finished in 93.2 seconds.
Chain 2 finished in 96.3 seconds.
Chain 3 finished in 102.1 seconds.
Chain 1 finished in 110.4 seconds.

All 4 chains finished successfully.
Mean chain execution time: 100.5 seconds.
Total execution time: 110.6 seconds.

Running MCMC with 4 parallel chains...

Chain 1 finished in 135.0 seconds.
Chain 4 finished in 140.1 seconds.
Chain 2 finished in 141.3 seconds.
Chain 3 finished in 157.2 seconds.

All 4 chains finished successfully.
Mean chain execution time: 143.4 seconds.
Total execution time: 157.3 seconds.

Running MCMC with 4 parallel chains...

Chain 2 finished in 20.9 seconds.
Chain 4 finished in 22.6 seconds.
Chain 3 finished in 23.0 seconds.
Chain 1 finished in 26.4 seconds.

All 4 chains finished successfully.
Mean chain execution time: 23.2 seconds.
Total execution time: 26.5 seconds.

Running MCMC with 4 parallel chains...

Chain 4 finished in 33.6 seconds.
Chain 3 finished in 35.2 seconds.
Chain 2 finished in 35.5 seconds.
Chain 1 finished in 38.6 seconds.

All 4 chains finished successfully.
Mean chain execution time: 35.7 seconds.
Total execution time: 38.6 seconds.

Running MCMC with 4 parallel chains...

Chain 3 finished in 77.2 seconds.
Chain 4 finished in 79.1 seconds.
Chain 2 finished in 87.7 seconds.
Chain 1 finished in 94.5 seconds.

All 4 chains finished successfully.
Mean chain execution time: 84.6 seconds.
Total execution time: 94.5 seconds.

Running MCMC with 4 parallel chains...

Chain 3 finished in 121.5 seconds.
Chain 2 finished in 133.6 seconds.
Chain 4 finished in 137.7 seconds.
Chain 1 finished in 138.6 seconds.

All 4 chains finished successfully.
Mean chain execution time: 132.9 seconds.
Total execution time: 138.7 seconds.

Running MCMC with 4 parallel chains...

Chain 4 finished in 44.5 seconds.
Chain 1 finished in 45.4 seconds.
Chain 2 finished in 49.8 seconds.
Chain 3 finished in 52.5 seconds.

All 4 chains finished successfully.
Mean chain execution time: 48.1 seconds.
Total execution time: 52.7 seconds.

Running MCMC with 4 parallel chains...

Chain 1 finished in 85.3 seconds.
Chain 3 finished in 97.7 seconds.
Chain 2 finished in 107.2 seconds.
Chain 4 finished in 107.9 seconds.

All 4 chains finished successfully.
Mean chain execution time: 99.5 seconds.
Total execution time: 108.1 seconds.

[2026-05-05 00:28:33] [INFO] - ✅ 完成: Outcome=K70_K76_C22
