error    libmamba Could not set lock (Resource temporarily unavailable)
warning  libmamba Cannot lock '/public/home/vanadiumscandium/.cache/mamba/proc'
    Waiting for other mamba process to finish
CmdStan path set to: /public/home/vanadiumscandium/.cmdstan/cmdstan-2.35.0
Detected cores: 32 | Using: 25
Total covariate combinations: 64 (k=0:1, k=1:6, k=2:15, k=3:20, k=4:15, k=5:6, k=6:1)
Outcomes to analyze: I00_I99
===== Disease: CVD (I00_I99) =====
[OK] EQI0005_AAMR2006_2010 Overall EQI
[OK] EQI0005_AAMR2006_2010 Overall EQI+SM
[OK] EQI0005_AAMR2006_2010 Overall EQI+PA
[OK] EQI0005_AAMR2006_2010 Overall EQI+OB
[OK] EQI0005_AAMR2006_2010 Overall EQI+UN
[OK] EQI0005_AAMR2006_2010 Overall EQI+PD
[OK] EQI0005_AAMR2006_2010 Overall EQI+DB
[OK] EQI0005_AAMR2006_2010 Overall EQI+SM+PA
[OK] EQI0005_AAMR2006_2010 Overall EQI+SM+OB
[OK] EQI0005_AAMR2006_2010 Overall EQI+SM+UN
[OK] EQI0005_AAMR2006_2010 Overall EQI+SM+PD
[OK] EQI0005_AAMR2006_2010 Overall EQI+SM+DB
[OK] EQI0005_AAMR2006_2010 Overall EQI+PA+OB
[OK] EQI0005_AAMR2006_2010 Overall EQI+PA+UN
[OK] EQI0005_AAMR2006_2010 Overall EQI+PA+PD
[OK] EQI0005_AAMR2006_2010 Overall EQI+PA+DB
[OK] EQI0005_AAMR2006_2010 Overall EQI+OB+UN
[OK] EQI0005_AAMR2006_2010 Overall EQI+OB+PD
[OK] EQI0005_AAMR2006_2010 Overall EQI+OB+DB
[OK] EQI0005_AAMR2006_2010 Overall EQI+UN+PD
[OK] EQI0005_AAMR2006_2010 Overall EQI+UN+DB
[OK] EQI0005_AAMR2006_2010 Overall EQI+PD+DB
[OK] EQI0005_AAMR2006_2010 Overall EQI+SM+PA+OB
[OK] EQI0005_AAMR2006_2010 Overall EQI+SM+PA+UN
[OK] EQI0005_AAMR2006_2010 Overall EQI+SM+PA+PD
[OK] EQI0005_AAMR2006_2010 Overall EQI+SM+PA+DB
[OK] EQI0005_AAMR2006_2010 Overall EQI+SM+OB+UN
[OK] EQI0005_AAMR2006_2010 Overall EQI+SM+OB+PD
[OK] EQI0005_AAMR2006_2010 Overall EQI+SM+OB+DB
[OK] EQI0005_AAMR2006_2010 Overall EQI+SM+UN+PD
[OK] EQI0005_AAMR2006_2010 Overall EQI+SM+UN+DB
[OK] EQI0005_AAMR2006_2010 Overall EQI+SM+PD+DB
[OK] EQI0005_AAMR2006_2010 Overall EQI+PA+OB+UN
[OK] EQI0005_AAMR2006_2010 Overall EQI+PA+OB+PD
[OK] EQI0005_AAMR2006_2010 Overall EQI+PA+OB+DB
[OK] EQI0005_AAMR2006_2010 Overall EQI+PA+UN+PD
[OK] EQI0005_AAMR2006_2010 Overall EQI+PA+UN+DB
[OK] EQI0005_AAMR2006_2010 Overall EQI+PA+PD+DB
[OK] EQI0005_AAMR2006_2010 Overall EQI+OB+UN+PD
[OK] EQI0005_AAMR2006_2010 Overall EQI+OB+UN+DB
[OK] EQI0005_AAMR2006_2010 Overall EQI+OB+PD+DB
[OK] EQI0005_AAMR2006_2010 Overall EQI+UN+PD+DB
[OK] EQI0005_AAMR2006_2010 Overall EQI+SM+PA+OB+UN
[OK] EQI0005_AAMR2006_2010 Overall EQI+SM+PA+OB+PD
[OK] EQI0005_AAMR2006_2010 Overall EQI+SM+PA+OB+DB
[OK] EQI0005_AAMR2006_2010 Overall EQI+SM+PA+UN+PD
[OK] EQI0005_AAMR2006_2010 Overall EQI+SM+PA+UN+DB
[OK] EQI0005_AAMR2006_2010 Overall EQI+SM+PA+PD+DB
[OK] EQI0005_AAMR2006_2010 Overall EQI+SM+OB+UN+PD
[OK] EQI0005_AAMR2006_2010 Overall EQI+SM+OB+UN+DB
slurmstepd: error: *** JOB 112954301 ON j05r3n18 CANCELLED AT 2026-05-07T16:24:18 ***
