[2026-04-11 18:03:05] [INFO] - 项目根目录: /public/home/acf4pijnzl/WDP
[2026-04-11 18:03:05] [INFO] - 开始处理任务 0
[2026-04-11 18:03:05] [INFO] - 处理癌症类型: F01
[1] "EQI"          "EQI_Air"      "EQI_Water"    "EQI_Land"     "EQI_Built"   
[6] "EQI_Social"   "Smoking_Rate" "State_FIPS"  
Running MCMC with 4 parallel chains...

Chain 1 finished in 377.5 seconds.
Chain 2 finished in 385.8 seconds.
Chain 4 finished in 411.4 seconds.
Chain 3 finished in 424.9 seconds.

All 4 chains finished successfully.
Mean chain execution time: 399.9 seconds.
Total execution time: 425.2 seconds.

Running MCMC with 4 parallel chains...

Chain 3 finished in 347.7 seconds.
Chain 4 finished in 351.9 seconds.
Chain 2 finished in 381.3 seconds.
Chain 1 finished in 390.3 seconds.

All 4 chains finished successfully.
Mean chain execution time: 367.8 seconds.
Total execution time: 390.3 seconds.

Running MCMC with 4 parallel chains...

Chain 1 finished in 357.3 seconds.
Chain 4 finished in 358.8 seconds.
Chain 3 finished in 375.9 seconds.
Chain 2 finished in 387.0 seconds.

All 4 chains finished successfully.
Mean chain execution time: 369.8 seconds.
Total execution time: 387.2 seconds.

[2026-04-11 18:23:51] [INFO] - ✅ 完成: Cancer=F01
[2026-04-11 18:23:51] [INFO] - 输出目录: Result/brms_MRR_lag/
