[2026-04-02 12:17:29] [INFO] - 项目根目录: /public/home/acf4pijnzl/WDP
[2026-04-02 12:17:29] [INFO] - 开始处理任务 0
[2026-04-02 12:17:29] [INFO] - 处理癌症类型: C00_C97
[1] "EQI"          "EQI_Air"      "EQI_Water"    "EQI_Land"     "EQI_Built"   
[6] "EQI_Social"   "Smoking_Rate" "State_FIPS"  
Running MCMC with 4 parallel chains...

Chain 2 finished in 203.3 seconds.
Chain 4 finished in 206.1 seconds.
Chain 1 finished in 215.0 seconds.
Chain 3 finished in 228.2 seconds.

All 4 chains finished successfully.
Mean chain execution time: 213.2 seconds.
Total execution time: 228.6 seconds.

Running MCMC with 4 parallel chains...

Chain 2 finished in 219.7 seconds.
Chain 3 finished in 222.4 seconds.
Chain 1 finished in 223.2 seconds.
Chain 4 finished in 236.1 seconds.

All 4 chains finished successfully.
Mean chain execution time: 225.3 seconds.
Total execution time: 236.2 seconds.

Running MCMC with 4 parallel chains...

Chain 4 finished in 225.4 seconds.
Chain 2 finished in 228.9 seconds.
Chain 1 finished in 239.6 seconds.
Chain 3 finished in 252.0 seconds.

All 4 chains finished successfully.
Mean chain execution time: 236.5 seconds.
Total execution time: 252.2 seconds.

[2026-04-02 12:30:30] [INFO] - ✅ 完成: Cancer=C00_C97
[2026-04-02 12:30:30] [INFO] - 输出目录: Result/brms_MRR_lag/
