[2025-10-10 00:10:33] [INFO] - 项目根目录: /public/home/acf4pijnzl/WDP
[2025-10-10 00:10:33] [INFO] - 任务ID=12  疾病=C81_C96  CPU=16
[1] "EQI"          "EQI_Air"      "EQI_Water"    "EQI_Land"     "EQI_Built"   
[6] "EQI_Social"   "Smoking_Rate" "State_FIPS"  
Running MCMC with 4 parallel chains...

Chain 2 finished in 317.2 seconds.
Chain 4 finished in 322.1 seconds.
Chain 3 finished in 323.3 seconds.
Chain 1 finished in 323.8 seconds.

All 4 chains finished successfully.
Mean chain execution time: 321.6 seconds.
Total execution time: 324.0 seconds.

Running MCMC with 4 parallel chains...

Chain 3 finished in 418.6 seconds.
Chain 1 finished in 440.2 seconds.
Chain 4 finished in 440.3 seconds.
Chain 2 finished in 451.9 seconds.

All 4 chains finished successfully.
Mean chain execution time: 437.8 seconds.
Total execution time: 452.0 seconds.

Running MCMC with 4 parallel chains...

Chain 4 finished in 124.7 seconds.
Chain 3 finished in 131.2 seconds.
Chain 2 finished in 131.7 seconds.
Chain 1 finished in 132.2 seconds.

All 4 chains finished successfully.
Mean chain execution time: 129.9 seconds.
Total execution time: 132.3 seconds.

Running MCMC with 4 parallel chains...

Chain 3 finished in 214.3 seconds.
Chain 1 finished in 221.4 seconds.
Chain 2 finished in 222.4 seconds.
Chain 4 finished in 230.2 seconds.

All 4 chains finished successfully.
Mean chain execution time: 222.1 seconds.
Total execution time: 230.3 seconds.

Running MCMC with 4 parallel chains...

Chain 1 finished in 34.3 seconds.
Chain 2 finished in 34.8 seconds.
Chain 3 finished in 36.1 seconds.
Chain 4 finished in 36.2 seconds.

All 4 chains finished successfully.
Mean chain execution time: 35.3 seconds.
Total execution time: 36.3 seconds.

Running MCMC with 4 parallel chains...

Chain 1 finished in 63.5 seconds.
Chain 4 finished in 64.6 seconds.
Chain 2 finished in 65.0 seconds.
Chain 3 finished in 67.1 seconds.

All 4 chains finished successfully.
Mean chain execution time: 65.1 seconds.
Total execution time: 67.3 seconds.

Running MCMC with 4 parallel chains...

Chain 1 finished in 103.9 seconds.
Chain 3 finished in 105.5 seconds.
Chain 2 finished in 107.8 seconds.
Chain 4 finished in 112.4 seconds.

All 4 chains finished successfully.
Mean chain execution time: 107.4 seconds.
Total execution time: 112.5 seconds.

Running MCMC with 4 parallel chains...

Chain 1 finished in 130.0 seconds.
Chain 2 finished in 137.7 seconds.
Chain 4 finished in 155.7 seconds.
Chain 3 finished in 158.7 seconds.

All 4 chains finished successfully.
Mean chain execution time: 145.5 seconds.
Total execution time: 158.8 seconds.

Running MCMC with 4 parallel chains...

Chain 4 finished in 46.7 seconds.
Chain 1 finished in 47.6 seconds.
Chain 3 finished in 49.5 seconds.
Chain 2 finished in 52.7 seconds.

All 4 chains finished successfully.
Mean chain execution time: 49.1 seconds.
Total execution time: 52.8 seconds.

Running MCMC with 4 parallel chains...

Chain 2 finished in 51.6 seconds.
Chain 4 finished in 58.4 seconds.
Chain 1 finished in 61.0 seconds.
Chain 3 finished in 66.6 seconds.

All 4 chains finished successfully.
Mean chain execution time: 59.4 seconds.
Total execution time: 66.7 seconds.

Running MCMC with 4 parallel chains...

Chain 3 finished in 336.7 seconds.
Chain 1 finished in 341.9 seconds.
Chain 2 finished in 342.5 seconds.
Chain 4 finished in 358.3 seconds.

All 4 chains finished successfully.
Mean chain execution time: 344.9 seconds.
Total execution time: 358.4 seconds.

Running MCMC with 4 parallel chains...

Chain 1 finished in 436.1 seconds.
Chain 2 finished in 436.3 seconds.
Chain 3 finished in 437.4 seconds.
Chain 4 finished in 461.4 seconds.

All 4 chains finished successfully.
Mean chain execution time: 442.8 seconds.
Total execution time: 461.5 seconds.

Running MCMC with 4 parallel chains...

Chain 1 finished in 138.5 seconds.
Chain 2 finished in 139.3 seconds.
Chain 4 finished in 140.4 seconds.
Chain 3 finished in 142.0 seconds.

All 4 chains finished successfully.
Mean chain execution time: 140.0 seconds.
Total execution time: 142.1 seconds.

Running MCMC with 4 parallel chains...

Chain 1 finished in 182.6 seconds.
Chain 2 finished in 189.4 seconds.
Chain 4 finished in 191.7 seconds.
Chain 3 finished in 200.8 seconds.

All 4 chains finished successfully.
Mean chain execution time: 191.1 seconds.
Total execution time: 200.9 seconds.

Running MCMC with 4 parallel chains...

Chain 2 finished in 39.0 seconds.
Chain 4 finished in 40.1 seconds.
Chain 1 finished in 41.1 seconds.
Chain 3 finished in 43.3 seconds.

All 4 chains finished successfully.
Mean chain execution time: 40.9 seconds.
Total execution time: 43.4 seconds.

Running MCMC with 4 parallel chains...

Chain 4 finished in 56.6 seconds.
Chain 3 finished in 63.1 seconds.
Chain 1 finished in 67.7 seconds.
Chain 2 finished in 70.6 seconds.

All 4 chains finished successfully.
Mean chain execution time: 64.5 seconds.
Total execution time: 70.7 seconds.

Running MCMC with 4 parallel chains...

Chain 1 finished in 109.3 seconds.
Chain 4 finished in 109.5 seconds.
Chain 3 finished in 113.2 seconds.
Chain 2 finished in 113.8 seconds.

All 4 chains finished successfully.
Mean chain execution time: 111.5 seconds.
Total execution time: 114.0 seconds.

Running MCMC with 4 parallel chains...

Chain 2 finished in 138.7 seconds.
Chain 1 finished in 143.5 seconds.
Chain 4 finished in 157.2 seconds.
Chain 3 finished in 162.7 seconds.

All 4 chains finished successfully.
Mean chain execution time: 150.5 seconds.
Total execution time: 162.8 seconds.

Running MCMC with 4 parallel chains...

Chain 2 finished in 39.4 seconds.
Chain 1 finished in 47.2 seconds.
Chain 4 finished in 49.5 seconds.
Chain 3 finished in 49.8 seconds.

All 4 chains finished successfully.
Mean chain execution time: 46.5 seconds.
Total execution time: 49.9 seconds.

Running MCMC with 4 parallel chains...

Chain 1 finished in 57.7 seconds.
Chain 3 finished in 60.9 seconds.
Chain 2 finished in 61.4 seconds.
Chain 4 finished in 63.6 seconds.

All 4 chains finished successfully.
Mean chain execution time: 60.9 seconds.
Total execution time: 63.8 seconds.

Running MCMC with 4 parallel chains...

Chain 1 finished in 314.5 seconds.
Chain 3 finished in 341.4 seconds.
Chain 4 finished in 356.5 seconds.
Chain 2 finished in 363.3 seconds.

All 4 chains finished successfully.
Mean chain execution time: 343.9 seconds.
Total execution time: 363.5 seconds.

Running MCMC with 4 parallel chains...

Chain 4 finished in 416.8 seconds.
Chain 1 finished in 428.6 seconds.
Chain 3 finished in 437.3 seconds.
Chain 2 finished in 531.0 seconds.

All 4 chains finished successfully.
Mean chain execution time: 453.4 seconds.
Total execution time: 531.1 seconds.

Running MCMC with 4 parallel chains...

Chain 4 finished in 122.4 seconds.
Chain 1 finished in 123.7 seconds.
Chain 2 finished in 125.8 seconds.
Chain 3 finished in 129.7 seconds.

All 4 chains finished successfully.
Mean chain execution time: 125.4 seconds.
Total execution time: 129.8 seconds.

Running MCMC with 4 parallel chains...

Chain 3 finished in 148.3 seconds.
Chain 2 finished in 162.0 seconds.
Chain 1 finished in 164.2 seconds.
Chain 4 finished in 164.7 seconds.

All 4 chains finished successfully.
Mean chain execution time: 159.8 seconds.
Total execution time: 164.8 seconds.

Running MCMC with 4 parallel chains...

Chain 1 finished in 33.4 seconds.
Chain 2 finished in 33.5 seconds.
Chain 4 finished in 33.8 seconds.
Chain 3 finished in 34.0 seconds.

All 4 chains finished successfully.
Mean chain execution time: 33.7 seconds.
Total execution time: 34.1 seconds.

Running MCMC with 4 parallel chains...

Chain 3 finished in 37.3 seconds.
Chain 2 finished in 40.5 seconds.
Chain 4 finished in 45.0 seconds.
Chain 1 finished in 53.5 seconds.

All 4 chains finished successfully.
Mean chain execution time: 44.1 seconds.
Total execution time: 53.5 seconds.

Running MCMC with 4 parallel chains...

Chain 4 finished in 100.0 seconds.
Chain 3 finished in 103.6 seconds.
Chain 1 finished in 105.2 seconds.
Chain 2 finished in 116.1 seconds.

All 4 chains finished successfully.
Mean chain execution time: 106.2 seconds.
Total execution time: 116.2 seconds.

Running MCMC with 4 parallel chains...

Chain 1 finished in 134.6 seconds.
Chain 3 finished in 147.6 seconds.
Chain 2 finished in 148.5 seconds.
Chain 4 finished in 152.0 seconds.

All 4 chains finished successfully.
Mean chain execution time: 145.7 seconds.
Total execution time: 152.1 seconds.

Running MCMC with 4 parallel chains...

Chain 3 finished in 37.0 seconds.
Chain 4 finished in 40.9 seconds.
Chain 2 finished in 43.1 seconds.
Chain 1 finished in 45.9 seconds.

All 4 chains finished successfully.
Mean chain execution time: 41.7 seconds.
Total execution time: 46.0 seconds.

Running MCMC with 4 parallel chains...

Chain 3 finished in 59.2 seconds.
Chain 2 finished in 61.4 seconds.
Chain 1 finished in 62.4 seconds.
Chain 4 finished in 67.3 seconds.

All 4 chains finished successfully.
Mean chain execution time: 62.6 seconds.
Total execution time: 67.4 seconds.

Running MCMC with 4 parallel chains...

Chain 2 finished in 357.5 seconds.
Chain 1 finished in 370.7 seconds.
Chain 4 finished in 374.2 seconds.
Chain 3 finished in 449.4 seconds.

All 4 chains finished successfully.
Mean chain execution time: 388.0 seconds.
Total execution time: 449.5 seconds.

Running MCMC with 4 parallel chains...

Chain 2 finished in 426.7 seconds.
Chain 4 finished in 429.5 seconds.
Chain 1 finished in 472.2 seconds.
Chain 3 finished in 510.4 seconds.

All 4 chains finished successfully.
Mean chain execution time: 459.7 seconds.
Total execution time: 510.5 seconds.

Running MCMC with 4 parallel chains...

Chain 4 finished in 126.8 seconds.
Chain 1 finished in 133.0 seconds.
Chain 3 finished in 135.9 seconds.
Chain 2 finished in 138.1 seconds.

All 4 chains finished successfully.
Mean chain execution time: 133.4 seconds.
Total execution time: 138.2 seconds.

Running MCMC with 4 parallel chains...

Chain 2 finished in 163.6 seconds.
Chain 3 finished in 168.1 seconds.
Chain 1 finished in 169.6 seconds.
Chain 4 finished in 185.2 seconds.

All 4 chains finished successfully.
Mean chain execution time: 171.6 seconds.
Total execution time: 185.4 seconds.

Running MCMC with 4 parallel chains...

Chain 2 finished in 31.7 seconds.
Chain 1 finished in 31.8 seconds.
Chain 3 finished in 33.8 seconds.
Chain 4 finished in 36.0 seconds.

All 4 chains finished successfully.
Mean chain execution time: 33.3 seconds.
Total execution time: 36.0 seconds.

Running MCMC with 4 parallel chains...

Chain 4 finished in 44.2 seconds.
Chain 1 finished in 47.9 seconds.
Chain 2 finished in 50.4 seconds.
Chain 3 finished in 52.0 seconds.

All 4 chains finished successfully.
Mean chain execution time: 48.6 seconds.
Total execution time: 52.1 seconds.

Running MCMC with 4 parallel chains...

Chain 4 finished in 101.4 seconds.
Chain 1 finished in 107.1 seconds.
Chain 3 finished in 115.3 seconds.
Chain 2 finished in 130.3 seconds.

All 4 chains finished successfully.
Mean chain execution time: 113.5 seconds.
Total execution time: 130.4 seconds.

Running MCMC with 4 parallel chains...

Chain 4 finished in 135.7 seconds.
Chain 1 finished in 141.8 seconds.
Chain 3 finished in 159.2 seconds.
Chain 2 finished in 167.3 seconds.

All 4 chains finished successfully.
Mean chain execution time: 151.0 seconds.
Total execution time: 167.4 seconds.

Running MCMC with 4 parallel chains...

Chain 2 finished in 34.4 seconds.
Chain 1 finished in 34.7 seconds.
Chain 3 finished in 42.2 seconds.
Chain 4 finished in 46.5 seconds.

All 4 chains finished successfully.
Mean chain execution time: 39.4 seconds.
Total execution time: 46.6 seconds.

Running MCMC with 4 parallel chains...

Chain 1 finished in 56.4 seconds.
Chain 2 finished in 57.4 seconds.
Chain 4 finished in 59.2 seconds.
Chain 3 finished in 60.5 seconds.

All 4 chains finished successfully.
Mean chain execution time: 58.3 seconds.
Total execution time: 60.6 seconds.

[2025-10-10 02:04:56] [INFO] - ✅ 完成: C81_C96
