[2026-05-05 00:28:47] [INFO] - 项目根目录: /public/home/acf4pijnzl/WDP
[2026-05-05 00:28:47] [INFO] - 开始处理任务 19
[2026-05-05 00:28:47] [INFO] - 处理outcome: X70_X84
[1] "EQI"          "EQI_Air"      "EQI_Water"    "EQI_Land"     "EQI_Built"   
[6] "EQI_Social"   "Smoking_Rate" "State_FIPS"  
Running MCMC with 4 parallel chains...

Chain 4 finished in 289.3 seconds.
Chain 2 finished in 290.0 seconds.
Chain 3 finished in 307.6 seconds.
Chain 1 finished in 314.8 seconds.

All 4 chains finished successfully.
Mean chain execution time: 300.4 seconds.
Total execution time: 315.0 seconds.

Running MCMC with 4 parallel chains...

Chain 2 finished in 403.4 seconds.
Chain 1 finished in 418.9 seconds.
Chain 3 finished in 443.6 seconds.
Chain 4 finished in 446.6 seconds.

All 4 chains finished successfully.
Mean chain execution time: 428.1 seconds.
Total execution time: 446.7 seconds.

Running MCMC with 4 parallel chains...

Chain 1 finished in 112.9 seconds.
Chain 2 finished in 116.4 seconds.
Chain 4 finished in 118.0 seconds.
Chain 3 finished in 119.1 seconds.

All 4 chains finished successfully.
Mean chain execution time: 116.6 seconds.
Total execution time: 119.3 seconds.

Running MCMC with 4 parallel chains...

Chain 2 finished in 206.2 seconds.
Chain 3 finished in 211.8 seconds.
Chain 4 finished in 220.4 seconds.
Chain 1 finished in 226.1 seconds.

All 4 chains finished successfully.
Mean chain execution time: 216.1 seconds.
Total execution time: 226.2 seconds.

Running MCMC with 4 parallel chains...

Chain 2 finished in 32.5 seconds.
Chain 3 finished in 33.9 seconds.
Chain 4 finished in 34.0 seconds.
Chain 1 finished in 35.5 seconds.

All 4 chains finished successfully.
Mean chain execution time: 34.0 seconds.
Total execution time: 35.6 seconds.

Running MCMC with 4 parallel chains...

Chain 4 finished in 62.9 seconds.
Chain 1 finished in 64.2 seconds.
Chain 3 finished in 65.2 seconds.
Chain 2 finished in 67.0 seconds.

All 4 chains finished successfully.
Mean chain execution time: 64.8 seconds.
Total execution time: 67.1 seconds.

Running MCMC with 4 parallel chains...

Chain 1 finished in 104.1 seconds.
Chain 4 finished in 106.1 seconds.
Chain 3 finished in 109.1 seconds.
Chain 2 finished in 119.4 seconds.

All 4 chains finished successfully.
Mean chain execution time: 109.7 seconds.
Total execution time: 119.6 seconds.

Running MCMC with 4 parallel chains...

Chain 3 finished in 149.5 seconds.
Chain 2 finished in 162.3 seconds.
Chain 1 finished in 173.6 seconds.
Chain 4 finished in 186.5 seconds.

All 4 chains finished successfully.
Mean chain execution time: 168.0 seconds.
Total execution time: 186.7 seconds.

Running MCMC with 4 parallel chains...

Chain 1 finished in 63.9 seconds.
Chain 4 finished in 66.6 seconds.
Chain 3 finished in 67.8 seconds.
Chain 2 finished in 89.3 seconds.

All 4 chains finished successfully.
Mean chain execution time: 71.9 seconds.
Total execution time: 89.4 seconds.

Running MCMC with 4 parallel chains...

Chain 4 finished in 76.4 seconds.
Chain 2 finished in 83.6 seconds.
Chain 1 finished in 83.8 seconds.
Chain 3 finished in 92.6 seconds.

All 4 chains finished successfully.
Mean chain execution time: 84.1 seconds.
Total execution time: 92.8 seconds.

Running MCMC with 4 parallel chains...

Chain 1 finished in 302.7 seconds.
Chain 3 finished in 312.5 seconds.
Chain 4 finished in 314.6 seconds.
Chain 2 finished in 318.9 seconds.

All 4 chains finished successfully.
Mean chain execution time: 312.2 seconds.
Total execution time: 319.1 seconds.

Running MCMC with 4 parallel chains...

Chain 4 finished in 431.3 seconds.
Chain 1 finished in 443.1 seconds.
Chain 3 finished in 473.4 seconds.
Chain 2 finished in 478.3 seconds.

All 4 chains finished successfully.
Mean chain execution time: 456.5 seconds.
Total execution time: 478.4 seconds.

Running MCMC with 4 parallel chains...

Chain 2 finished in 111.7 seconds.
Chain 1 finished in 112.7 seconds.
Chain 4 finished in 117.3 seconds.
Chain 3 finished in 118.4 seconds.

All 4 chains finished successfully.
Mean chain execution time: 115.0 seconds.
Total execution time: 118.6 seconds.

Running MCMC with 4 parallel chains...

Chain 3 finished in 189.3 seconds.
Chain 4 finished in 200.2 seconds.
Chain 2 finished in 209.2 seconds.
Chain 1 finished in 215.2 seconds.

All 4 chains finished successfully.
Mean chain execution time: 203.5 seconds.
Total execution time: 215.3 seconds.

Running MCMC with 4 parallel chains...

Chain 3 finished in 32.1 seconds.
Chain 1 finished in 32.4 seconds.
Chain 2 finished in 33.4 seconds.
Chain 4 finished in 33.5 seconds.

All 4 chains finished successfully.
Mean chain execution time: 32.9 seconds.
Total execution time: 33.7 seconds.

Running MCMC with 4 parallel chains...

Chain 1 finished in 61.4 seconds.
Chain 2 finished in 61.9 seconds.
Chain 3 finished in 62.0 seconds.
Chain 4 finished in 67.4 seconds.

All 4 chains finished successfully.
Mean chain execution time: 63.2 seconds.
Total execution time: 67.6 seconds.

Running MCMC with 4 parallel chains...

Chain 1 finished in 98.8 seconds.
Chain 3 finished in 100.3 seconds.
Chain 4 finished in 106.4 seconds.
Chain 2 finished in 111.0 seconds.

All 4 chains finished successfully.
Mean chain execution time: 104.1 seconds.
Total execution time: 111.1 seconds.

Running MCMC with 4 parallel chains...

Chain 4 finished in 135.5 seconds.
Chain 2 finished in 149.2 seconds.
Chain 3 finished in 151.6 seconds.
Chain 1 finished in 156.2 seconds.

All 4 chains finished successfully.
Mean chain execution time: 148.1 seconds.
Total execution time: 156.3 seconds.

Running MCMC with 4 parallel chains...

Chain 4 finished in 52.5 seconds.
Chain 1 finished in 55.2 seconds.
Chain 3 finished in 55.2 seconds.
Chain 2 finished in 64.7 seconds.

All 4 chains finished successfully.
Mean chain execution time: 56.9 seconds.
Total execution time: 64.9 seconds.

Running MCMC with 4 parallel chains...

Chain 4 finished in 64.1 seconds.
Chain 2 finished in 65.6 seconds.
Chain 3 finished in 66.4 seconds.
Chain 1 finished in 75.1 seconds.

All 4 chains finished successfully.
Mean chain execution time: 67.8 seconds.
Total execution time: 75.2 seconds.

Running MCMC with 4 parallel chains...

Chain 1 finished in 298.0 seconds.
Chain 4 finished in 308.4 seconds.
Chain 3 finished in 310.1 seconds.
Chain 2 finished in 330.6 seconds.

All 4 chains finished successfully.
Mean chain execution time: 311.7 seconds.
Total execution time: 330.7 seconds.

Running MCMC with 4 parallel chains...

Chain 4 finished in 402.9 seconds.
Chain 2 finished in 411.1 seconds.
Chain 3 finished in 418.6 seconds.
Chain 1 finished in 439.2 seconds.

All 4 chains finished successfully.
Mean chain execution time: 417.9 seconds.
Total execution time: 439.4 seconds.

Running MCMC with 4 parallel chains...

Chain 2 finished in 108.9 seconds.
Chain 3 finished in 109.9 seconds.
Chain 1 finished in 110.4 seconds.
Chain 4 finished in 111.5 seconds.

All 4 chains finished successfully.
Mean chain execution time: 110.2 seconds.
Total execution time: 111.7 seconds.

Running MCMC with 4 parallel chains...

Chain 1 finished in 156.4 seconds.
Chain 4 finished in 173.1 seconds.
Chain 2 finished in 181.0 seconds.
Chain 3 finished in 189.1 seconds.

All 4 chains finished successfully.
Mean chain execution time: 174.9 seconds.
Total execution time: 189.3 seconds.

Running MCMC with 4 parallel chains...

Chain 3 finished in 29.2 seconds.
Chain 4 finished in 30.1 seconds.
Chain 2 finished in 30.5 seconds.
Chain 1 finished in 32.3 seconds.

All 4 chains finished successfully.
Mean chain execution time: 30.5 seconds.
Total execution time: 32.5 seconds.

Running MCMC with 4 parallel chains...

Chain 1 finished in 47.9 seconds.
Chain 2 finished in 57.4 seconds.
Chain 4 finished in 58.4 seconds.
Chain 3 finished in 58.8 seconds.

All 4 chains finished successfully.
Mean chain execution time: 55.6 seconds.
Total execution time: 58.9 seconds.

Running MCMC with 4 parallel chains...

Chain 1 finished in 96.0 seconds.
Chain 3 finished in 96.6 seconds.
Chain 4 finished in 105.2 seconds.
Chain 2 finished in 112.1 seconds.

All 4 chains finished successfully.
Mean chain execution time: 102.5 seconds.
Total execution time: 112.3 seconds.

Running MCMC with 4 parallel chains...

Chain 2 finished in 133.9 seconds.
Chain 3 finished in 148.5 seconds.
Chain 1 finished in 156.7 seconds.
Chain 4 finished in 177.5 seconds.

All 4 chains finished successfully.
Mean chain execution time: 154.2 seconds.
Total execution time: 177.6 seconds.

Running MCMC with 4 parallel chains...

Chain 4 finished in 48.4 seconds.
Chain 2 finished in 52.5 seconds.
Chain 3 finished in 53.9 seconds.
Chain 1 finished in 54.9 seconds.

All 4 chains finished successfully.
Mean chain execution time: 52.4 seconds.
Total execution time: 55.0 seconds.

Running MCMC with 4 parallel chains...

Chain 4 finished in 63.9 seconds.
Chain 3 finished in 69.0 seconds.
Chain 1 finished in 70.9 seconds.
Chain 2 finished in 78.4 seconds.

All 4 chains finished successfully.
Mean chain execution time: 70.5 seconds.
Total execution time: 78.5 seconds.

Running MCMC with 4 parallel chains...

Chain 1 finished in 252.2 seconds.
Chain 3 finished in 257.4 seconds.
Chain 4 finished in 271.3 seconds.
Chain 2 finished in 279.4 seconds.

All 4 chains finished successfully.
Mean chain execution time: 265.1 seconds.
Total execution time: 279.5 seconds.

Running MCMC with 4 parallel chains...

Chain 3 finished in 409.7 seconds.
Chain 1 finished in 419.0 seconds.
Chain 4 finished in 431.5 seconds.
Chain 2 finished in 439.6 seconds.

All 4 chains finished successfully.
Mean chain execution time: 425.0 seconds.
Total execution time: 439.7 seconds.

Running MCMC with 4 parallel chains...

Chain 1 finished in 97.9 seconds.
Chain 2 finished in 99.8 seconds.
Chain 3 finished in 102.7 seconds.
Chain 4 finished in 107.7 seconds.

All 4 chains finished successfully.
Mean chain execution time: 102.0 seconds.
Total execution time: 107.9 seconds.

Running MCMC with 4 parallel chains...

Chain 2 finished in 172.3 seconds.
Chain 1 finished in 172.8 seconds.
Chain 4 finished in 176.0 seconds.
Chain 3 finished in 197.9 seconds.

All 4 chains finished successfully.
Mean chain execution time: 179.8 seconds.
Total execution time: 198.1 seconds.

Running MCMC with 4 parallel chains...

Chain 3 finished in 29.4 seconds.
Chain 1 finished in 30.8 seconds.
Chain 4 finished in 31.0 seconds.
Chain 2 finished in 32.6 seconds.

All 4 chains finished successfully.
Mean chain execution time: 31.0 seconds.
Total execution time: 32.9 seconds.

Running MCMC with 4 parallel chains...

Chain 1 finished in 46.8 seconds.
Chain 3 finished in 49.0 seconds.
Chain 4 finished in 56.2 seconds.
Chain 2 finished in 57.4 seconds.

All 4 chains finished successfully.
Mean chain execution time: 52.4 seconds.
Total execution time: 57.5 seconds.

Running MCMC with 4 parallel chains...

Chain 2 finished in 93.0 seconds.
Chain 1 finished in 94.3 seconds.
Chain 3 finished in 94.5 seconds.
Chain 4 finished in 97.1 seconds.

All 4 chains finished successfully.
Mean chain execution time: 94.7 seconds.
Total execution time: 97.2 seconds.

Running MCMC with 4 parallel chains...

Chain 2 finished in 125.6 seconds.
Chain 3 finished in 125.6 seconds.
Chain 4 finished in 132.2 seconds.
Chain 1 finished in 134.7 seconds.

All 4 chains finished successfully.
Mean chain execution time: 129.5 seconds.
Total execution time: 134.7 seconds.

Running MCMC with 4 parallel chains...

Chain 1 finished in 46.3 seconds.
Chain 3 finished in 48.8 seconds.
Chain 4 finished in 49.5 seconds.
Chain 2 finished in 49.7 seconds.

All 4 chains finished successfully.
Mean chain execution time: 48.6 seconds.
Total execution time: 49.8 seconds.

Running MCMC with 4 parallel chains...

Chain 1 finished in 78.0 seconds.
Chain 3 finished in 78.9 seconds.
Chain 4 finished in 84.0 seconds.
Chain 2 finished in 88.8 seconds.

All 4 chains finished successfully.
Mean chain execution time: 82.4 seconds.
Total execution time: 88.9 seconds.

Running MCMC with 4 parallel chains...

Chain 1 finished in 284.5 seconds.
Chain 2 finished in 291.3 seconds.
Chain 3 finished in 300.7 seconds.
Chain 4 finished in 309.3 seconds.

All 4 chains finished successfully.
Mean chain execution time: 296.4 seconds.
Total execution time: 309.4 seconds.

Running MCMC with 4 parallel chains...

Chain 2 finished in 379.0 seconds.
Chain 3 finished in 423.7 seconds.
Chain 4 finished in 429.2 seconds.
Chain 1 finished in 446.6 seconds.

All 4 chains finished successfully.
Mean chain execution time: 419.6 seconds.
Total execution time: 446.7 seconds.

Running MCMC with 4 parallel chains...

Chain 2 finished in 112.3 seconds.
Chain 1 finished in 113.7 seconds.
Chain 3 finished in 117.0 seconds.
Chain 4 finished in 124.9 seconds.

All 4 chains finished successfully.
Mean chain execution time: 117.0 seconds.
Total execution time: 125.1 seconds.

Running MCMC with 4 parallel chains...

Chain 1 finished in 144.9 seconds.
Chain 4 finished in 148.2 seconds.
Chain 2 finished in 149.4 seconds.
Chain 3 finished in 155.9 seconds.

All 4 chains finished successfully.
Mean chain execution time: 149.6 seconds.
Total execution time: 156.0 seconds.

Running MCMC with 4 parallel chains...

Chain 4 finished in 30.1 seconds.
Chain 2 finished in 30.7 seconds.
Chain 3 finished in 32.5 seconds.
Chain 1 finished in 32.6 seconds.

All 4 chains finished successfully.
Mean chain execution time: 31.5 seconds.
Total execution time: 32.7 seconds.

Running MCMC with 4 parallel chains...

Chain 3 finished in 40.6 seconds.
Chain 1 finished in 41.4 seconds.
Chain 2 finished in 43.6 seconds.
Chain 4 finished in 45.3 seconds.

All 4 chains finished successfully.
Mean chain execution time: 42.7 seconds.
Total execution time: 45.4 seconds.

Running MCMC with 4 parallel chains...

Chain 1 finished in 91.4 seconds.
Chain 3 finished in 96.0 seconds.
Chain 2 finished in 100.7 seconds.
Chain 4 finished in 106.8 seconds.

All 4 chains finished successfully.
Mean chain execution time: 98.7 seconds.
Total execution time: 107.0 seconds.

Running MCMC with 4 parallel chains...

Chain 2 finished in 130.3 seconds.
Chain 4 finished in 142.7 seconds.
Chain 1 finished in 147.5 seconds.
Chain 3 finished in 164.7 seconds.

All 4 chains finished successfully.
Mean chain execution time: 146.3 seconds.
Total execution time: 164.8 seconds.

Running MCMC with 4 parallel chains...

Chain 1 finished in 45.2 seconds.
Chain 2 finished in 52.0 seconds.
Chain 3 finished in 55.7 seconds.
Chain 4 finished in 59.6 seconds.

All 4 chains finished successfully.
Mean chain execution time: 53.2 seconds.
Total execution time: 59.8 seconds.

Running MCMC with 4 parallel chains...

Chain 1 finished in 58.8 seconds.
Chain 3 finished in 60.1 seconds.
Chain 2 finished in 61.3 seconds.
Chain 4 finished in 61.6 seconds.

All 4 chains finished successfully.
Mean chain execution time: 60.5 seconds.
Total execution time: 61.8 seconds.

Running MCMC with 4 parallel chains...

Chain 2 finished in 285.3 seconds.
Chain 4 finished in 303.8 seconds.
Chain 1 finished in 310.6 seconds.
Chain 3 finished in 353.8 seconds.

All 4 chains finished successfully.
Mean chain execution time: 313.4 seconds.
Total execution time: 353.9 seconds.

Running MCMC with 4 parallel chains...

Chain 3 finished in 359.9 seconds.
Chain 4 finished in 360.3 seconds.
Chain 2 finished in 376.8 seconds.
Chain 1 finished in 410.0 seconds.

All 4 chains finished successfully.
Mean chain execution time: 376.8 seconds.
Total execution time: 410.2 seconds.

Running MCMC with 4 parallel chains...

Chain 4 finished in 101.4 seconds.
Chain 2 finished in 103.9 seconds.
Chain 1 finished in 106.9 seconds.
Chain 3 finished in 107.9 seconds.

All 4 chains finished successfully.
Mean chain execution time: 105.0 seconds.
Total execution time: 108.0 seconds.

Running MCMC with 4 parallel chains...

Chain 1 finished in 134.0 seconds.
Chain 4 finished in 135.5 seconds.
Chain 2 finished in 138.9 seconds.
Chain 3 finished in 154.2 seconds.

All 4 chains finished successfully.
Mean chain execution time: 140.6 seconds.
Total execution time: 154.3 seconds.

Running MCMC with 4 parallel chains...

Chain 2 finished in 26.0 seconds.
Chain 3 finished in 27.8 seconds.
Chain 1 finished in 28.0 seconds.
Chain 4 finished in 28.4 seconds.

All 4 chains finished successfully.
Mean chain execution time: 27.6 seconds.
Total execution time: 28.5 seconds.

Running MCMC with 4 parallel chains...

Chain 4 finished in 38.6 seconds.
Chain 3 finished in 40.1 seconds.
Chain 2 finished in 43.0 seconds.
Chain 1 finished in 44.9 seconds.

All 4 chains finished successfully.
Mean chain execution time: 41.7 seconds.
Total execution time: 45.0 seconds.

Running MCMC with 4 parallel chains...

Chain 4 finished in 86.2 seconds.
Chain 1 finished in 89.5 seconds.
Chain 2 finished in 93.7 seconds.
Chain 3 finished in 94.7 seconds.

All 4 chains finished successfully.
Mean chain execution time: 91.0 seconds.
Total execution time: 94.8 seconds.

Running MCMC with 4 parallel chains...

Chain 4 finished in 120.1 seconds.
Chain 1 finished in 137.0 seconds.
Chain 2 finished in 138.1 seconds.
Chain 3 finished in 144.6 seconds.

All 4 chains finished successfully.
Mean chain execution time: 135.0 seconds.
Total execution time: 144.7 seconds.

Running MCMC with 4 parallel chains...

Chain 2 finished in 48.2 seconds.
Chain 3 finished in 49.2 seconds.
Chain 1 finished in 50.3 seconds.
Chain 4 finished in 54.6 seconds.

All 4 chains finished successfully.
Mean chain execution time: 50.6 seconds.
Total execution time: 54.7 seconds.

Running MCMC with 4 parallel chains...

Chain 4 finished in 60.6 seconds.
Chain 2 finished in 62.5 seconds.
Chain 3 finished in 64.8 seconds.
Chain 1 finished in 66.1 seconds.

All 4 chains finished successfully.
Mean chain execution time: 63.5 seconds.
Total execution time: 66.3 seconds.

Running MCMC with 4 parallel chains...

Chain 4 finished in 274.0 seconds.
Chain 2 finished in 279.8 seconds.
Chain 1 finished in 283.5 seconds.
Chain 3 finished in 296.6 seconds.

All 4 chains finished successfully.
Mean chain execution time: 283.5 seconds.
Total execution time: 296.8 seconds.

Running MCMC with 4 parallel chains...

Chain 4 finished in 340.0 seconds.
Chain 3 finished in 354.8 seconds.
Chain 2 finished in 365.1 seconds.
Chain 1 finished in 398.2 seconds.

All 4 chains finished successfully.
Mean chain execution time: 364.5 seconds.
Total execution time: 398.3 seconds.

Running MCMC with 4 parallel chains...

Chain 4 finished in 99.9 seconds.
Chain 3 finished in 100.9 seconds.
Chain 1 finished in 102.0 seconds.
Chain 2 finished in 103.2 seconds.

All 4 chains finished successfully.
Mean chain execution time: 101.5 seconds.
Total execution time: 103.2 seconds.

Running MCMC with 4 parallel chains...

Chain 1 finished in 136.4 seconds.
Chain 2 finished in 136.9 seconds.
Chain 4 finished in 138.4 seconds.
Chain 3 finished in 142.5 seconds.

All 4 chains finished successfully.
Mean chain execution time: 138.5 seconds.
Total execution time: 142.8 seconds.

Running MCMC with 4 parallel chains...

Chain 2 finished in 25.6 seconds.
Chain 3 finished in 25.8 seconds.
Chain 1 finished in 26.7 seconds.
Chain 4 finished in 26.8 seconds.

All 4 chains finished successfully.
Mean chain execution time: 26.2 seconds.
Total execution time: 27.0 seconds.

Running MCMC with 4 parallel chains...

Chain 4 finished in 37.5 seconds.
Chain 1 finished in 39.2 seconds.
Chain 2 finished in 40.5 seconds.
Chain 3 finished in 42.1 seconds.

All 4 chains finished successfully.
Mean chain execution time: 39.8 seconds.
Total execution time: 42.2 seconds.

Running MCMC with 4 parallel chains...

Chain 4 finished in 83.3 seconds.
Chain 3 finished in 90.3 seconds.
Chain 2 finished in 94.2 seconds.
Chain 1 finished in 94.8 seconds.

All 4 chains finished successfully.
Mean chain execution time: 90.7 seconds.
Total execution time: 94.9 seconds.

Running MCMC with 4 parallel chains...

Chain 4 finished in 121.4 seconds.
Chain 2 finished in 123.3 seconds.
Chain 3 finished in 128.0 seconds.
Chain 1 finished in 130.0 seconds.

All 4 chains finished successfully.
Mean chain execution time: 125.7 seconds.
Total execution time: 130.1 seconds.

Running MCMC with 4 parallel chains...

Chain 4 finished in 45.4 seconds.
Chain 3 finished in 45.5 seconds.
Chain 1 finished in 49.5 seconds.
Chain 2 finished in 51.4 seconds.

All 4 chains finished successfully.
Mean chain execution time: 48.0 seconds.
Total execution time: 51.5 seconds.

Running MCMC with 4 parallel chains...

Chain 3 finished in 59.2 seconds.
Chain 2 finished in 59.9 seconds.
Chain 4 finished in 60.9 seconds.
Chain 1 finished in 68.9 seconds.

All 4 chains finished successfully.
Mean chain execution time: 62.2 seconds.
Total execution time: 69.0 seconds.

[2026-05-05 03:31:19] [INFO] - ✅ 完成: Outcome=X70_X84
