[2025-10-17 00:15:03] [INFO] - 项目根目录: /public/home/acf4pijnzl/WDP
[2025-10-17 00:15:03] [INFO] - 开始处理任务 10
[2025-10-17 00:15:03] [INFO] - 处理癌症类型: C64_C68
[1] "EQI"          "EQI_Air"      "EQI_Water"    "EQI_Land"     "EQI_Built"   
[6] "EQI_Social"   "Smoking_Rate" "State_FIPS"   "Cluster"     
Running MCMC with 4 parallel chains...

Chain 2 finished in 64.8 seconds.
Chain 3 finished in 67.7 seconds.
Chain 1 finished in 70.8 seconds.
Chain 4 finished in 70.9 seconds.

All 4 chains finished successfully.
Mean chain execution time: 68.5 seconds.
Total execution time: 71.2 seconds.

Running MCMC with 4 parallel chains...

Chain 1 finished in 76.5 seconds.
Chain 2 finished in 81.0 seconds.
Chain 4 finished in 86.7 seconds.
Chain 3 finished in 93.9 seconds.

All 4 chains finished successfully.
Mean chain execution time: 84.5 seconds.
Total execution time: 94.0 seconds.

Running MCMC with 4 parallel chains...

Chain 3 finished in 67.0 seconds.
Chain 4 finished in 67.9 seconds.
Chain 2 finished in 70.8 seconds.
Chain 1 finished in 72.2 seconds.

All 4 chains finished successfully.
Mean chain execution time: 69.5 seconds.
Total execution time: 72.3 seconds.

Running MCMC with 4 parallel chains...

Chain 3 finished in 86.4 seconds.
Chain 2 finished in 90.7 seconds.
Chain 1 finished in 92.7 seconds.
Chain 4 finished in 108.9 seconds.

All 4 chains finished successfully.
Mean chain execution time: 94.7 seconds.
Total execution time: 109.0 seconds.

Running MCMC with 4 parallel chains...

Chain 4 finished in 66.6 seconds.
Chain 1 finished in 67.0 seconds.
Chain 3 finished in 68.1 seconds.
Chain 2 finished in 77.8 seconds.

All 4 chains finished successfully.
Mean chain execution time: 69.9 seconds.
Total execution time: 77.9 seconds.

Running MCMC with 4 parallel chains...

Chain 2 finished in 82.3 seconds.
Chain 4 finished in 87.5 seconds.
Chain 3 finished in 90.4 seconds.
Chain 1 finished in 90.8 seconds.

All 4 chains finished successfully.
Mean chain execution time: 87.7 seconds.
Total execution time: 90.8 seconds.

Running MCMC with 4 parallel chains...

Chain 2 finished in 83.2 seconds.
Chain 3 finished in 85.2 seconds.
Chain 4 finished in 86.4 seconds.
Chain 1 finished in 88.5 seconds.

All 4 chains finished successfully.
Mean chain execution time: 85.8 seconds.
Total execution time: 88.6 seconds.

Running MCMC with 4 parallel chains...

Chain 1 finished in 98.9 seconds.
Chain 2 finished in 103.3 seconds.
Chain 3 finished in 103.9 seconds.
Chain 4 finished in 107.9 seconds.

All 4 chains finished successfully.
Mean chain execution time: 103.5 seconds.
Total execution time: 108.0 seconds.

Running MCMC with 4 parallel chains...

Chain 4 finished in 87.5 seconds.
Chain 3 finished in 88.3 seconds.
Chain 2 finished in 90.5 seconds.
Chain 1 finished in 95.8 seconds.

All 4 chains finished successfully.
Mean chain execution time: 90.5 seconds.
Total execution time: 95.9 seconds.

Running MCMC with 4 parallel chains...

Chain 3 finished in 101.2 seconds.
Chain 1 finished in 102.5 seconds.
Chain 4 finished in 111.1 seconds.
Chain 2 finished in 114.4 seconds.

All 4 chains finished successfully.
Mean chain execution time: 107.3 seconds.
Total execution time: 114.5 seconds.

Running MCMC with 4 parallel chains...

Chain 1 finished in 88.3 seconds.
Chain 3 finished in 88.2 seconds.
Chain 2 finished in 89.9 seconds.
Chain 4 finished in 92.2 seconds.

All 4 chains finished successfully.
Mean chain execution time: 89.7 seconds.
Total execution time: 92.3 seconds.

Running MCMC with 4 parallel chains...

Chain 4 finished in 106.7 seconds.
Chain 2 finished in 106.9 seconds.
Chain 3 finished in 108.2 seconds.
Chain 1 finished in 111.8 seconds.

All 4 chains finished successfully.
Mean chain execution time: 108.4 seconds.
Total execution time: 111.9 seconds.

Running MCMC with 4 parallel chains...

Chain 1 finished in 79.8 seconds.
Chain 2 finished in 81.1 seconds.
Chain 4 finished in 83.2 seconds.
Chain 3 finished in 89.7 seconds.

All 4 chains finished successfully.
Mean chain execution time: 83.5 seconds.
Total execution time: 89.9 seconds.

Running MCMC with 4 parallel chains...

Chain 3 finished in 104.2 seconds.
Chain 4 finished in 108.0 seconds.
Chain 1 finished in 111.9 seconds.
Chain 2 finished in 116.1 seconds.

All 4 chains finished successfully.
Mean chain execution time: 110.1 seconds.
Total execution time: 116.2 seconds.

Running MCMC with 4 parallel chains...

Chain 2 finished in 75.8 seconds.
Chain 3 finished in 79.9 seconds.
Chain 4 finished in 85.4 seconds.
Chain 1 finished in 88.2 seconds.

All 4 chains finished successfully.
Mean chain execution time: 82.3 seconds.
Total execution time: 88.3 seconds.

Running MCMC with 4 parallel chains...

Chain 3 finished in 94.3 seconds.
Chain 1 finished in 103.8 seconds.
Chain 2 finished in 105.8 seconds.
Chain 4 finished in 107.2 seconds.

All 4 chains finished successfully.
Mean chain execution time: 102.8 seconds.
Total execution time: 107.4 seconds.

Running MCMC with 4 parallel chains...

Chain 2 finished in 184.6 seconds.
Chain 3 finished in 198.6 seconds.
Chain 1 finished in 199.4 seconds.
Chain 4 finished in 199.8 seconds.

All 4 chains finished successfully.
Mean chain execution time: 195.6 seconds.
Total execution time: 199.9 seconds.

Running MCMC with 4 parallel chains...

Chain 2 finished in 484.9 seconds.
Chain 4 finished in 529.5 seconds.
Chain 1 finished in 532.0 seconds.
Chain 3 finished in 532.1 seconds.

All 4 chains finished successfully.
Mean chain execution time: 519.6 seconds.
Total execution time: 532.2 seconds.

Running MCMC with 4 parallel chains...

Chain 4 finished in 217.1 seconds.
Chain 3 finished in 220.1 seconds.
Chain 1 finished in 223.0 seconds.
Chain 2 finished in 225.0 seconds.

All 4 chains finished successfully.
Mean chain execution time: 221.3 seconds.
Total execution time: 225.1 seconds.

Running MCMC with 4 parallel chains...

Chain 4 finished in 512.4 seconds.
Chain 3 finished in 570.4 seconds.
Chain 1 finished in 575.3 seconds.
Chain 2 finished in 587.8 seconds.

All 4 chains finished successfully.
Mean chain execution time: 561.5 seconds.
Total execution time: 587.9 seconds.

Running MCMC with 4 parallel chains...

Chain 2 finished in 175.0 seconds.
Chain 4 finished in 194.5 seconds.
Chain 3 finished in 195.2 seconds.
Chain 1 finished in 203.0 seconds.

All 4 chains finished successfully.
Mean chain execution time: 191.9 seconds.
Total execution time: 203.1 seconds.

Running MCMC with 4 parallel chains...

Chain 3 finished in 263.0 seconds.
Chain 1 finished in 266.8 seconds.
Chain 4 finished in 271.7 seconds.
Chain 2 finished in 276.9 seconds.

All 4 chains finished successfully.
Mean chain execution time: 269.6 seconds.
Total execution time: 277.0 seconds.

Running MCMC with 4 parallel chains...

Chain 3 finished in 180.6 seconds.
Chain 1 finished in 181.1 seconds.
Chain 2 finished in 194.1 seconds.
Chain 4 finished in 196.6 seconds.

All 4 chains finished successfully.
Mean chain execution time: 188.1 seconds.
Total execution time: 196.8 seconds.

Running MCMC with 4 parallel chains...

Chain 1 finished in 275.7 seconds.
Chain 2 finished in 275.8 seconds.
Chain 4 finished in 302.9 seconds.
Chain 3 finished in 322.5 seconds.

All 4 chains finished successfully.
Mean chain execution time: 294.2 seconds.
Total execution time: 322.7 seconds.

[2025-10-17 01:24:08] [INFO] - ✅ 完成: Cancer=C64_C68
