[2026-04-13 14:58:50] [INFO] - Project root: /public/home/acf4pijnzl/WDP
[2026-04-13 14:58:50] [INFO] - Task 4 → cancer=G20_G30_G12.2_F01_F03  section=Asian
 [1] "EQI"          "EQI_Air"      "EQI_Water"    "EQI_Land"     "EQI_Built"   
 [6] "EQI_Social"   "Smoking_Rate" "State_FIPS"   "AAMR_Lower"   "AAMR_Upper"  
[11] "cens"         "RUCC"        
Running MCMC with 4 parallel chains...

Chain 2 finished in 148.4 seconds.
Chain 3 finished in 150.7 seconds.
Chain 1 finished in 156.2 seconds.
Chain 4 finished in 170.0 seconds.

All 4 chains finished successfully.
Mean chain execution time: 156.3 seconds.
Total execution time: 170.2 seconds.

Running MCMC with 4 parallel chains...

Chain 3 finished in 212.4 seconds.
Chain 4 finished in 230.7 seconds.
Chain 2 finished in 236.3 seconds.
Chain 1 finished in 269.2 seconds.

All 4 chains finished successfully.
Mean chain execution time: 237.2 seconds.
Total execution time: 269.3 seconds.

Running MCMC with 4 parallel chains...

Chain 1 finished in 145.7 seconds.
Chain 2 finished in 137.0 seconds.
Chain 3 finished in 141.9 seconds.
Chain 4 finished in 143.6 seconds.

All 4 chains finished successfully.
Mean chain execution time: 142.0 seconds.
Total execution time: 163.3 seconds.

Running MCMC with 4 parallel chains...

Chain 1 finished in 208.8 seconds.
Chain 4 finished in 212.2 seconds.
Chain 2 finished in 236.9 seconds.
Chain 3 finished in 253.9 seconds.

All 4 chains finished successfully.
Mean chain execution time: 228.0 seconds.
Total execution time: 254.0 seconds.

Running MCMC with 4 parallel chains...

Chain 3 finished in 129.3 seconds.
Chain 1 finished in 130.0 seconds.
Chain 4 finished in 144.5 seconds.
Chain 2 finished in 152.5 seconds.

All 4 chains finished successfully.
Mean chain execution time: 139.1 seconds.
Total execution time: 152.6 seconds.

Running MCMC with 4 parallel chains...

Chain 3 finished in 200.8 seconds.
Chain 4 finished in 204.5 seconds.
Chain 2 finished in 210.6 seconds.
Chain 1 finished in 215.5 seconds.

All 4 chains finished successfully.
Mean chain execution time: 207.9 seconds.
Total execution time: 215.7 seconds.

Running MCMC with 4 parallel chains...

Chain 1 finished in 131.7 seconds.
Chain 2 finished in 139.7 seconds.
Chain 4 finished in 143.2 seconds.
Chain 3 finished in 151.8 seconds.

All 4 chains finished successfully.
Mean chain execution time: 141.6 seconds.
Total execution time: 151.9 seconds.

Running MCMC with 4 parallel chains...

Chain 1 finished in 204.2 seconds.
Chain 4 finished in 204.9 seconds.
Chain 3 finished in 222.6 seconds.
Chain 2 finished in 242.0 seconds.

All 4 chains finished successfully.
Mean chain execution time: 218.4 seconds.
Total execution time: 242.2 seconds.

Running MCMC with 4 parallel chains...

Chain 2 finished in 125.4 seconds.
Chain 3 finished in 147.2 seconds.
Chain 1 finished in 152.0 seconds.
Chain 4 finished in 164.5 seconds.

All 4 chains finished successfully.
Mean chain execution time: 147.3 seconds.
Total execution time: 164.6 seconds.

Running MCMC with 4 parallel chains...

Chain 1 finished in 187.8 seconds.
Chain 4 finished in 199.2 seconds.
Chain 3 finished in 201.7 seconds.
Chain 2 finished in 212.1 seconds.

All 4 chains finished successfully.
Mean chain execution time: 200.2 seconds.
Total execution time: 212.2 seconds.

[2026-04-13 15:33:20] [INFO] - Done: G20_G30_G12.2_F01_F03 / Asian → Result/Stratified_MRR/
