[2026-04-11 18:03:05] [INFO] - 项目根目录: /public/home/acf4pijnzl/WDP
[2026-04-11 18:03:05] [INFO] - 开始处理任务 3
[2026-04-11 18:03:05] [INFO] - 处理癌症类型: G12.2
[1] "EQI"          "EQI_Air"      "EQI_Water"    "EQI_Land"     "EQI_Built"   
[6] "EQI_Social"   "Smoking_Rate" "State_FIPS"  
Running MCMC with 4 parallel chains...

Chain 1 finished in 544.9 seconds.
Chain 3 finished in 612.9 seconds.
Chain 2 finished in 630.9 seconds.
Chain 4 finished in 658.3 seconds.

All 4 chains finished successfully.
Mean chain execution time: 611.7 seconds.
Total execution time: 658.7 seconds.

Running MCMC with 4 parallel chains...

Chain 1 finished in 609.3 seconds.
Chain 4 finished in 639.7 seconds.
Chain 2 finished in 648.9 seconds.
Chain 3 finished in 653.9 seconds.

All 4 chains finished successfully.
Mean chain execution time: 638.0 seconds.
Total execution time: 654.0 seconds.

Running MCMC with 4 parallel chains...

Chain 2 finished in 601.2 seconds.
Chain 4 finished in 606.1 seconds.
Chain 1 finished in 625.0 seconds.
Chain 3 finished in 663.7 seconds.

All 4 chains finished successfully.
Mean chain execution time: 624.0 seconds.
Total execution time: 663.8 seconds.

[2026-04-11 18:36:41] [INFO] - ✅ 完成: Cancer=G12.2
[2026-04-11 18:36:41] [INFO] - 输出目录: Result/brms_MRR_lag/
