[2026-04-12 23:06:47] [INFO] - Project root: /public/home/acf4pijnzl/WDP
[2026-04-12 23:06:47] [INFO] - Task 12 → cancer=C00_C97  section=White
 [1] "EQI"          "EQI_Air"      "EQI_Water"    "EQI_Land"     "EQI_Built"   
 [6] "EQI_Social"   "Smoking_Rate" "State_FIPS"   "AAMR_Lower"   "AAMR_Upper"  
[11] "cens"         "RUCC"        
Running MCMC with 4 parallel chains...

Chain 1 finished in 196.6 seconds.
Chain 3 finished in 203.6 seconds.
Chain 2 finished in 246.3 seconds.
Chain 4 finished in 257.3 seconds.

All 4 chains finished successfully.
Mean chain execution time: 226.0 seconds.
Total execution time: 257.6 seconds.

Running MCMC with 4 parallel chains...

Chain 4 finished in 318.7 seconds.
Chain 2 finished in 385.5 seconds.
Chain 1 finished in 388.5 seconds.
Chain 3 finished in 397.9 seconds.

All 4 chains finished successfully.
Mean chain execution time: 372.6 seconds.
Total execution time: 398.1 seconds.

Running MCMC with 4 parallel chains...

Chain 1 finished in 265.0 seconds.
Chain 4 finished in 295.5 seconds.
Chain 3 finished in 328.9 seconds.
Chain 2 finished in 331.1 seconds.

All 4 chains finished successfully.
Mean chain execution time: 305.1 seconds.
Total execution time: 331.2 seconds.

Running MCMC with 4 parallel chains...

Chain 3 finished in 452.4 seconds.
Chain 2 finished in 459.5 seconds.
Chain 1 finished in 497.2 seconds.
Chain 4 finished in 548.2 seconds.

All 4 chains finished successfully.
Mean chain execution time: 489.3 seconds.
Total execution time: 548.4 seconds.

Running MCMC with 4 parallel chains...

Chain 1 finished in 218.6 seconds.
Chain 2 finished in 240.3 seconds.
Chain 3 finished in 245.0 seconds.
Chain 4 finished in 245.2 seconds.

All 4 chains finished successfully.
Mean chain execution time: 237.3 seconds.
Total execution time: 245.5 seconds.

Running MCMC with 4 parallel chains...

Chain 1 finished in 375.3 seconds.
Chain 3 finished in 392.0 seconds.
Chain 2 finished in 400.5 seconds.
Chain 4 finished in 501.3 seconds.

All 4 chains finished successfully.
Mean chain execution time: 417.3 seconds.
Total execution time: 501.5 seconds.

Running MCMC with 4 parallel chains...

Chain 1 finished in 239.4 seconds.
Chain 2 finished in 268.4 seconds.
Chain 4 finished in 268.5 seconds.
Chain 3 finished in 271.0 seconds.

All 4 chains finished successfully.
Mean chain execution time: 261.9 seconds.
Total execution time: 271.2 seconds.

Running MCMC with 4 parallel chains...

Chain 3 finished in 607.8 seconds.
Chain 2 finished in 621.1 seconds.
Chain 1 finished in 670.1 seconds.
Chain 4 finished in 716.7 seconds.

All 4 chains finished successfully.
Mean chain execution time: 653.9 seconds.
Total execution time: 716.9 seconds.

Running MCMC with 4 parallel chains...

Chain 2 finished in 271.6 seconds.
Chain 3 finished in 282.4 seconds.
Chain 4 finished in 297.1 seconds.
Chain 1 finished in 344.1 seconds.

All 4 chains finished successfully.
Mean chain execution time: 298.8 seconds.
Total execution time: 344.2 seconds.

Running MCMC with 4 parallel chains...

Chain 3 finished in 373.4 seconds.
Chain 2 finished in 407.6 seconds.
Chain 4 finished in 417.1 seconds.
Chain 1 finished in 472.3 seconds.

All 4 chains finished successfully.
Mean chain execution time: 417.6 seconds.
Total execution time: 472.4 seconds.

[2026-04-13 00:15:43] [INFO] - Done: C00_C97 / White → Result/Stratified_MRR/
