[2026-04-02 12:31:34] [INFO] - 项目根目录: /public/home/acf4pijnzl/WDP
[2026-04-02 12:31:34] [INFO] - 开始处理任务 10
[2026-04-02 12:31:34] [INFO] - 处理癌症类型: C91_C95
[1] "EQI"          "EQI_Air"      "EQI_Water"    "EQI_Land"     "EQI_Built"   
[6] "EQI_Social"   "Smoking_Rate" "State_FIPS"  
Running MCMC with 4 parallel chains...

Chain 3 finished in 345.3 seconds.
Chain 1 finished in 383.8 seconds.
Chain 2 finished in 408.5 seconds.
Chain 4 finished in 463.5 seconds.

All 4 chains finished successfully.
Mean chain execution time: 400.3 seconds.
Total execution time: 463.8 seconds.

Running MCMC with 4 parallel chains...

Chain 1 finished in 377.1 seconds.
Chain 2 finished in 382.1 seconds.
Chain 4 finished in 385.8 seconds.
Chain 3 finished in 389.9 seconds.

All 4 chains finished successfully.
Mean chain execution time: 383.7 seconds.
Total execution time: 390.0 seconds.

Running MCMC with 4 parallel chains...

Chain 2 finished in 388.9 seconds.
Chain 3 finished in 407.2 seconds.
Chain 4 finished in 419.3 seconds.
Chain 1 finished in 441.6 seconds.

All 4 chains finished successfully.
Mean chain execution time: 414.3 seconds.
Total execution time: 441.8 seconds.

[2026-04-02 12:53:58] [INFO] - ✅ 完成: Cancer=C91_C95
[2026-04-02 12:53:58] [INFO] - 输出目录: Result/brms_MRR_lag/
