[2026-05-05 00:28:34] [INFO] - 项目根目录: /public/home/acf4pijnzl/WDP
[2026-05-05 00:28:35] [INFO] - 开始处理任务 18
[2026-05-05 00:28:35] [INFO] - 处理outcome: X60_X84_Y87.0
[1] "EQI"          "EQI_Air"      "EQI_Water"    "EQI_Land"     "EQI_Built"   
[6] "EQI_Social"   "Smoking_Rate" "State_FIPS"  
Running MCMC with 4 parallel chains...

Chain 2 finished in 292.0 seconds.
Chain 3 finished in 303.7 seconds.
Chain 1 finished in 312.0 seconds.
Chain 4 finished in 337.7 seconds.

All 4 chains finished successfully.
Mean chain execution time: 311.3 seconds.
Total execution time: 337.9 seconds.

Running MCMC with 4 parallel chains...

Chain 1 finished in 388.0 seconds.
Chain 3 finished in 423.1 seconds.
Chain 4 finished in 466.7 seconds.
Chain 2 finished in 474.6 seconds.

All 4 chains finished successfully.
Mean chain execution time: 438.1 seconds.
Total execution time: 474.8 seconds.

Running MCMC with 4 parallel chains...

Chain 2 finished in 108.3 seconds.
Chain 4 finished in 108.4 seconds.
Chain 3 finished in 112.5 seconds.
Chain 1 finished in 139.9 seconds.

All 4 chains finished successfully.
Mean chain execution time: 117.3 seconds.
Total execution time: 140.0 seconds.

Running MCMC with 4 parallel chains...

Chain 3 finished in 179.3 seconds.
Chain 2 finished in 191.9 seconds.
Chain 4 finished in 208.0 seconds.
Chain 1 finished in 211.2 seconds.

All 4 chains finished successfully.
Mean chain execution time: 197.6 seconds.
Total execution time: 211.3 seconds.

Running MCMC with 4 parallel chains...

Chain 4 finished in 31.1 seconds.
Chain 1 finished in 32.1 seconds.
Chain 2 finished in 32.2 seconds.
Chain 3 finished in 32.6 seconds.

All 4 chains finished successfully.
Mean chain execution time: 32.0 seconds.
Total execution time: 32.6 seconds.

Running MCMC with 4 parallel chains...

Chain 1 finished in 60.7 seconds.
Chain 2 finished in 62.2 seconds.
Chain 3 finished in 62.4 seconds.
Chain 4 finished in 63.9 seconds.

All 4 chains finished successfully.
Mean chain execution time: 62.3 seconds.
Total execution time: 64.1 seconds.

Running MCMC with 4 parallel chains...

Chain 4 finished in 103.6 seconds.
Chain 1 finished in 103.9 seconds.
Chain 2 finished in 108.2 seconds.
Chain 3 finished in 111.0 seconds.

All 4 chains finished successfully.
Mean chain execution time: 106.7 seconds.
Total execution time: 111.2 seconds.

Running MCMC with 4 parallel chains...

Chain 3 finished in 140.4 seconds.
Chain 1 finished in 167.9 seconds.
Chain 2 finished in 176.1 seconds.
Chain 4 finished in 187.9 seconds.

All 4 chains finished successfully.
Mean chain execution time: 168.1 seconds.
Total execution time: 188.0 seconds.

Running MCMC with 4 parallel chains...

Chain 4 finished in 63.5 seconds.
Chain 2 finished in 66.4 seconds.
Chain 3 finished in 75.0 seconds.
Chain 1 finished in 75.9 seconds.

All 4 chains finished successfully.
Mean chain execution time: 70.2 seconds.
Total execution time: 76.0 seconds.

Running MCMC with 4 parallel chains...

Chain 2 finished in 74.4 seconds.
Chain 1 finished in 81.7 seconds.
Chain 4 finished in 83.5 seconds.
Chain 3 finished in 84.9 seconds.

All 4 chains finished successfully.
Mean chain execution time: 81.1 seconds.
Total execution time: 85.0 seconds.

Running MCMC with 4 parallel chains...

Chain 2 finished in 304.6 seconds.
Chain 3 finished in 304.9 seconds.
Chain 1 finished in 312.8 seconds.
Chain 4 finished in 349.7 seconds.

All 4 chains finished successfully.
Mean chain execution time: 318.0 seconds.
Total execution time: 349.8 seconds.

Running MCMC with 4 parallel chains...

Chain 1 finished in 407.6 seconds.
Chain 2 finished in 411.8 seconds.
Chain 3 finished in 440.8 seconds.
Chain 4 finished in 468.7 seconds.

All 4 chains finished successfully.
Mean chain execution time: 432.2 seconds.
Total execution time: 469.0 seconds.

Running MCMC with 4 parallel chains...

Chain 2 finished in 107.8 seconds.
Chain 1 finished in 108.9 seconds.
Chain 3 finished in 117.0 seconds.
Chain 4 finished in 119.9 seconds.

All 4 chains finished successfully.
Mean chain execution time: 113.4 seconds.
Total execution time: 120.0 seconds.

Running MCMC with 4 parallel chains...

Chain 2 finished in 180.8 seconds.
Chain 3 finished in 186.5 seconds.
Chain 4 finished in 200.1 seconds.
Chain 1 finished in 203.6 seconds.

All 4 chains finished successfully.
Mean chain execution time: 192.7 seconds.
Total execution time: 203.7 seconds.

Running MCMC with 4 parallel chains...

Chain 2 finished in 32.3 seconds.
Chain 3 finished in 32.7 seconds.
Chain 4 finished in 33.2 seconds.
Chain 1 finished in 34.2 seconds.

All 4 chains finished successfully.
Mean chain execution time: 33.1 seconds.
Total execution time: 34.3 seconds.

Running MCMC with 4 parallel chains...

Chain 1 finished in 59.2 seconds.
Chain 2 finished in 61.9 seconds.
Chain 4 finished in 63.4 seconds.
Chain 3 finished in 67.4 seconds.

All 4 chains finished successfully.
Mean chain execution time: 63.0 seconds.
Total execution time: 67.5 seconds.

Running MCMC with 4 parallel chains...

Chain 2 finished in 96.4 seconds.
Chain 3 finished in 98.1 seconds.
Chain 4 finished in 98.8 seconds.
Chain 1 finished in 99.8 seconds.

All 4 chains finished successfully.
Mean chain execution time: 98.3 seconds.
Total execution time: 99.9 seconds.

Running MCMC with 4 parallel chains...

Chain 4 finished in 143.4 seconds.
Chain 1 finished in 149.7 seconds.
Chain 3 finished in 152.2 seconds.
Chain 2 finished in 157.6 seconds.

All 4 chains finished successfully.
Mean chain execution time: 150.7 seconds.
Total execution time: 157.7 seconds.

Running MCMC with 4 parallel chains...

Chain 2 finished in 52.5 seconds.
Chain 4 finished in 57.5 seconds.
Chain 1 finished in 62.6 seconds.
Chain 3 finished in 63.3 seconds.

All 4 chains finished successfully.
Mean chain execution time: 59.0 seconds.
Total execution time: 63.5 seconds.

Running MCMC with 4 parallel chains...

Chain 2 finished in 65.5 seconds.
Chain 4 finished in 70.5 seconds.
Chain 1 finished in 73.3 seconds.
Chain 3 finished in 79.7 seconds.

All 4 chains finished successfully.
Mean chain execution time: 72.2 seconds.
Total execution time: 79.8 seconds.

Running MCMC with 4 parallel chains...

Chain 3 finished in 273.5 seconds.
Chain 4 finished in 279.5 seconds.
Chain 2 finished in 281.9 seconds.
Chain 1 finished in 283.7 seconds.

All 4 chains finished successfully.
Mean chain execution time: 279.6 seconds.
Total execution time: 283.9 seconds.

Running MCMC with 4 parallel chains...

Chain 2 finished in 382.1 seconds.
Chain 3 finished in 400.9 seconds.
Chain 4 finished in 408.7 seconds.
Chain 1 finished in 444.8 seconds.

All 4 chains finished successfully.
Mean chain execution time: 409.1 seconds.
Total execution time: 445.0 seconds.

Running MCMC with 4 parallel chains...

Chain 4 finished in 105.7 seconds.
Chain 2 finished in 107.6 seconds.
Chain 3 finished in 107.9 seconds.
Chain 1 finished in 109.8 seconds.

All 4 chains finished successfully.
Mean chain execution time: 107.8 seconds.
Total execution time: 109.9 seconds.

Running MCMC with 4 parallel chains...

Chain 1 finished in 150.7 seconds.
Chain 4 finished in 153.1 seconds.
Chain 2 finished in 154.6 seconds.
Chain 3 finished in 162.4 seconds.

All 4 chains finished successfully.
Mean chain execution time: 155.2 seconds.
Total execution time: 162.6 seconds.

Running MCMC with 4 parallel chains...

Chain 2 finished in 30.4 seconds.
Chain 3 finished in 30.7 seconds.
Chain 1 finished in 31.4 seconds.
Chain 4 finished in 32.1 seconds.

All 4 chains finished successfully.
Mean chain execution time: 31.1 seconds.
Total execution time: 32.3 seconds.

Running MCMC with 4 parallel chains...

Chain 1 finished in 47.4 seconds.
Chain 2 finished in 52.9 seconds.
Chain 4 finished in 55.1 seconds.
Chain 3 finished in 59.3 seconds.

All 4 chains finished successfully.
Mean chain execution time: 53.7 seconds.
Total execution time: 59.4 seconds.

Running MCMC with 4 parallel chains...

Chain 4 finished in 92.3 seconds.
Chain 1 finished in 97.2 seconds.
Chain 3 finished in 100.5 seconds.
Chain 2 finished in 100.7 seconds.

All 4 chains finished successfully.
Mean chain execution time: 97.7 seconds.
Total execution time: 100.8 seconds.

Running MCMC with 4 parallel chains...

Chain 1 finished in 128.0 seconds.
Chain 4 finished in 134.7 seconds.
Chain 3 finished in 143.2 seconds.
Chain 2 finished in 145.4 seconds.

All 4 chains finished successfully.
Mean chain execution time: 137.9 seconds.
Total execution time: 145.5 seconds.

Running MCMC with 4 parallel chains...

Chain 2 finished in 49.9 seconds.
Chain 1 finished in 50.8 seconds.
Chain 4 finished in 50.9 seconds.
Chain 3 finished in 51.6 seconds.

All 4 chains finished successfully.
Mean chain execution time: 50.8 seconds.
Total execution time: 51.7 seconds.

Running MCMC with 4 parallel chains...

Chain 1 finished in 66.5 seconds.
Chain 2 finished in 63.7 seconds.
Chain 4 finished in 69.5 seconds.
Chain 3 finished in 76.5 seconds.

All 4 chains finished successfully.
Mean chain execution time: 69.1 seconds.
Total execution time: 88.8 seconds.

Running MCMC with 4 parallel chains...

Chain 2 finished in 264.1 seconds.
Chain 1 finished in 276.3 seconds.
Chain 4 finished in 281.1 seconds.
Chain 3 finished in 303.2 seconds.

All 4 chains finished successfully.
Mean chain execution time: 281.2 seconds.
Total execution time: 303.4 seconds.

Running MCMC with 4 parallel chains...

Chain 3 finished in 354.3 seconds.
Chain 2 finished in 379.6 seconds.
Chain 4 finished in 436.6 seconds.
Chain 1 finished in 438.2 seconds.

All 4 chains finished successfully.
Mean chain execution time: 402.2 seconds.
Total execution time: 438.4 seconds.

Running MCMC with 4 parallel chains...

Chain 1 finished in 100.6 seconds.
Chain 3 finished in 100.8 seconds.
Chain 4 finished in 103.6 seconds.
Chain 2 finished in 105.1 seconds.

All 4 chains finished successfully.
Mean chain execution time: 102.5 seconds.
Total execution time: 105.2 seconds.

Running MCMC with 4 parallel chains...

Chain 2 finished in 143.7 seconds.
Chain 1 finished in 154.8 seconds.
Chain 3 finished in 160.2 seconds.
Chain 4 finished in 166.1 seconds.

All 4 chains finished successfully.
Mean chain execution time: 156.2 seconds.
Total execution time: 166.2 seconds.

Running MCMC with 4 parallel chains...

Chain 1 finished in 28.8 seconds.
Chain 2 finished in 29.3 seconds.
Chain 3 finished in 30.5 seconds.
Chain 4 finished in 38.2 seconds.

All 4 chains finished successfully.
Mean chain execution time: 31.7 seconds.
Total execution time: 38.4 seconds.

Running MCMC with 4 parallel chains...

Chain 1 finished in 48.0 seconds.
Chain 4 finished in 52.4 seconds.
Chain 2 finished in 54.2 seconds.
Chain 3 finished in 57.8 seconds.

All 4 chains finished successfully.
Mean chain execution time: 53.1 seconds.
Total execution time: 57.9 seconds.

Running MCMC with 4 parallel chains...

Chain 4 finished in 88.7 seconds.
Chain 1 finished in 95.3 seconds.
Chain 2 finished in 95.4 seconds.
Chain 3 finished in 99.0 seconds.

All 4 chains finished successfully.
Mean chain execution time: 94.6 seconds.
Total execution time: 99.1 seconds.

Running MCMC with 4 parallel chains...

Chain 3 finished in 122.4 seconds.
Chain 1 finished in 125.5 seconds.
Chain 2 finished in 128.9 seconds.
Chain 4 finished in 143.6 seconds.

All 4 chains finished successfully.
Mean chain execution time: 130.1 seconds.
Total execution time: 143.7 seconds.

Running MCMC with 4 parallel chains...

Chain 1 finished in 44.6 seconds.
Chain 3 finished in 46.4 seconds.
Chain 4 finished in 47.0 seconds.
Chain 2 finished in 48.6 seconds.

All 4 chains finished successfully.
Mean chain execution time: 46.6 seconds.
Total execution time: 48.7 seconds.

Running MCMC with 4 parallel chains...

Chain 3 finished in 61.7 seconds.
Chain 4 finished in 62.6 seconds.
Chain 1 finished in 62.9 seconds.
Chain 2 finished in 74.0 seconds.

All 4 chains finished successfully.
Mean chain execution time: 65.3 seconds.
Total execution time: 74.2 seconds.

Running MCMC with 4 parallel chains...

Chain 3 finished in 278.4 seconds.
Chain 4 finished in 306.7 seconds.
Chain 2 finished in 307.4 seconds.
Chain 1 finished in 316.9 seconds.

All 4 chains finished successfully.
Mean chain execution time: 302.4 seconds.
Total execution time: 317.0 seconds.

Running MCMC with 4 parallel chains...

Chain 1 finished in 359.5 seconds.
Chain 2 finished in 424.7 seconds.
Chain 4 finished in 468.2 seconds.
Chain 3 finished in 477.8 seconds.

All 4 chains finished successfully.
Mean chain execution time: 432.5 seconds.
Total execution time: 478.1 seconds.

Running MCMC with 4 parallel chains...

Chain 4 finished in 102.0 seconds.
Chain 3 finished in 108.3 seconds.
Chain 1 finished in 110.1 seconds.
Chain 2 finished in 113.0 seconds.

All 4 chains finished successfully.
Mean chain execution time: 108.3 seconds.
Total execution time: 113.1 seconds.

Running MCMC with 4 parallel chains...

Chain 2 finished in 139.4 seconds.
Chain 3 finished in 145.6 seconds.
Chain 4 finished in 147.1 seconds.
Chain 1 finished in 148.9 seconds.

All 4 chains finished successfully.
Mean chain execution time: 145.3 seconds.
Total execution time: 149.1 seconds.

Running MCMC with 4 parallel chains...

Chain 3 finished in 28.8 seconds.
Chain 1 finished in 29.3 seconds.
Chain 2 finished in 29.3 seconds.
Chain 4 finished in 30.2 seconds.

All 4 chains finished successfully.
Mean chain execution time: 29.4 seconds.
Total execution time: 30.4 seconds.

Running MCMC with 4 parallel chains...

Chain 3 finished in 38.1 seconds.
Chain 1 finished in 47.4 seconds.
Chain 2 finished in 48.1 seconds.
Chain 4 finished in 50.3 seconds.

All 4 chains finished successfully.
Mean chain execution time: 46.0 seconds.
Total execution time: 50.5 seconds.

Running MCMC with 4 parallel chains...

Chain 1 finished in 93.7 seconds.
Chain 2 finished in 96.4 seconds.
Chain 3 finished in 97.0 seconds.
Chain 4 finished in 101.4 seconds.

All 4 chains finished successfully.
Mean chain execution time: 97.1 seconds.
Total execution time: 101.5 seconds.

Running MCMC with 4 parallel chains...

Chain 1 finished in 126.4 seconds.
Chain 4 finished in 136.5 seconds.
Chain 3 finished in 147.1 seconds.
Chain 2 finished in 151.8 seconds.

All 4 chains finished successfully.
Mean chain execution time: 140.5 seconds.
Total execution time: 152.0 seconds.

Running MCMC with 4 parallel chains...

Chain 2 finished in 50.1 seconds.
Chain 4 finished in 51.3 seconds.
Chain 1 finished in 51.6 seconds.
Chain 3 finished in 53.4 seconds.

All 4 chains finished successfully.
Mean chain execution time: 51.6 seconds.
Total execution time: 53.6 seconds.

Running MCMC with 4 parallel chains...

Chain 4 finished in 62.2 seconds.
Chain 2 finished in 62.8 seconds.
Chain 3 finished in 67.1 seconds.
Chain 1 finished in 67.6 seconds.

All 4 chains finished successfully.
Mean chain execution time: 64.9 seconds.
Total execution time: 67.7 seconds.

Running MCMC with 4 parallel chains...

Chain 1 finished in 249.5 seconds.
Chain 3 finished in 279.2 seconds.
Chain 4 finished in 281.3 seconds.
Chain 2 finished in 288.3 seconds.

All 4 chains finished successfully.
Mean chain execution time: 274.6 seconds.
Total execution time: 288.4 seconds.

Running MCMC with 4 parallel chains...

Chain 2 finished in 349.5 seconds.
Chain 1 finished in 370.1 seconds.
Chain 3 finished in 419.8 seconds.
Chain 4 finished in 432.0 seconds.

All 4 chains finished successfully.
Mean chain execution time: 392.8 seconds.
Total execution time: 432.2 seconds.

Running MCMC with 4 parallel chains...

Chain 3 finished in 100.9 seconds.
Chain 2 finished in 104.7 seconds.
Chain 4 finished in 104.6 seconds.
Chain 1 finished in 109.3 seconds.

All 4 chains finished successfully.
Mean chain execution time: 104.9 seconds.
Total execution time: 109.4 seconds.

Running MCMC with 4 parallel chains...

Chain 2 finished in 132.0 seconds.
Chain 1 finished in 136.0 seconds.
Chain 3 finished in 137.1 seconds.
Chain 4 finished in 142.4 seconds.

All 4 chains finished successfully.
Mean chain execution time: 136.9 seconds.
Total execution time: 142.6 seconds.

Running MCMC with 4 parallel chains...

Chain 3 finished in 26.6 seconds.
Chain 2 finished in 27.2 seconds.
Chain 1 finished in 27.7 seconds.
Chain 4 finished in 28.1 seconds.

All 4 chains finished successfully.
Mean chain execution time: 27.4 seconds.
Total execution time: 28.3 seconds.

Running MCMC with 4 parallel chains...

Chain 1 finished in 35.8 seconds.
Chain 4 finished in 37.9 seconds.
Chain 2 finished in 38.0 seconds.
Chain 3 finished in 39.2 seconds.

All 4 chains finished successfully.
Mean chain execution time: 37.7 seconds.
Total execution time: 39.3 seconds.

Running MCMC with 4 parallel chains...

Chain 2 finished in 89.4 seconds.
Chain 3 finished in 92.5 seconds.
Chain 4 finished in 92.5 seconds.
Chain 1 finished in 92.8 seconds.

All 4 chains finished successfully.
Mean chain execution time: 91.8 seconds.
Total execution time: 92.8 seconds.

Running MCMC with 4 parallel chains...

Chain 2 finished in 125.9 seconds.
Chain 3 finished in 126.7 seconds.
Chain 1 finished in 132.6 seconds.
Chain 4 finished in 180.2 seconds.

All 4 chains finished successfully.
Mean chain execution time: 141.4 seconds.
Total execution time: 180.3 seconds.

Running MCMC with 4 parallel chains...

Chain 2 finished in 45.8 seconds.
Chain 1 finished in 48.8 seconds.
Chain 3 finished in 49.5 seconds.
Chain 4 finished in 50.4 seconds.

All 4 chains finished successfully.
Mean chain execution time: 48.6 seconds.
Total execution time: 50.6 seconds.

Running MCMC with 4 parallel chains...

Chain 1 finished in 63.9 seconds.
Chain 4 finished in 65.9 seconds.
Chain 2 finished in 68.0 seconds.
Chain 3 finished in 71.9 seconds.

All 4 chains finished successfully.
Mean chain execution time: 67.4 seconds.
Total execution time: 72.0 seconds.

Running MCMC with 4 parallel chains...

Chain 2 finished in 246.0 seconds.
Chain 3 finished in 247.2 seconds.
Chain 4 finished in 247.9 seconds.
Chain 1 finished in 248.2 seconds.

All 4 chains finished successfully.
Mean chain execution time: 247.3 seconds.
Total execution time: 248.3 seconds.

Running MCMC with 4 parallel chains...

Chain 2 finished in 393.3 seconds.
Chain 1 finished in 405.5 seconds.
Chain 3 finished in 406.3 seconds.
Chain 4 finished in 408.0 seconds.

All 4 chains finished successfully.
Mean chain execution time: 403.3 seconds.
Total execution time: 408.2 seconds.

Running MCMC with 4 parallel chains...

Chain 1 finished in 96.9 seconds.
Chain 4 finished in 99.6 seconds.
Chain 3 finished in 101.2 seconds.
Chain 2 finished in 107.6 seconds.

All 4 chains finished successfully.
Mean chain execution time: 101.3 seconds.
Total execution time: 107.8 seconds.

Running MCMC with 4 parallel chains...

Chain 1 finished in 131.3 seconds.
Chain 2 finished in 133.0 seconds.
Chain 3 finished in 136.7 seconds.
Chain 4 finished in 137.3 seconds.

All 4 chains finished successfully.
Mean chain execution time: 134.6 seconds.
Total execution time: 137.5 seconds.

Running MCMC with 4 parallel chains...

Chain 2 finished in 24.8 seconds.
Chain 1 finished in 26.1 seconds.
Chain 3 finished in 26.0 seconds.
Chain 4 finished in 26.6 seconds.

All 4 chains finished successfully.
Mean chain execution time: 25.9 seconds.
Total execution time: 26.7 seconds.

Running MCMC with 4 parallel chains...

Chain 4 finished in 35.4 seconds.
Chain 1 finished in 39.5 seconds.
Chain 3 finished in 39.6 seconds.
Chain 2 finished in 40.5 seconds.

All 4 chains finished successfully.
Mean chain execution time: 38.7 seconds.
Total execution time: 40.6 seconds.

Running MCMC with 4 parallel chains...

Chain 2 finished in 84.6 seconds.
Chain 4 finished in 87.4 seconds.
Chain 1 finished in 89.5 seconds.
Chain 3 finished in 91.7 seconds.

All 4 chains finished successfully.
Mean chain execution time: 88.3 seconds.
Total execution time: 91.9 seconds.

Running MCMC with 4 parallel chains...

Chain 4 finished in 113.0 seconds.
Chain 3 finished in 123.6 seconds.
Chain 1 finished in 131.1 seconds.
Chain 2 finished in 132.5 seconds.

All 4 chains finished successfully.
Mean chain execution time: 125.1 seconds.
Total execution time: 132.6 seconds.

Running MCMC with 4 parallel chains...

Chain 2 finished in 36.5 seconds.
Chain 1 finished in 41.5 seconds.
Chain 4 finished in 42.4 seconds.
Chain 3 finished in 43.7 seconds.

All 4 chains finished successfully.
Mean chain execution time: 41.0 seconds.
Total execution time: 43.9 seconds.

Running MCMC with 4 parallel chains...

Chain 1 finished in 62.0 seconds.
Chain 3 finished in 64.1 seconds.
Chain 2 finished in 67.4 seconds.
Chain 4 finished in 70.6 seconds.

All 4 chains finished successfully.
Mean chain execution time: 66.0 seconds.
Total execution time: 70.7 seconds.

[2026-05-05 03:28:48] [INFO] - ✅ 完成: Outcome=X60_X84_Y87.0
