[2026-04-12 23:07:25] [INFO] - Project root: /public/home/acf4pijnzl/WDP
[2026-04-12 23:07:25] [INFO] - Task 15 → cancer=C00_C97  section=Indian
 [1] "EQI"          "EQI_Air"      "EQI_Water"    "EQI_Land"     "EQI_Built"   
 [6] "EQI_Social"   "Smoking_Rate" "State_FIPS"   "AAMR_Lower"   "AAMR_Upper"  
[11] "cens"         "RUCC"        
Running MCMC with 4 parallel chains...

Chain 1 finished in 139.7 seconds.
Chain 4 finished in 141.5 seconds.
Chain 3 finished in 146.7 seconds.
Chain 2 finished in 169.2 seconds.

All 4 chains finished successfully.
Mean chain execution time: 149.3 seconds.
Total execution time: 169.5 seconds.

Running MCMC with 4 parallel chains...

Chain 2 finished in 361.8 seconds.
Chain 1 finished in 377.4 seconds.
Chain 3 finished in 377.6 seconds.
Chain 4 finished in 381.0 seconds.

All 4 chains finished successfully.
Mean chain execution time: 374.5 seconds.
Total execution time: 381.1 seconds.

Running MCMC with 4 parallel chains...

Chain 2 finished in 162.2 seconds.
Chain 4 finished in 180.5 seconds.
Chain 1 finished in 181.8 seconds.
Chain 3 finished in 192.0 seconds.

All 4 chains finished successfully.
Mean chain execution time: 179.1 seconds.
Total execution time: 192.1 seconds.

Running MCMC with 4 parallel chains...

Chain 2 finished in 254.5 seconds.
Chain 3 finished in 269.0 seconds.
Chain 4 finished in 273.4 seconds.
Chain 1 finished in 301.5 seconds.

All 4 chains finished successfully.
Mean chain execution time: 274.6 seconds.
Total execution time: 301.6 seconds.

Running MCMC with 4 parallel chains...

Chain 4 finished in 187.0 seconds.
Chain 3 finished in 194.1 seconds.
Chain 2 finished in 203.5 seconds.
Chain 1 finished in 205.2 seconds.

All 4 chains finished successfully.
Mean chain execution time: 197.4 seconds.
Total execution time: 205.3 seconds.

Running MCMC with 4 parallel chains...

Chain 1 finished in 409.7 seconds.
Chain 4 finished in 431.9 seconds.
Chain 3 finished in 439.9 seconds.
Chain 2 finished in 445.2 seconds.

All 4 chains finished successfully.
Mean chain execution time: 431.6 seconds.
Total execution time: 445.3 seconds.

Running MCMC with 4 parallel chains...

Chain 2 finished in 166.3 seconds.
Chain 1 finished in 188.7 seconds.
Chain 4 finished in 207.1 seconds.
Chain 3 finished in 215.1 seconds.

All 4 chains finished successfully.
Mean chain execution time: 194.3 seconds.
Total execution time: 215.2 seconds.

Running MCMC with 4 parallel chains...

Chain 2 finished in 274.1 seconds.
Chain 4 finished in 277.9 seconds.
Chain 3 finished in 285.8 seconds.
Chain 1 finished in 382.8 seconds.

All 4 chains finished successfully.
Mean chain execution time: 305.1 seconds.
Total execution time: 382.9 seconds.

Running MCMC with 4 parallel chains...

Chain 3 finished in 202.9 seconds.
Chain 4 finished in 230.3 seconds.
Chain 2 finished in 235.6 seconds.
Chain 1 finished in 237.4 seconds.

All 4 chains finished successfully.
Mean chain execution time: 226.5 seconds.
Total execution time: 237.5 seconds.

Running MCMC with 4 parallel chains...

Chain 3 finished in 395.2 seconds.
Chain 4 finished in 423.2 seconds.
Chain 2 finished in 433.8 seconds.
Chain 1 finished in 487.0 seconds.

All 4 chains finished successfully.
Mean chain execution time: 434.8 seconds.
Total execution time: 487.2 seconds.

[2026-04-12 23:58:41] [INFO] - Done: C00_C97 / Indian → Result/Stratified_MRR/
