[2026-05-04 23:17:45] [INFO] - 项目根目录: /public/home/acf4pijnzl/WDP
[2026-05-04 23:17:45] [INFO] - 开始处理任务 15
[2026-05-04 23:17:45] [INFO] - 处理outcome: N00_N29_C64_C65
[1] "EQI"          "EQI_Air"      "EQI_Water"    "EQI_Land"     "EQI_Built"   
[6] "EQI_Social"   "Smoking_Rate" "State_FIPS"  
Running MCMC with 4 parallel chains...

Chain 1 finished in 283.2 seconds.
Chain 4 finished in 288.3 seconds.
Chain 2 finished in 288.7 seconds.
Chain 3 finished in 301.4 seconds.

All 4 chains finished successfully.
Mean chain execution time: 290.4 seconds.
Total execution time: 301.7 seconds.

Running MCMC with 4 parallel chains...

Chain 4 finished in 377.1 seconds.
Chain 1 finished in 388.0 seconds.
Chain 2 finished in 404.4 seconds.
Chain 3 finished in 406.1 seconds.

All 4 chains finished successfully.
Mean chain execution time: 393.9 seconds.
Total execution time: 406.3 seconds.

Running MCMC with 4 parallel chains...

Chain 3 finished in 115.4 seconds.
Chain 4 finished in 120.4 seconds.
Chain 2 finished in 127.5 seconds.
Chain 1 finished in 136.2 seconds.

All 4 chains finished successfully.
Mean chain execution time: 124.9 seconds.
Total execution time: 136.2 seconds.

Running MCMC with 4 parallel chains...

Chain 1 finished in 170.0 seconds.
Chain 4 finished in 189.1 seconds.
Chain 2 finished in 190.9 seconds.
Chain 3 finished in 196.6 seconds.

All 4 chains finished successfully.
Mean chain execution time: 186.6 seconds.
Total execution time: 196.7 seconds.

Running MCMC with 4 parallel chains...

Chain 4 finished in 28.6 seconds.
Chain 2 finished in 29.6 seconds.
Chain 3 finished in 30.4 seconds.
Chain 1 finished in 31.2 seconds.

All 4 chains finished successfully.
Mean chain execution time: 29.9 seconds.
Total execution time: 31.3 seconds.

Running MCMC with 4 parallel chains...

Chain 3 finished in 40.6 seconds.
Chain 1 finished in 46.3 seconds.
Chain 2 finished in 49.6 seconds.
Chain 4 finished in 50.0 seconds.

All 4 chains finished successfully.
Mean chain execution time: 46.6 seconds.
Total execution time: 50.1 seconds.

Running MCMC with 4 parallel chains...

Chain 4 finished in 93.6 seconds.
Chain 1 finished in 98.9 seconds.
Chain 2 finished in 99.6 seconds.
Chain 3 finished in 99.5 seconds.

All 4 chains finished successfully.
Mean chain execution time: 97.9 seconds.
Total execution time: 99.7 seconds.

Running MCMC with 4 parallel chains...

Chain 1 finished in 142.4 seconds.
Chain 3 finished in 142.3 seconds.
Chain 2 finished in 149.4 seconds.
Chain 4 finished in 173.8 seconds.

All 4 chains finished successfully.
Mean chain execution time: 152.0 seconds.
Total execution time: 174.0 seconds.

Running MCMC with 4 parallel chains...

Chain 2 finished in 49.7 seconds.
Chain 4 finished in 52.6 seconds.
Chain 1 finished in 53.5 seconds.
Chain 3 finished in 55.6 seconds.

All 4 chains finished successfully.
Mean chain execution time: 52.8 seconds.
Total execution time: 55.7 seconds.

Running MCMC with 4 parallel chains...

Chain 1 finished in 70.0 seconds.
Chain 2 finished in 70.2 seconds.
Chain 4 finished in 73.1 seconds.
Chain 3 finished in 81.9 seconds.

All 4 chains finished successfully.
Mean chain execution time: 73.8 seconds.
Total execution time: 82.0 seconds.

Running MCMC with 4 parallel chains...

Chain 1 finished in 270.7 seconds.
Chain 4 finished in 291.5 seconds.
Chain 3 finished in 293.0 seconds.
Chain 2 finished in 293.2 seconds.

All 4 chains finished successfully.
Mean chain execution time: 287.1 seconds.
Total execution time: 293.3 seconds.

Running MCMC with 4 parallel chains...

Chain 2 finished in 389.1 seconds.
Chain 3 finished in 404.1 seconds.
Chain 4 finished in 421.5 seconds.
Chain 1 finished in 499.9 seconds.

All 4 chains finished successfully.
Mean chain execution time: 428.7 seconds.
Total execution time: 500.0 seconds.

Running MCMC with 4 parallel chains...

Chain 2 finished in 106.2 seconds.
Chain 4 finished in 107.3 seconds.
Chain 3 finished in 109.8 seconds.
Chain 1 finished in 111.4 seconds.

All 4 chains finished successfully.
Mean chain execution time: 108.7 seconds.
Total execution time: 111.4 seconds.

Running MCMC with 4 parallel chains...

Chain 2 finished in 186.1 seconds.
Chain 1 finished in 189.7 seconds.
Chain 3 finished in 204.7 seconds.
Chain 4 finished in 212.0 seconds.

All 4 chains finished successfully.
Mean chain execution time: 198.1 seconds.
Total execution time: 212.1 seconds.

Running MCMC with 4 parallel chains...

Chain 2 finished in 28.6 seconds.
Chain 3 finished in 30.3 seconds.
Chain 1 finished in 32.2 seconds.
Chain 4 finished in 38.9 seconds.

All 4 chains finished successfully.
Mean chain execution time: 32.5 seconds.
Total execution time: 39.1 seconds.

Running MCMC with 4 parallel chains...

Chain 2 finished in 46.8 seconds.
Chain 4 finished in 49.5 seconds.
Chain 1 finished in 56.0 seconds.
Chain 3 finished in 60.1 seconds.

All 4 chains finished successfully.
Mean chain execution time: 53.1 seconds.
Total execution time: 60.3 seconds.

Running MCMC with 4 parallel chains...

Chain 4 finished in 97.3 seconds.
Chain 3 finished in 99.5 seconds.
Chain 1 finished in 108.5 seconds.
Chain 2 finished in 109.9 seconds.

All 4 chains finished successfully.
Mean chain execution time: 103.8 seconds.
Total execution time: 110.0 seconds.

Running MCMC with 4 parallel chains...

Chain 4 finished in 146.3 seconds.
Chain 3 finished in 153.4 seconds.
Chain 2 finished in 154.2 seconds.
Chain 1 finished in 156.6 seconds.

All 4 chains finished successfully.
Mean chain execution time: 152.6 seconds.
Total execution time: 156.7 seconds.

Running MCMC with 4 parallel chains...

Chain 4 finished in 48.0 seconds.
Chain 2 finished in 51.8 seconds.
Chain 3 finished in 52.8 seconds.
Chain 1 finished in 58.4 seconds.

All 4 chains finished successfully.
Mean chain execution time: 52.7 seconds.
Total execution time: 58.4 seconds.

Running MCMC with 4 parallel chains...

Chain 1 finished in 68.8 seconds.
Chain 3 finished in 74.0 seconds.
Chain 4 finished in 75.8 seconds.
Chain 2 finished in 83.4 seconds.

All 4 chains finished successfully.
Mean chain execution time: 75.5 seconds.
Total execution time: 83.5 seconds.

Running MCMC with 4 parallel chains...

Chain 2 finished in 272.7 seconds.
Chain 1 finished in 293.1 seconds.
Chain 4 finished in 296.3 seconds.
Chain 3 finished in 301.4 seconds.

All 4 chains finished successfully.
Mean chain execution time: 290.9 seconds.
Total execution time: 301.5 seconds.

Running MCMC with 4 parallel chains...

Chain 1 finished in 378.6 seconds.
Chain 2 finished in 383.0 seconds.
Chain 3 finished in 399.4 seconds.
Chain 4 finished in 407.5 seconds.

All 4 chains finished successfully.
Mean chain execution time: 392.2 seconds.
Total execution time: 407.8 seconds.

Running MCMC with 4 parallel chains...

Chain 1 finished in 103.1 seconds.
Chain 2 finished in 105.9 seconds.
Chain 3 finished in 110.2 seconds.
Chain 4 finished in 111.1 seconds.

All 4 chains finished successfully.
Mean chain execution time: 107.5 seconds.
Total execution time: 111.2 seconds.

Running MCMC with 4 parallel chains...

Chain 1 finished in 175.3 seconds.
Chain 4 finished in 176.9 seconds.
Chain 3 finished in 181.6 seconds.
Chain 2 finished in 192.6 seconds.

All 4 chains finished successfully.
Mean chain execution time: 181.6 seconds.
Total execution time: 192.7 seconds.

Running MCMC with 4 parallel chains...

Chain 2 finished in 28.1 seconds.
Chain 4 finished in 28.6 seconds.
Chain 1 finished in 29.9 seconds.
Chain 3 finished in 31.5 seconds.

All 4 chains finished successfully.
Mean chain execution time: 29.5 seconds.
Total execution time: 31.6 seconds.

Running MCMC with 4 parallel chains...

Chain 2 finished in 54.1 seconds.
Chain 4 finished in 56.7 seconds.
Chain 3 finished in 57.5 seconds.
Chain 1 finished in 59.8 seconds.

All 4 chains finished successfully.
Mean chain execution time: 57.0 seconds.
Total execution time: 59.8 seconds.

Running MCMC with 4 parallel chains...

Chain 4 finished in 95.8 seconds.
Chain 3 finished in 99.3 seconds.
Chain 1 finished in 100.2 seconds.
Chain 2 finished in 103.2 seconds.

All 4 chains finished successfully.
Mean chain execution time: 99.6 seconds.
Total execution time: 103.3 seconds.

Running MCMC with 4 parallel chains...

Chain 1 finished in 134.6 seconds.
Chain 3 finished in 136.9 seconds.
Chain 4 finished in 136.8 seconds.
Chain 2 finished in 175.3 seconds.

All 4 chains finished successfully.
Mean chain execution time: 145.9 seconds.
Total execution time: 175.4 seconds.

Running MCMC with 4 parallel chains...

Chain 1 finished in 53.6 seconds.
Chain 2 finished in 53.5 seconds.
Chain 4 finished in 53.7 seconds.
Chain 3 finished in 55.0 seconds.

All 4 chains finished successfully.
Mean chain execution time: 54.0 seconds.
Total execution time: 55.2 seconds.

Running MCMC with 4 parallel chains...

Chain 2 finished in 71.2 seconds.
Chain 3 finished in 71.5 seconds.
Chain 4 finished in 81.1 seconds.
Chain 1 finished in 89.3 seconds.

All 4 chains finished successfully.
Mean chain execution time: 78.3 seconds.
Total execution time: 89.4 seconds.

Running MCMC with 4 parallel chains...

Chain 2 finished in 269.1 seconds.
Chain 4 finished in 269.6 seconds.
Chain 1 finished in 287.8 seconds.
Chain 3 finished in 288.0 seconds.

All 4 chains finished successfully.
Mean chain execution time: 278.6 seconds.
Total execution time: 288.1 seconds.

Running MCMC with 4 parallel chains...

Chain 1 finished in 367.8 seconds.
Chain 3 finished in 408.6 seconds.
Chain 2 finished in 417.3 seconds.
Chain 4 finished in 423.1 seconds.

All 4 chains finished successfully.
Mean chain execution time: 404.2 seconds.
Total execution time: 423.3 seconds.

Running MCMC with 4 parallel chains...

Chain 2 finished in 95.6 seconds.
Chain 1 finished in 98.8 seconds.
Chain 3 finished in 103.3 seconds.
Chain 4 finished in 105.8 seconds.

All 4 chains finished successfully.
Mean chain execution time: 100.9 seconds.
Total execution time: 105.9 seconds.

Running MCMC with 4 parallel chains...

Chain 4 finished in 166.4 seconds.
Chain 2 finished in 173.5 seconds.
Chain 3 finished in 176.4 seconds.
Chain 1 finished in 179.7 seconds.

All 4 chains finished successfully.
Mean chain execution time: 174.0 seconds.
Total execution time: 179.8 seconds.

Running MCMC with 4 parallel chains...

Chain 4 finished in 28.3 seconds.
Chain 2 finished in 29.0 seconds.
Chain 3 finished in 29.1 seconds.
Chain 1 finished in 29.5 seconds.

All 4 chains finished successfully.
Mean chain execution time: 29.0 seconds.
Total execution time: 29.7 seconds.

Running MCMC with 4 parallel chains...

Chain 4 finished in 43.6 seconds.
Chain 1 finished in 44.3 seconds.
Chain 3 finished in 45.4 seconds.
Chain 2 finished in 47.0 seconds.

All 4 chains finished successfully.
Mean chain execution time: 45.1 seconds.
Total execution time: 47.2 seconds.

Running MCMC with 4 parallel chains...

Chain 2 finished in 92.3 seconds.
Chain 3 finished in 96.0 seconds.
Chain 4 finished in 96.2 seconds.
Chain 1 finished in 96.4 seconds.

All 4 chains finished successfully.
Mean chain execution time: 95.3 seconds.
Total execution time: 96.6 seconds.

Running MCMC with 4 parallel chains...

Chain 4 finished in 140.1 seconds.
Chain 1 finished in 141.4 seconds.
Chain 3 finished in 151.2 seconds.
Chain 2 finished in 153.3 seconds.

All 4 chains finished successfully.
Mean chain execution time: 146.5 seconds.
Total execution time: 153.4 seconds.

Running MCMC with 4 parallel chains...

Chain 1 finished in 45.6 seconds.
Chain 2 finished in 49.6 seconds.
Chain 4 finished in 50.8 seconds.
Chain 3 finished in 53.1 seconds.

All 4 chains finished successfully.
Mean chain execution time: 49.8 seconds.
Total execution time: 53.2 seconds.

Running MCMC with 4 parallel chains...

Chain 2 finished in 65.5 seconds.
Chain 1 finished in 71.0 seconds.
Chain 4 finished in 71.3 seconds.
Chain 3 finished in 72.4 seconds.

All 4 chains finished successfully.
Mean chain execution time: 70.1 seconds.
Total execution time: 72.5 seconds.

Running MCMC with 4 parallel chains...

Chain 2 finished in 266.0 seconds.
Chain 1 finished in 272.0 seconds.
Chain 3 finished in 273.6 seconds.
Chain 4 finished in 308.8 seconds.

All 4 chains finished successfully.
Mean chain execution time: 280.1 seconds.
Total execution time: 309.0 seconds.

Running MCMC with 4 parallel chains...

Chain 4 finished in 376.2 seconds.
Chain 2 finished in 384.7 seconds.
Chain 1 finished in 386.3 seconds.
Chain 3 finished in 396.5 seconds.

All 4 chains finished successfully.
Mean chain execution time: 385.9 seconds.
Total execution time: 396.6 seconds.

Running MCMC with 4 parallel chains...

Chain 2 finished in 104.3 seconds.
Chain 3 finished in 105.0 seconds.
Chain 1 finished in 107.5 seconds.
Chain 4 finished in 111.5 seconds.

All 4 chains finished successfully.
Mean chain execution time: 107.1 seconds.
Total execution time: 111.7 seconds.

Running MCMC with 4 parallel chains...

Chain 3 finished in 137.5 seconds.
Chain 4 finished in 137.7 seconds.
Chain 2 finished in 146.0 seconds.
Chain 1 finished in 152.4 seconds.

All 4 chains finished successfully.
Mean chain execution time: 143.4 seconds.
Total execution time: 152.5 seconds.

Running MCMC with 4 parallel chains...

Chain 3 finished in 25.3 seconds.
Chain 2 finished in 25.6 seconds.
Chain 1 finished in 26.4 seconds.
Chain 4 finished in 27.3 seconds.

All 4 chains finished successfully.
Mean chain execution time: 26.1 seconds.
Total execution time: 27.4 seconds.

Running MCMC with 4 parallel chains...

Chain 1 finished in 36.6 seconds.
Chain 3 finished in 36.9 seconds.
Chain 2 finished in 38.1 seconds.
Chain 4 finished in 41.7 seconds.

All 4 chains finished successfully.
Mean chain execution time: 38.3 seconds.
Total execution time: 41.9 seconds.

Running MCMC with 4 parallel chains...

Chain 3 finished in 93.1 seconds.
Chain 1 finished in 95.3 seconds.
Chain 2 finished in 98.2 seconds.
Chain 4 finished in 98.7 seconds.

All 4 chains finished successfully.
Mean chain execution time: 96.3 seconds.
Total execution time: 98.8 seconds.

Running MCMC with 4 parallel chains...

Chain 1 finished in 126.4 seconds.
Chain 3 finished in 147.8 seconds.
Chain 2 finished in 150.0 seconds.
Chain 4 finished in 152.5 seconds.

All 4 chains finished successfully.
Mean chain execution time: 144.2 seconds.
Total execution time: 152.6 seconds.

Running MCMC with 4 parallel chains...

Chain 3 finished in 46.1 seconds.
Chain 1 finished in 48.1 seconds.
Chain 4 finished in 50.1 seconds.
Chain 2 finished in 52.1 seconds.

All 4 chains finished successfully.
Mean chain execution time: 49.1 seconds.
Total execution time: 52.2 seconds.

Running MCMC with 4 parallel chains...

Chain 1 finished in 65.5 seconds.
Chain 3 finished in 67.8 seconds.
Chain 4 finished in 69.2 seconds.
Chain 2 finished in 79.0 seconds.

All 4 chains finished successfully.
Mean chain execution time: 70.4 seconds.
Total execution time: 79.1 seconds.

Running MCMC with 4 parallel chains...

Chain 4 finished in 262.3 seconds.
Chain 3 finished in 273.2 seconds.
Chain 1 finished in 278.1 seconds.
Chain 2 finished in 292.0 seconds.

All 4 chains finished successfully.
Mean chain execution time: 276.4 seconds.
Total execution time: 292.1 seconds.

Running MCMC with 4 parallel chains...

Chain 1 finished in 354.9 seconds.
Chain 2 finished in 370.9 seconds.
Chain 4 finished in 392.7 seconds.
Chain 3 finished in 399.5 seconds.

All 4 chains finished successfully.
Mean chain execution time: 379.5 seconds.
Total execution time: 399.7 seconds.

Running MCMC with 4 parallel chains...

Chain 2 finished in 95.1 seconds.
Chain 3 finished in 100.0 seconds.
Chain 1 finished in 104.1 seconds.
Chain 4 finished in 105.2 seconds.

All 4 chains finished successfully.
Mean chain execution time: 101.1 seconds.
Total execution time: 105.3 seconds.

Running MCMC with 4 parallel chains...

Chain 3 finished in 133.4 seconds.
Chain 2 finished in 134.8 seconds.
Chain 4 finished in 142.1 seconds.
Chain 1 finished in 143.1 seconds.

All 4 chains finished successfully.
Mean chain execution time: 138.4 seconds.
Total execution time: 143.2 seconds.

Running MCMC with 4 parallel chains...

Chain 4 finished in 24.9 seconds.
Chain 2 finished in 26.2 seconds.
Chain 3 finished in 26.1 seconds.
Chain 1 finished in 27.5 seconds.

All 4 chains finished successfully.
Mean chain execution time: 26.2 seconds.
Total execution time: 27.6 seconds.

Running MCMC with 4 parallel chains...

Chain 3 finished in 38.5 seconds.
Chain 4 finished in 42.0 seconds.
Chain 2 finished in 44.0 seconds.
Chain 1 finished in 47.6 seconds.

All 4 chains finished successfully.
Mean chain execution time: 43.0 seconds.
Total execution time: 47.7 seconds.

Running MCMC with 4 parallel chains...

Chain 3 finished in 93.0 seconds.
Chain 4 finished in 94.4 seconds.
Chain 2 finished in 96.1 seconds.
Chain 1 finished in 96.4 seconds.

All 4 chains finished successfully.
Mean chain execution time: 95.0 seconds.
Total execution time: 96.5 seconds.

Running MCMC with 4 parallel chains...

Chain 2 finished in 123.7 seconds.
Chain 3 finished in 131.5 seconds.
Chain 1 finished in 144.5 seconds.
Chain 4 finished in 148.4 seconds.

All 4 chains finished successfully.
Mean chain execution time: 137.0 seconds.
Total execution time: 148.5 seconds.

Running MCMC with 4 parallel chains...

Chain 1 finished in 48.4 seconds.
Chain 3 finished in 50.0 seconds.
Chain 2 finished in 51.0 seconds.
Chain 4 finished in 54.6 seconds.

All 4 chains finished successfully.
Mean chain execution time: 51.0 seconds.
Total execution time: 54.7 seconds.

Running MCMC with 4 parallel chains...

Chain 2 finished in 69.0 seconds.
Chain 1 finished in 69.4 seconds.
Chain 4 finished in 71.2 seconds.
Chain 3 finished in 71.4 seconds.

All 4 chains finished successfully.
Mean chain execution time: 70.3 seconds.
Total execution time: 71.5 seconds.

Running MCMC with 4 parallel chains...

Chain 3 finished in 219.6 seconds.
Chain 1 finished in 256.9 seconds.
Chain 4 finished in 268.4 seconds.
Chain 2 finished in 285.0 seconds.

All 4 chains finished successfully.
Mean chain execution time: 257.5 seconds.
Total execution time: 297.9 seconds.

Running MCMC with 4 parallel chains...

Chain 1 finished in 352.2 seconds.
Chain 2 finished in 372.1 seconds.
Chain 4 finished in 377.9 seconds.
Chain 3 finished in 382.3 seconds.

All 4 chains finished successfully.
Mean chain execution time: 371.1 seconds.
Total execution time: 382.5 seconds.

Running MCMC with 4 parallel chains...

Chain 4 finished in 99.7 seconds.
Chain 1 finished in 102.1 seconds.
Chain 3 finished in 102.1 seconds.
Chain 2 finished in 103.3 seconds.

All 4 chains finished successfully.
Mean chain execution time: 101.8 seconds.
Total execution time: 103.4 seconds.

Running MCMC with 4 parallel chains...

Chain 3 finished in 129.8 seconds.
Chain 2 finished in 129.9 seconds.
Chain 1 finished in 133.6 seconds.
Chain 4 finished in 144.3 seconds.

All 4 chains finished successfully.
Mean chain execution time: 134.4 seconds.
Total execution time: 144.5 seconds.

Running MCMC with 4 parallel chains...

Chain 2 finished in 24.1 seconds.
Chain 3 finished in 24.1 seconds.
Chain 1 finished in 25.2 seconds.
Chain 4 finished in 26.9 seconds.

All 4 chains finished successfully.
Mean chain execution time: 25.1 seconds.
Total execution time: 27.0 seconds.

Running MCMC with 4 parallel chains...

Chain 1 finished in 34.0 seconds.
Chain 3 finished in 34.6 seconds.
Chain 4 finished in 36.6 seconds.
Chain 2 finished in 37.3 seconds.

All 4 chains finished successfully.
Mean chain execution time: 35.6 seconds.
Total execution time: 37.4 seconds.

Running MCMC with 4 parallel chains...

Chain 3 finished in 86.8 seconds.
Chain 4 finished in 87.1 seconds.
Chain 1 finished in 87.2 seconds.
Chain 2 finished in 91.3 seconds.

All 4 chains finished successfully.
Mean chain execution time: 88.1 seconds.
Total execution time: 91.4 seconds.

Running MCMC with 4 parallel chains...

Chain 2 finished in 122.2 seconds.
Chain 1 finished in 122.7 seconds.
Chain 4 finished in 123.0 seconds.
Chain 3 finished in 129.4 seconds.

All 4 chains finished successfully.
Mean chain execution time: 124.3 seconds.
Total execution time: 129.5 seconds.

Running MCMC with 4 parallel chains...

Chain 4 finished in 45.7 seconds.
Chain 2 finished in 48.3 seconds.
Chain 1 finished in 48.4 seconds.
Chain 3 finished in 48.5 seconds.

All 4 chains finished successfully.
Mean chain execution time: 47.7 seconds.
Total execution time: 48.6 seconds.

Running MCMC with 4 parallel chains...

Chain 4 finished in 64.2 seconds.
Chain 1 finished in 65.4 seconds.
Chain 2 finished in 68.0 seconds.
Chain 3 finished in 69.8 seconds.

All 4 chains finished successfully.
Mean chain execution time: 66.8 seconds.
Total execution time: 69.9 seconds.

[2026-05-05 02:12:31] [INFO] - ✅ 完成: Outcome=N00_N29_C64_C65
