[2025-10-16 23:28:23] [INFO] - 项目根目录: /public/home/acf4pijnzl/WDP
[2025-10-16 23:28:23] [INFO] - 开始处理任务 0
[2025-10-16 23:28:23] [INFO] - 处理癌症类型: C00_C97
[1] "EQI"          "EQI_Air"      "EQI_Water"    "EQI_Land"     "EQI_Built"   
[6] "EQI_Social"   "Smoking_Rate" "State_FIPS"   "Cluster"     
Running MCMC with 4 parallel chains...

Chain 3 finished in 47.7 seconds.
Chain 1 finished in 49.3 seconds.
Chain 4 finished in 51.4 seconds.
Chain 2 finished in 58.6 seconds.

All 4 chains finished successfully.
Mean chain execution time: 51.7 seconds.
Total execution time: 58.9 seconds.

Running MCMC with 4 parallel chains...

Chain 2 finished in 79.3 seconds.
Chain 3 finished in 98.9 seconds.
Chain 4 finished in 105.8 seconds.
Chain 1 finished in 127.0 seconds.

All 4 chains finished successfully.
Mean chain execution time: 102.7 seconds.
Total execution time: 127.1 seconds.

Running MCMC with 4 parallel chains...

Chain 4 finished in 39.0 seconds.
Chain 2 finished in 40.9 seconds.
Chain 3 finished in 45.2 seconds.
Chain 1 finished in 48.3 seconds.

All 4 chains finished successfully.
Mean chain execution time: 43.4 seconds.
Total execution time: 48.4 seconds.

Running MCMC with 4 parallel chains...

Chain 4 finished in 68.9 seconds.
Chain 2 finished in 75.4 seconds.
Chain 1 finished in 86.6 seconds.
Chain 3 finished in 88.2 seconds.

All 4 chains finished successfully.
Mean chain execution time: 79.8 seconds.
Total execution time: 88.4 seconds.

Running MCMC with 4 parallel chains...

Chain 4 finished in 38.1 seconds.
Chain 1 finished in 42.1 seconds.
Chain 3 finished in 42.4 seconds.
Chain 2 finished in 46.6 seconds.

All 4 chains finished successfully.
Mean chain execution time: 42.3 seconds.
Total execution time: 46.7 seconds.

Running MCMC with 4 parallel chains...

Chain 2 finished in 73.0 seconds.
Chain 3 finished in 79.2 seconds.
Chain 4 finished in 84.3 seconds.
Chain 1 finished in 97.6 seconds.

All 4 chains finished successfully.
Mean chain execution time: 83.5 seconds.
Total execution time: 97.8 seconds.

Running MCMC with 4 parallel chains...

Chain 2 finished in 49.0 seconds.
Chain 3 finished in 67.8 seconds.
Chain 4 finished in 71.4 seconds.
Chain 1 finished in 72.1 seconds.

All 4 chains finished successfully.
Mean chain execution time: 65.1 seconds.
Total execution time: 72.1 seconds.

Running MCMC with 4 parallel chains...

Chain 1 finished in 115.9 seconds.
Chain 3 finished in 116.6 seconds.
Chain 4 finished in 129.6 seconds.
Chain 2 finished in 133.7 seconds.

All 4 chains finished successfully.
Mean chain execution time: 123.9 seconds.
Total execution time: 133.8 seconds.

Running MCMC with 4 parallel chains...

Chain 3 finished in 52.2 seconds.
Chain 4 finished in 54.5 seconds.
Chain 2 finished in 56.9 seconds.
Chain 1 finished in 60.4 seconds.

All 4 chains finished successfully.
Mean chain execution time: 56.0 seconds.
Total execution time: 60.6 seconds.

Running MCMC with 4 parallel chains...

Chain 1 finished in 68.1 seconds.
Chain 4 finished in 82.6 seconds.
Chain 3 finished in 82.8 seconds.
Chain 2 finished in 90.6 seconds.

All 4 chains finished successfully.
Mean chain execution time: 81.0 seconds.
Total execution time: 90.7 seconds.

Running MCMC with 4 parallel chains...

Chain 3 finished in 59.8 seconds.
Chain 4 finished in 72.4 seconds.
Chain 2 finished in 75.1 seconds.
Chain 1 finished in 75.9 seconds.

All 4 chains finished successfully.
Mean chain execution time: 70.8 seconds.
Total execution time: 76.0 seconds.

Running MCMC with 4 parallel chains...

Chain 1 finished in 109.7 seconds.
Chain 3 finished in 111.2 seconds.
Chain 2 finished in 113.4 seconds.
Chain 4 finished in 119.1 seconds.

All 4 chains finished successfully.
Mean chain execution time: 113.3 seconds.
Total execution time: 119.3 seconds.

Running MCMC with 4 parallel chains...

Chain 3 finished in 56.6 seconds.
Chain 2 finished in 61.2 seconds.
Chain 4 finished in 61.8 seconds.
Chain 1 finished in 67.8 seconds.

All 4 chains finished successfully.
Mean chain execution time: 61.9 seconds.
Total execution time: 67.9 seconds.

Running MCMC with 4 parallel chains...

Chain 4 finished in 89.2 seconds.
Chain 2 finished in 100.2 seconds.
Chain 3 finished in 107.0 seconds.
Chain 1 finished in 127.2 seconds.

All 4 chains finished successfully.
Mean chain execution time: 105.9 seconds.
Total execution time: 127.3 seconds.

Running MCMC with 4 parallel chains...

Chain 3 finished in 38.4 seconds.
Chain 1 finished in 45.2 seconds.
Chain 2 finished in 55.8 seconds.
Chain 4 finished in 62.4 seconds.

All 4 chains finished successfully.
Mean chain execution time: 50.4 seconds.
Total execution time: 62.5 seconds.

Running MCMC with 4 parallel chains...

Chain 3 finished in 70.4 seconds.
Chain 1 finished in 73.7 seconds.
Chain 4 finished in 77.9 seconds.
Chain 2 finished in 82.0 seconds.

All 4 chains finished successfully.
Mean chain execution time: 76.0 seconds.
Total execution time: 82.1 seconds.

Running MCMC with 4 parallel chains...

Chain 2 finished in 118.7 seconds.
Chain 1 finished in 127.0 seconds.
Chain 3 finished in 128.7 seconds.
Chain 4 finished in 131.8 seconds.

All 4 chains finished successfully.
Mean chain execution time: 126.6 seconds.
Total execution time: 132.0 seconds.

Running MCMC with 4 parallel chains...

Chain 3 finished in 177.5 seconds.
Chain 2 finished in 180.4 seconds.
Chain 4 finished in 189.0 seconds.
Chain 1 finished in 203.1 seconds.

All 4 chains finished successfully.
Mean chain execution time: 187.5 seconds.
Total execution time: 203.1 seconds.

Running MCMC with 4 parallel chains...

Chain 1 finished in 121.2 seconds.
Chain 3 finished in 126.3 seconds.
Chain 4 finished in 136.0 seconds.
Chain 2 finished in 137.6 seconds.

All 4 chains finished successfully.
Mean chain execution time: 130.3 seconds.
Total execution time: 137.8 seconds.

Running MCMC with 4 parallel chains...

Chain 2 finished in 197.1 seconds.
Chain 1 finished in 198.0 seconds.
Chain 4 finished in 212.4 seconds.
Chain 3 finished in 214.9 seconds.

All 4 chains finished successfully.
Mean chain execution time: 205.6 seconds.
Total execution time: 215.0 seconds.

Running MCMC with 4 parallel chains...

Chain 4 finished in 115.9 seconds.
Chain 3 finished in 117.4 seconds.
Chain 2 finished in 125.9 seconds.
Chain 1 finished in 129.1 seconds.

All 4 chains finished successfully.
Mean chain execution time: 122.1 seconds.
Total execution time: 129.3 seconds.

Running MCMC with 4 parallel chains...

Chain 1 finished in 164.0 seconds.
Chain 4 finished in 167.7 seconds.
Chain 2 finished in 169.2 seconds.
Chain 3 finished in 176.7 seconds.

All 4 chains finished successfully.
Mean chain execution time: 169.4 seconds.
Total execution time: 176.9 seconds.

Running MCMC with 4 parallel chains...

Chain 3 finished in 107.3 seconds.
Chain 2 finished in 110.0 seconds.
Chain 1 finished in 111.1 seconds.
Chain 4 finished in 113.3 seconds.

All 4 chains finished successfully.
Mean chain execution time: 110.4 seconds.
Total execution time: 113.4 seconds.

Running MCMC with 4 parallel chains...

Chain 4 finished in 167.0 seconds.
Chain 3 finished in 177.6 seconds.
Chain 1 finished in 177.7 seconds.
Chain 2 finished in 178.1 seconds.

All 4 chains finished successfully.
Mean chain execution time: 175.1 seconds.
Total execution time: 178.2 seconds.

[2025-10-17 00:13:40] [INFO] - ✅ 完成: Cancer=C00_C97
