Detected cores: 32 | Using: 25
CmdStan is available
src/cmdstan/main.o: In function `tbb::interface7::task_arena::~task_arena()':
main.cpp:(.text._ZN3tbb10interface710task_arenaD2Ev[_ZN3tbb10interface710task_arenaD5Ev]+0x16): undefined reference to `tbb::interface7::internal::task_arena_base::internal_terminate()'
src/cmdstan/main.o: In function `tbb::interface9::global_control::~global_control()':
main.cpp:(.text._ZN3tbb10interface914global_controlD2Ev[_ZN3tbb10interface914global_controlD5Ev]+0x6): undefined reference to `tbb::interface9::global_control::internal_destroy()'
src/cmdstan/main.o: In function `std::vector<unsigned long, std::allocator<unsigned long> >::operator=(std::vector<unsigned long, std::allocator<unsigned long> > const&) [clone .isra.0]':
main.cpp:(.text._ZNSt6vectorImSaImEEaSERKS1_.isra.0+0x157): undefined reference to `std::__throw_bad_array_new_length()'
src/cmdstan/main.o: In function `std::vector<boost::sub_match<__gnu_cxx::__normal_iterator<char const*, std::__cxx11::basic_string<char, std::char_traits<char>, std::allocator<char> > > >, std::allocator<boost::sub_match<__gnu_cxx::__normal_iterator<char const*, std::__cxx11::basic_string<char, std::char_traits<char>, std::allocator<char> > > > > >::operator=(std::vector<boost::sub_match<__gnu_cxx::__normal_iterator<char const*, std::__cxx11::basic_string<char, std::char_traits<char>, std::allocator<char> > > >, std::allocator<boost::sub_match<__gnu_cxx::__normal_iterator<char const*, std::__cxx11::basic_string<char, std::char_traits<char>, std::allocator<char> > > > > > const&) [clone .isra.0]':
main.cpp:(.text._ZNSt6vectorIN5boost9sub_matchIN9__gnu_cxx17__normal_iteratorIPKcNSt7__cxx1112basic_stringIcSt11char_traitsIcESaIcEEEEEEESaISD_EEaSERKSF_.isra.0+0x1bf): undefined reference to `std::__throw_bad_array_new_length()'
src/cmdstan/main.o: In function `std::vector<double, std::allocator<double> >::operator=(std::vector<double, std::allocator<double> > const&) [clone .isra.0]':
main.cpp:(.text._ZNSt6vectorIdSaIdEEaSERKS1_.isra.0+0x157): undef
ined reference to `std::__throw_bad_array_new_length()'
src/cmdstan/main.o: In function `stan::services::util::mcmc_writer::log_timing(double, double)':
main.cpp:(.text._ZN4stan8services4util11mcmc_writer10log_timingEdd[_ZN4stan8services4util11mcmc_writer10log_timingEdd]+0xcd): undefined reference to `std::__cxx11::basic_stringstream<char, std::char_traits<char>, std::allocator<char> >::basic_stringstream()'
main.cpp:(.text._ZN4stan8services4util11mcmc_writer10log_timingEdd[_ZN4stan8services4util11mcmc_writer10log_timingEdd]+0x12b): undefined reference to `std::__cxx11::basic_stringstream<char, std::char_traits<char>, std::allocator<char> >::basic_stringstream()'
main.cpp:(.text._ZN4stan8services4util11mcmc_writer10log_timingEdd[_ZN4stan8services4util11mcmc_writer10log_timingEdd]+0x1bf): undefined reference to `std::__cxx11::basic_stringstream<char, std::char_traits<char>, std::allocator<char> >::basic_stringstream()'
src/cmdstan/main.o: In function `stan::json::json_data_handler:
:unexpected_error(std::__cxx11::basic_string<char, std::char_traits<char>, std::allocator<char> > const&, std::__cxx11::basic_string<char, std::char_traits<char>, std::allocator<char> > const&)':
main.cpp:(.text._ZN4stan4json17json_data_handler16unexpected_errorERKNSt7__cxx1112basic_stringIcSt11char_traitsIcESaIcEEES9_[_ZN4stan4json17json_data_handler16unexpected_errorERKNSt7__cxx1112basic_stringIcSt11char_traitsIcESaIcEEES9_]+0x32): undefined reference to `std::__cxx11::basic_stringstream<char, std::char_traits<char>, std::allocator<char> >::basic_stringstream()'
src/cmdstan/main.o: In function `cmdstan::current_datetime[abi:cxx11]()':
main.cpp:(.text._ZN7cmdstan16current_datetimeB5cxx11Ev+0x6a): undefined reference to `std::__cxx11::basic_stringstream<char, std::char_traits<char>, std::allocator<char> >::basic_stringstream()'
src/cmdstan/main.o:main.cpp:(.text._ZN7cmdstan14write_datetimeERN4stan9callbacks6writerE+0x36): more undefined references to `std::__cxx11::basic_stringstream<char, std::char_traits<char>, std::allocator<char> >::basic_stringstream()' follow
src/cmdstan/main.o: In function `void stan::math::invalid_argument<int>(char const*, char const*, int const&, char const*, char const*)':
main.cpp:(.text._ZN4stan4math16invalid_argumentIiEEvPKcS3_RKT_S3_S3_[_ZN4stan4math16invalid_argumentIiEEvPKcS3_RKT_S3_S3_]+0x3d): undefined reference to `std::__cxx11::basic_ostringstream<char, std::char_traits<char>, std::allocator<char> >::basic_ostringstream()'
src/cmdstan/main.o: In function `stan::math::check_positive(char const*, char const*, char const*, int)::{lambda()#1}::operator()() const':
main.cpp:(.text.unlikely._ZZN4stan4math14check_positiveEPKcS2_S2_iENKUlvE_clEv[_ZZN4stan4math14check_positiveEPKcS2_S2_iENKUlvE_clEv]+0x2c): undefined reference to `std::__cxx11::basic_stringstream<char, std::char_traits<char>, std::allocator<char> >::basic_stringstream()'
src/cmdstan/main.o: In function `cmdstan::unconstrain_params(stan::model::model_base const&, std::vec
tor<double, std::allocator<double> > const&) [clone .cold]':
main.cpp:(.text.unlikely._ZN7cmdstan18unconstrain_paramsERKN4stan5model10model_baseERKSt6vectorIdSaIdEE+0x60): undefined reference to `std::__cxx11::basic_stringstream<char, std::char_traits<char>, std::allocator<char> >::basic_stringstream()'
src/cmdstan/main.o: In function `cmdstan::unconstrain_params(stan::model::model_base const&, std::vector<double, std::allocator<double> > const&)':
main.cpp:(.text._ZN7cmdstan18unconstrain_paramsERKN4stan5model10model_baseERKSt6vectorIdSaIdEE+0x37): undefined reference to `std::__cxx11::basic_stringstream<char, std::char_traits<char>, std::allocator<char> >::basic_stringstream()'
src/cmdstan/main.o: In function `std::vector<unsigned long, std::allocator<unsigned long> >::vector(std::vector<unsigned long, std::allocator<unsigned long> > const&)':
main.cpp:(.text._ZNSt6vectorImSaImEEC2ERKS1_[_ZNSt6vectorImSaImEEC5ERKS1_]+0x8f): undefined reference to `std::__throw_bad_array_new_length()'
src/cmdstan/main.o: In function `std::vector<int, std::allocator<int> >::vector(std::vector<int, std::allocator<int> > const&)':
main.cpp:(.text._ZNSt6vectorIiSaIiEEC2ERKS1_[_ZNSt6vectorIiSaIiEEC5ERKS1_]+0x8f): undefined reference to `std::__throw_bad_array_new_length()'
src/cmdstan/main.o: In function `std::vector<double, std::allocator<double> >::vector(std::vector<double, std::allocator<double> > const&)':
main.cpp:(.text._ZNSt6vectorIdSaIdEEC2ERKS1_[_ZNSt6vectorIdSaIdEEC5ERKS1_]+0x8f): undefined reference to `std::__throw_bad_array_new_length()'
src/cmdstan/main.o: In function `void std::vector<std::vector<double, std::allocator<double> >, std::allocator<std::vector<double, std::allocator<double> > > >::_M_assign_aux<std::vector<double, std::allocator<double> > const*>(std::vector<double, std::allocator<double> > const*, std::vector<double, std::allocator<double> > const*, std::forward_iterator_tag) [clone .isra.0]':
main.cpp:(.text._ZNSt6vectorIS_IdSaIdEESaIS1_EE13_M_assign_auxIPK
S1_EEvT_S7_St20forward_iterator_tag.isra.0+0x2bf): undefined reference to `std::__throw_bad_array_new_length()'
src/cmdstan/main.o: In function `stan::json::json_data_handler::boolean(bool)':
main.cpp:(.text._ZN4stan4json17json_data_handler7booleanEb[_ZN4stan4json17json_data_handler7booleanEb]+0x5b): undefined reference to `std::__cxx11::basic_stringstream<char, std::char_traits<char>, std::allocator<char> >::basic_stringstream()'
src/cmdstan/main.o: In function `stan::json::json_data_handler::null()':
main.cpp:(.text._ZN4stan4json17json_data_handler4nullEv[_ZN4stan4json17json_data_handler4nullEv]+0x5b): undefined reference to `std::__cxx11::basic_stringstream<char, std::char_traits<char>, std::allocator<char> >::basic_stringstream()'
src/cmdstan/main.o: In function `stan::io::stan_csv_reader::read_metadata(std::istream&, stan::io::stan_csv_metadata&)':
main.cpp:(.text._ZN4stan2io15stan_csv_reader13read_metadataERSiRNS0_17stan_csv_metadataE[_ZN4stan2io15stan_csv_reader13read_metadataERSiRNS0_17stan_csv_metadataE]+0x39): undefined reference to `std::__cxx11::basic_stringstream<char, std::char_traits<char>, std::allocator<char> >::basic_stringstream()'
src/cmdstan/main.o: In function `stan::io::stan_csv_reader::read_adaptation(std::istream&, stan::io::stan_csv_adaptation&)':
main.cpp:(.text._ZN4stan2io15stan_csv_reader15read_adaptationERSiRNS0_19stan_csv_adaptationE[_ZN4stan2io15stan_csv_reader15read_adaptationERSiRNS0_19stan_csv_adaptationE]+0x49): undefined reference to `std::__cxx11::basic_stringstream<char, std::char_traits<char>, std::allocator<char> >::basic_stringstream()'
main.cpp:(.text._ZN4stan2io15stan_csv_reader15read_adaptationERSiRNS0_19stan_csv_adaptationE[_ZN4stan2io15stan_csv_reader15read_adaptationERSiRNS0_19stan_csv_adaptationE]+0x57a): undefined reference to `std::__cxx11::basic_stringstream<char, std::char_traits<char>, std::allocator<char> >::basic_stringstream()'
src/cmdstan/main.o: In function `stan::io::random_var_context::dims_r(std::__cxx11:
:basic_string<char, std::char_traits<char>, std::allocator<char> > const&) const':
main.cpp:(.text._ZNK4stan2io18random_var_context6dims_rERKNSt7__cxx1112basic_stringIcSt11char_traitsIcESaIcEEE[_ZNK4stan2io18random_var_context6dims_rERKNSt7__cxx1112basic_stringIcSt11char_traitsIcESaIcEEE]+0x107): undefined reference to `std::__throw_bad_array_new_length()'
src/cmdstan/main.o: In function `stan::io::random_var_context::vals_r(std::__cxx11::basic_string<char, std::char_traits<char>, std::allocator<char> > const&) const':
main.cpp:(.text._ZNK4stan2io18random_var_context6vals_rERKNSt7__cxx1112basic_stringIcSt11char_traitsIcESaIcEEE[_ZNK4stan2io18random_var_context6vals_rERKNSt7__cxx1112basic_stringIcSt11char_traitsIcESaIcEEE]+0x107): undefined reference to `std::__throw_bad_array_new_length()'
src/cmdstan/main.o: In function `void stan::math::check_size_match<int, long>(char const*, char const*, int, char const*, long)::{lambda()#1}::operator()() const':
main.cpp:(.text.unlikely._ZZN4stan4math16check_size_matchIilEEvPKcS3_T_S3_T0_ENKUlvE_clEv[_ZZN4stan4math16check_size_matchIilEEvPKcS3_T_S3_T0_ENKUlvE_clEv]+0x2c): undefined reference to `std::__cxx11::basic_ostringstream<char, std::char_traits<char>, std::allocator<char> >::basic_ostringstream()'
src/cmdstan/main.o: In function `void stan::math::check_size_match<int, int>(char const*, char const*, int, char const*, int)::{lambda()#1}::operator()() const':
main.cpp:(.text.unlikely._ZZN4stan4math16check_size_matchIiiEEvPKcS3_T_S3_T0_ENKUlvE_clEv[_ZZN4stan4math16check_size_matchIiiEEvPKcS3_T_S3_T0_ENKUlvE_clEv]+0x2c): undefined reference to `std::__cxx11::basic_ostringstream<char, std::char_traits<char>, std::allocator<char> >::basic_ostringstream()'
src/cmdstan/main.o: In function `void stan::math::check_size_match<int, unsigned long>(char const*, char const*, int, char const*, unsigned long)::{lambda()#1}::operator()() const':
main.cpp:(.text.unlikely._ZZN4stan4math16check_size_matchIimEEvPKcS3_T_S3_T0_ENKUlvE_clEv[_ZZN4
stan4math16check_size_matchIimEEvPKcS3_T_S3_T0_ENKUlvE_clEv]+0x2c): undefined reference to `std::__cxx11::basic_ostringstream<char, std::char_traits<char>, std::allocator<char> >::basic_ostringstream()'
src/cmdstan/main.o: In function `cmdstan::singleton_argument<std::__cxx11::basic_string<char, std::char_traits<char>, std::allocator<char> > >::parse_args(std::vector<std::__cxx11::basic_string<char, std::char_traits<char>, std::allocator<char> >, std::allocator<std::__cxx11::basic_string<char, std::char_traits<char>, std::allocator<char> > > >&, stan::callbacks::writer&, stan::callbacks::writer&, bool&)':
main.cpp:(.text._ZN7cmdstan18singleton_argumentINSt7__cxx1112basic_stringIcSt11char_traitsIcESaIcEEEE10parse_argsERSt6vectorIS6_SaIS6_EERN4stan9callbacks6writerESF_Rb[_ZN7cmdstan18singleton_argumentINSt7__cxx1112basic_stringIcSt11char_traitsIcESaIcEEEE10parse_argsERSt6vectorIS6_SaIS6_EERN4stan9callbacks6writerESF_Rb]+0x270): undefined reference to `std::__cxx11::basic_stringstream<char, std::char_traits<char>, std::allocator<char> >::basic_stringstream()'
src/cmdstan/main.o: In function `cmdstan::singleton_argument<int>::parse_args(std::vector<std::__cxx11::basic_string<char, std::char_traits<char>, std::allocator<char> >, std::allocator<std::__cxx11::basic_string<char, std::char_traits<char>, std::allocator<char> > > >&, stan::callbacks::writer&, stan::callbacks::writer&, bool&)':
main.cpp:(.text._ZN7cmdstan18singleton_argumentIiE10parse_argsERSt6vectorINSt7__cxx1112basic_stringIcSt11char_traitsIcESaIcEEESaIS8_EERN4stan9callbacks6writerESF_Rb[_ZN7cmdstan18singleton_argumentIiE10parse_argsERSt6vectorINSt7__cxx1112basic_stringIcSt11char_traitsIcESaIcEEESaIS8_EERN4stan9callbacks6writerESF_Rb]+0x197): undefined reference to `std::__cxx11::basic_stringstream<char, std::char_traits<char>, std::allocator<char> >::basic_stringstream()'
src/cmdstan/main.o: In function `cmdstan::singleton_argument<double>::parse_args(std::vector<std::__cxx11::basic_string<char, std::char_tr
aits<char>, std::allocator<char> >, std::allocator<std::__cxx11::basic_string<char, std::char_traits<char>, std::allocator<char> > > >&, stan::callbacks::writer&, stan::callbacks::writer&, bool&)':
main.cpp:(.text._ZN7cmdstan18singleton_argumentIdE10parse_argsERSt6vectorINSt7__cxx1112basic_stringIcSt11char_traitsIcESaIcEEESaIS8_EERN4stan9callbacks6writerESF_Rb[_ZN7cmdstan18singleton_argumentIdE10parse_argsERSt6vectorINSt7__cxx1112basic_stringIcSt11char_traitsIcESaIcEEESaIS8_EERN4stan9callbacks6writerESF_Rb]+0x199): undefined reference to `std::__cxx11::basic_stringstream<char, std::char_traits<char>, std::allocator<char> >::basic_stringstream()'
src/cmdstan/main.o: In function `cmdstan::singleton_argument<unsigned int>::parse_args(std::vector<std::__cxx11::basic_string<char, std::char_traits<char>, std::allocator<char> >, std::allocator<std::__cxx11::basic_string<char, std::char_traits<char>, std::allocator<char> > > >&, stan::callbacks::writer&, stan::callbacks::writer&, bool&)':
main.cpp:(.text._ZN7cmdstan18singleton_argumentIjE10parse_argsERSt6vectorINSt7__cxx1112basic_stringIcSt11char_traitsIcESaIcEEESaIS8_EERN4stan9callbacks6writerESF_Rb[_ZN7cmdstan18singleton_argumentIjE10parse_argsERSt6vectorINSt7__cxx1112basic_stringIcSt11char_traitsIcESaIcEEESaIS8_EERN4stan9callbacks6writerESF_Rb]+0x197): undefined reference to `std::__cxx11::basic_stringstream<char, std::char_traits<char>, std::allocator<char> >::basic_stringstream()'
src/cmdstan/main.o: In function `cmdstan::singleton_argument<long long>::parse_args(std::vector<std::__cxx11::basic_string<char, std::char_traits<char>, std::allocator<char> >, std::allocator<std::__cxx11::basic_string<char, std::char_traits<char>, std::allocator<char> > > >&, stan::callbacks::writer&, stan::callbacks::writer&, bool&)':
main.cpp:(.text._ZN7cmdstan18singleton_argumentIxE10parse_argsERSt6vectorINSt7__cxx1112basic_stringIcSt11char_traitsIcESaIcEEESaIS8_EERN4stan9callbacks6writerESF_Rb[_ZN7cmdstan18singleton_argumentIxE10parse_ar
gsERSt6vectorINSt7__cxx1112basic_stringIcSt11char_traitsIcESaIcEEESaIS8_EERN4stan9callbacks6writerESF_Rb]+0x198): undefined reference to `std::__cxx11::basic_stringstream<char, std::char_traits<char>, std::allocator<char> >::basic_stringstream()'
src/cmdstan/main.o:main.cpp:(.text._ZN7cmdstan18singleton_argumentIbE10parse_argsERSt6vectorINSt7__cxx1112basic_stringIcSt11char_traitsIcESaIcEEESaIS8_EERN4stan9callbacks6writerESF_Rb[_ZN7cmdstan18singleton_argumentIbE10parse_argsERSt6vectorINSt7__cxx1112basic_stringIcSt11char_traitsIcESaIcEEESaIS8_EERN4stan9callbacks6writerESF_Rb]+0x1d1): more undefined references to `std::__cxx11::basic_stringstream<char, std::char_traits<char>, std::allocator<char> >::basic_stringstream()' follow
src/cmdstan/main.o: In function `stan::io::array_var_context::dims_r(std::__cxx11::basic_string<char, std::char_traits<char>, std::allocator<char> > const&) const':
main.cpp:(.text._ZNK4stan2io17array_var_context6dims_rERKNSt7__cxx1112basic_stringIcSt11char_traitsIcESaIcEEE[_ZNK4stan2io17array_var_context6dims_rERKNSt7__cxx1112basic_stringIcSt11char_traitsIcESaIcEEE]+0x127): undefined reference to `std::__throw_bad_array_new_length()'
src/cmdstan/main.o: In function `stan::io::array_var_context::dims_i(std::__cxx11::basic_string<char, std::char_traits<char>, std::allocator<char> > const&) const':
main.cpp:(.text._ZNK4stan2io17array_var_context6dims_iERKNSt7__cxx1112basic_stringIcSt11char_traitsIcESaIcEEE[_ZNK4stan2io17array_var_context6dims_iERKNSt7__cxx1112basic_stringIcSt11char_traitsIcESaIcEEE]+0xd7): undefined reference to `std::__throw_bad_array_new_length()'
src/cmdstan/main.o: In function `stan::io::array_var_context::vals_i(std::__cxx11::basic_string<char, std::char_traits<char>, std::allocator<char> > const&) const':
main.cpp:(.text._ZNK4stan2io17array_var_context6vals_iERKNSt7__cxx1112basic_stringIcSt11char_traitsIcESaIcEEE[_ZNK4stan2io17array_var_context6vals_iERKNSt7__cxx1112basic_stringIcSt11char_traitsIcESaIcEEE]+0xd7): undefined r
eference to `std::__throw_bad_array_new_length()'
src/cmdstan/main.o: In function `stan::io::dump::vals_i(std::__cxx11::basic_string<char, std::char_traits<char>, std::allocator<char> > const&) const':
main.cpp:(.text._ZNK4stan2io4dump6vals_iERKNSt7__cxx1112basic_stringIcSt11char_traitsIcESaIcEEE[_ZNK4stan2io4dump6vals_iERKNSt7__cxx1112basic_stringIcSt11char_traitsIcESaIcEEE]+0x12f): undefined reference to `std::__throw_bad_array_new_length()'
src/cmdstan/main.o: In function `stan::io::dump::dims_i(std::__cxx11::basic_string<char, std::char_traits<char>, std::allocator<char> > const&) const':
main.cpp:(.text._ZNK4stan2io4dump6dims_iERKNSt7__cxx1112basic_stringIcSt11char_traitsIcESaIcEEE[_ZNK4stan2io4dump6dims_iERKNSt7__cxx1112basic_stringIcSt11char_traitsIcESaIcEEE]+0x12f): undefined reference to `std::__throw_bad_array_new_length()'
src/cmdstan/main.o:main.cpp:(.text._ZNK4stan4json9json_data6vals_iERKNSt7__cxx1112basic_stringIcSt11char_traitsIcESaIcEEE[_ZNK4stan4json9json_data6vals_iERKNSt7__cxx1112basic_stringIcSt11char_traitsIcESaIcEEE]+0x12f): more undefined references to `std::__throw_bad_array_new_length()' follow
src/cmdstan/main.o: In function `stan::json::json_data::validate_dims(std::__cxx11::basic_string<char, std::char_traits<char>, std::allocator<char> > const&, std::__cxx11::basic_string<char, std::char_traits<char>, std::allocator<char> > const&, std::__cxx11::basic_string<char, std::char_traits<char>, std::allocator<char> > const&, std::vector<unsigned long, std::allocator<unsigned long> > const&) const':
main.cpp:(.text._ZNK4stan4json9json_data13validate_dimsERKNSt7__cxx1112basic_stringIcSt11char_traitsIcESaIcEEES9_S9_RKSt6vectorImSaImEE[_ZNK4stan4json9json_data13validate_dimsERKNSt7__cxx1112basic_stringIcSt11char_traitsIcESaIcEEES9_S9_RKSt6vectorImSaImEE]+0x140): undefined reference to `std::__cxx11::basic_stringstream<char, std::char_traits<char>, std::allocator<char> >::basic_stringstream()'
main.cpp:(.text._ZNK4stan4json9json_data13validate_dims
ERKNSt7__cxx1112basic_stringIcSt11char_traitsIcESaIcEEES9_S9_RKSt6vectorImSaImEE[_ZNK4stan4json9json_data13validate_dimsERKNSt7__cxx1112basic_stringIcSt11char_traitsIcESaIcEEES9_S9_RKSt6vectorImSaImEE]+0x2b2): undefined reference to `std::__cxx11::basic_stringstream<char, std::char_traits<char>, std::allocator<char> >::basic_stringstream()'
main.cpp:(.text._ZNK4stan4json9json_data13validate_dimsERKNSt7__cxx1112basic_stringIcSt11char_traitsIcESaIcEEES9_S9_RKSt6vectorImSaImEE[_ZNK4stan4json9json_data13validate_dimsERKNSt7__cxx1112basic_stringIcSt11char_traitsIcESaIcEEES9_S9_RKSt6vectorImSaImEE]+0x4ae): undefined reference to `std::__cxx11::basic_stringstream<char, std::char_traits<char>, std::allocator<char> >::basic_stringstream()'
main.cpp:(.text._ZNK4stan4json9json_data13validate_dimsERKNSt7__cxx1112basic_stringIcSt11char_traitsIcESaIcEEES9_S9_RKSt6vectorImSaImEE[_ZNK4stan4json9json_data13validate_dimsERKNSt7__cxx1112basic_stringIcSt11char_traitsIcESaIcEEES9_S9_RKSt6vectorImSaImEE]+0x5fd): undefined reference to `std::__cxx11::basic_stringstream<char, std::char_traits<char>, std::allocator<char> >::basic_stringstream()'
src/cmdstan/main.o: In function `void stan::math::check_size_match<long, int>(char const*, char const*, long, char const*, int)::{lambda()#1}::operator()() const':
main.cpp:(.text.unlikely._ZZN4stan4math16check_size_matchIliEEvPKcS3_T_S3_T0_ENKUlvE_clEv[_ZZN4stan4math16check_size_matchIliEEvPKcS3_T_S3_T0_ENKUlvE_clEv]+0x2c): undefined reference to `std::__cxx11::basic_ostringstream<char, std::char_traits<char>, std::allocator<char> >::basic_ostringstream()'
src/cmdstan/main.o: In function `void stan::math::check_symmetric<Eigen::Matrix<double, -1, -1, 0, -1, -1>, (void*)0>(char const*, char const*, Eigen::Matrix<double, -1, -1, 0, -1, -1> const&)::{lambda()#1}::operator()() const':
main.cpp:(.text.unlikely._ZZN4stan4math15check_symmetricIN5Eigen6MatrixIdLin1ELin1ELi0ELin1ELin1EEELPv0EEEvPKcS7_RKT_ENKUlvE_clEv[_ZZN4stan4math15check_symmetricIN5Eigen6
MatrixIdLin1ELin1ELi0ELin1ELin1EEELPv0EEEvPKcS7_RKT_ENKUlvE_clEv]+0x31): undefined reference to `std::__cxx11::basic_ostringstream<char, std::char_traits<char>, std::allocator<char> >::basic_ostringstream()'
main.cpp:(.text.unlikely._ZZN4stan4math15check_symmetricIN5Eigen6MatrixIdLin1ELin1ELi0ELin1ELin1EEELPv0EEEvPKcS7_RKT_ENKUlvE_clEv[_ZZN4stan4math15check_symmetricIN5Eigen6MatrixIdLin1ELin1ELi0ELin1ELin1EEELPv0EEEvPKcS7_RKT_ENKUlvE_clEv]+0xd8): undefined reference to `std::__cxx11::basic_ostringstream<char, std::char_traits<char>, std::allocator<char> >::basic_ostringstream()'
src/cmdstan/main.o: In function `void stan::callbacks::unique_stream_writer<std::basic_ofstream<char, std::char_traits<char> >, std::default_delete<std::basic_ofstream<char, std::char_traits<char> > > >::write_vector<std::__cxx11::basic_string<char, std::char_traits<char>, std::allocator<char> > >(std::vector<std::__cxx11::basic_string<char, std::char_traits<char>, std::allocator<char> >, std::allocator<std::__cxx11::basic_string<char, std::char_traits<char>, std::allocator<char> > > > const&)':
main.cpp:(.text._ZN4stan9callbacks20unique_stream_writerISt14basic_ofstreamIcSt11char_traitsIcEESt14default_deleteIS5_EE12write_vectorINSt7__cxx1112basic_stringIcS4_SaIcEEEEEvRKSt6vectorIT_SaISF_EE[_ZN4stan9callbacks20unique_stream_writerISt14basic_ofstreamIcSt11char_traitsIcEESt14default_deleteIS5_EE12write_vectorINSt7__cxx1112basic_stringIcS4_SaIcEEEEEvRKSt6vectorIT_SaISF_EE]+0x54): undefined reference to `std::__cxx11::basic_stringstream<char, std::char_traits<char>, std::allocator<char> >::basic_stringstream()'
src/cmdstan/main.o: In function `void stan::services::util::gq_writer::write_gq_values<stan::model::model_base, boost::random::mixmax_engine<17, 36u, 0l>, Eigen::Matrix<double, -1, 1, 0, -1, 1>, (void*)0>(stan::model::model_base const&, boost::random::mixmax_engine<17, 36u, 0l>&, Eigen::Matrix<double, -1, 1, 0, -1, 1>&)':
main.cpp:(.text._ZN4stan8services4util9gq_writer15write_gq_valuesINS
_5model10model_baseEN5boost6random13mixmax_engineILi17ELj36ELl0EEEN5Eigen6MatrixIdLin1ELi1ELi0ELin1ELi1EEELPv0EEEvRKT_RT0_RT1_[_ZN4stan8services4util9gq_writer15write_gq_valuesINS_5model10model_baseEN5boost6random13mixmax_engineILi17ELj36ELl0EEEN5Eigen6MatrixIdLin1ELi1ELi0ELin1ELi1EEELPv0EEEvRKT_RT0_RT1_]+0x55): undefined reference to `std::__cxx11::basic_stringstream<char, std::char_traits<char>, std::allocator<char> >::basic_stringstream()'
src/cmdstan/main.o: In function `int stan::services::standalone_generate<stan::model::model_base, stan::callbacks::unique_stream_writer<std::basic_ofstream<char, std::char_traits<char> >, std::default_delete<std::basic_ofstream<char, std::char_traits<char> > > > >(stan::model::model_base const&, int, std::vector<Eigen::Matrix<double, -1, -1, 0, -1, -1>, std::allocator<Eigen::Matrix<double, -1, -1, 0, -1, -1> > > const&, unsigned int, stan::callbacks::interrupt&, stan::callbacks::logger&, std::vector<stan::callbacks::unique_stream_writer<std::basic_ofstream<char, std::char_traits<char> >, std::default_delete<std::basic_ofstream<char, std::char_traits<char> > > >, std::allocator<stan::callbacks::unique_stream_writer<std::basic_ofstream<char, std::char_traits<char> >, std::default_delete<std::basic_ofstream<char, std::char_traits<char> > > > > >&)::{lambda(tbb::blocked_range<unsigned long> const&)#1}::operator()(tbb::blocked_range<unsigned long> const&) const':
main.cpp:(.text._ZZN4stan8services19standalone_generateINS_5model10model_baseENS_9callbacks20unique_stream_writerISt14basic_ofstreamIcSt11char_traitsIcEESt14default_deleteIS9_EEEEEiRKT_iRKSt6vectorIN5Eigen6MatrixIdLin1ELin1ELi0ELin1ELin1EEESaISJ_EEjRNS4_9interruptERNS4_6loggerERSG_IT0_SaISS_EEENKUlRKN3tbb13blocked_rangeImEEE_clES10_[_ZZN4stan8services19standalone_generateINS_5model10model_baseENS_9callbacks20unique_stream_writerISt14basic_ofstreamIcSt11char_traitsIcEESt14default_deleteIS9_EEEEEiRKT_iRKSt6vectorIN5Eigen6MatrixIdLin1ELin1ELi0ELin1ELin1EEESaISJ_EEjRNS4_9interr
uptERNS4_6loggerERSG_IT0_SaISS_EEENKUlRKN3tbb13blocked_rangeImEEE_clES10_]+0x7f): undefined reference to `std::__cxx11::basic_stringstream<char, std::char_traits<char>, std::allocator<char> >::basic_stringstream()'
src/cmdstan/main.o: In function `stan::variational::print_progress(int, int, int, int, bool, std::__cxx11::basic_string<char, std::char_traits<char>, std::allocator<char> > const&, std::__cxx11::basic_string<char, std::char_traits<char>, std::allocator<char> > const&, stan::callbacks::logger&)':
main.cpp:(.text._ZN4stan11variational14print_progressEiiiibRKNSt7__cxx1112basic_stringIcSt11char_traitsIcESaIcEEES8_RNS_9callbacks6loggerE[_ZN4stan11variational14print_progressEiiiibRKNSt7__cxx1112basic_stringIcSt11char_traitsIcESaIcEEES8_RNS_9callbacks6loggerE]+0x11d): undefined reference to `std::__cxx11::basic_stringstream<char, std::char_traits<char>, std::allocator<char> >::basic_stringstream()'
src/cmdstan/main.o: In function `void stan::math::throw_domain_error<char [1]>(char const*, char const*, char const (&) [1], char const*, char const*)':
main.cpp:(.text._ZN4stan4math18throw_domain_errorIA1_cEEvPKcS4_RKT_S4_S4_[_ZN4stan4math18throw_domain_errorIA1_cEEvPKcS4_RKT_S4_S4_]+0x3d): undefined reference to `std::__cxx11::basic_ostringstream<char, std::char_traits<char>, std::allocator<char> >::basic_ostringstream()'
src/cmdstan/main.o: In function `void stan::math::throw_domain_error<unsigned long>(char const*, char const*, unsigned long const&, char const*, char const*)':
main.cpp:(.text._ZN4stan4math18throw_domain_errorImEEvPKcS3_RKT_S3_S3_[_ZN4stan4math18throw_domain_errorImEEvPKcS3_RKT_S3_S3_]+0x3d): undefined reference to `std::__cxx11::basic_ostringstream<char, std::char_traits<char>, std::allocator<char> >::basic_ostringstream()'
src/cmdstan/main.o: In function `void stan::math::internal::elementwise_throw_domain_error<char const*, char const*, char const*, char const*, unsigned long, char const*, unsigned long, char const*, double, char const*, char co
nst*, char const*>(char const* const, char const* const, char const* const, char const* const, unsigned long const, char const* const, unsigned long const, char const* const, double const, char const* const, char const* const, char const* const)':
main.cpp:(.text._ZN4stan4math8internal30elementwise_throw_domain_errorIJPKcS4_S4_S4_mS4_mS4_dS4_S4_S4_EEEvDpKT_[_ZN4stan4math8internal30elementwise_throw_domain_errorIJPKcS4_S4_S4_mS4_mS4_dS4_S4_S4_EEEvDpKT_]+0x7a): undefined reference to `std::__cxx11::basic_stringstream<char, std::char_traits<char>, std::allocator<char> >::basic_stringstream()'
src/cmdstan/main.o: In function `void stan::math::throw_domain_error<char [26]>(char const*, char const*, char const (&) [26], char const*, char const*)':
main.cpp:(.text._ZN4stan4math18throw_domain_errorIA26_cEEvPKcS4_RKT_S4_S4_[_ZN4stan4math18throw_domain_errorIA26_cEEvPKcS4_RKT_S4_S4_]+0x3d): undefined reference to `std::__cxx11::basic_ostringstream<char, std::char_traits<char>, std::allocator<char> >::basic_ostringstream()'
src/cmdstan/main.o: In function `void stan::services::util::gq_writer::write_gq_values<stan::model::model_base, boost::random::mixmax_engine<17, 36u, 0l> >(stan::model::model_base const&, boost::random::mixmax_engine<17, 36u, 0l>&, std::vector<double, std::allocator<double> >&)':
main.cpp:(.text._ZN4stan8services4util9gq_writer15write_gq_valuesINS_5model10model_baseEN5boost6random13mixmax_engineILi17ELj36ELl0EEEEEvRKT_RT0_RSt6vectorIdSaIdEE[_ZN4stan8services4util9gq_writer15write_gq_valuesINS_5model10model_baseEN5boost6random13mixmax_engineILi17ELj36ELl0EEEEEvRKT_RT0_RSt6vectorIdSaIdEE]+0x6b): undefined reference to `std::__cxx11::basic_stringstream<char, std::char_traits<char>, std::allocator<char> >::basic_stringstream()'
src/cmdstan/main.o: In function `int stan::services::standalone_generate<stan::model::model_base>(stan::model::model_base const&, Eigen::Matrix<double, -1, -1, 0, -1, -1> const&, unsigned int, stan::callbacks::interrupt&, stan::callbacks
::logger&, stan::callbacks::writer&)':
main.cpp:(.text._ZN4stan8services19standalone_generateINS_5model10model_baseEEEiRKT_RKN5Eigen6MatrixIdLin1ELin1ELi0ELin1ELin1EEEjRNS_9callbacks9interruptERNSC_6loggerERNSC_6writerE[_ZN4stan8services19standalone_generateINS_5model10model_baseEEEiRKT_RKN5Eigen6MatrixIdLin1ELin1ELi0ELin1ELin1EEEjRNS_9callbacks9interruptERNSC_6loggerERNSC_6writerE]+0xd9): undefined reference to `std::__cxx11::basic_stringstream<char, std::char_traits<char>, std::allocator<char> >::basic_stringstream()'
src/cmdstan/main.o: In function `int stan::services::standalone_generate<stan::model::model_base, stan::callbacks::unique_stream_writer<std::basic_ofstream<char, std::char_traits<char> >, std::default_delete<std::basic_ofstream<char, std::char_traits<char> > > > >(stan::model::model_base const&, int, std::vector<Eigen::Matrix<double, -1, -1, 0, -1, -1>, std::allocator<Eigen::Matrix<double, -1, -1, 0, -1, -1> > > const&, unsigned int, stan::callbacks::interrupt&, stan::callbacks::logger&, std::vector<stan::callbacks::unique_stream_writer<std::basic_ofstream<char, std::char_traits<char> >, std::default_delete<std::basic_ofstream<char, std::char_traits<char> > > >, std::allocator<stan::callbacks::unique_stream_writer<std::basic_ofstream<char, std::char_traits<char> >, std::default_delete<std::basic_ofstream<char, std::char_traits<char> > > > > >&)':
main.cpp:(.text._ZN4stan8services19standalone_generateINS_5model10model_baseENS_9callbacks20unique_stream_writerISt14basic_ofstreamIcSt11char_traitsIcEESt14default_deleteIS9_EEEEEiRKT_iRKSt6vectorIN5Eigen6MatrixIdLin1ELin1ELi0ELin1ELin1EEESaISJ_EEjRNS4_9interruptERNS4_6loggerERSG_IT0_SaISS_EE[_ZN4stan8services19standalone_generateINS_5model10model_baseENS_9callbacks20unique_stream_writerISt14basic_ofstreamIcSt11char_traitsIcEESt14default_deleteIS9_EEEEEiRKT_iRKSt6vectorIN5Eigen6MatrixIdLin1ELin1ELi0ELin1ELin1EEESaISJ_EEjRNS4_9interruptERNS4_6loggerERSG_IT0_SaISS_EE]+0x48f): undefined reference to `std::__cxx
11::basic_stringstream<char, std::char_traits<char>, std::allocator<char> >::basic_stringstream()'
src/cmdstan/main.o: In function `cmdstan::arg_single_real_bounded::arg_single_real_bounded(char const*, char const*, double, double, double)':
main.cpp:(.text._ZN7cmdstan23arg_single_real_boundedC2EPKcS2_ddd[_ZN7cmdstan23arg_single_real_boundedC5EPKcS2_ddd]+0x2d8): undefined reference to `std::__cxx11::basic_stringstream<char, std::char_traits<char>, std::allocator<char> >::basic_stringstream()'
src/cmdstan/main.o: In function `cmdstan::argument_parser::print_usage(stan::callbacks::writer&, char const*)':

main.cpp:(.text._ZN7cmdstan15argument_parser11print_usageERN4stan9callbacks6writerEPKc[_ZN7cmdstan15argument_parser11print_usageERN4stan9callbacks6writerEPKc]+0x171): undefined reference to `std::__cxx11::basic_stringstream<char, std::char_traits<char>, std::allocator<char> >::basic_stringstream()'
src/cmdstan/main.o: In function `stan::io::array_var_context::add_r(std::vector<std::__cxx11::basic_string<char, std::char_traits<char>, std::allocator<char> >, std::allocator<std::__cxx11::basic_string<char, std::char_traits<char>, std::allocator<char> > > > const&, std::vector<double, std::allocator<double> > const&, std::vector<std::vector<unsigned long, std::allocator<unsigned long> >, std::allocator<std::vector<unsigned long, std::allocator<unsigned long> > > > const&)':
main.cpp:(.text._ZN4stan2io17array_var_context5add_rERKSt6vectorINSt7__cxx1112basic_stringIcSt11char_traitsIcESaIcEEESaIS8_EERKS2_IdSaIdEERKS2_IS2_ImSaImEESaISI_EE[_ZN4stan2io17array_var_context5add_rERKSt6vectorINSt7__cxx1112basic_stringIcSt11char_traitsIcESaIcEEESaIS8_EERKS2_IdSaIdEERKS2_IS2_ImSaImEESaISI_EE]+0x50d): undefined reference to `std::__throw_bad_array_new_length()'
src/cmdstan/main.o: In function `std::vector<std::__cxx11::basic_string<char, std::char_traits<char>, std::allocator<char> >, std::allocator<std::__cxx11::basic_string<char, std::char_traits<char>, std::allocator<char> > > >::operator=(std::vector<std::__cxx11::basic_string<char, std::char_traits<char>, std::allocator<char> >, std::allocator<std::__cxx11::basic_string<char, std::char_traits<char>, std::allocator<char> > > > const&)':
main.cpp:(.text._ZNSt6vectorINSt7__cxx1112basic_stringIcSt11char_traitsIcESaIcEEESaIS5_EEaSERKS7_[_ZNSt6vectorINSt7__cxx1112basic_stringIcSt11char_traitsIcESaIcEEESaIS5_EEaSERKS7_]+0x30b): undefined reference to `std::__throw_bad_array_new_length()'
src/cmdstan/main.o: In function `cmdstan::list_argument::parse_args(std::vector<std::__cxx11::basic_string<char, std::char_traits<char>, std::alloca
tor<char> >, std::allocator<std::__cxx11::basic_string<char, std::char_traits<char>, std::allocator<char> > > >&, stan::callbacks::writer&, stan::callbacks::writer&, bool&)':
main.cpp:(.text._ZN7cmdstan13list_argument10parse_argsERSt6vectorINSt7__cxx1112basic_stringIcSt11char_traitsIcESaIcEEESaIS7_EERN4stan9callbacks6writerESE_Rb[_ZN7cmdstan13list_argument10parse_argsERSt6vectorINSt7__cxx1112basic_stringIcSt11char_traitsIcESaIcEEESaIS7_EERN4stan9callbacks6writerESE_Rb]+0x2ee): undefined reference to `std::__cxx11::basic_stringstream<char, std::char_traits<char>, std::allocator<char> >::basic_stringstream()'
src/cmdstan/main.o: In function `std::_Rb_tree_node<std::pair<std::__cxx11::basic_string<char, std::char_traits<char>, std::allocator<char> > const, std::pair<std::vector<int, std::allocator<int> >, std::vector<unsigned long, std::allocator<unsigned long> > > > >* std::_Rb_tree<std::__cxx11::basic_string<char, std::char_traits<char>, std::allocator<char> >, std::pair<std::__cxx11::basic_string<char, std::char_traits<char>, std::allocator<char> > const, std::pair<std::vector<int, std::allocator<int> >, std::vector<unsigned long, std::allocator<unsigned long> > > >, std::_Select1st<std::pair<std::__cxx11::basic_string<char, std::char_traits<char>, std::allocator<char> > const, std::pair<std::vector<int, std::allocator<int> >, std::vector<unsigned long, std::allocator<unsigned long> > > > >, std::less<std::__cxx11::basic_string<char, std::char_traits<char>, std::allocator<char> > >, std::allocator<std::pair<std::__cxx11::basic_string<char, std::char_traits<char>, std::allocator<char> > const, std::pair<std::vector<int, std::allocator<int> >, std::vector<unsigned long, std::allocator<unsigned long> > > > > >::_M_copy<false, std::_Rb_tree<std::__cxx11::basic_string<char, std::char_traits<char>, std::allocator<char> >, std::pair<std::__cxx11::basic_string<char, std::char_traits<char>, std::allocator<char> > const, std::pair<std::vector<int, std::allocator<int> >, std::
vector<unsigned long, std::allocator<unsigned long> > > >, std::_Select1st<std::pair<std::__cxx11::basic_string<char, std::char_traits<char>, std::allocator<char> > const, std::pair<std::vector<int, std::allocator<int> >, std::vector<unsigned long, std::allocator<unsigned long> > > > >, std::less<std::__cxx11::basic_string<char, std::char_traits<char>, std::allocator<char> > >, std::allocator<std::pair<std::__cxx11::basic_string<char, std::char_traits<char>, std::allocator<char> > const, std::pair<std::vector<int, std::allocator<int> >, std::vector<unsigned long, std::allocator<unsigned long> > > > > >::_Alloc_node>(std::_Rb_tree_node<std::pair<std::__cxx11::basic_string<char, std::char_traits<char>, std::allocator<char> > const, std::pair<std::vector<int, std::allocator<int> >, std::vector<unsigned long, std::allocator<unsigned long> > > > >*, std::_Rb_tree_node_base*, std::_Rb_tree<std::__cxx11::basic_string<char, std::char_traits<char>, std::allocator<char> >, std::pair<std::__cxx11::basic_string<char, std::char_traits<char>, std::allocator<char> > const, std::pair<std::vector<int, std::allocator<int> >, std::vector<unsigned long, std::allocator<unsigned long> > > >, std::_Select1st<std::pair<std::__cxx11::basic_string<char, std::char_traits<char>, std::allocator<char> > const, std::pair<std::vector<int, std::allocator<int> >, std::vector<unsigned long, std::allocator<unsigned long> > > > >, std::less<std::__cxx11::basic_string<char, std::char_traits<char>, std::allocator<char> > >, std::allocator<std::pair<std::__cxx11::basic_string<char, std::char_traits<char>, std::allocator<char> > const, std::pair<std::vector<int, std::allocator<int> >, std::vector<unsigned long, std::allocator<unsigned long> > > > > >::_Alloc_node&) [clone .isra.0]':
main.cpp:(.text._ZNSt8_Rb_treeINSt7__cxx1112basic_stringIcSt11char_traitsIcESaIcEEESt4pairIKS5_S6_ISt6vectorIiSaIiEES8_ImSaImEEEESt10_Select1stISE_ESt4lessIS5_ESaISE_EE7_M_copyILb0ENSK_11_Alloc_nodeEEEPSt13_Rb_tree_nodeISE_ESP_
PSt18_Rb_tree_node_baseRT0_.isra.0[_ZN7cmdstan15get_var_contextERKNSt7__cxx1112basic_stringIcSt11char_traitsIcESaIcEEE]+0x257): undefined reference to `std::__throw_bad_array_new_length()'
main.cpp:(.text._ZNSt8_Rb_treeINSt7__cxx1112basic_stringIcSt11char_traitsIcESaIcEEESt4pairIKS5_S6_ISt6vectorIiSaIiEES8_ImSaImEEEESt10_Select1stISE_ESt4lessIS5_ESaISE_EE7_M_copyILb0ENSK_11_Alloc_nodeEEEPSt13_Rb_tree_nodeISE_ESP_PSt18_Rb_tree_node_baseRT0_.isra.0[_ZN7cmdstan15get_var_contextERKNSt7__cxx1112basic_stringIcSt11char_traitsIcESaIcEEE]+0x267): undefined reference to `std::__throw_bad_array_new_length()'
src/cmdstan/main.o: In function `std::_Rb_tree_node<std::pair<std::__cxx11::basic_string<char, std::char_traits<char>, std::allocator<char> > const, std::pair<std::vector<double, std::allocator<double> >, std::vector<unsigned long, std::allocator<unsigned long> > > > >* std::_Rb_tree<std::__cxx11::basic_string<char, std::char_traits<char>, std::allocator<char> >, std::pair<std::__cxx11::basic_string<char, std::char_traits<char>, std::allocator<char> > const, std::pair<std::vector<double, std::allocator<double> >, std::vector<unsigned long, std::allocator<unsigned long> > > >, std::_Select1st<std::pair<std::__cxx11::basic_string<char, std::char_traits<char>, std::allocator<char> > const, std::pair<std::vector<double, std::allocator<double> >, std::vector<unsigned long, std::allocator<unsigned long> > > > >, std::less<std::__cxx11::basic_string<char, std::char_traits<char>, std::allocator<char> > >, std::allocator<std::pair<std::__cxx11::basic_string<char, std::char_traits<char>, std::allocator<char> > const, std::pair<std::vector<double, std::allocator<double> >, std::vector<unsigned long, std::allocator<unsigned long> > > > > >::_M_copy<false, std::_Rb_tree<std::__cxx11::basic_string<char, std::char_traits<char>, std::allocator<char> >, std::pair<std::__cxx11::basic_string<char, std::char_traits<char>, std::allocator<char> > const, std::pair<std::vector<double, std::alloca
tor<double> >, std::vector<unsigned long, std::allocator<unsigned long> > > >, std::_Select1st<std::pair<std::__cxx11::basic_string<char, std::char_traits<char>, std::allocator<char> > const, std::pair<std::vector<double, std::allocator<double> >, std::vector<unsigned long, std::allocator<unsigned long> > > > >, std::less<std::__cxx11::basic_string<char, std::char_traits<char>, std::allocator<char> > >, std::allocator<std::pair<std::__cxx11::basic_string<char, std::char_traits<char>, std::allocator<char> > const, std::pair<std::vector<double, std::allocator<double> >, std::vector<unsigned long, std::allocator<unsigned long> > > > > >::_Alloc_node>(std::_Rb_tree_node<std::pair<std::__cxx11::basic_string<char, std::char_traits<char>, std::allocator<char> > const, std::pair<std::vector<double, std::allocator<double> >, std::vector<unsigned long, std::allocator<unsigned long> > > > >*, std::_Rb_tree_node_base*, std::_Rb_tree<std::__cxx11::basic_string<char, std::char_traits<char>, std::allocator<char> >, std::pair<std::__cxx11::basic_string<char, std::char_traits<char>, std::allocator<char> > const, std::pair<std::vector<double, std::allocator<double> >, std::vector<unsigned long, std::allocator<unsigned long> > > >, std::_Select1st<std::pair<std::__cxx11::basic_string<char, std::char_traits<char>, std::allocator<char> > const, std::pair<std::vector<double, std::allocator<double> >, std::vector<unsigned long, std::allocator<unsigned long> > > > >, std::less<std::__cxx11::basic_string<char, std::char_traits<char>, std::allocator<char> > >, std::allocator<std::pair<std::__cxx11::basic_string<char, std::char_traits<char>, std::allocator<char> > const, std::pair<std::vector<double, std::allocator<double> >, std::vector<unsigned long, std::allocator<unsigned long> > > > > >::_Alloc_node&) [clone .isra.0]':
main.cpp:(.text._ZNSt8_Rb_treeINSt7__cxx1112basic_stringIcSt11char_traitsIcESaIcEEESt4pairIKS5_S6_ISt6vectorIdSaIdEES8_ImSaImEEEESt10_Select1stISE_ESt4lessIS5_ESaISE_EE7_M
_copyILb0ENSK_11_Alloc_nodeEEEPSt13_Rb_tree_nodeISE_ESP_PSt18_Rb_tree_node_baseRT0_.isra.0[_ZN7cmdstan15get_var_contextERKNSt7__cxx1112basic_stringIcSt11char_traitsIcESaIcEEE]+0x257): undefined reference to `std::__throw_bad_array_new_length()'
main.cpp:(.text._ZNSt8_Rb_treeINSt7__cxx1112basic_stringIcSt11char_traitsIcESaIcEEESt4pairIKS5_S6_ISt6vectorIdSaIdEES8_ImSaImEEEESt10_Select1stISE_ESt4lessIS5_ESaISE_EE7_M_copyILb0ENSK_11_Alloc_nodeEEEPSt13_Rb_tree_nodeISE_ESP_PSt18_Rb_tree_node_baseRT0_.isra.0[_ZN7cmdstan15get_var_contextERKNSt7__cxx1112basic_stringIcSt11char_traitsIcESaIcEEE]+0x267): undefined reference to `std::__throw_bad_array_new_length()'
src/cmdstan/main.o: In function `cmdstan::check_valid_context_file_name(std::__cxx11::basic_string<char, std::char_traits<char>, std::allocator<char> > const&)':
main.cpp:(.text._ZN7cmdstan29check_valid_context_file_nameERKNSt7__cxx1112basic_stringIcSt11char_traitsIcESaIcEEE[_ZN7cmdstan29check_valid_context_file_nameERKNSt7__cxx1112basic_stringIcSt11char_traitsIcESaIcEEE]+0x12a): undefined reference to `std::__cxx11::basic_stringstream<char, std::char_traits<char>, std::allocator<char> >::basic_stringstream()'
src/cmdstan/main.o: In function `stan::io::dump::dump(std::istream&)':
main.cpp:(.text._ZN4stan2io4dumpC2ERSi[_ZN4stan2io4dumpC5ERSi]+0x9e8): undefined reference to `std::__throw_bad_array_new_length()'
main.cpp:(.text._ZN4stan2io4dumpC2ERSi[_ZN4stan2io4dumpC5ERSi]+0x9f3): undefined reference to `std::__throw_bad_array_new_length()'
src/cmdstan/main.o: In function `cmdstan::argument_parser::parse_args(int, char const**, stan::callbacks::writer&, stan::callbacks::writer&)':
main.cpp:(.text._ZN7cmdstan15argument_parser10parse_argsEiPPKcRN4stan9callbacks6writerES7_[_ZN7cmdstan15argument_parser10parse_argsEiPPKcRN4stan9callbacks6writerES7_]+0xd02): undefined reference to `std::__throw_bad_array_new_length()'
src/cmdstan/main.o: In function `cmdstan::categorical_argument::print_help(stan::callbacks::writer&, int, boo
l)':
main.cpp:(.text._ZN7cmdstan20categorical_argument10print_helpERN4stan9callbacks6writerEib[_ZN7cmdstan20categorical_argument10print_helpERN4stan9callbacks6writerEib]+0x173): undefined reference to `std::__cxx11::basic_stringstream<char, std::char_traits<char>, std::allocator<char> >::basic_stringstream()'
src/cmdstan/main.o: In function `stan::json::json_data_handler::get_outer_dims(std::vector<std::__cxx11::basic_string<char, std::char_traits<char>, std::allocator<char> >, std::allocator<std::__cxx11::basic_string<char, std::char_traits<char>, std::allocator<char> > > > const&)':
main.cpp:(.text._ZN4stan4json17json_data_handler14get_outer_dimsERKSt6vectorINSt7__cxx1112basic_stringIcSt11char_traitsIcESaIcEEESaIS8_EE[_ZN4stan4json17json_data_handler14get_outer_dimsERKSt6vectorINSt7__cxx1112basic_stringIcSt11char_traitsIcESaIcEEESaIS8_EE]+0x386): undefined reference to `std::__throw_bad_array_new_length()'
src/cmdstan/main.o: In function `stan::json::json_data_handler::set_outer_dims(stan::json::array_dims)':
main.cpp:(.text._ZN4stan4json17json_data_handler14set_outer_dimsENS0_10array_dimsE[_ZN4stan4json17json_data_handler14set_outer_dimsENS0_10array_dimsE]+0x312): undefined reference to `std::__throw_bad_array_new_length()'
src/cmdstan/main.o: In function `stan::json::json_data_handler::start_array()':
main.cpp:(.text._ZN4stan4json17json_data_handler11start_arrayEv[_ZN4stan4json17json_data_handler11start_arrayEv]+0xba): undefined reference to `std::__cxx11::basic_stringstream<char, std::char_traits<char>, std::allocator<char> >::basic_stringstream()'
src/cmdstan/main.o: In function `stan::json::json_data_handler::end_array()':
main.cpp:(.text._ZN4stan4json17json_data_handler9end_arrayEv[_ZN4stan4json17json_data_handler9end_arrayEv]+0x19f): undefined reference to `std::__cxx11::basic_stringstream<char, std::char_traits<char>, std::allocator<char> >::basic_stringstream()'
src/cmdstan/main.o: In function `stan::json::json_data_handler::save_key_value_pair()':
main.c
pp:(.text._ZN4stan4json17json_data_handler19save_key_value_pairEv[_ZN4stan4json17json_data_handler19save_key_value_pairEv]+0x51f): undefined reference to `std::__cxx11::basic_stringstream<char, std::char_traits<char>, std::allocator<char> >::basic_stringstream()'
main.cpp:(.text._ZN4stan4json17json_data_handler19save_key_value_pairEv[_ZN4stan4json17json_data_handler19save_key_value_pairEv]+0xfed): undefined reference to `std::__cxx11::basic_stringstream<char, std::char_traits<char>, std::allocator<char> >::basic_stringstream()'
main.cpp:(.text._ZN4stan4json17json_data_handler19save_key_value_pairEv[_ZN4stan4json17json_data_handler19save_key_value_pairEv]+0x10ed): undefined reference to `std::__cxx11::basic_stringstream<char, std::char_traits<char>, std::allocator<char> >::basic_stringstream()'
main.cpp:(.text._ZN4stan4json17json_data_handler19save_key_value_pairEv[_ZN4stan4json17json_data_handler19save_key_value_pairEv]+0x14be): undefined reference to `std::__throw_bad_array_new_length()'
src/cmdstan/main.o: In function `stan::json::json_data_handler::string(std::__cxx11::basic_string<char, std::char_traits<char>, std::allocator<char> > const&)':
main.cpp:(.text._ZN4stan4json17json_data_handler6stringERKNSt7__cxx1112basic_stringIcSt11char_traitsIcESaIcEEE[_ZN4stan4json17json_data_handler6stringERKNSt7__cxx1112basic_stringIcSt11char_traitsIcESaIcEEE]+0x155): undefined reference to `std::__cxx11::basic_stringstream<char, std::char_traits<char>, std::allocator<char> >::basic_stringstream()'
src/cmdstan/main.o: In function `stan::json::json_data_handler::end_object()':
main.cpp:(.text._ZN4stan4json17json_data_handler10end_objectEv[_ZN4stan4json17json_data_handler10end_objectEv]+0x2d9): undefined reference to `std::__cxx11::basic_stringstream<char, std::char_traits<char>, std::allocator<char> >::basic_stringstream()'
src/cmdstan/main.o: In function `int stan::model::test_gradients<true, true, stan::model::model_base>(stan::model::model_base const&, std::vector<double, st
d::allocator<double> >&, std::vector<int, std::allocator<int> >&, double, double, stan::callbacks::interrupt&, stan::callbacks::logger&, stan::callbacks::writer&)':
main.cpp:(.text._ZN4stan5model14test_gradientsILb1ELb1ENS0_10model_baseEEEiRKT1_RSt6vectorIdSaIdEERS6_IiSaIiEEddRNS_9callbacks9interruptERNSD_6loggerERNSD_6writerE[_ZN4stan5model14test_gradientsILb1ELb1ENS0_10model_baseEEEiRKT1_RSt6vectorIdSaIdEERS6_IiSaIiEEddRNS_9callbacks9interruptERNSD_6loggerERNSD_6writerE]+0x6d): undefined reference to `std::__cxx11::basic_stringstream<char, std::char_traits<char>, std::allocator<char> >::basic_stringstream()'
main.cpp:(.text._ZN4stan5model14test_gradientsILb1ELb1ENS0_10model_baseEEEiRKT1_RSt6vectorIdSaIdEERS6_IiSaIiEEddRNS_9callbacks9interruptERNSD_6loggerERNSD_6writerE[_ZN4stan5model14test_gradientsILb1ELb1ENS0_10model_baseEEEiRKT1_RSt6vectorIdSaIdEERS6_IiSaIiEEddRNS_9callbacks9interruptERNSD_6loggerERNSD_6writerE]+0x212): undefined reference to `std::__cxx11::basic_stringstream<char, std::char_traits<char>, std::allocator<char> >::basic_stringstream()'
main.cpp:(.text._ZN4stan5model14test_gradientsILb1ELb1ENS0_10model_baseEEEiRKT1_RSt6vectorIdSaIdEERS6_IiSaIiEEddRNS_9callbacks9interruptERNSD_6loggerERNSD_6writerE[_ZN4stan5model14test_gradientsILb1ELb1ENS0_10model_baseEEEiRKT1_RSt6vectorIdSaIdEERS6_IiSaIiEEddRNS_9callbacks9interruptERNSD_6loggerERNSD_6writerE]+0x2fd): undefined reference to `std::__cxx11::basic_stringstream<char, std::char_traits<char>, std::allocator<char> >::basic_stringstream()'
src/cmdstan/main.o:main.cpp:(.text._ZN4stan8services4util10initializeILb1ENS_5model10model_baseENS_2io11var_contextEN5boost6random13mixmax_engineILi17ELj36ELl0EEEEESt6vectorIdSaIdEERT0_RKT1_RT2_dbRNS_9callbacks6loggerERNSL_6writerE[_ZN4stan8services4util10initializeILb1ENS_5model10model_baseENS_2io11var_contextEN5boost6random13mixmax_engineILi17ELj36ELl0EEEEESt6vectorIdSaIdEERT0_RKT1_RT2_dbRNS_9callbacks6loggerERNSL_6writerE]+0x1af): more undefined references to `std::_
_cxx11::basic_stringstream<char, std::char_traits<char>, std::allocator<char> >::basic_stringstream()' follow
src/cmdstan/main.o: In function `std::_Hashtable<std::thread::id, std::pair<std::thread::id const, std::unique_ptr<stan::math::AutodiffStackSingleton<stan::math::vari_base, stan::math::chainable_alloc>, std::default_delete<stan::math::AutodiffStackSingleton<stan::math::vari_base, stan::math::chainable_alloc> > > >, std::allocator<std::pair<std::thread::id const, std::unique_ptr<stan::math::AutodiffStackSingleton<stan::math::vari_base, stan::math::chainable_alloc>, std::default_delete<stan::math::AutodiffStackSingleton<stan::math::vari_base, stan::math::chainable_alloc> > > > >, std::__detail::_Select1st, std::equal_to<std::thread::id>, std::hash<std::thread::id>, std::__detail::_Mod_range_hashing, std::__detail::_Default_ranged_hash, std::__detail::_Prime_rehash_policy, std::__detail::_Hashtable_traits<false, false, true> >::_M_rehash(unsigned long, unsigned long const&)':
main.cpp:(.text._ZNSt10_HashtableINSt6thread2idESt4pairIKS1_St10unique_ptrIN4stan4math22AutodiffStackSingletonINS6_9vari_baseENS6_15chainable_allocEEESt14default_deleteISA_EEESaISE_ENSt8__detail10_Select1stESt8equal_toIS1_ESt4hashIS1_ENSG_18_Mod_range_hashingENSG_20_Default_ranged_hashENSG_20_Prime_rehash_policyENSG_17_Hashtable_traitsILb0ELb0ELb1EEEE9_M_rehashEmRKm[_ZNSt10_HashtableINSt6thread2idESt4pairIKS1_St10unique_ptrIN4stan4math22AutodiffStackSingletonINS6_9vari_baseENS6_15chainable_allocEEESt14default_deleteISA_EEESaISE_ENSt8__detail10_Select1stESt8equal_toIS1_ESt4hashIS1_ENSG_18_Mod_range_hashingENSG_20_Default_ranged_hashENSG_20_Prime_rehash_policyENSG_17_Hashtable_traitsILb0ELb0ELb1EEEE9_M_rehashEmRKm]+0x148): undefined reference to `std::__throw_bad_array_new_length()'
src/cmdstan/main.o: In function `void stan::services::util::mcmc_writer::write_sample_params<stan::model::model_base, boost::random::mixmax_engine<17, 36u, 0l> >(boost::random::mixmax_engine<17, 36u, 0l>&, stan::
mcmc::sample&, stan::mcmc::base_mcmc&, stan::model::model_base&)':
main.cpp:(.text._ZN4stan8services4util11mcmc_writer19write_sample_paramsINS_5model10model_baseEN5boost6random13mixmax_engineILi17ELj36ELl0EEEEEvRT0_RNS_4mcmc6sampleERNSC_9base_mcmcERT_[_ZN4stan8services4util11mcmc_writer19write_sample_paramsINS_5model10model_baseEN5boost6random13mixmax_engineILi17ELj36ELl0EEEEEvRT0_RNS_4mcmc6sampleERNSC_9base_mcmcERT_]+0xd2): undefined reference to `std::__cxx11::basic_stringstream<char, std::char_traits<char>, std::allocator<char> >::basic_stringstream()'
src/cmdstan/main.o: In function `std::__cxx11::basic_string<char, std::char_traits<char>, std::allocator<char> > boost::math::policies::detail::prec_format<long double>(long double const&)':
main.cpp:(.text._ZN5boost4math8policies6detail11prec_formatIeEENSt7__cxx1112basic_stringIcSt11char_traitsIcESaIcEEERKT_[_ZN5boost4math8policies6detail11prec_formatIeEENSt7__cxx1112basic_stringIcSt11char_traitsIcESaIcEEERKT_]+0x5a): undefined reference to `std::__cxx11::basic_stringstream<char, std::char_traits<char>, std::allocator<char> >::basic_stringstream()'
src/cmdstan/main.o: In function `cmdstan::parse_stan_csv(std::__cxx11::basic_string<char, std::char_traits<char>, std::allocator<char> > const&, stan::model::model_base const&, std::vector<std::__cxx11::basic_string<char, std::char_traits<char>, std::allocator<char> >, std::allocator<std::__cxx11::basic_string<char, std::char_traits<char>, std::allocator<char> > > > const&, stan::io::stan_csv&, unsigned long&, unsigned long&, unsigned long&)':
main.cpp:(.text._ZN7cmdstan14parse_stan_csvERKNSt7__cxx1112basic_stringIcSt11char_traitsIcESaIcEEERKN4stan5model10model_baseERKSt6vectorIS5_SaIS5_EERNS8_2io8stan_csvERmSL_SL_+0x5d): undefined reference to `std::__cxx11::basic_stringstream<char, std::char_traits<char>, std::allocator<char> >::basic_stringstream()'
main.cpp:(.text._ZN7cmdstan14parse_stan_csvERKNSt7__cxx1112basic_stringIcSt11char_traitsIcESaIcEEERKN4stan5model10model
_baseERKSt6vectorIS5_SaIS5_EERNS8_2io8stan_csvERmSL_SL_+0x122): undefined reference to `std::__cxx11::basic_stringstream<char, std::char_traits<char>, std::allocator<char> >::basic_stringstream()'
main.cpp:(.text._ZN7cmdstan14parse_stan_csvERKNSt7__cxx1112basic_stringIcSt11char_traitsIcESaIcEEERKN4stan5model10model_baseERKSt6vectorIS5_SaIS5_EERNS8_2io8stan_csvERmSL_SL_+0xd40): undefined reference to `std::__cxx11::basic_stringstream<char, std::char_traits<char>, std::allocator<char> >::basic_stringstream()'
src/cmdstan/main.o:main.cpp:(.text._ZN7cmdstan20get_laplace_mode_csvERKNSt7__cxx1112basic_stringIcSt11char_traitsIcESaIcEEERKN4stan5model10model_baseE+0x4b): more undefined references to `std::__cxx11::basic_stringstream<char, std::char_traits<char>, std::allocator<char> >::basic_stringstream()' follow
src/cmdstan/main.o: In function `int stan::services::sample::hmc_nuts_diag_e<stan::model::model_base, std::shared_ptr<stan::io::var_context>, stan::callbacks::writer, stan::callbacks::unique_stream_writer<std::basic_ofstream<char, std::char_traits<char> >, std::default_delete<std::basic_ofstream<char, std::char_traits<char> > > >, stan::callbacks::unique_stream_writer<std::basic_ofstream<char, std::char_traits<char> >, std::default_delete<std::basic_ofstream<char, std::char_traits<char> > > > >(stan::model::model_base&, unsigned long, std::vector<std::shared_ptr<stan::io::var_context>, std::allocator<std::shared_ptr<stan::io::var_context> > > const&, unsigned int, unsigned int, double, int, int, int, bool, int, double, double, int, stan::callbacks::interrupt&, stan::callbacks::logger&, std::vector<stan::callbacks::writer, std::allocator<stan::callbacks::writer> >&, std::vector<stan::callbacks::unique_stream_writer<std::basic_ofstream<char, std::char_traits<char> >, std::default_delete<std::basic_ofstream<char, std::char_traits<char> > > >, std::allocator<stan::callbacks::unique_stream_writer<std::basic_ofstream<char, std::char_traits<char> >, std::default_delete<st
d::basic_ofstream<char, std::char_traits<char> > > > > >&, std::vector<stan::callbacks::unique_stream_writer<std::basic_ofstream<char, std::char_traits<char> >, std::default_delete<std::basic_ofstream<char, std::char_traits<char> > > >, std::allocator<stan::callbacks::unique_stream_writer<std::basic_ofstream<char, std::char_traits<char> >, std::default_delete<std::basic_ofstream<char, std::char_traits<char> > > > > >&)':
main.cpp:(.text._ZN4stan8services6sample15hmc_nuts_diag_eINS_5model10model_baseESt10shared_ptrINS_2io11var_contextEENS_9callbacks6writerENS9_20unique_stream_writerISt14basic_ofstreamIcSt11char_traitsIcEESt14default_deleteISF_EEESI_EEiRT_mRKSt6vectorIT0_SaISM_EEjjdiiibiddiRNS9_9interruptERNS9_6loggerERSL_IT1_SaISV_EERSL_IT2_SaISZ_EERSL_IT3_SaIS13_EE[_ZN4stan8services6sample15hmc_nuts_diag_eINS_5model10model_baseESt10shared_ptrINS_2io11var_contextEENS_9callbacks6writerENS9_20unique_stream_writerISt14basic_ofstreamIcSt11char_traitsIcEESt14default_deleteISF_EEESI_EEiRT_mRKSt6vectorIT0_SaISM_EEjjdiiibiddiRNS9_9interruptERNS9_6loggerERSL_IT1_SaISV_EERSL_IT2_SaISZ_EERSL_IT3_SaIS13_EE]+0x777): undefined reference to `std::__throw_bad_array_new_length()'
main.cpp:(.text._ZN4stan8services6sample15hmc_nuts_diag_eINS_5model10model_baseESt10shared_ptrINS_2io11var_contextEENS_9callbacks6writerENS9_20unique_stream_writerISt14basic_ofstreamIcSt11char_traitsIcEESt14default_deleteISF_EEESI_EEiRT_mRKSt6vectorIT0_SaISM_EEjjdiiibiddiRNS9_9interruptERNS9_6loggerERSL_IT1_SaISV_EERSL_IT2_SaISZ_EERSL_IT3_SaIS13_EE[_ZN4stan8services6sample15hmc_nuts_diag_eINS_5model10model_baseESt10shared_ptrINS_2io11var_contextEENS_9callbacks6writerENS9_20unique_stream_writerISt14basic_ofstreamIcSt11char_traitsIcEESt14default_deleteISF_EEESI_EEiRT_mRKSt6vectorIT0_SaISM_EEjjdiiibiddiRNS9_9interruptERNS9_6loggerERSL_IT1_SaISV_EERSL_IT2_SaISZ_EERSL_IT3_SaIS13_EE]+0x787): undefined reference to `std::__throw_bad_array_new_length()'
main.cpp:(.text._ZN4stan8services6sample15hmc_nuts_diag_eINS_5m
odel10model_baseESt10shared_ptrINS_2io11var_contextEENS_9callbacks6writerENS9_20unique_stream_writerISt14basic_ofstreamIcSt11char_traitsIcEESt14default_deleteISF_EEESI_EEiRT_mRKSt6vectorIT0_SaISM_EEjjdiiibiddiRNS9_9interruptERNS9_6loggerERSL_IT1_SaISV_EERSL_IT2_SaISZ_EERSL_IT3_SaIS13_EE[_ZN4stan8services6sample15hmc_nuts_diag_eINS_5model10model_baseESt10shared_ptrINS_2io11var_contextEENS_9callbacks6writerENS9_20unique_stream_writerISt14basic_ofstreamIcSt11char_traitsIcEESt14default_deleteISF_EEESI_EEiRT_mRKSt6vectorIT0_SaISM_EEjjdiiibiddiRNS9_9interruptERNS9_6loggerERSL_IT1_SaISV_EERSL_IT2_SaISZ_EERSL_IT3_SaIS13_EE]+0x797): undefined reference to `std::__throw_bad_array_new_length()'
src/cmdstan/main.o: In function `boost::re_detail_500::perl_matcher<__gnu_cxx::__normal_iterator<char const*, std::__cxx11::basic_string<char, std::char_traits<char>, std::allocator<char> > >, std::allocator<boost::sub_match<__gnu_cxx::__normal_iterator<char const*, std::__cxx11::basic_string<char, std::char_traits<char>, std::allocator<char> > > > >, boost::regex_traits<char, boost::cpp_regex_traits<char> > >::match_match()':
main.cpp:(.text._ZN5boost13re_detail_50012perl_matcherIN9__gnu_cxx17__normal_iteratorIPKcNSt7__cxx1112basic_stringIcSt11char_traitsIcESaIcEEEEESaINS_9sub_matchISC_EEENS_12regex_traitsIcNS_16cpp_regex_traitsIcEEEEE11match_matchEv[_ZN5boost13re_detail_50012perl_matcherIN9__gnu_cxx17__normal_iteratorIPKcNSt7__cxx1112basic_stringIcSt11char_traitsIcESaIcEEEEESaINS_9sub_matchISC_EEENS_12regex_traitsIcNS_16cpp_regex_traitsIcEEEEE11match_matchEv]+0x520): undefined reference to `std::__throw_bad_array_new_length()'
main.cpp:(.text._ZN5boost13re_detail_50012perl_matcherIN9__gnu_cxx17__normal_iteratorIPKcNSt7__cxx1112basic_stringIcSt11char_traitsIcESaIcEEEEESaINS_9sub_matchISC_EEENS_12regex_traitsIcNS_16cpp_regex_traitsIcEEEEE11match_matchEv[_ZN5boost13re_detail_50012perl_matcherIN9__gnu_cxx17__normal_iteratorIPKcNSt7__cxx1112basic_stringIcSt11char_traitsIcESaIcEEEEESaINS_9s
ub_matchISC_EEENS_12regex_traitsIcNS_16cpp_regex_traitsIcEEEEE11match_matchEv]+0x53d): undefined reference to `std::__throw_bad_array_new_length()'
src/cmdstan/main.o:main.cpp:(.text._ZN4stan8services6sample16hmc_nuts_dense_eINS_5model10model_baseESt10shared_ptrINS_2io11var_contextEENS_9callbacks6writerENS9_20unique_stream_writerISt14basic_ofstreamIcSt11char_traitsIcEESt14default_deleteISF_EEESI_EEiRT_mRKSt6vectorIT0_SaISM_EEjjdiiibiddiRNS9_9interruptERNS9_6loggerERSL_IT1_SaISV_EERSL_IT2_SaISZ_EERSL_IT3_SaIS13_EE[_ZN4stan8services6sample16hmc_nuts_dense_eINS_5model10model_baseESt10shared_ptrINS_2io11var_contextEENS_9callbacks6writerENS9_20unique_stream_writerISt14basic_ofstreamIcSt11char_traitsIcEESt14default_deleteISF_EEESI_EEiRT_mRKSt6vectorIT0_SaISM_EEjjdiiibiddiRNS9_9interruptERNS9_6loggerERSL_IT1_SaISV_EERSL_IT2_SaISZ_EERSL_IT3_SaIS13_EE]+0x777): more undefined references to `std::__throw_bad_array_new_length()' follow
src/cmdstan/main.o: In function `void stan::model::gradient<stan::model::model_base>(stan::model::model_base const&, Eigen::Matrix<double, -1, 1, 0, -1, 1> const&, double&, Eigen::Matrix<double, -1, 1, 0, -1, 1>&, stan::callbacks::logger&)':
main.cpp:(.text._ZN4stan5model8gradientINS0_10model_baseEEEvRKT_RKN5Eigen6MatrixIdLin1ELi1ELi0ELin1ELi1EEERdRS8_RNS_9callbacks6loggerE[_ZN4stan5model8gradientINS0_10model_baseEEEvRKT_RKN5Eigen6MatrixIdLin1ELi1ELi0ELin1ELi1EEERdRS8_RNS_9callbacks6loggerE]+0x68): undefined reference to `std::__cxx11::basic_stringstream<char, std::char_traits<char>, std::allocator<char> >::basic_stringstream()'
src/cmdstan/main.o: In function `int stan::services::sample::hmc_static_diag_e_adapt<stan::model::model_base>(stan::model::model_base&, stan::io::var_context const&, stan::io::var_context const&, unsigned int, unsigned int, double, int, int, int, bool, int, double, double, double, double, double, double, double, unsigned int, unsigned int, unsigned int, stan::callbacks::interrupt&, stan::callbacks::logger&, stan::callback
s::writer&, stan::callbacks::writer&, stan::callbacks::writer&)':
main.cpp:(.text._ZN4stan8services6sample23hmc_static_diag_e_adaptINS_5model10model_baseEEEiRT_RKNS_2io11var_contextESA_jjdiiibidddddddjjjRNS_9callbacks9interruptERNSB_6loggerERNSB_6writerESH_SH_[_ZN4stan8services6sample23hmc_static_diag_e_adaptINS_5model10model_baseEEEiRT_RKNS_2io11var_contextESA_jjdiiibidddddddjjjRNS_9callbacks9interruptERNSB_6loggerERNSB_6writerESH_SH_]+0x5df): undefined reference to `std::__cxx11::basic_stringstream<char, std::char_traits<char>, std::allocator<char> >::basic_stringstream()'
src/cmdstan/main.o: In function `void stan::services::util::run_adaptive_sampler<stan::mcmc::adapt_diag_e_nuts<stan::model::model_base, boost::random::mixmax_engine<17, 36u, 0l> >, stan::model::model_base, boost::random::mixmax_engine<17, 36u, 0l> >(stan::mcmc::adapt_diag_e_nuts<stan::model::model_base, boost::random::mixmax_engine<17, 36u, 0l> >&, stan::model::model_base&, std::vector<double, std::allocator<double> >&, int, int, int, int, bool, boost::random::mixmax_engine<17, 36u, 0l>&, stan::callbacks::interrupt&, stan::callbacks::logger&, stan::callbacks::writer&, stan::callbacks::writer&, stan::callbacks::structured_writer&, unsigned long, unsigned long) [clone .isra.0]':
main.cpp:(.text._ZN4stan8services4util20run_adaptive_samplerINS_4mcmc17adapt_diag_e_nutsINS_5model10model_baseEN5boost6random13mixmax_engineILi17ELj36ELl0EEEEES6_SA_EEvRT_RT0_RSt6vectorIdSaIdEEiiiibRT1_RNS_9callbacks9interruptERNSM_6loggerERNSM_6writerESS_RNSM_17structured_writerEmm.isra.0+0x334): undefined reference to `std::__cxx11::basic_stringstream<char, std::char_traits<char>, std::allocator<char> >::basic_stringstream()'
src/cmdstan/main.o: In function `int stan::services::sample::hmc_nuts_diag_e_adapt<stan::model::model_base, std::shared_ptr<stan::io::var_context>, stan::callbacks::writer, stan::callbacks::unique_stream_writer<std::basic_ofstream<char, std::char_traits<char> >, std::default_delete<std::basic_ofstre
am<char, std::char_traits<char> > > >, stan::callbacks::unique_stream_writer<std::basic_ofstream<char, std::char_traits<char> >, std::default_delete<std::basic_ofstream<char, std::char_traits<char> > > >, stan::callbacks::json_writer<std::basic_ofstream<char, std::char_traits<char> >, std::default_delete<std::basic_ofstream<char, std::char_traits<char> > > > >(stan::model::model_base&, unsigned long, std::vector<std::shared_ptr<stan::io::var_context>, std::allocator<std::shared_ptr<stan::io::var_context> > > const&, unsigned int, unsigned int, double, int, int, int, bool, int, double, double, int, double, double, double, double, unsigned int, unsigned int, unsigned int, stan::callbacks::interrupt&, stan::callbacks::logger&, std::vector<stan::callbacks::writer, std::allocator<stan::callbacks::writer> >&, std::vector<stan::callbacks::unique_stream_writer<std::basic_ofstream<char, std::char_traits<char> >, std::default_delete<std::basic_ofstream<char, std::char_traits<char> > > >, std::allocator<stan::callbacks::unique_stream_writer<std::basic_ofstream<char, std::char_traits<char> >, std::default_delete<std::basic_ofstream<char, std::char_traits<char> > > > > >&, std::vector<stan::callbacks::unique_stream_writer<std::basic_ofstream<char, std::char_traits<char> >, std::default_delete<std::basic_ofstream<char, std::char_traits<char> > > >, std::allocator<stan::callbacks::unique_stream_writer<std::basic_ofstream<char, std::char_traits<char> >, std::default_delete<std::basic_ofstream<char, std::char_traits<char> > > > > >&, std::vector<stan::callbacks::json_writer<std::basic_ofstream<char, std::char_traits<char> >, std::default_delete<std::basic_ofstream<char, std::char_traits<char> > > >, std::allocator<stan::callbacks::json_writer<std::basic_ofstream<char, std::char_traits<char> >, std::default_delete<std::basic_ofstream<char, std::char_traits<char> > > > > >&)':
main.cpp:(.text._ZN4stan8services6sample21hmc_nuts_diag_e_adaptINS_5model10model_baseESt10shared_ptrINS_2io11
var_contextEENS_9callbacks6writerENS9_20unique_stream_writerISt14basic_ofstreamIcSt11char_traitsIcEESt14default_deleteISF_EEESI_NS9_11json_writerISF_SH_EEEEiRT_mRKSt6vectorIT0_SaISO_EEjjdiiibiddiddddjjjRNS9_9interruptERNS9_6loggerERSN_IT1_SaISX_EERSN_IT2_SaIS11_EERSN_IT3_SaIS15_EERSN_IT4_SaIS19_EE[_ZN4stan8services6sample21hmc_nuts_diag_e_adaptINS_5model10model_baseESt10shared_ptrINS_2io11var_contextEENS_9callbacks6writerENS9_20unique_stream_writerISt14basic_ofstreamIcSt11char_traitsIcEESt14default_deleteISF_EEESI_NS9_11json_writerISF_SH_EEEEiRT_mRKSt6vectorIT0_SaISO_EEjjdiiibiddiddddjjjRNS9_9interruptERNS9_6loggerERSN_IT1_SaISX_EERSN_IT2_SaIS11_EERSN_IT3_SaIS15_EERSN_IT4_SaIS19_EE]+0x7e7): undefined reference to `std::__throw_bad_array_new_length()'
main.cpp:(.text._ZN4stan8services6sample21hmc_nuts_diag_e_adaptINS_5model10model_baseESt10shared_ptrINS_2io11var_contextEENS_9callbacks6writerENS9_20unique_stream_writerISt14basic_ofstreamIcSt11char_traitsIcEESt14default_deleteISF_EEESI_NS9_11json_writerISF_SH_EEEEiRT_mRKSt6vectorIT0_SaISO_EEjjdiiibiddiddddjjjRNS9_9interruptERNS9_6loggerERSN_IT1_SaISX_EERSN_IT2_SaIS11_EERSN_IT3_SaIS15_EERSN_IT4_SaIS19_EE[_ZN4stan8services6sample21hmc_nuts_diag_e_adaptINS_5model10model_baseESt10shared_ptrINS_2io11var_contextEENS_9callbacks6writerENS9_20unique_stream_writerISt14basic_ofstreamIcSt11char_traitsIcEESt14default_deleteISF_EEESI_NS9_11json_writerISF_SH_EEEEiRT_mRKSt6vectorIT0_SaISO_EEjjdiiibiddiddddjjjRNS9_9interruptERNS9_6loggerERSN_IT1_SaISX_EERSN_IT2_SaIS11_EERSN_IT3_SaIS15_EERSN_IT4_SaIS19_EE]+0x7f7): undefined reference to `std::__throw_bad_array_new_length()'
main.cpp:(.text._ZN4stan8services6sample21hmc_nuts_diag_e_adaptINS_5model10model_baseESt10shared_ptrINS_2io11var_contextEENS_9callbacks6writerENS9_20unique_stream_writerISt14basic_ofstreamIcSt11char_traitsIcEESt14default_deleteISF_EEESI_NS9_11json_writerISF_SH_EEEEiRT_mRKSt6vectorIT0_SaISO_EEjjdiiibiddiddddjjjRNS9_9interruptERNS9_6loggerERSN_IT1_SaISX_EERSN_IT2_SaIS1
1_EERSN_IT3_SaIS15_EERSN_IT4_SaIS19_EE[_ZN4stan8services6sample21hmc_nuts_diag_e_adaptINS_5model10model_baseESt10shared_ptrINS_2io11var_contextEENS_9callbacks6writerENS9_20unique_stream_writerISt14basic_ofstreamIcSt11char_traitsIcEESt14default_deleteISF_EEESI_NS9_11json_writerISF_SH_EEEEiRT_mRKSt6vectorIT0_SaISO_EEjjdiiibiddiddddjjjRNS9_9interruptERNS9_6loggerERSN_IT1_SaISX_EERSN_IT2_SaIS11_EERSN_IT3_SaIS15_EERSN_IT4_SaIS19_EE]+0x807): undefined reference to `std::__throw_bad_array_new_length()'
src/cmdstan/main.o: In function `int stan::services::sample::hmc_static_unit_e_adapt<stan::model::model_base>(stan::model::model_base&, stan::io::var_context const&, unsigned int, unsigned int, double, int, int, int, bool, int, double, double, double, double, double, double, double, stan::callbacks::interrupt&, stan::callbacks::logger&, stan::callbacks::writer&, stan::callbacks::writer&, stan::callbacks::writer&)':
main.cpp:(.text._ZN4stan8services6sample23hmc_static_unit_e_adaptINS_5model10model_baseEEEiRT_RKNS_2io11var_contextEjjdiiibidddddddRNS_9callbacks9interruptERNSB_6loggerERNSB_6writerESH_SH_[_ZN4stan8services6sample23hmc_static_unit_e_adaptINS_5model10model_baseEEEiRT_RKNS_2io11var_contextEjjdiiibidddddddRNS_9callbacks9interruptERNSB_6loggerERNSB_6writerESH_SH_]+0x6e5): undefined reference to `std::__cxx11::basic_stringstream<char, std::char_traits<char>, std::allocator<char> >::basic_stringstream()'
src/cmdstan/main.o: In function `void stan::services::util::run_adaptive_sampler<stan::mcmc::adapt_unit_e_nuts<stan::model::model_base, boost::random::mixmax_engine<17, 36u, 0l> >, stan::model::model_base, boost::random::mixmax_engine<17, 36u, 0l> >(stan::mcmc::adapt_unit_e_nuts<stan::model::model_base, boost::random::mixmax_engine<17, 36u, 0l> >&, stan::model::model_base&, std::vector<double, std::allocator<double> >&, int, int, int, int, bool, boost::random::mixmax_engine<17, 36u, 0l>&, stan::callbacks::interrupt&, stan::callbacks::logger&, stan::callbacks::writer&, s
tan::callbacks::writer&, stan::callbacks::structured_writer&, unsigned long, unsigned long) [clone .isra.0]':
main.cpp:(.text._ZN4stan8services4util20run_adaptive_samplerINS_4mcmc17adapt_unit_e_nutsINS_5model10model_baseEN5boost6random13mixmax_engineILi17ELj36ELl0EEEEES6_SA_EEvRT_RT0_RSt6vectorIdSaIdEEiiiibRT1_RNS_9callbacks9interruptERNSM_6loggerERNSM_6writerESS_RNSM_17structured_writerEmm.isra.0+0x33d): undefined reference to `std::__cxx11::basic_stringstream<char, std::char_traits<char>, std::allocator<char> >::basic_stringstream()'
src/cmdstan/main.o: In function `stan::variational::advi<stan::model::model_base, stan::variational::normal_meanfield, boost::random::mixmax_engine<17, 36u, 0l> >::stochastic_gradient_ascent(stan::variational::normal_meanfield&, double, double, int, stan::callbacks::logger&, stan::callbacks::writer&) const':
main.cpp:(.text._ZNK4stan11variational4adviINS_5model10model_baseENS0_16normal_meanfieldEN5boost6random13mixmax_engineILi17ELj36ELl0EEEE26stochastic_gradient_ascentERS4_ddiRNS_9callbacks6loggerERNSB_6writerE[_ZNK4stan11variational4adviINS_5model10model_baseENS0_16normal_meanfieldEN5boost6random13mixmax_engineILi17ELj36ELl0EEEE26stochastic_gradient_ascentERS4_ddiRNS_9callbacks6loggerERNSB_6writerE]+0x142e): undefined reference to `std::__cxx11::basic_stringstream<char, std::char_traits<char>, std::allocator<char> >::basic_stringstream()'
src/cmdstan/main.o: In function `stan::variational::advi<stan::model::model_base, stan::variational::normal_meanfield, boost::random::mixmax_engine<17, 36u, 0l> >::adapt_eta(stan::variational::normal_meanfield&, int, stan::callbacks::logger&) const':
main.cpp:(.text._ZNK4stan11variational4adviINS_5model10model_baseENS0_16normal_meanfieldEN5boost6random13mixmax_engineILi17ELj36ELl0EEEE9adapt_etaERS4_iRNS_9callbacks6loggerE[_ZNK4stan11variational4adviINS_5model10model_baseENS0_16normal_meanfieldEN5boost6random13mixmax_engineILi17ELj36ELl0EEEE9adapt_etaERS4_iRNS_9callbacks6loggerE]+0x1f33): undefined 
reference to `std::__cxx11::basic_stringstream<char, std::char_traits<char>, std::allocator<char> >::basic_stringstream()'
main.cpp:(.text._ZNK4stan11variational4adviINS_5model10model_baseENS0_16normal_meanfieldEN5boost6random13mixmax_engineILi17ELj36ELl0EEEE9adapt_etaERS4_iRNS_9callbacks6loggerE[_ZNK4stan11variational4adviINS_5model10model_baseENS0_16normal_meanfieldEN5boost6random13mixmax_engineILi17ELj36ELl0EEEE9adapt_etaERS4_iRNS_9callbacks6loggerE]+0x2a7b): undefined reference to `std::__cxx11::basic_stringstream<char, std::char_traits<char>, std::allocator<char> >::basic_stringstream()'
src/cmdstan/main.o:main.cpp:(.text._ZN4stan8services12experimental4advi9meanfieldINS_5model10model_baseEEEiRT_RKNS_2io11var_contextEjjdiiiddbiiiRNS_9callbacks9interruptERNSC_6loggerERNSC_6writerESI_SI_.isra.0+0x50a): more undefined references to `std::__cxx11::basic_stringstream<char, std::char_traits<char>, std::allocator<char> >::basic_stringstream()' follow
src/cmdstan/main.o: In function `boost::re_detail_500::perl_matcher<__gnu_cxx::__normal_iterator<char const*, std::__cxx11::basic_string<char, std::char_traits<char>, std::allocator<char> > >, std::allocator<boost::sub_match<__gnu_cxx::__normal_iterator<char const*, std::__cxx11::basic_string<char, std::char_traits<char>, std::allocator<char> > > > >, boost::regex_traits<char, boost::cpp_regex_traits<char> > >::match_endmark()':
main.cpp:(.text._ZN5boost13re_detail_50012perl_matcherIN9__gnu_cxx17__normal_iteratorIPKcNSt7__cxx1112basic_stringIcSt11char_traitsIcESaIcEEEEESaINS_9sub_matchISC_EEENS_12regex_traitsIcNS_16cpp_regex_traitsIcEEEEE13match_endmarkEv[_ZN5boost13re_detail_50012perl_matcherIN9__gnu_cxx17__normal_iteratorIPKcNSt7__cxx1112basic_stringIcSt11char_traitsIcESaIcEEEEESaINS_9sub_matchISC_EEENS_12regex_traitsIcNS_16cpp_regex_traitsIcEEEEE13match_endmarkEv]+0x458): undefined reference to `std::__throw_bad_array_new_length()'
main.cpp:(.text._ZN5boost13re_detail_50012perl_matcherIN9__gnu_cxx17__normal_iteratorIPK
cNSt7__cxx1112basic_stringIcSt11char_traitsIcESaIcEEEEESaINS_9sub_matchISC_EEENS_12regex_traitsIcNS_16cpp_regex_traitsIcEEEEE13match_endmarkEv[_ZN5boost13re_detail_50012perl_matcherIN9__gnu_cxx17__normal_iteratorIPKcNSt7__cxx1112basic_stringIcSt11char_traitsIcESaIcEEEEESaINS_9sub_matchISC_EEENS_12regex_traitsIcNS_16cpp_regex_traitsIcEEEEE13match_endmarkEv]+0x463): undefined reference to `std::__throw_bad_array_new_length()'
src/cmdstan/main.o: In function `void stan::json::rapidjson_parse<stan::json::json_data_handler>(std::istream&, stan::json::json_data_handler&)':
main.cpp:(.text._ZN4stan4json15rapidjson_parseINS0_17json_data_handlerEEEvRSiRT_[_ZN4stan4json15rapidjson_parseINS0_17json_data_handlerEEEvRSiRT_]+0x257): undefined reference to `std::__cxx11::basic_stringstream<char, std::char_traits<char>, std::allocator<char> >::basic_stringstream()'
src/cmdstan/main.o: In function `cmdstan::unconstrain_params_var_context(std::__cxx11::basic_string<char, std::char_traits<char>, std::allocator<char> > const&, stan::model::model_base const&) [clone .cold]':
main.cpp:(.text.unlikely._ZN7cmdstan30unconstrain_params_var_contextERKNSt7__cxx1112basic_stringIcSt11char_traitsIcESaIcEEERKN4stan5model10model_baseE+0x7b): undefined reference to `std::__cxx11::basic_stringstream<char, std::char_traits<char>, std::allocator<char> >::basic_stringstream()'
src/cmdstan/main.o: In function `cmdstan::unconstrain_params_var_context(std::__cxx11::basic_string<char, std::char_traits<char>, std::allocator<char> > const&, stan::model::model_base const&)':
main.cpp:(.text._ZN7cmdstan30unconstrain_params_var_contextERKNSt7__cxx1112basic_stringIcSt11char_traitsIcESaIcEEERKN4stan5model10model_baseE+0x37): undefined reference to `std::__cxx11::basic_stringstream<char, std::char_traits<char>, std::allocator<char> >::basic_stringstream()'
src/cmdstan/main.o: In function `cmdstan::get_laplace_mode(std::__cxx11::basic_string<char, std::char_traits<char>, std::allocator<char> > const&, stan::model::m
odel_base const&)':
main.cpp:(.text._ZN7cmdstan16get_laplace_modeERKNSt7__cxx1112basic_stringIcSt11char_traitsIcESaIcEEERKN4stan5model10model_baseE+0x3f): undefined reference to `std::__cxx11::basic_stringstream<char, std::char_traits<char>, std::allocator<char> >::basic_stringstream()'
src/cmdstan/main.o: In function `cmdstan::get_uparams_r(std::__cxx11::basic_string<char, std::char_traits<char>, std::allocator<char> > const&, stan::model::model_base const&)':
main.cpp:(.text._ZN7cmdstan13get_uparams_rERKNSt7__cxx1112basic_stringIcSt11char_traitsIcESaIcEEERKN4stan5model10model_baseE+0x60): undefined reference to `std::__cxx11::basic_stringstream<char, std::char_traits<char>, std::allocator<char> >::basic_stringstream()'
src/cmdstan/main.o:main.cpp:(.text._ZZN7cmdstan19get_vec_var_contextERKNSt7__cxx1112basic_stringIcSt11char_traitsIcESaIcEEEmjENKUlOT_OT0_E_clIS7_St13basic_fstreamIcS3_EEESt10shared_ptrIN4stan2io11var_contextEES9_SB_.constprop.0+0x2f9): more undefined references to `std::__cxx11::basic_stringstream<char, std::char_traits<char>, std::allocator<char> >::basic_stringstream()' follow
src/cmdstan/main.o: In function `boost::re_detail_500::recursion_info<boost::match_results<__gnu_cxx::__normal_iterator<char const*, std::__cxx11::basic_string<char, std::char_traits<char>, std::allocator<char> > >, std::allocator<boost::sub_match<__gnu_cxx::__normal_iterator<char const*, std::__cxx11::basic_string<char, std::char_traits<char>, std::allocator<char> > > > > > >* std::__uninitialized_copy<false>::__uninit_copy<boost::re_detail_500::recursion_info<boost::match_results<__gnu_cxx::__normal_iterator<char const*, std::__cxx11::basic_string<char, std::char_traits<char>, std::allocator<char> > >, std::allocator<boost::sub_match<__gnu_cxx::__normal_iterator<char const*, std::__cxx11::basic_string<char, std::char_traits<char>, std::allocator<char> > > > > > > const*, boost::re_detail_500::recursion_info<boost::match_results<__gnu_cxx::__normal_iterator<char const*, std
::__cxx11::basic_string<char, std::char_traits<char>, std::allocator<char> > >, std::allocator<boost::sub_match<__gnu_cxx::__normal_iterator<char const*, std::__cxx11::basic_string<char, std::char_traits<char>, std::allocator<char> > > > > > >*>(boost::re_detail_500::recursion_info<boost::match_results<__gnu_cxx::__normal_iterator<char const*, std::__cxx11::basic_string<char, std::char_traits<char>, std::allocator<char> > >, std::allocator<boost::sub_match<__gnu_cxx::__normal_iterator<char const*, std::__cxx11::basic_string<char, std::char_traits<char>, std::allocator<char> > > > > > > const*, boost::re_detail_500::recursion_info<boost::match_results<__gnu_cxx::__normal_iterator<char const*, std::__cxx11::basic_string<char, std::char_traits<char>, std::allocator<char> > >, std::allocator<boost::sub_match<__gnu_cxx::__normal_iterator<char const*, std::__cxx11::basic_string<char, std::char_traits<char>, std::allocator<char> > > > > > > const*, boost::re_detail_500::recursion_info<boost::match_results<__gnu_cxx::__normal_iterator<char const*, std::__cxx11::basic_string<char, std::char_traits<char>, std::allocator<char> > >, std::allocator<boost::sub_match<__gnu_cxx::__normal_iterator<char const*, std::__cxx11::basic_string<char, std::char_traits<char>, std::allocator<char> > > > > > >*)':
main.cpp:(.text._ZNSt20__uninitialized_copyILb0EE13__uninit_copyIPKN5boost13re_detail_50014recursion_infoINS2_13match_resultsIN9__gnu_cxx17__normal_iteratorIPKcNSt7__cxx1112basic_stringIcSt11char_traitsIcESaIcEEEEESaINS2_9sub_matchISG_EEEEEEEPSL_EET0_T_SQ_SP_[_ZNSt20__uninitialized_copyILb0EE13__uninit_copyIPKN5boost13re_detail_50014recursion_infoINS2_13match_resultsIN9__gnu_cxx17__normal_iteratorIPKcNSt7__cxx1112basic_stringIcSt11char_traitsIcESaIcEEEEESaINS2_9sub_matchISG_EEEEEEEPSL_EET0_T_SQ_SP_]+0x1d8): undefined reference to `std::__throw_bad_array_new_length()'
src/cmdstan/main.o: In function `void std::vector<boost::re_detail_500::recursion_info<boost::match_results<__gnu_cxx::
__normal_iterator<char const*, std::__cxx11::basic_string<char, std::char_traits<char>, std::allocator<char> > >, std::allocator<boost::sub_match<__gnu_cxx::__normal_iterator<char const*, std::__cxx11::basic_string<char, std::char_traits<char>, std::allocator<char> > > > > > >, std::allocator<boost::re_detail_500::recursion_info<boost::match_results<__gnu_cxx::__normal_iterator<char const*, std::__cxx11::basic_string<char, std::char_traits<char>, std::allocator<char> > >, std::allocator<boost::sub_match<__gnu_cxx::__normal_iterator<char const*, std::__cxx11::basic_string<char, std::char_traits<char>, std::allocator<char> > > > > > > > >::_M_realloc_insert<boost::re_detail_500::recursion_info<boost::match_results<__gnu_cxx::__normal_iterator<char const*, std::__cxx11::basic_string<char, std::char_traits<char>, std::allocator<char> > >, std::allocator<boost::sub_match<__gnu_cxx::__normal_iterator<char const*, std::__cxx11::basic_string<char, std::char_traits<char>, std::allocator<char> > > > > > > >(__gnu_cxx::__normal_iterator<boost::re_detail_500::recursion_info<boost::match_results<__gnu_cxx::__normal_iterator<char const*, std::__cxx11::basic_string<char, std::char_traits<char>, std::allocator<char> > >, std::allocator<boost::sub_match<__gnu_cxx::__normal_iterator<char const*, std::__cxx11::basic_string<char, std::char_traits<char>, std::allocator<char> > > > > > >*, std::vector<boost::re_detail_500::recursion_info<boost::match_results<__gnu_cxx::__normal_iterator<char const*, std::__cxx11::basic_string<char, std::char_traits<char>, std::allocator<char> > >, std::allocator<boost::sub_match<__gnu_cxx::__normal_iterator<char const*, std::__cxx11::basic_string<char, std::char_traits<char>, std::allocator<char> > > > > > >, std::allocator<boost::re_detail_500::recursion_info<boost::match_results<__gnu_cxx::__normal_iterator<char const*, std::__cxx11::basic_string<char, std::char_traits<char>, std::allocator<char> > >, std::allocator<boost::sub_match<__gnu_cxx::__normal
_iterator<char const*, std::__cxx11::basic_string<char, std::char_traits<char>, std::allocator<char> > > > > > > > > >, boost::re_detail_500::recursion_info<boost::match_results<__gnu_cxx::__normal_iterator<char const*, std::__cxx11::basic_string<char, std::char_traits<char>, std::allocator<char> > >, std::allocator<boost::sub_match<__gnu_cxx::__normal_iterator<char const*, std::__cxx11::basic_string<char, std::char_traits<char>, std::allocator<char> > > > > > >&&)':
main.cpp:(.text._ZNSt6vectorIN5boost13re_detail_50014recursion_infoINS0_13match_resultsIN9__gnu_cxx17__normal_iteratorIPKcNSt7__cxx1112basic_stringIcSt11char_traitsIcESaIcEEEEESaINS0_9sub_matchISE_EEEEEEESaISJ_EE17_M_realloc_insertIJSJ_EEEvNS5_IPSJ_SL_EEDpOT_[_ZNSt6vectorIN5boost13re_detail_50014recursion_infoINS0_13match_resultsIN9__gnu_cxx17__normal_iteratorIPKcNSt7__cxx1112basic_stringIcSt11char_traitsIcESaIcEEEEESaINS0_9sub_matchISE_EEEEEEESaISJ_EE17_M_realloc_insertIJSJ_EEEvNS5_IPSJ_SL_EEDpOT_]+0x326): undefined reference to `std::__throw_bad_array_new_length()'
src/cmdstan/main.o: In function `boost::re_detail_500::recursion_info<boost::match_results<__gnu_cxx::__normal_iterator<char const*, std::__cxx11::basic_string<char, std::char_traits<char>, std::allocator<char> > >, std::allocator<boost::sub_match<__gnu_cxx::__normal_iterator<char const*, std::__cxx11::basic_string<char, std::char_traits<char>, std::allocator<char> > > > > > >& std::vector<boost::re_detail_500::recursion_info<boost::match_results<__gnu_cxx::__normal_iterator<char const*, std::__cxx11::basic_string<char, std::char_traits<char>, std::allocator<char> > >, std::allocator<boost::sub_match<__gnu_cxx::__normal_iterator<char const*, std::__cxx11::basic_string<char, std::char_traits<char>, std::allocator<char> > > > > > >, std::allocator<boost::re_detail_500::recursion_info<boost::match_results<__gnu_cxx::__normal_iterator<char const*, std::__cxx11::basic_string<char, std::char_traits<char>, std::allocator<char> > >, std::allocator<
boost::sub_match<__gnu_cxx::__normal_iterator<char const*, std::__cxx11::basic_string<char, std::char_traits<char>, std::allocator<char> > > > > > > > >::emplace_back<boost::re_detail_500::recursion_info<boost::match_results<__gnu_cxx::__normal_iterator<char const*, std::__cxx11::basic_string<char, std::char_traits<char>, std::allocator<char> > >, std::allocator<boost::sub_match<__gnu_cxx::__normal_iterator<char const*, std::__cxx11::basic_string<char, std::char_traits<char>, std::allocator<char> > > > > > > >(boost::re_detail_500::recursion_info<boost::match_results<__gnu_cxx::__normal_iterator<char const*, std::__cxx11::basic_string<char, std::char_traits<char>, std::allocator<char> > >, std::allocator<boost::sub_match<__gnu_cxx::__normal_iterator<char const*, std::__cxx11::basic_string<char, std::char_traits<char>, std::allocator<char> > > > > > >&&) [clone .isra.0]':
main.cpp:(.text._ZNSt6vectorIN5boost13re_detail_50014recursion_infoINS0_13match_resultsIN9__gnu_cxx17__normal_iteratorIPKcNSt7__cxx1112basic_stringIcSt11char_traitsIcESaIcEEEEESaINS0_9sub_matchISE_EEEEEEESaISJ_EE12emplace_backIJSJ_EEERSJ_DpOT_.isra.0+0x1c0): undefined reference to `std::__throw_bad_array_new_length()'
src/cmdstan/main.o: In function `stan::json::json_data_handler::key(std::__cxx11::basic_string<char, std::char_traits<char>, std::allocator<char> > const&)':
main.cpp:(.text._ZN4stan4json17json_data_handler3keyERKNSt7__cxx1112basic_stringIcSt11char_traitsIcESaIcEEE[_ZN4stan4json17json_data_handler3keyERKNSt7__cxx1112basic_stringIcSt11char_traitsIcESaIcEEE]+0x21b): undefined reference to `std::__cxx11::basic_stringstream<char, std::char_traits<char>, std::allocator<char> >::basic_stringstream()'
src/cmdstan/main.o: In function `int stan::services::optimize::newton<stan::model::model_base, false>(stan::model::model_base&, stan::io::var_context const&, unsigned int, unsigned int, double, int, bool, stan::callbacks::interrupt&, stan::callbacks::logger&, stan::callbacks::writer&, stan::call
backs::writer&)':
main.cpp:(.text._ZN4stan8services8optimize6newtonINS_5model10model_baseELb0EEEiRT_RKNS_2io11var_contextEjjdibRNS_9callbacks9interruptERNSB_6loggerERNSB_6writerESH_[_ZN4stan8services8optimize6newtonINS_5model10model_baseELb0EEEiRT_RKNS_2io11var_contextEjjdibRNS_9callbacks9interruptERNSB_6loggerERNSB_6writerESH_]+0x15e): undefined reference to `std::__cxx11::basic_stringstream<char, std::char_traits<char>, std::allocator<char> >::basic_stringstream()'
main.cpp:(.text._ZN4stan8services8optimize6newtonINS_5model10model_baseELb0EEEiRT_RKNS_2io11var_contextEjjdibRNS_9callbacks9interruptERNSB_6loggerERNSB_6writerESH_[_ZN4stan8services8optimize6newtonINS_5model10model_baseELb0EEEiRT_RKNS_2io11var_contextEjjdibRNS_9callbacks9interruptERNSB_6loggerERNSB_6writerESH_]+0x1c5): undefined reference to `std::__cxx11::basic_stringstream<char, std::char_traits<char>, std::allocator<char> >::basic_stringstream()'
main.cpp:(.text._ZN4stan8services8optimize6newtonINS_5model10model_baseELb0EEEiRT_RKNS_2io11var_contextEjjdibRNS_9callbacks9interruptERNSB_6loggerERNSB_6writerESH_[_ZN4stan8services8optimize6newtonINS_5model10model_baseELb0EEEiRT_RKNS_2io11var_contextEjjdibRNS_9callbacks9interruptERNSB_6loggerERNSB_6writerESH_]+0xbf9): undefined reference to `std::__cxx11::basic_stringstream<char, std::char_traits<char>, std::allocator<char> >::basic_stringstream()'
main.cpp:(.text._ZN4stan8services8optimize6newtonINS_5model10model_baseELb0EEEiRT_RKNS_2io11var_contextEjjdibRNS_9callbacks9interruptERNSB_6loggerERNSB_6writerESH_[_ZN4stan8services8optimize6newtonINS_5model10model_baseELb0EEEiRT_RKNS_2io11var_contextEjjdibRNS_9callbacks9interruptERNSB_6loggerERNSB_6writerESH_]+0xe0f): undefined reference to `std::__cxx11::basic_stringstream<char, std::char_traits<char>, std::allocator<char> >::basic_stringstream()'
src/cmdstan/main.o:main.cpp:(.text._ZN4stan8services8optimize6newtonINS_5model10model_baseELb1EEEiRT_RKNS_2io11var_contextEjjdibRNS_9callbacks9interruptERNSB_6loggerE
RNSB_6writerESH_[_ZN4stan8services8optimize6newtonINS_5model10model_baseELb1EEEiRT_RKNS_2io11var_contextEjjdibRNS_9callbacks9interruptERNSB_6loggerERNSB_6writerESH_]+0x15e): more undefined references to `std::__cxx11::basic_stringstream<char, std::char_traits<char>, std::allocator<char> >::basic_stringstream()' follow
src/cmdstan/main.o: In function `int stan::services::sample::hmc_nuts_dense_e_adapt<stan::model::model_base, std::shared_ptr<stan::io::var_context>, stan::callbacks::writer, stan::callbacks::unique_stream_writer<std::basic_ofstream<char, std::char_traits<char> >, std::default_delete<std::basic_ofstream<char, std::char_traits<char> > > >, stan::callbacks::unique_stream_writer<std::basic_ofstream<char, std::char_traits<char> >, std::default_delete<std::basic_ofstream<char, std::char_traits<char> > > >, stan::callbacks::json_writer<std::basic_ofstream<char, std::char_traits<char> >, std::default_delete<std::basic_ofstream<char, std::char_traits<char> > > > >(stan::model::model_base&, unsigned long, std::vector<std::shared_ptr<stan::io::var_context>, std::allocator<std::shared_ptr<stan::io::var_context> > > const&, unsigned int, unsigned int, double, int, int, int, bool, int, double, double, int, double, double, double, double, unsigned int, unsigned int, unsigned int, stan::callbacks::interrupt&, stan::callbacks::logger&, std::vector<stan::callbacks::writer, std::allocator<stan::callbacks::writer> >&, std::vector<stan::callbacks::unique_stream_writer<std::basic_ofstream<char, std::char_traits<char> >, std::default_delete<std::basic_ofstream<char, std::char_traits<char> > > >, std::allocator<stan::callbacks::unique_stream_writer<std::basic_ofstream<char, std::char_traits<char> >, std::default_delete<std::basic_ofstream<char, std::char_traits<char> > > > > >&, std::vector<stan::callbacks::unique_stream_writer<std::basic_ofstream<char, std::char_traits<char> >, std::default_delete<std::basic_ofstream<char, std::char_traits<char> > > >, std::allocator<stan::c
allbacks::unique_stream_writer<std::basic_ofstream<char, std::char_traits<char> >, std::default_delete<std::basic_ofstream<char, std::char_traits<char> > > > > >&, std::vector<stan::callbacks::json_writer<std::basic_ofstream<char, std::char_traits<char> >, std::default_delete<std::basic_ofstream<char, std::char_traits<char> > > >, std::allocator<stan::callbacks::json_writer<std::basic_ofstream<char, std::char_traits<char> >, std::default_delete<std::basic_ofstream<char, std::char_traits<char> > > > > >&)':
main.cpp:(.text._ZN4stan8services6sample22hmc_nuts_dense_e_adaptINS_5model10model_baseESt10shared_ptrINS_2io11var_contextEENS_9callbacks6writerENS9_20unique_stream_writerISt14basic_ofstreamIcSt11char_traitsIcEESt14default_deleteISF_EEESI_NS9_11json_writerISF_SH_EEEEiRT_mRKSt6vectorIT0_SaISO_EEjjdiiibiddiddddjjjRNS9_9interruptERNS9_6loggerERSN_IT1_SaISX_EERSN_IT2_SaIS11_EERSN_IT3_SaIS15_EERSN_IT4_SaIS19_EE[_ZN4stan8services6sample22hmc_nuts_dense_e_adaptINS_5model10model_baseESt10shared_ptrINS_2io11var_contextEENS_9callbacks6writerENS9_20unique_stream_writerISt14basic_ofstreamIcSt11char_traitsIcEESt14default_deleteISF_EEESI_NS9_11json_writerISF_SH_EEEEiRT_mRKSt6vectorIT0_SaISO_EEjjdiiibiddiddddjjjRNS9_9interruptERNS9_6loggerERSN_IT1_SaISX_EERSN_IT2_SaIS11_EERSN_IT3_SaIS15_EERSN_IT4_SaIS19_EE]+0x7e7): undefined reference to `std::__throw_bad_array_new_length()'
main.cpp:(.text._ZN4stan8services6sample22hmc_nuts_dense_e_adaptINS_5model10model_baseESt10shared_ptrINS_2io11var_contextEENS_9callbacks6writerENS9_20unique_stream_writerISt14basic_ofstreamIcSt11char_traitsIcEESt14default_deleteISF_EEESI_NS9_11json_writerISF_SH_EEEEiRT_mRKSt6vectorIT0_SaISO_EEjjdiiibiddiddddjjjRNS9_9interruptERNS9_6loggerERSN_IT1_SaISX_EERSN_IT2_SaIS11_EERSN_IT3_SaIS15_EERSN_IT4_SaIS19_EE[_ZN4stan8services6sample22hmc_nuts_dense_e_adaptINS_5model10model_baseESt10shared_ptrINS_2io11var_contextEENS_9callbacks6writerENS9_20unique_stream_writerISt14basic_ofstreamIcSt11char_traitsIcEESt14default_d
eleteISF_EEESI_NS9_11json_writerISF_SH_EEEEiRT_mRKSt6vectorIT0_SaISO_EEjjdiiibiddiddddjjjRNS9_9interruptERNS9_6loggerERSN_IT1_SaISX_EERSN_IT2_SaIS11_EERSN_IT3_SaIS15_EERSN_IT4_SaIS19_EE]+0x7f7): undefined reference to `std::__throw_bad_array_new_length()'
main.cpp:(.text._ZN4stan8services6sample22hmc_nuts_dense_e_adaptINS_5model10model_baseESt10shared_ptrINS_2io11var_contextEENS_9callbacks6writerENS9_20unique_stream_writerISt14basic_ofstreamIcSt11char_traitsIcEESt14default_deleteISF_EEESI_NS9_11json_writerISF_SH_EEEEiRT_mRKSt6vectorIT0_SaISO_EEjjdiiibiddiddddjjjRNS9_9interruptERNS9_6loggerERSN_IT1_SaISX_EERSN_IT2_SaIS11_EERSN_IT3_SaIS15_EERSN_IT4_SaIS19_EE[_ZN4stan8services6sample22hmc_nuts_dense_e_adaptINS_5model10model_baseESt10shared_ptrINS_2io11var_contextEENS_9callbacks6writerENS9_20unique_stream_writerISt14basic_ofstreamIcSt11char_traitsIcEESt14default_deleteISF_EEESI_NS9_11json_writerISF_SH_EEEEiRT_mRKSt6vectorIT0_SaISO_EEjjdiiibiddiddddjjjRNS9_9interruptERNS9_6loggerERSN_IT1_SaISX_EERSN_IT2_SaIS11_EERSN_IT3_SaIS15_EERSN_IT4_SaIS19_EE]+0x807): undefined reference to `std::__throw_bad_array_new_length()'
src/cmdstan/main.o: In function `cmdstan::command(int, char const**)':
main.cpp:(.text._ZN7cmdstan7commandEiPPKc+0xa04): undefined reference to `std::__cxx11::basic_stringstream<char, std::char_traits<char>, std::allocator<char> >::basic_stringstream()'
main.cpp:(.text._ZN7cmdstan7commandEiPPKc+0x1a1b): undefined reference to `get_stan_profile_data[abi:cxx11]()'
main.cpp:(.text._ZN7cmdstan7commandEiPPKc+0x1cda): undefined reference to `tbb::interface7::internal::task_arena_base::internal_initialize()'
main.cpp:(.text._ZN7cmdstan7commandEiPPKc+0x248c): undefined reference to `tbb::interface9::global_control::internal_create()'
main.cpp:(.text._ZN7cmdstan7commandEiPPKc+0x4fe7): undefined reference to `std::__throw_bad_array_new_length()'
main.cpp:(.text._ZN7cmdstan7commandEiPPKc+0x774e): undefined reference to `std::__cxx11::basic_stringstream<char, std::char_tr
aits<char>, std::allocator<char> >::basic_stringstream()'
main.cpp:(.text._ZN7cmdstan7commandEiPPKc+0x78aa): undefined reference to `std::__cxx11::basic_stringstream<char, std::char_traits<char>, std::allocator<char> >::basic_stringstream()'
main.cpp:(.text._ZN7cmdstan7commandEiPPKc+0x79af): undefined reference to `std::__cxx11::basic_stringstream<char, std::char_traits<char>, std::allocator<char> >::basic_stringstream()'
collect2: error: ld returned 1 exit status
make: *** [make/program:82: /tmp/RtmpFJ4kiG/model-71954e36f50e] Error 1

Error: An error occured during compilation! See the message above for more information.
Execution halted
