[2026-04-02 12:17:32] [INFO] - 项目根目录: /public/home/acf4pijnzl/WDP
[2026-04-02 12:17:32] [INFO] - 开始处理任务 7
[2026-04-02 12:17:32] [INFO] - 处理癌症类型: C61
[1] "EQI"          "EQI_Air"      "EQI_Water"    "EQI_Land"     "EQI_Built"   
[6] "EQI_Social"   "Smoking_Rate" "State_FIPS"  
Running MCMC with 4 parallel chains...

Chain 4 finished in 330.1 seconds.
Chain 3 finished in 353.5 seconds.
Chain 1 finished in 357.6 seconds.
Chain 2 finished in 358.8 seconds.

All 4 chains finished successfully.
Mean chain execution time: 350.0 seconds.
Total execution time: 359.1 seconds.

Running MCMC with 4 parallel chains...

Chain 1 finished in 341.4 seconds.
Chain 2 finished in 354.2 seconds.
Chain 4 finished in 372.1 seconds.
Chain 3 finished in 391.7 seconds.

All 4 chains finished successfully.
Mean chain execution time: 364.8 seconds.
Total execution time: 391.8 seconds.

Running MCMC with 4 parallel chains...

Chain 3 finished in 338.3 seconds.
Chain 4 finished in 353.1 seconds.
Chain 2 finished in 359.7 seconds.
Chain 1 finished in 382.8 seconds.

All 4 chains finished successfully.
Mean chain execution time: 358.5 seconds.
Total execution time: 383.0 seconds.

[2026-04-02 12:37:24] [INFO] - ✅ 完成: Cancer=C61
[2026-04-02 12:37:24] [INFO] - 输出目录: Result/brms_MRR_lag/
