Detected cores: 32 | Using: 25
Cluster IDs to analyze: 0,1,2
Cancer type to analyze: C81_C96
===== Disease: C81_C96 =====
Analyzing Cluster0 (n=41509)
Chain 1 Informational Message: The current Metropolis proposal is about to be rejected because of the following issue:
Chain 1 Exception: normal_cdf: Scale parameter is 0, but must be positive! (in '/tmp/RtmpeCRVVE/model-69c622b09b1a.stan', line 30, column 6 to column 53)
Chain 1 If this warning occurs sporadically, such as for highly constrained variable types like covariance matrices, then the sampler is fine,
Chain 1 but if this warning occurs often then your model may be either severely ill-conditioned or misspecified.
Chain 1 
Chain 2 Informational Message: The current Metropolis proposal is about to be rejected because of the following issue:
Chain 2 Exception: normal_cdf: Scale parameter is 0, but must be positive! (in '/tmp/RtmpeCRVVE/model-69c622b09b1a.stan', line 30, column 6 to column 53)
Chain 2 If this warning occurs sporadically, such as for highly constrained variable types like covariance matrices, then the sampler is fine,
Chain 2 but if this warning occurs often then your model may be either severely ill-conditioned or misspecified.
Chain 2 
Chain 3 Informational Message: The current Metropolis proposal is about to be rejected because of the following issue:
Chain 3 Exception: normal_cdf: Scale parameter is 0, but must be positive! (in '/tmp/RtmpeCRVVE/model-69c622b09b1a.stan', line 30, column 6 to column 53)
Chain 3 If this warning occurs sporadically, such as for highly constrained variable types like covariance matrices, then the sampler is fine,
Chain 3 but if this warning occurs often then your model may be either severely ill-conditioned or misspecified.
Chain 3 
Chain 4 Informational Message: The current Metropolis proposal is about to be rejected because of the following issue:
Chain 4 Exception: normal_cdf: Scale parameter is 0, but must be positive! (in '/tmp/RtmpeCRVVE/model-69c622b09b1a.stan', line 30, column 6 to column 53)
Chain 4 If this warning occurs sporadically, such as for highly constrained variable types like covariance matrices, then the sampler is fine,
Chain 4 but if this warning occurs often then your model may be either severely ill-conditioned or misspecified.
Chain 4 
[OK] EQI0005_AAMR2006_2010 Overall
Chain 1 Informational Message: The current Metropolis proposal is about to be rejected because of the following issue:
Chain 1 Exception: normal_cdf: Scale parameter is 0, but must be positive! (in '/tmp/RtmpeCRVVE/model-69c622b09b1a.stan', line 30, column 6 to column 53)
Chain 1 If this warning occurs sporadically, such as for highly constrained variable types like covariance matrices, then the sampler is fine,
Chain 1 but if this warning occurs often then your model may be either severely ill-conditioned or misspecified.
Chain 1 
Chain 2 Informational Message: The current Metropolis proposal is about to be rejected because of the following issue:
Chain 2 Exception: normal_cdf: Scale parameter is 0, but must be positive! (in '/tmp/RtmpeCRVVE/model-69c622b09b1a.stan', line 30, column 6 to column 53)
Chain 2 If this warning occurs sporadically, such as for highly constrained variable types like covariance matrices, then the sampler is fine,
Chain 2 but if this warning occurs often then your model may be either severely ill-conditioned or misspecified.
Chain 2 
Chain 3 Informational Message: The current Metropolis proposal is about to be rejected because of the following issue:
Chain 3 Exception: normal_cdf: Scale parameter is 0, but must be positive! (in '/tmp/RtmpeCRVVE/model-69c622b09b1a.stan', line 30, column 6 to column 53)
Chain 3 If this warning occurs sporadically, such as for highly constrained variable types like covariance matrices, then the sampler is fine,
Chain 3 but if this warning occurs often then your model may be either severely ill-conditioned or misspecified.
Chain 3 
Chain 4 Informational Message: The current Metropolis proposal is about to be rejected because of the following issue:
Chain 4 Exception: normal_cdf: Scale parameter is 0, but must be positive! (in '/tmp/RtmpeCRVVE/model-69c622b09b1a.stan', line 30, column 6 to column 53)
Chain 4 If this warning occurs sporadically, such as for highly constrained variable types like covariance matrices, then the sampler is fine,
Chain 4 but if this warning occurs often then your model may be either severely ill-conditioned or misspecified.
Chain 4 
[OK] EQI0005_AAMR2006_2010 Multi-domain
Chain 1 Informational Message: The current Metropolis proposal is about to be rejected because of the following issue:
Chain 1 Exception: normal_cdf: Scale parameter is 0, but must be positive! (in '/tmp/RtmpeCRVVE/model-69c622b09b1a.stan', line 30, column 6 to column 53)
Chain 1 If this warning occurs sporadically, such as for highly constrained variable types like covariance matrices, then the sampler is fine,
Chain 1 but if this warning occurs often then your model may be either severely ill-conditioned or misspecified.
Chain 1 
Chain 2 Informational Message: The current Metropolis proposal is about to be rejected because of the following issue:
Chain 2 Exception: normal_cdf: Scale parameter is 0, but must be positive! (in '/tmp/RtmpeCRVVE/model-69c622b09b1a.stan', line 30, column 6 to column 53)
Chain 2 If this warning occurs sporadically, such as for highly constrained variable types like covariance matrices, then the sampler is fine,
Chain 2 but if this warning occurs often then your model may be either severely ill-conditioned or misspecified.
Chain 2 
Chain 3 Informational Message: The current Metropolis proposal is about to be rejected because of the following issue:
Chain 3 Exception: normal_cdf: Scale parameter is 0, but must be positive! (in '/tmp/RtmpeCRVVE/model-69c622b09b1a.stan', line 30, column 6 to column 53)
Chain 3 If this warning occurs sporadically, such as for highly constrained variable types like covariance matrices, then the sampler is fine,
Chain 3 but if this warning occurs often then your model may be either severely ill-conditioned or misspecified.
Chain 3 
Chain 4 Informational Message: The current Metropolis proposal is about to be rejected because of the following issue:
Chain 4 Exception: normal_cdf: Scale parameter is 0, but must be positive! (in '/tmp/RtmpeCRVVE/model-69c622b09b1a.stan', line 30, column 6 to column 53)
Chain 4 If this warning occurs sporadically, such as for highly constrained variable types like covariance matrices, then the sampler is fine,
Chain 4 but if this warning occurs often then your model may be either severely ill-conditioned or misspecified.
Chain 4 
[OK] EQI0005_AAMR2011_2015 Overall
Chain 1 Informational Message: The current Metropolis proposal is about to be rejected because of the following issue:
Chain 1 Exception: normal_cdf: Scale parameter is 0, but must be positive! (in '/tmp/RtmpeCRVVE/model-69c622b09b1a.stan', line 30, column 6 to column 53)
Chain 1 If this warning occurs sporadically, such as for highly constrained variable types like covariance matrices, then the sampler is fine,
Chain 1 but if this warning occurs often then your model may be either severely ill-conditioned or misspecified.
Chain 1 
Chain 2 Informational Message: The current Metropolis proposal is about to be rejected because of the following issue:
Chain 2 Exception: normal_cdf: Scale parameter is 0, but must be positive! (in '/tmp/RtmpeCRVVE/model-69c622b09b1a.stan', line 30, column 6 to column 53)
Chain 2 If this warning occurs sporadically, such as for highly constrained variable types like covariance matrices, then the sampler is fine,
Chain 2 but if this warning occurs often then your model may be either severely ill-conditioned or misspecified.
Chain 2 
Chain 3 Informational Message: The current Metropolis proposal is about to be rejected because of the following issue:
Chain 3 Exception: normal_cdf: Scale parameter is 0, but must be positive! (in '/tmp/RtmpeCRVVE/model-69c622b09b1a.stan', line 30, column 6 to column 53)
Chain 3 If this warning occurs sporadically, such as for highly constrained variable types like covariance matrices, then the sampler is fine,
Chain 3 but if this warning occurs often then your model may be either severely ill-conditioned or misspecified.
Chain 3 
Chain 4 Informational Message: The current Metropolis proposal is about to be rejected because of the following issue:
Chain 4 Exception: normal_cdf: Scale parameter is 0, but must be positive! (in '/tmp/RtmpeCRVVE/model-69c622b09b1a.stan', line 30, column 6 to column 53)
Chain 4 If this warning occurs sporadically, such as for highly constrained variable types like covariance matrices, then the sampler is fine,
Chain 4 but if this warning occurs often then your model may be either severely ill-conditioned or misspecified.
Chain 4 
[OK] EQI0005_AAMR2011_2015 Multi-domain
Chain 1 Informational Message: The current Metropolis proposal is about to be rejected because of the following issue:
Chain 1 Exception: normal_cdf: Scale parameter is 0, but must be positive! (in '/tmp/RtmpeCRVVE/model-69c622b09b1a.stan', line 30, column 6 to column 53)
Chain 1 If this warning occurs sporadically, such as for highly constrained variable types like covariance matrices, then the sampler is fine,
Chain 1 but if this warning occurs often then your model may be either severely ill-conditioned or misspecified.
Chain 1 
Chain 2 Informational Message: The current Metropolis proposal is about to be rejected because of the following issue:
Chain 2 Exception: normal_cdf: Scale parameter is 0, but must be positive! (in '/tmp/RtmpeCRVVE/model-69c622b09b1a.stan', line 30, column 6 to column 53)
Chain 2 If this warning occurs sporadically, such as for highly constrained variable types like covariance matrices, then the sampler is fine,
Chain 2 but if this warning occurs often then your model may be either severely ill-conditioned or misspecified.
Chain 2 
Chain 3 Informational Message: The current Metropolis proposal is about to be rejected because of the following issue:
Chain 3 Exception: normal_cdf: Scale parameter is 0, but must be positive! (in '/tmp/RtmpeCRVVE/model-69c622b09b1a.stan', line 30, column 6 to column 53)
Chain 3 If this warning occurs sporadically, such as for highly constrained variable types like covariance matrices, then the sampler is fine,
Chain 3 but if this warning occurs often then your model may be either severely ill-conditioned or misspecified.
Chain 3 
Chain 4 Informational Message: The current Metropolis proposal is about to be rejected because of the following issue:
Chain 4 Exception: normal_cdf: Scale parameter is 0, but must be positive! (in '/tmp/RtmpeCRVVE/model-69c622b09b1a.stan', line 30, column 6 to column 53)
Chain 4 If this warning occurs sporadically, such as for highly constrained variable types like covariance matrices, then the sampler is fine,
Chain 4 but if this warning occurs often then your model may be either severely ill-conditioned or misspecified.
Chain 4 
[OK] EQI0610_AAMR2011_2015 Overall
Chain 1 Informational Message: The current Metropolis proposal is about to be rejected because of the following issue:
Chain 1 Exception: normal_cdf: Scale parameter is 0, but must be positive! (in '/tmp/RtmpeCRVVE/model-69c622b09b1a.stan', line 30, column 6 to column 53)
Chain 1 If this warning occurs sporadically, such as for highly constrained variable types like covariance matrices, then the sampler is fine,
Chain 1 but if this warning occurs often then your model may be either severely ill-conditioned or misspecified.
Chain 1 
Chain 2 Informational Message: The current Metropolis proposal is about to be rejected because of the following issue:
Chain 2 Exception: normal_cdf: Scale parameter is 0, but must be positive! (in '/tmp/RtmpeCRVVE/model-69c622b09b1a.stan', line 30, column 6 to column 53)
Chain 2 If this warning occurs sporadically, such as for highly constrained variable types like covariance matrices, then the sampler is fine,
Chain 2 but if this warning occurs often then your model may be either severely ill-conditioned or misspecified.
Chain 2 
Chain 3 Informational Message: The current Metropolis proposal is about to be rejected because of the following issue:
Chain 3 Exception: normal_cdf: Scale parameter is 0, but must be positive! (in '/tmp/RtmpeCRVVE/model-69c622b09b1a.stan', line 30, column 6 to column 53)
Chain 3 If this warning occurs sporadically, such as for highly constrained variable types like covariance matrices, then the sampler is fine,
Chain 3 but if this warning occurs often then your model may be either severely ill-conditioned or misspecified.
Chain 3 
Chain 4 Informational Message: The current Metropolis proposal is about to be rejected because of the following issue:
Chain 4 Exception: normal_cdf: Scale parameter is 0, but must be positive! (in '/tmp/RtmpeCRVVE/model-69c622b09b1a.stan', line 30, column 6 to column 53)
Chain 4 If this warning occurs sporadically, such as for highly constrained variable types like covariance matrices, then the sampler is fine,
Chain 4 but if this warning occurs often then your model may be either severely ill-conditioned or misspecified.
Chain 4 
[OK] EQI0610_AAMR2011_2015 Multi-domain
Chain 1 Informational Message: The current Metropolis proposal is about to be rejected because of the following issue:
Chain 1 Exception: normal_cdf: Scale parameter is 0, but must be positive! (in '/tmp/RtmpeCRVVE/model-69c622b09b1a.stan', line 30, column 6 to column 53)
Chain 1 If this warning occurs sporadically, such as for highly constrained variable types like covariance matrices, then the sampler is fine,
Chain 1 but if this warning occurs often then your model may be either severely ill-conditioned or misspecified.
Chain 1 
Chain 2 Informational Message: The current Metropolis proposal is about to be rejected because of the following issue:
Chain 2 Exception: normal_cdf: Scale parameter is 0, but must be positive! (in '/tmp/RtmpeCRVVE/model-69c622b09b1a.stan', line 30, column 6 to column 53)
Chain 2 If this warning occurs sporadically, such as for highly constrained variable types like covariance matrices, then the sampler is fine,
Chain 2 but if this warning occurs often then your model may be either severely ill-conditioned or misspecified.
Chain 2 
Chain 3 Informational Message: The current Metropolis proposal is about to be rejected because of the following issue:
Chain 3 Exception: normal_cdf: Scale parameter is 0, but must be positive! (in '/tmp/RtmpeCRVVE/model-69c622b09b1a.stan', line 30, column 6 to column 53)
Chain 3 If this warning occurs sporadically, such as for highly constrained variable types like covariance matrices, then the sampler is fine,
Chain 3 but if this warning occurs often then your model may be either severely ill-conditioned or misspecified.
Chain 3 
Chain 4 Informational Message: The current Metropolis proposal is about to be rejected because of the following issue:
Chain 4 Exception: normal_cdf: Scale parameter is 0, but must be positive! (in '/tmp/RtmpeCRVVE/model-69c622b09b1a.stan', line 30, column 6 to column 53)
Chain 4 If this warning occurs sporadically, such as for highly constrained variable types like covariance matrices, then the sampler is fine,
Chain 4 but if this warning occurs often then your model may be either severely ill-conditioned or misspecified.
Chain 4 
[OK] EQI0610_AAMR2016_2020 Overall
Chain 1 Informational Message: The current Metropolis proposal is about to be rejected because of the following issue:
Chain 1 Exception: normal_cdf: Scale parameter is 0, but must be positive! (in '/tmp/RtmpeCRVVE/model-69c622b09b1a.stan', line 30, column 6 to column 53)
Chain 1 If this warning occurs sporadically, such as for highly constrained variable types like covariance matrices, then the sampler is fine,
Chain 1 but if this warning occurs often then your model may be either severely ill-conditioned or misspecified.
Chain 1 
Chain 2 Informational Message: The current Metropolis proposal is about to be rejected because of the following issue:
Chain 2 Exception: normal_cdf: Scale parameter is 0, but must be positive! (in '/tmp/RtmpeCRVVE/model-69c622b09b1a.stan', line 30, column 6 to column 53)
Chain 2 If this warning occurs sporadically, such as for highly constrained variable types like covariance matrices, then the sampler is fine,
Chain 2 but if this warning occurs often then your model may be either severely ill-conditioned or misspecified.
Chain 2 
Chain 3 Informational Message: The current Metropolis proposal is about to be rejected because of the following issue:
Chain 3 Exception: normal_cdf: Scale parameter is 0, but must be positive! (in '/tmp/RtmpeCRVVE/model-69c622b09b1a.stan', line 30, column 6 to column 53)
Chain 3 If this warning occurs sporadically, such as for highly constrained variable types like covariance matrices, then the sampler is fine,
Chain 3 but if this warning occurs often then your model may be either severely ill-conditioned or misspecified.
Chain 3 
Chain 4 Informational Message: The current Metropolis proposal is about to be rejected because of the following issue:
Chain 4 Exception: normal_cdf: Scale parameter is 0, but must be positive! (in '/tmp/RtmpeCRVVE/model-69c622b09b1a.stan', line 30, column 6 to column 53)
Chain 4 If this warning occurs sporadically, such as for highly constrained variable types like covariance matrices, then the sampler is fine,
Chain 4 but if this warning occurs often then your model may be either severely ill-conditioned or misspecified.
Chain 4 
[OK] EQI0610_AAMR2016_2020 Multi-domain
Analyzing Cluster1 (n=41275)
Chain 1 Informational Message: The current Metropolis proposal is about to be rejected because of the following issue:
Chain 1 Exception: normal_cdf: Scale parameter is 0, but must be positive! (in '/tmp/RtmpeCRVVE/model-69c622b09b1a.stan', line 30, column 6 to column 53)
Chain 1 If this warning occurs sporadically, such as for highly constrained variable types like covariance matrices, then the sampler is fine,
Chain 1 but if this warning occurs often then your model may be either severely ill-conditioned or misspecified.
Chain 1 
Chain 2 Informational Message: The current Metropolis proposal is about to be rejected because of the following issue:
Chain 2 Exception: normal_cdf: Scale parameter is 0, but must be positive! (in '/tmp/RtmpeCRVVE/model-69c622b09b1a.stan', line 30, column 6 to column 53)
Chain 2 If this warning occurs sporadically, such as for highly constrained variable types like covariance matrices, then the sampler is fine,
Chain 2 but if this warning occurs often then your model may be either severely ill-conditioned or misspecified.
Chain 2 
Chain 3 Informational Message: The current Metropolis proposal is about to be rejected because of the following issue:
Chain 3 Exception: normal_cdf: Scale parameter is 0, but must be positive! (in '/tmp/RtmpeCRVVE/model-69c622b09b1a.stan', line 30, column 6 to column 53)
Chain 3 If this warning occurs sporadically, such as for highly constrained variable types like covariance matrices, then the sampler is fine,
Chain 3 but if this warning occurs often then your model may be either severely ill-conditioned or misspecified.
Chain 3 
Chain 4 Informational Message: The current Metropolis proposal is about to be rejected because of the following issue:
Chain 4 Exception: normal_cdf: Scale parameter is 0, but must be positive! (in '/tmp/RtmpeCRVVE/model-69c622b09b1a.stan', line 30, column 6 to column 53)
Chain 4 If this warning occurs sporadically, such as for highly constrained variable types like covariance matrices, then the sampler is fine,
Chain 4 but if this warning occurs often then your model may be either severely ill-conditioned or misspecified.
Chain 4 
[OK] EQI0005_AAMR2006_2010 Overall
Chain 1 Informational Message: The current Metropolis proposal is about to be rejected because of the following issue:
Chain 1 Exception: normal_cdf: Scale parameter is 0, but must be positive! (in '/tmp/RtmpeCRVVE/model-69c622b09b1a.stan', line 30, column 6 to column 53)
Chain 1 If this warning occurs sporadically, such as for highly constrained variable types like covariance matrices, then the sampler is fine,
Chain 1 but if this warning occurs often then your model may be either severely ill-conditioned or misspecified.
Chain 1 
Chain 2 Informational Message: The current Metropolis proposal is about to be rejected because of the following issue:
Chain 2 Exception: normal_cdf: Scale parameter is 0, but must be positive! (in '/tmp/RtmpeCRVVE/model-69c622b09b1a.stan', line 30, column 6 to column 53)
Chain 2 If this warning occurs sporadically, such as for highly constrained variable types like covariance matrices, then the sampler is fine,
Chain 2 but if this warning occurs often then your model may be either severely ill-conditioned or misspecified.
Chain 2 
Chain 3 Informational Message: The current Metropolis proposal is about to be rejected because of the following issue:
Chain 3 Exception: normal_cdf: Scale parameter is 0, but must be positive! (in '/tmp/RtmpeCRVVE/model-69c622b09b1a.stan', line 30, column 6 to column 53)
Chain 3 If this warning occurs sporadically, such as for highly constrained variable types like covariance matrices, then the sampler is fine,
Chain 3 but if this warning occurs often then your model may be either severely ill-conditioned or misspecified.
Chain 3 
Chain 4 Informational Message: The current Metropolis proposal is about to be rejected because of the following issue:
Chain 4 Exception: normal_cdf: Scale parameter is 0, but must be positive! (in '/tmp/RtmpeCRVVE/model-69c622b09b1a.stan', line 30, column 6 to column 53)
Chain 4 If this warning occurs sporadically, such as for highly constrained variable types like covariance matrices, then the sampler is fine,
Chain 4 but if this warning occurs often then your model may be either severely ill-conditioned or misspecified.
Chain 4 
[OK] EQI0005_AAMR2006_2010 Multi-domain
Chain 1 Informational Message: The current Metropolis proposal is about to be rejected because of the following issue:
Chain 1 Exception: normal_cdf: Scale parameter is 0, but must be positive! (in '/tmp/RtmpeCRVVE/model-69c622b09b1a.stan', line 30, column 6 to column 53)
Chain 1 If this warning occurs sporadically, such as for highly constrained variable types like covariance matrices, then the sampler is fine,
Chain 1 but if this warning occurs often then your model may be either severely ill-conditioned or misspecified.
Chain 1 
Chain 2 Informational Message: The current Metropolis proposal is about to be rejected because of the following issue:
Chain 2 Exception: normal_cdf: Scale parameter is 0, but must be positive! (in '/tmp/RtmpeCRVVE/model-69c622b09b1a.stan', line 30, column 6 to column 53)
Chain 2 If this warning occurs sporadically, such as for highly constrained variable types like covariance matrices, then the sampler is fine,
Chain 2 but if this warning occurs often then your model may be either severely ill-conditioned or misspecified.
Chain 2 
Chain 3 Informational Message: The current Metropolis proposal is about to be rejected because of the following issue:
Chain 3 Exception: normal_cdf: Scale parameter is 0, but must be positive! (in '/tmp/RtmpeCRVVE/model-69c622b09b1a.stan', line 30, column 6 to column 53)
Chain 3 If this warning occurs sporadically, such as for highly constrained variable types like covariance matrices, then the sampler is fine,
Chain 3 but if this warning occurs often then your model may be either severely ill-conditioned or misspecified.
Chain 3 
Chain 4 Informational Message: The current Metropolis proposal is about to be rejected because of the following issue:
Chain 4 Exception: normal_cdf: Scale parameter is 0, but must be positive! (in '/tmp/RtmpeCRVVE/model-69c622b09b1a.stan', line 30, column 6 to column 53)
Chain 4 If this warning occurs sporadically, such as for highly constrained variable types like covariance matrices, then the sampler is fine,
Chain 4 but if this warning occurs often then your model may be either severely ill-conditioned or misspecified.
Chain 4 
[OK] EQI0005_AAMR2011_2015 Overall
Chain 1 Informational Message: The current Metropolis proposal is about to be rejected because of the following issue:
Chain 1 Exception: normal_cdf: Scale parameter is 0, but must be positive! (in '/tmp/RtmpeCRVVE/model-69c622b09b1a.stan', line 30, column 6 to column 53)
Chain 1 If this warning occurs sporadically, such as for highly constrained variable types like covariance matrices, then the sampler is fine,
Chain 1 but if this warning occurs often then your model may be either severely ill-conditioned or misspecified.
Chain 1 
Chain 2 Informational Message: The current Metropolis proposal is about to be rejected because of the following issue:
Chain 2 Exception: normal_cdf: Scale parameter is 0, but must be positive! (in '/tmp/RtmpeCRVVE/model-69c622b09b1a.stan', line 30, column 6 to column 53)
Chain 2 If this warning occurs sporadically, such as for highly constrained variable types like covariance matrices, then the sampler is fine,
Chain 2 but if this warning occurs often then your model may be either severely ill-conditioned or misspecified.
Chain 2 
Chain 3 Informational Message: The current Metropolis proposal is about to be rejected because of the following issue:
Chain 3 Exception: normal_cdf: Scale parameter is 0, but must be positive! (in '/tmp/RtmpeCRVVE/model-69c622b09b1a.stan', line 30, column 6 to column 53)
Chain 3 If this warning occurs sporadically, such as for highly constrained variable types like covariance matrices, then the sampler is fine,
Chain 3 but if this warning occurs often then your model may be either severely ill-conditioned or misspecified.
Chain 3 
Chain 4 Informational Message: The current Metropolis proposal is about to be rejected because of the following issue:
Chain 4 Exception: normal_cdf: Scale parameter is 0, but must be positive! (in '/tmp/RtmpeCRVVE/model-69c622b09b1a.stan', line 30, column 6 to column 53)
Chain 4 If this warning occurs sporadically, such as for highly constrained variable types like covariance matrices, then the sampler is fine,
Chain 4 but if this warning occurs often then your model may be either severely ill-conditioned or misspecified.
Chain 4 
[OK] EQI0005_AAMR2011_2015 Multi-domain
Chain 1 Informational Message: The current Metropolis proposal is about to be rejected because of the following issue:
Chain 1 Exception: normal_cdf: Scale parameter is 0, but must be positive! (in '/tmp/RtmpeCRVVE/model-69c622b09b1a.stan', line 30, column 6 to column 53)
Chain 1 If this warning occurs sporadically, such as for highly constrained variable types like covariance matrices, then the sampler is fine,
Chain 1 but if this warning occurs often then your model may be either severely ill-conditioned or misspecified.
Chain 1 
Chain 2 Informational Message: The current Metropolis proposal is about to be rejected because of the following issue:
Chain 2 Exception: normal_cdf: Scale parameter is 0, but must be positive! (in '/tmp/RtmpeCRVVE/model-69c622b09b1a.stan', line 30, column 6 to column 53)
Chain 2 If this warning occurs sporadically, such as for highly constrained variable types like covariance matrices, then the sampler is fine,
Chain 2 but if this warning occurs often then your model may be either severely ill-conditioned or misspecified.
Chain 2 
Chain 3 Informational Message: The current Metropolis proposal is about to be rejected because of the following issue:
Chain 3 Exception: normal_cdf: Scale parameter is 0, but must be positive! (in '/tmp/RtmpeCRVVE/model-69c622b09b1a.stan', line 30, column 6 to column 53)
Chain 3 If this warning occurs sporadically, such as for highly constrained variable types like covariance matrices, then the sampler is fine,
Chain 3 but if this warning occurs often then your model may be either severely ill-conditioned or misspecified.
Chain 3 
Chain 4 Informational Message: The current Metropolis proposal is about to be rejected because of the following issue:
Chain 4 Exception: normal_cdf: Scale parameter is 0, but must be positive! (in '/tmp/RtmpeCRVVE/model-69c622b09b1a.stan', line 30, column 6 to column 53)
Chain 4 If this warning occurs sporadically, such as for highly constrained variable types like covariance matrices, then the sampler is fine,
Chain 4 but if this warning occurs often then your model may be either severely ill-conditioned or misspecified.
Chain 4 
[OK] EQI0610_AAMR2011_2015 Overall
Chain 1 Informational Message: The current Metropolis proposal is about to be rejected because of the following issue:
Chain 1 Exception: normal_cdf: Scale parameter is 0, but must be positive! (in '/tmp/RtmpeCRVVE/model-69c622b09b1a.stan', line 30, column 6 to column 53)
Chain 1 If this warning occurs sporadically, such as for highly constrained variable types like covariance matrices, then the sampler is fine,
Chain 1 but if this warning occurs often then your model may be either severely ill-conditioned or misspecified.
Chain 1 
Chain 2 Informational Message: The current Metropolis proposal is about to be rejected because of the following issue:
Chain 2 Exception: normal_cdf: Scale parameter is 0, but must be positive! (in '/tmp/RtmpeCRVVE/model-69c622b09b1a.stan', line 30, column 6 to column 53)
Chain 2 If this warning occurs sporadically, such as for highly constrained variable types like covariance matrices, then the sampler is fine,
Chain 2 but if this warning occurs often then your model may be either severely ill-conditioned or misspecified.
Chain 2 
Chain 3 Informational Message: The current Metropolis proposal is about to be rejected because of the following issue:
Chain 3 Exception: normal_cdf: Scale parameter is 0, but must be positive! (in '/tmp/RtmpeCRVVE/model-69c622b09b1a.stan', line 30, column 6 to column 53)
Chain 3 If this warning occurs sporadically, such as for highly constrained variable types like covariance matrices, then the sampler is fine,
Chain 3 but if this warning occurs often then your model may be either severely ill-conditioned or misspecified.
Chain 3 
Chain 4 Informational Message: The current Metropolis proposal is about to be rejected because of the following issue:
Chain 4 Exception: normal_cdf: Scale parameter is 0, but must be positive! (in '/tmp/RtmpeCRVVE/model-69c622b09b1a.stan', line 30, column 6 to column 53)
Chain 4 If this warning occurs sporadically, such as for highly constrained variable types like covariance matrices, then the sampler is fine,
Chain 4 but if this warning occurs often then your model may be either severely ill-conditioned or misspecified.
Chain 4 
[OK] EQI0610_AAMR2011_2015 Multi-domain
Chain 1 Informational Message: The current Metropolis proposal is about to be rejected because of the following issue:
Chain 1 Exception: normal_cdf: Scale parameter is 0, but must be positive! (in '/tmp/RtmpeCRVVE/model-69c622b09b1a.stan', line 30, column 6 to column 53)
Chain 1 If this warning occurs sporadically, such as for highly constrained variable types like covariance matrices, then the sampler is fine,
Chain 1 but if this warning occurs often then your model may be either severely ill-conditioned or misspecified.
Chain 1 
Chain 2 Informational Message: The current Metropolis proposal is about to be rejected because of the following issue:
Chain 2 Exception: normal_cdf: Scale parameter is 0, but must be positive! (in '/tmp/RtmpeCRVVE/model-69c622b09b1a.stan', line 30, column 6 to column 53)
Chain 2 If this warning occurs sporadically, such as for highly constrained variable types like covariance matrices, then the sampler is fine,
Chain 2 but if this warning occurs often then your model may be either severely ill-conditioned or misspecified.
Chain 2 
Chain 3 Informational Message: The current Metropolis proposal is about to be rejected because of the following issue:
Chain 3 Exception: normal_cdf: Scale parameter is 0, but must be positive! (in '/tmp/RtmpeCRVVE/model-69c622b09b1a.stan', line 30, column 6 to column 53)
Chain 3 If this warning occurs sporadically, such as for highly constrained variable types like covariance matrices, then the sampler is fine,
Chain 3 but if this warning occurs often then your model may be either severely ill-conditioned or misspecified.
Chain 3 
Chain 4 Informational Message: The current Metropolis proposal is about to be rejected because of the following issue:
Chain 4 Exception: normal_cdf: Scale parameter is 0, but must be positive! (in '/tmp/RtmpeCRVVE/model-69c622b09b1a.stan', line 30, column 6 to column 53)
Chain 4 If this warning occurs sporadically, such as for highly constrained variable types like covariance matrices, then the sampler is fine,
Chain 4 but if this warning occurs often then your model may be either severely ill-conditioned or misspecified.
Chain 4 
[OK] EQI0610_AAMR2016_2020 Overall
Chain 1 Informational Message: The current Metropolis proposal is about to be rejected because of the following issue:
Chain 1 Exception: normal_cdf: Scale parameter is 0, but must be positive! (in '/tmp/RtmpeCRVVE/model-69c622b09b1a.stan', line 30, column 6 to column 53)
Chain 1 If this warning occurs sporadically, such as for highly constrained variable types like covariance matrices, then the sampler is fine,
Chain 1 but if this warning occurs often then your model may be either severely ill-conditioned or misspecified.
Chain 1 
Chain 2 Informational Message: The current Metropolis proposal is about to be rejected because of the following issue:
Chain 2 Exception: normal_cdf: Scale parameter is 0, but must be positive! (in '/tmp/RtmpeCRVVE/model-69c622b09b1a.stan', line 30, column 6 to column 53)
Chain 2 If this warning occurs sporadically, such as for highly constrained variable types like covariance matrices, then the sampler is fine,
Chain 2 but if this warning occurs often then your model may be either severely ill-conditioned or misspecified.
Chain 2 
Chain 3 Informational Message: The current Metropolis proposal is about to be rejected because of the following issue:
Chain 3 Exception: normal_cdf: Scale parameter is 0, but must be positive! (in '/tmp/RtmpeCRVVE/model-69c622b09b1a.stan', line 30, column 6 to column 53)
Chain 3 If this warning occurs sporadically, such as for highly constrained variable types like covariance matrices, then the sampler is fine,
Chain 3 but if this warning occurs often then your model may be either severely ill-conditioned or misspecified.
Chain 3 
Chain 4 Informational Message: The current Metropolis proposal is about to be rejected because of the following issue:
Chain 4 Exception: normal_cdf: Scale parameter is 0, but must be positive! (in '/tmp/RtmpeCRVVE/model-69c622b09b1a.stan', line 30, column 6 to column 53)
Chain 4 If this warning occurs sporadically, such as for highly constrained variable types like covariance matrices, then the sampler is fine,
Chain 4 but if this warning occurs often then your model may be either severely ill-conditioned or misspecified.
Chain 4 
[OK] EQI0610_AAMR2016_2020 Multi-domain
Analyzing Cluster2 (n=80444)
Chain 1 Informational Message: The current Metropolis proposal is about to be rejected because of the following issue:
Chain 1 Exception: normal_cdf: Scale parameter is 0, but must be positive! (in '/tmp/RtmpeCRVVE/model-69c622b09b1a.stan', line 30, column 6 to column 53)
Chain 1 If this warning occurs sporadically, such as for highly constrained variable types like covariance matrices, then the sampler is fine,
Chain 1 but if this warning occurs often then your model may be either severely ill-conditioned or misspecified.
Chain 1 
Chain 2 Informational Message: The current Metropolis proposal is about to be rejected because of the following issue:
Chain 2 Exception: normal_cdf: Scale parameter is 0, but must be positive! (in '/tmp/RtmpeCRVVE/model-69c622b09b1a.stan', line 30, column 6 to column 53)
Chain 2 If this warning occurs sporadically, such as for highly constrained variable types like covariance matrices, then the sampler is fine,
Chain 2 but if this warning occurs often then your model may be either severely ill-conditioned or misspecified.
Chain 2 
Chain 3 Informational Message: The current Metropolis proposal is about to be rejected because of the following issue:
Chain 3 Exception: normal_cdf: Scale parameter is 0, but must be positive! (in '/tmp/RtmpeCRVVE/model-69c622b09b1a.stan', line 30, column 6 to column 53)
Chain 3 If this warning occurs sporadically, such as for highly constrained variable types like covariance matrices, then the sampler is fine,
Chain 3 but if this warning occurs often then your model may be either severely ill-conditioned or misspecified.
Chain 3 
Chain 4 Informational Message: The current Metropolis proposal is about to be rejected because of the following issue:
Chain 4 Exception: normal_cdf: Scale parameter is 0, but must be positive! (in '/tmp/RtmpeCRVVE/model-69c622b09b1a.stan', line 30, column 6 to column 53)
Chain 4 If this warning occurs sporadically, such as for highly constrained variable types like covariance matrices, then the sampler is fine,
Chain 4 but if this warning occurs often then your model may be either severely ill-conditioned or misspecified.
Chain 4 
[OK] EQI0005_AAMR2006_2010 Overall
Chain 2 Informational Message: The current Metropolis proposal is about to be rejected because of the following issue:
Chain 2 Exception: normal_cdf: Scale parameter is 0, but must be positive! (in '/tmp/RtmpeCRVVE/model-69c622b09b1a.stan', line 30, column 6 to column 53)
Chain 2 If this warning occurs sporadically, such as for highly constrained variable types like covariance matrices, then the sampler is fine,
Chain 2 but if this warning occurs often then your model may be either severely ill-conditioned or misspecified.
Chain 2 
Chain 4 Informational Message: The current Metropolis proposal is about to be rejected because of the following issue:
Chain 4 Exception: normal_cdf: Scale parameter is 0, but must be positive! (in '/tmp/RtmpeCRVVE/model-69c622b09b1a.stan', line 30, column 6 to column 53)
Chain 4 If this warning occurs sporadically, such as for highly constrained variable types like covariance matrices, then the sampler is fine,
Chain 4 but if this warning occurs often then your model may be either severely ill-conditioned or misspecified.
Chain 4 
[OK] EQI0005_AAMR2006_2010 Multi-domain
Chain 1 Informational Message: The current Metropolis proposal is about to be rejected because of the following issue:
Chain 1 Exception: normal_cdf: Scale parameter is 0, but must be positive! (in '/tmp/RtmpeCRVVE/model-69c622b09b1a.stan', line 30, column 6 to column 53)
Chain 1 If this warning occurs sporadically, such as for highly constrained variable types like covariance matrices, then the sampler is fine,
Chain 1 but if this warning occurs often then your model may be either severely ill-conditioned or misspecified.
Chain 1 
Chain 2 Informational Message: The current Metropolis proposal is about to be rejected because of the following issue:
Chain 2 Exception: normal_cdf: Scale parameter is 0, but must be positive! (in '/tmp/RtmpeCRVVE/model-69c622b09b1a.stan', line 30, column 6 to column 53)
Chain 2 If this warning occurs sporadically, such as for highly constrained variable types like covariance matrices, then the sampler is fine,
Chain 2 but if this warning occurs often then your model may be either severely ill-conditioned or misspecified.
Chain 2 
Chain 3 Informational Message: The current Metropolis proposal is about to be rejected because of the following issue:
Chain 3 Exception: normal_cdf: Scale parameter is 0, but must be positive! (in '/tmp/RtmpeCRVVE/model-69c622b09b1a.stan', line 30, column 6 to column 53)
Chain 3 If this warning occurs sporadically, such as for highly constrained variable types like covariance matrices, then the sampler is fine,
Chain 3 but if this warning occurs often then your model may be either severely ill-conditioned or misspecified.
Chain 3 
Chain 4 Informational Message: The current Metropolis proposal is about to be rejected because of the following issue:
Chain 4 Exception: normal_cdf: Scale parameter is 0, but must be positive! (in '/tmp/RtmpeCRVVE/model-69c622b09b1a.stan', line 30, column 6 to column 53)
Chain 4 If this warning occurs sporadically, such as for highly constrained variable types like covariance matrices, then the sampler is fine,
Chain 4 but if this warning occurs often then your model may be either severely ill-conditioned or misspecified.
Chain 4 
[OK] EQI0005_AAMR2011_2015 Overall
Chain 2 Informational Message: The current Metropolis proposal is about to be rejected because of the following issue:
Chain 2 Exception: normal_cdf: Scale parameter is 0, but must be positive! (in '/tmp/RtmpeCRVVE/model-69c622b09b1a.stan', line 30, column 6 to column 53)
Chain 2 If this warning occurs sporadically, such as for highly constrained variable types like covariance matrices, then the sampler is fine,
Chain 2 but if this warning occurs often then your model may be either severely ill-conditioned or misspecified.
Chain 2 
Chain 3 Informational Message: The current Metropolis proposal is about to be rejected because of the following issue:
Chain 3 Exception: normal_cdf: Scale parameter is 0, but must be positive! (in '/tmp/RtmpeCRVVE/model-69c622b09b1a.stan', line 30, column 6 to column 53)
Chain 3 If this warning occurs sporadically, such as for highly constrained variable types like covariance matrices, then the sampler is fine,
Chain 3 but if this warning occurs often then your model may be either severely ill-conditioned or misspecified.
Chain 3 
Chain 4 Informational Message: The current Metropolis proposal is about to be rejected because of the following issue:
Chain 4 Exception: normal_cdf: Scale parameter is 0, but must be positive! (in '/tmp/RtmpeCRVVE/model-69c622b09b1a.stan', line 30, column 6 to column 53)
Chain 4 If this warning occurs sporadically, such as for highly constrained variable types like covariance matrices, then the sampler is fine,
Chain 4 but if this warning occurs often then your model may be either severely ill-conditioned or misspecified.
Chain 4 
[OK] EQI0005_AAMR2011_2015 Multi-domain
Chain 1 Informational Message: The current Metropolis proposal is about to be rejected because of the following issue:
Chain 1 Exception: normal_cdf: Scale parameter is 0, but must be positive! (in '/tmp/RtmpeCRVVE/model-69c622b09b1a.stan', line 30, column 6 to column 53)
Chain 1 If this warning occurs sporadically, such as for highly constrained variable types like covariance matrices, then the sampler is fine,
Chain 1 but if this warning occurs often then your model may be either severely ill-conditioned or misspecified.
Chain 1 
Chain 2 Informational Message: The current Metropolis proposal is about to be rejected because of the following issue:
Chain 2 Exception: normal_cdf: Scale parameter is 0, but must be positive! (in '/tmp/RtmpeCRVVE/model-69c622b09b1a.stan', line 30, column 6 to column 53)
Chain 2 If this warning occurs sporadically, such as for highly constrained variable types like covariance matrices, then the sampler is fine,
Chain 2 but if this warning occurs often then your model may be either severely ill-conditioned or misspecified.
Chain 2 
Chain 3 Informational Message: The current Metropolis proposal is about to be rejected because of the following issue:
Chain 3 Exception: normal_cdf: Scale parameter is 0, but must be positive! (in '/tmp/RtmpeCRVVE/model-69c622b09b1a.stan', line 30, column 6 to column 53)
Chain 3 If this warning occurs sporadically, such as for highly constrained variable types like covariance matrices, then the sampler is fine,
Chain 3 but if this warning occurs often then your model may be either severely ill-conditioned or misspecified.
Chain 3 
Chain 4 Informational Message: The current Metropolis proposal is about to be rejected because of the following issue:
Chain 4 Exception: normal_cdf: Scale parameter is 0, but must be positive! (in '/tmp/RtmpeCRVVE/model-69c622b09b1a.stan', line 30, column 6 to column 53)
Chain 4 If this warning occurs sporadically, such as for highly constrained variable types like covariance matrices, then the sampler is fine,
Chain 4 but if this warning occurs often then your model may be either severely ill-conditioned or misspecified.
Chain 4 
[OK] EQI0610_AAMR2011_2015 Overall
Chain 2 Informational Message: The current Metropolis proposal is about to be rejected because of the following issue:
Chain 2 Exception: normal_cdf: Scale parameter is 0, but must be positive! (in '/tmp/RtmpeCRVVE/model-69c622b09b1a.stan', line 30, column 6 to column 53)
Chain 2 If this warning occurs sporadically, such as for highly constrained variable types like covariance matrices, then the sampler is fine,
Chain 2 but if this warning occurs often then your model may be either severely ill-conditioned or misspecified.
Chain 2 
Chain 3 Informational Message: The current Metropolis proposal is about to be rejected because of the following issue:
Chain 3 Exception: normal_cdf: Scale parameter is 0, but must be positive! (in '/tmp/RtmpeCRVVE/model-69c622b09b1a.stan', line 30, column 6 to column 53)
Chain 3 If this warning occurs sporadically, such as for highly constrained variable types like covariance matrices, then the sampler is fine,
Chain 3 but if this warning occurs often then your model may be either severely ill-conditioned or misspecified.
Chain 3 
Chain 4 Informational Message: The current Metropolis proposal is about to be rejected because of the following issue:
Chain 4 Exception: normal_cdf: Scale parameter is 0, but must be positive! (in '/tmp/RtmpeCRVVE/model-69c622b09b1a.stan', line 30, column 6 to column 53)
Chain 4 If this warning occurs sporadically, such as for highly constrained variable types like covariance matrices, then the sampler is fine,
Chain 4 but if this warning occurs often then your model may be either severely ill-conditioned or misspecified.
Chain 4 
[OK] EQI0610_AAMR2011_2015 Multi-domain
Chain 1 Informational Message: The current Metropolis proposal is about to be rejected because of the following issue:
Chain 1 Exception: normal_cdf: Scale parameter is 0, but must be positive! (in '/tmp/RtmpeCRVVE/model-69c622b09b1a.stan', line 30, column 6 to column 53)
Chain 1 If this warning occurs sporadically, such as for highly constrained variable types like covariance matrices, then the sampler is fine,
Chain 1 but if this warning occurs often then your model may be either severely ill-conditioned or misspecified.
Chain 1 
Chain 2 Informational Message: The current Metropolis proposal is about to be rejected because of the following issue:
Chain 2 Exception: normal_cdf: Scale parameter is 0, but must be positive! (in '/tmp/RtmpeCRVVE/model-69c622b09b1a.stan', line 30, column 6 to column 53)
Chain 2 If this warning occurs sporadically, such as for highly constrained variable types like covariance matrices, then the sampler is fine,
Chain 2 but if this warning occurs often then your model may be either severely ill-conditioned or misspecified.
Chain 2 
Chain 3 Informational Message: The current Metropolis proposal is about to be rejected because of the following issue:
Chain 3 Exception: normal_cdf: Scale parameter is 0, but must be positive! (in '/tmp/RtmpeCRVVE/model-69c622b09b1a.stan', line 30, column 6 to column 53)
Chain 3 If this warning occurs sporadically, such as for highly constrained variable types like covariance matrices, then the sampler is fine,
Chain 3 but if this warning occurs often then your model may be either severely ill-conditioned or misspecified.
Chain 3 
Chain 4 Informational Message: The current Metropolis proposal is about to be rejected because of the following issue:
Chain 4 Exception: normal_cdf: Scale parameter is 0, but must be positive! (in '/tmp/RtmpeCRVVE/model-69c622b09b1a.stan', line 30, column 6 to column 53)
Chain 4 If this warning occurs sporadically, such as for highly constrained variable types like covariance matrices, then the sampler is fine,
Chain 4 but if this warning occurs often then your model may be either severely ill-conditioned or misspecified.
Chain 4 
[OK] EQI0610_AAMR2016_2020 Overall
Chain 1 Informational Message: The current Metropolis proposal is about to be rejected because of the following issue:
Chain 1 Exception: normal_cdf: Scale parameter is 0, but must be positive! (in '/tmp/RtmpeCRVVE/model-69c622b09b1a.stan', line 30, column 6 to column 53)
Chain 1 If this warning occurs sporadically, such as for highly constrained variable types like covariance matrices, then the sampler is fine,
Chain 1 but if this warning occurs often then your model may be either severely ill-conditioned or misspecified.
Chain 1 
Chain 2 Informational Message: The current Metropolis proposal is about to be rejected because of the following issue:
Chain 2 Exception: normal_cdf: Scale parameter is 0, but must be positive! (in '/tmp/RtmpeCRVVE/model-69c622b09b1a.stan', line 30, column 6 to column 53)
Chain 2 If this warning occurs sporadically, such as for highly constrained variable types like covariance matrices, then the sampler is fine,
Chain 2 but if this warning occurs often then your model may be either severely ill-conditioned or misspecified.
Chain 2 
Chain 3 Informational Message: The current Metropolis proposal is about to be rejected because of the following issue:
Chain 3 Exception: normal_cdf: Scale parameter is 0, but must be positive! (in '/tmp/RtmpeCRVVE/model-69c622b09b1a.stan', line 30, column 6 to column 53)
Chain 3 If this warning occurs sporadically, such as for highly constrained variable types like covariance matrices, then the sampler is fine,
Chain 3 but if this warning occurs often then your model may be either severely ill-conditioned or misspecified.
Chain 3 
Chain 4 Informational Message: The current Metropolis proposal is about to be rejected because of the following issue:
Chain 4 Exception: normal_cdf: Scale parameter is 0, but must be positive! (in '/tmp/RtmpeCRVVE/model-69c622b09b1a.stan', line 30, column 6 to column 53)
Chain 4 If this warning occurs sporadically, such as for highly constrained variable types like covariance matrices, then the sampler is fine,
Chain 4 but if this warning occurs often then your model may be either severely ill-conditioned or misspecified.
Chain 4 
[OK] EQI0610_AAMR2016_2020 Multi-domain
===== Completed: C81_C96 =====
All requested analyses complete. Output directory: /public/home/acf4pijnzl/WDP/Result/brms_cluster
