[2026-04-02 12:17:28] [INFO] - 项目根目录: /public/home/acf4pijnzl/WDP
[2026-04-02 12:17:28] [INFO] - 开始处理任务 9
[2026-04-02 12:17:28] [INFO] - 处理癌症类型: C82_C85
[1] "EQI"          "EQI_Air"      "EQI_Water"    "EQI_Land"     "EQI_Built"   
[6] "EQI_Social"   "Smoking_Rate" "State_FIPS"  
Running MCMC with 4 parallel chains...

Chain 3 finished in 360.5 seconds.
Chain 4 finished in 390.4 seconds.
Chain 1 finished in 395.6 seconds.
Chain 2 finished in 398.2 seconds.

All 4 chains finished successfully.
Mean chain execution time: 386.2 seconds.
Total execution time: 398.5 seconds.

Running MCMC with 4 parallel chains...

Chain 4 finished in 402.6 seconds.
Chain 2 finished in 411.1 seconds.
Chain 1 finished in 433.2 seconds.
Chain 3 finished in 436.0 seconds.

All 4 chains finished successfully.
Mean chain execution time: 420.7 seconds.
Total execution time: 436.2 seconds.

Running MCMC with 4 parallel chains...

Chain 4 finished in 434.5 seconds.
Chain 2 finished in 435.6 seconds.
Chain 1 finished in 446.7 seconds.
Chain 3 finished in 461.9 seconds.

All 4 chains finished successfully.
Mean chain execution time: 444.7 seconds.
Total execution time: 462.0 seconds.

[2026-04-02 12:40:07] [INFO] - ✅ 完成: Cancer=C82_C85
[2026-04-02 12:40:07] [INFO] - 输出目录: Result/brms_MRR_lag/
