[2026-04-11 18:03:07] [INFO] - 项目根目录: /public/home/acf4pijnzl/WDP
[2026-04-11 18:03:07] [INFO] - 开始处理任务 6
[2026-04-11 18:03:07] [INFO] - 处理癌症类型: G30
[1] "EQI"          "EQI_Air"      "EQI_Water"    "EQI_Land"     "EQI_Built"   
[6] "EQI_Social"   "Smoking_Rate" "State_FIPS"  
Running MCMC with 4 parallel chains...

Chain 4 finished in 252.6 seconds.
Chain 1 finished in 254.7 seconds.
Chain 3 finished in 264.7 seconds.
Chain 2 finished in 267.0 seconds.

All 4 chains finished successfully.
Mean chain execution time: 259.8 seconds.
Total execution time: 269.1 seconds.

Running MCMC with 4 parallel chains...

Chain 2 finished in 265.0 seconds.
Chain 3 finished in 275.9 seconds.
Chain 1 finished in 283.2 seconds.
Chain 4 finished in 305.9 seconds.

All 4 chains finished successfully.
Mean chain execution time: 282.5 seconds.
Total execution time: 306.0 seconds.

Running MCMC with 4 parallel chains...

Chain 3 finished in 253.1 seconds.
Chain 4 finished in 265.2 seconds.
Chain 1 finished in 267.4 seconds.
Chain 2 finished in 276.6 seconds.

All 4 chains finished successfully.
Mean chain execution time: 265.6 seconds.
Total execution time: 276.7 seconds.

[2026-04-11 18:18:03] [INFO] - ✅ 完成: Cancer=G30
[2026-04-11 18:18:03] [INFO] - 输出目录: Result/brms_MRR_lag/
