[2026-05-04 21:02:13] [INFO] - 项目根目录: /public/home/acf4pijnzl/WDP
[2026-05-04 21:02:13] [INFO] - 开始处理任务 3
[2026-05-04 21:02:13] [INFO] - 处理outcome: I50
[1] "EQI"          "EQI_Air"      "EQI_Water"    "EQI_Land"     "EQI_Built"   
[6] "EQI_Social"   "Smoking_Rate" "State_FIPS"  
Running MCMC with 4 parallel chains...

Chain 2 finished in 293.5 seconds.
Chain 1 finished in 296.4 seconds.
Chain 4 finished in 333.1 seconds.
Chain 3 finished in 350.8 seconds.

All 4 chains finished successfully.
Mean chain execution time: 318.4 seconds.
Total execution time: 351.0 seconds.

Running MCMC with 4 parallel chains...

Chain 2 finished in 572.2 seconds.
Chain 3 finished in 577.8 seconds.
Chain 1 finished in 598.8 seconds.
Chain 4 finished in 638.9 seconds.

All 4 chains finished successfully.
Mean chain execution time: 596.9 seconds.
Total execution time: 639.1 seconds.

Running MCMC with 4 parallel chains...

Chain 3 finished in 87.8 seconds.
Chain 2 finished in 90.1 seconds.
Chain 4 finished in 91.7 seconds.
Chain 1 finished in 101.6 seconds.

All 4 chains finished successfully.
Mean chain execution time: 92.8 seconds.
Total execution time: 101.7 seconds.

Running MCMC with 4 parallel chains...

Chain 3 finished in 134.1 seconds.
Chain 4 finished in 152.1 seconds.
Chain 1 finished in 167.3 seconds.
Chain 2 finished in 193.2 seconds.

All 4 chains finished successfully.
Mean chain execution time: 161.7 seconds.
Total execution time: 193.3 seconds.

Running MCMC with 4 parallel chains...

Chain 4 finished in 25.1 seconds.
Chain 1 finished in 26.4 seconds.
Chain 3 finished in 27.5 seconds.
Chain 2 finished in 27.8 seconds.

All 4 chains finished successfully.
Mean chain execution time: 26.7 seconds.
Total execution time: 27.9 seconds.

Running MCMC with 4 parallel chains...

Chain 3 finished in 42.6 seconds.
Chain 4 finished in 44.1 seconds.
Chain 2 finished in 44.2 seconds.
Chain 1 finished in 45.0 seconds.

All 4 chains finished successfully.
Mean chain execution time: 44.0 seconds.
Total execution time: 45.1 seconds.

Running MCMC with 4 parallel chains...

Chain 2 finished in 87.1 seconds.
Chain 4 finished in 88.3 seconds.
Chain 1 finished in 91.8 seconds.
Chain 3 finished in 114.4 seconds.

All 4 chains finished successfully.
Mean chain execution time: 95.4 seconds.
Total execution time: 114.5 seconds.

Running MCMC with 4 parallel chains...

Chain 2 finished in 130.6 seconds.
Chain 4 finished in 135.2 seconds.
Chain 1 finished in 141.8 seconds.
Chain 3 finished in 148.7 seconds.

All 4 chains finished successfully.
Mean chain execution time: 139.1 seconds.
Total execution time: 148.9 seconds.

Running MCMC with 4 parallel chains...

Chain 4 finished in 36.2 seconds.
Chain 2 finished in 46.4 seconds.
Chain 3 finished in 50.3 seconds.
Chain 1 finished in 53.5 seconds.

All 4 chains finished successfully.
Mean chain execution time: 46.6 seconds.
Total execution time: 53.6 seconds.

Running MCMC with 4 parallel chains...

Chain 4 finished in 69.1 seconds.
Chain 2 finished in 76.4 seconds.
Chain 3 finished in 82.5 seconds.
Chain 1 finished in 84.8 seconds.

All 4 chains finished successfully.
Mean chain execution time: 78.2 seconds.
Total execution time: 84.9 seconds.

Running MCMC with 4 parallel chains...

Chain 3 finished in 279.4 seconds.
Chain 2 finished in 282.0 seconds.
Chain 4 finished in 301.5 seconds.
Chain 1 finished in 311.9 seconds.

All 4 chains finished successfully.
Mean chain execution time: 293.7 seconds.
Total execution time: 311.9 seconds.

Running MCMC with 4 parallel chains...

Chain 3 finished in 469.6 seconds.
Chain 1 finished in 493.3 seconds.
Chain 4 finished in 513.5 seconds.
Chain 2 finished in 527.0 seconds.

All 4 chains finished successfully.
Mean chain execution time: 500.8 seconds.
Total execution time: 527.1 seconds.

Running MCMC with 4 parallel chains...

Chain 2 finished in 93.0 seconds.
Chain 1 finished in 95.3 seconds.
Chain 4 finished in 96.3 seconds.
Chain 3 finished in 100.6 seconds.

All 4 chains finished successfully.
Mean chain execution time: 96.3 seconds.
Total execution time: 100.7 seconds.

Running MCMC with 4 parallel chains...

Chain 3 finished in 127.4 seconds.
Chain 1 finished in 127.9 seconds.
Chain 2 finished in 147.3 seconds.
Chain 4 finished in 153.6 seconds.

All 4 chains finished successfully.
Mean chain execution time: 139.0 seconds.
Total execution time: 153.7 seconds.

Running MCMC with 4 parallel chains...

Chain 4 finished in 24.8 seconds.
Chain 2 finished in 24.9 seconds.
Chain 3 finished in 25.0 seconds.
Chain 1 finished in 25.1 seconds.

All 4 chains finished successfully.
Mean chain execution time: 24.9 seconds.
Total execution time: 25.2 seconds.

Running MCMC with 4 parallel chains...

Chain 3 finished in 37.5 seconds.
Chain 2 finished in 37.8 seconds.
Chain 4 finished in 41.3 seconds.
Chain 1 finished in 41.6 seconds.

All 4 chains finished successfully.
Mean chain execution time: 39.5 seconds.
Total execution time: 41.7 seconds.

Running MCMC with 4 parallel chains...

Chain 3 finished in 85.9 seconds.
Chain 1 finished in 90.2 seconds.
Chain 4 finished in 93.1 seconds.
Chain 2 finished in 95.8 seconds.

All 4 chains finished successfully.
Mean chain execution time: 91.3 seconds.
Total execution time: 96.0 seconds.

Running MCMC with 4 parallel chains...

Chain 3 finished in 134.3 seconds.
Chain 2 finished in 135.1 seconds.
Chain 4 finished in 136.7 seconds.
Chain 1 finished in 139.2 seconds.

All 4 chains finished successfully.
Mean chain execution time: 136.3 seconds.
Total execution time: 139.3 seconds.

Running MCMC with 4 parallel chains...

Chain 4 finished in 43.2 seconds.
Chain 3 finished in 45.1 seconds.
Chain 1 finished in 45.8 seconds.
Chain 2 finished in 50.0 seconds.

All 4 chains finished successfully.
Mean chain execution time: 46.0 seconds.
Total execution time: 50.1 seconds.

Running MCMC with 4 parallel chains...

Chain 3 finished in 72.2 seconds.
Chain 2 finished in 72.6 seconds.
Chain 4 finished in 74.5 seconds.
Chain 1 finished in 78.6 seconds.

All 4 chains finished successfully.
Mean chain execution time: 74.5 seconds.
Total execution time: 78.6 seconds.

Running MCMC with 4 parallel chains...

Chain 3 finished in 274.8 seconds.
Chain 2 finished in 280.0 seconds.
Chain 1 finished in 281.1 seconds.
Chain 4 finished in 284.1 seconds.

All 4 chains finished successfully.
Mean chain execution time: 280.0 seconds.
Total execution time: 284.2 seconds.

Running MCMC with 4 parallel chains...

Chain 2 finished in 397.9 seconds.
Chain 4 finished in 420.5 seconds.
Chain 3 finished in 426.4 seconds.
Chain 1 finished in 429.6 seconds.

All 4 chains finished successfully.
Mean chain execution time: 418.6 seconds.
Total execution time: 429.8 seconds.

Running MCMC with 4 parallel chains...

Chain 1 finished in 85.1 seconds.
Chain 2 finished in 88.4 seconds.
Chain 4 finished in 90.2 seconds.
Chain 3 finished in 95.4 seconds.

All 4 chains finished successfully.
Mean chain execution time: 89.8 seconds.
Total execution time: 95.6 seconds.

Running MCMC with 4 parallel chains...

Chain 3 finished in 121.7 seconds.
Chain 4 finished in 128.5 seconds.
Chain 2 finished in 131.2 seconds.
Chain 1 finished in 145.0 seconds.

All 4 chains finished successfully.
Mean chain execution time: 131.6 seconds.
Total execution time: 145.0 seconds.

Running MCMC with 4 parallel chains...

Chain 2 finished in 24.3 seconds.
Chain 4 finished in 25.0 seconds.
Chain 3 finished in 26.0 seconds.
Chain 1 finished in 28.7 seconds.

All 4 chains finished successfully.
Mean chain execution time: 26.0 seconds.
Total execution time: 28.7 seconds.

Running MCMC with 4 parallel chains...

Chain 1 finished in 35.9 seconds.
Chain 2 finished in 36.1 seconds.
Chain 3 finished in 36.2 seconds.
Chain 4 finished in 41.8 seconds.

All 4 chains finished successfully.
Mean chain execution time: 37.5 seconds.
Total execution time: 41.9 seconds.

Running MCMC with 4 parallel chains...

Chain 1 finished in 78.0 seconds.
Chain 2 finished in 81.7 seconds.
Chain 4 finished in 87.4 seconds.
Chain 3 finished in 89.9 seconds.

All 4 chains finished successfully.
Mean chain execution time: 84.2 seconds.
Total execution time: 89.9 seconds.

Running MCMC with 4 parallel chains...

Chain 3 finished in 124.2 seconds.
Chain 2 finished in 128.9 seconds.
Chain 4 finished in 129.9 seconds.
Chain 1 finished in 137.9 seconds.

All 4 chains finished successfully.
Mean chain execution time: 130.3 seconds.
Total execution time: 138.1 seconds.

Running MCMC with 4 parallel chains...

Chain 3 finished in 44.3 seconds.
Chain 2 finished in 50.4 seconds.
Chain 4 finished in 52.2 seconds.
Chain 1 finished in 54.6 seconds.

All 4 chains finished successfully.
Mean chain execution time: 50.4 seconds.
Total execution time: 54.7 seconds.

Running MCMC with 4 parallel chains...

Chain 1 finished in 74.4 seconds.
Chain 3 finished in 74.5 seconds.
Chain 2 finished in 77.8 seconds.
Chain 4 finished in 80.8 seconds.

All 4 chains finished successfully.
Mean chain execution time: 76.8 seconds.
Total execution time: 80.9 seconds.

Running MCMC with 4 parallel chains...

Chain 4 finished in 212.1 seconds.
Chain 3 finished in 239.2 seconds.
Chain 2 finished in 253.2 seconds.
Chain 1 finished in 257.8 seconds.

All 4 chains finished successfully.
Mean chain execution time: 240.6 seconds.
Total execution time: 257.9 seconds.

Running MCMC with 4 parallel chains...

Chain 1 finished in 365.4 seconds.
Chain 4 finished in 366.5 seconds.
Chain 2 finished in 395.2 seconds.
Chain 3 finished in 411.0 seconds.

All 4 chains finished successfully.
Mean chain execution time: 384.5 seconds.
Total execution time: 411.1 seconds.

Running MCMC with 4 parallel chains...

Chain 2 finished in 114.4 seconds.
Chain 1 finished in 114.7 seconds.
Chain 4 finished in 120.5 seconds.
Chain 3 finished in 120.7 seconds.

All 4 chains finished successfully.
Mean chain execution time: 117.6 seconds.
Total execution time: 120.8 seconds.

Running MCMC with 4 parallel chains...

Chain 1 finished in 195.4 seconds.
Chain 2 finished in 224.4 seconds.
Chain 3 finished in 224.4 seconds.
Chain 4 finished in 230.6 seconds.

All 4 chains finished successfully.
Mean chain execution time: 218.7 seconds.
Total execution time: 230.8 seconds.

Running MCMC with 4 parallel chains...

Chain 1 finished in 22.3 seconds.
Chain 4 finished in 22.8 seconds.
Chain 2 finished in 23.1 seconds.
Chain 3 finished in 24.4 seconds.

All 4 chains finished successfully.
Mean chain execution time: 23.2 seconds.
Total execution time: 24.5 seconds.

Running MCMC with 4 parallel chains...

Chain 3 finished in 35.6 seconds.
Chain 4 finished in 35.7 seconds.
Chain 2 finished in 37.9 seconds.
Chain 1 finished in 38.2 seconds.

All 4 chains finished successfully.
Mean chain execution time: 36.8 seconds.
Total execution time: 38.3 seconds.

Running MCMC with 4 parallel chains...

Chain 4 finished in 83.0 seconds.
Chain 2 finished in 84.1 seconds.
Chain 1 finished in 84.9 seconds.
Chain 3 finished in 89.4 seconds.

All 4 chains finished successfully.
Mean chain execution time: 85.4 seconds.
Total execution time: 89.6 seconds.

Running MCMC with 4 parallel chains...

Chain 2 finished in 117.1 seconds.
Chain 3 finished in 136.0 seconds.
Chain 4 finished in 140.5 seconds.
Chain 1 finished in 142.9 seconds.

All 4 chains finished successfully.
Mean chain execution time: 134.1 seconds.
Total execution time: 143.1 seconds.

Running MCMC with 4 parallel chains...

Chain 3 finished in 42.1 seconds.
Chain 1 finished in 45.0 seconds.
Chain 2 finished in 47.9 seconds.
Chain 4 finished in 49.8 seconds.

All 4 chains finished successfully.
Mean chain execution time: 46.2 seconds.
Total execution time: 49.9 seconds.

Running MCMC with 4 parallel chains...

Chain 1 finished in 93.1 seconds.
Chain 3 finished in 94.5 seconds.
Chain 4 finished in 104.6 seconds.
Chain 2 finished in 115.1 seconds.

All 4 chains finished successfully.
Mean chain execution time: 101.8 seconds.
Total execution time: 115.1 seconds.

Running MCMC with 4 parallel chains...

Chain 1 finished in 269.4 seconds.
Chain 3 finished in 303.5 seconds.
Chain 4 finished in 308.1 seconds.
Chain 2 finished in 322.4 seconds.

All 4 chains finished successfully.
Mean chain execution time: 300.9 seconds.
Total execution time: 322.6 seconds.

Running MCMC with 4 parallel chains...

Chain 2 finished in 430.9 seconds.
Chain 4 finished in 444.4 seconds.
Chain 1 finished in 445.6 seconds.
Chain 3 finished in 458.7 seconds.

All 4 chains finished successfully.
Mean chain execution time: 444.9 seconds.
Total execution time: 458.9 seconds.

Running MCMC with 4 parallel chains...

Chain 3 finished in 88.4 seconds.
Chain 4 finished in 90.3 seconds.
Chain 2 finished in 95.4 seconds.
Chain 1 finished in 96.6 seconds.

All 4 chains finished successfully.
Mean chain execution time: 92.7 seconds.
Total execution time: 96.6 seconds.

Running MCMC with 4 parallel chains...

Chain 2 finished in 122.1 seconds.
Chain 4 finished in 125.2 seconds.
Chain 1 finished in 126.1 seconds.
Chain 3 finished in 129.0 seconds.

All 4 chains finished successfully.
Mean chain execution time: 125.6 seconds.
Total execution time: 129.2 seconds.

Running MCMC with 4 parallel chains...

Chain 2 finished in 19.7 seconds.
Chain 4 finished in 21.8 seconds.
Chain 1 finished in 22.6 seconds.
Chain 3 finished in 22.6 seconds.

All 4 chains finished successfully.
Mean chain execution time: 21.7 seconds.
Total execution time: 22.8 seconds.

Running MCMC with 4 parallel chains...

Chain 4 finished in 32.6 seconds.
Chain 3 finished in 36.6 seconds.
Chain 1 finished in 37.3 seconds.
Chain 2 finished in 39.6 seconds.

All 4 chains finished successfully.
Mean chain execution time: 36.5 seconds.
Total execution time: 39.7 seconds.

Running MCMC with 4 parallel chains...

Chain 1 finished in 81.7 seconds.
Chain 4 finished in 82.2 seconds.
Chain 3 finished in 89.2 seconds.
Chain 2 finished in 92.3 seconds.

All 4 chains finished successfully.
Mean chain execution time: 86.3 seconds.
Total execution time: 92.4 seconds.

Running MCMC with 4 parallel chains...

Chain 2 finished in 122.0 seconds.
Chain 4 finished in 124.3 seconds.
Chain 3 finished in 134.7 seconds.
Chain 1 finished in 141.3 seconds.

All 4 chains finished successfully.
Mean chain execution time: 130.6 seconds.
Total execution time: 141.4 seconds.

Running MCMC with 4 parallel chains...

Chain 2 finished in 39.9 seconds.
Chain 4 finished in 42.8 seconds.
Chain 3 finished in 44.3 seconds.
Chain 1 finished in 46.7 seconds.

All 4 chains finished successfully.
Mean chain execution time: 43.4 seconds.
Total execution time: 46.8 seconds.

Running MCMC with 4 parallel chains...

Chain 1 finished in 64.6 seconds.
Chain 2 finished in 66.3 seconds.
Chain 3 finished in 70.7 seconds.
Chain 4 finished in 72.1 seconds.

All 4 chains finished successfully.
Mean chain execution time: 68.4 seconds.
Total execution time: 72.3 seconds.

Running MCMC with 4 parallel chains...

Chain 4 finished in 263.0 seconds.
Chain 1 finished in 270.0 seconds.
Chain 3 finished in 271.0 seconds.
Chain 2 finished in 276.7 seconds.

All 4 chains finished successfully.
Mean chain execution time: 270.2 seconds.
Total execution time: 276.9 seconds.

Running MCMC with 4 parallel chains...

Chain 1 finished in 363.4 seconds.
Chain 4 finished in 384.2 seconds.
Chain 3 finished in 406.4 seconds.
Chain 2 finished in 413.2 seconds.

All 4 chains finished successfully.
Mean chain execution time: 391.8 seconds.
Total execution time: 413.3 seconds.

Running MCMC with 4 parallel chains...

Chain 4 finished in 78.5 seconds.
Chain 2 finished in 88.6 seconds.
Chain 3 finished in 88.8 seconds.
Chain 1 finished in 97.0 seconds.

All 4 chains finished successfully.
Mean chain execution time: 88.2 seconds.
Total execution time: 97.0 seconds.

Running MCMC with 4 parallel chains...

Chain 2 finished in 121.5 seconds.
Chain 1 finished in 126.5 seconds.
Chain 4 finished in 126.6 seconds.
Chain 3 finished in 126.8 seconds.

All 4 chains finished successfully.
Mean chain execution time: 125.4 seconds.
Total execution time: 127.0 seconds.

Running MCMC with 4 parallel chains...

Chain 1 finished in 19.4 seconds.
Chain 4 finished in 22.2 seconds.
Chain 2 finished in 22.7 seconds.
Chain 3 finished in 25.5 seconds.

All 4 chains finished successfully.
Mean chain execution time: 22.5 seconds.
Total execution time: 25.6 seconds.

Running MCMC with 4 parallel chains...

Chain 1 finished in 33.7 seconds.
Chain 2 finished in 35.1 seconds.
Chain 3 finished in 35.8 seconds.
Chain 4 finished in 38.0 seconds.

All 4 chains finished successfully.
Mean chain execution time: 35.6 seconds.
Total execution time: 38.1 seconds.

Running MCMC with 4 parallel chains...

Chain 4 finished in 82.8 seconds.
Chain 2 finished in 83.8 seconds.
Chain 3 finished in 87.7 seconds.
Chain 1 finished in 94.8 seconds.

All 4 chains finished successfully.
Mean chain execution time: 87.3 seconds.
Total execution time: 94.9 seconds.

Running MCMC with 4 parallel chains...

Chain 2 finished in 115.9 seconds.
Chain 4 finished in 119.8 seconds.
Chain 1 finished in 124.8 seconds.
Chain 3 finished in 142.8 seconds.

All 4 chains finished successfully.
Mean chain execution time: 125.8 seconds.
Total execution time: 143.0 seconds.

Running MCMC with 4 parallel chains...

Chain 3 finished in 47.6 seconds.
Chain 4 finished in 47.6 seconds.
Chain 1 finished in 48.8 seconds.
Chain 2 finished in 51.0 seconds.

All 4 chains finished successfully.
Mean chain execution time: 48.7 seconds.
Total execution time: 51.1 seconds.

Running MCMC with 4 parallel chains...

Chain 2 finished in 67.3 seconds.
Chain 1 finished in 68.2 seconds.
Chain 3 finished in 71.2 seconds.
Chain 4 finished in 72.8 seconds.

All 4 chains finished successfully.
Mean chain execution time: 69.9 seconds.
Total execution time: 72.9 seconds.

Running MCMC with 4 parallel chains...

Chain 1 finished in 215.6 seconds.
Chain 3 finished in 218.4 seconds.
Chain 4 finished in 249.6 seconds.
Chain 2 finished in 252.4 seconds.

All 4 chains finished successfully.
Mean chain execution time: 234.0 seconds.
Total execution time: 252.5 seconds.

Running MCMC with 4 parallel chains...

Chain 1 finished in 351.2 seconds.
Chain 2 finished in 413.7 seconds.
Chain 3 finished in 434.6 seconds.
Chain 4 finished in 435.4 seconds.

All 4 chains finished successfully.
Mean chain execution time: 408.7 seconds.
Total execution time: 435.6 seconds.

Running MCMC with 4 parallel chains...

Chain 1 finished in 114.5 seconds.
Chain 3 finished in 114.6 seconds.
Chain 2 finished in 123.2 seconds.
Chain 4 finished in 139.0 seconds.

All 4 chains finished successfully.
Mean chain execution time: 122.8 seconds.
Total execution time: 139.2 seconds.

Running MCMC with 4 parallel chains...

Chain 2 finished in 167.7 seconds.
Chain 3 finished in 196.6 seconds.
Chain 4 finished in 202.2 seconds.
Chain 1 finished in 208.7 seconds.

All 4 chains finished successfully.
Mean chain execution time: 193.8 seconds.
Total execution time: 208.8 seconds.

Running MCMC with 4 parallel chains...

Chain 4 finished in 18.0 seconds.
Chain 1 finished in 20.2 seconds.
Chain 3 finished in 20.3 seconds.
Chain 2 finished in 21.5 seconds.

All 4 chains finished successfully.
Mean chain execution time: 20.0 seconds.
Total execution time: 21.6 seconds.

Running MCMC with 4 parallel chains...

Chain 2 finished in 30.8 seconds.
Chain 1 finished in 31.3 seconds.
Chain 3 finished in 31.9 seconds.
Chain 4 finished in 35.4 seconds.

All 4 chains finished successfully.
Mean chain execution time: 32.4 seconds.
Total execution time: 35.5 seconds.

Running MCMC with 4 parallel chains...

Chain 4 finished in 76.5 seconds.
Chain 2 finished in 80.1 seconds.
Chain 1 finished in 86.7 seconds.
Chain 3 finished in 103.0 seconds.

All 4 chains finished successfully.
Mean chain execution time: 86.6 seconds.
Total execution time: 103.1 seconds.

Running MCMC with 4 parallel chains...

Chain 2 finished in 116.1 seconds.
Chain 3 finished in 124.2 seconds.
Chain 4 finished in 130.9 seconds.
Chain 1 finished in 133.5 seconds.

All 4 chains finished successfully.
Mean chain execution time: 126.2 seconds.
Total execution time: 133.6 seconds.

Running MCMC with 4 parallel chains...

Chain 1 finished in 33.4 seconds.
Chain 4 finished in 36.6 seconds.
Chain 3 finished in 44.3 seconds.
Chain 2 finished in 48.7 seconds.

All 4 chains finished successfully.
Mean chain execution time: 40.7 seconds.
Total execution time: 48.8 seconds.

Running MCMC with 4 parallel chains...

Chain 1 finished in 60.8 seconds.
Chain 2 finished in 68.8 seconds.
Chain 3 finished in 69.3 seconds.
Chain 4 finished in 76.5 seconds.

All 4 chains finished successfully.
Mean chain execution time: 68.8 seconds.
Total execution time: 76.7 seconds.

[2026-05-04 23:58:58] [INFO] - ✅ 完成: Outcome=I50
