[2026-05-07 01:19:43] [INFO] Project root: /public/home/vanadiumscandium/WDP
[2026-05-07 01:19:46] [INFO] Task 6 → Outcome=C00_C97
[1] "EQI"                       "Smoking_rate"             
[3] "Physical_Activities_rate"  "Obesity_rate"             
[5] "Uninsured_rate"            "Physician_Density_per100k"
[7] "Diabetes_Prevalence_rate"  "State_FIPS"               
Running MCMC with 4 parallel chains...

Chain 1 finished in 351.0 seconds.
Chain 4 finished in 369.9 seconds.
Chain 3 finished in 393.0 seconds.
Chain 2 finished in 396.5 seconds.

All 4 chains finished successfully.
Mean chain execution time: 377.6 seconds.
Total execution time: 396.8 seconds.

Running MCMC with 4 parallel chains...

Chain 3 finished in 215.6 seconds.
Chain 2 finished in 223.1 seconds.
Chain 4 finished in 228.8 seconds.
Chain 1 finished in 283.3 seconds.

All 4 chains finished successfully.
Mean chain execution time: 237.7 seconds.
Total execution time: 283.5 seconds.

Running MCMC with 4 parallel chains...

Chain 4 finished in 696.7 seconds.
Chain 3 finished in 738.1 seconds.
Chain 1 finished in 813.7 seconds.
Chain 2 finished in 825.1 seconds.

All 4 chains finished successfully.
Mean chain execution time: 768.4 seconds.
Total execution time: 825.3 seconds.

Running MCMC with 4 parallel chains...

Chain 2 finished in 183.3 seconds.
Chain 1 finished in 229.4 seconds.
Chain 3 finished in 231.8 seconds.
Chain 4 finished in 234.5 seconds.

All 4 chains finished successfully.
Mean chain execution time: 219.7 seconds.
Total execution time: 234.8 seconds.

Running MCMC with 4 parallel chains...

Chain 4 finished in 514.6 seconds.
Chain 1 finished in 544.8 seconds.
Chain 2 finished in 551.3 seconds.
Chain 3 finished in 620.0 seconds.

All 4 chains finished successfully.
Mean chain execution time: 557.7 seconds.
Total execution time: 620.2 seconds.

Running MCMC with 4 parallel chains...

Chain 2 finished in 406.3 seconds.
Chain 1 finished in 425.7 seconds.
Chain 3 finished in 441.5 seconds.
Chain 4 finished in 478.0 seconds.

All 4 chains finished successfully.
Mean chain execution time: 437.9 seconds.
Total execution time: 478.1 seconds.

Running MCMC with 4 parallel chains...

Chain 1 finished in 205.4 seconds.
Chain 2 finished in 205.9 seconds.
Chain 3 finished in 206.8 seconds.
Chain 4 finished in 218.6 seconds.

All 4 chains finished successfully.
Mean chain execution time: 209.2 seconds.
Total execution time: 218.8 seconds.

Running MCMC with 4 parallel chains...

Chain 2 finished in 314.6 seconds.
Chain 1 finished in 319.5 seconds.
Chain 4 finished in 332.6 seconds.
Chain 3 finished in 373.7 seconds.

All 4 chains finished successfully.
Mean chain execution time: 335.1 seconds.
Total execution time: 373.9 seconds.

Running MCMC with 4 parallel chains...

Chain 3 finished in 307.9 seconds.
Chain 1 finished in 332.0 seconds.
Chain 4 finished in 350.3 seconds.
Chain 2 finished in 356.8 seconds.

All 4 chains finished successfully.
Mean chain execution time: 336.8 seconds.
Total execution time: 357.0 seconds.

Running MCMC with 4 parallel chains...

Chain 1 finished in 235.5 seconds.
Chain 4 finished in 242.7 seconds.
Chain 2 finished in 252.2 seconds.
Chain 3 finished in 268.2 seconds.

All 4 chains finished successfully.
Mean chain execution time: 249.7 seconds.
Total execution time: 268.4 seconds.

Running MCMC with 4 parallel chains...

Chain 2 finished in 392.1 seconds.
Chain 1 finished in 401.5 seconds.
Chain 3 finished in 407.4 seconds.
Chain 4 finished in 437.2 seconds.

All 4 chains finished successfully.
Mean chain execution time: 409.5 seconds.
Total execution time: 437.4 seconds.

Running MCMC with 4 parallel chains...

Chain 1 finished in 245.8 seconds.
Chain 2 finished in 255.7 seconds.
Chain 4 finished in 265.2 seconds.
Chain 3 finished in 303.4 seconds.

All 4 chains finished successfully.
Mean chain execution time: 267.5 seconds.
Total execution time: 303.6 seconds.

Running MCMC with 4 parallel chains...

Chain 1 finished in 338.9 seconds.
Chain 4 finished in 347.2 seconds.
Chain 3 finished in 351.0 seconds.
Chain 2 finished in 389.9 seconds.

All 4 chains finished successfully.
Mean chain execution time: 356.8 seconds.
Total execution time: 390.1 seconds.

Running MCMC with 4 parallel chains...

Chain 2 finished in 981.2 seconds.
Chain 3 finished in 1021.9 seconds.
Chain 1 finished in 1069.6 seconds.
Chain 4 finished in 1113.1 seconds.

All 4 chains finished successfully.
Mean chain execution time: 1046.5 seconds.
Total execution time: 1113.3 seconds.

Running MCMC with 4 parallel chains...

Chain 2 finished in 724.0 seconds.
Chain 3 finished in 759.1 seconds.
Chain 4 finished in 785.4 seconds.
Chain 1 finished in 881.2 seconds.

All 4 chains finished successfully.
Mean chain execution time: 787.4 seconds.
Total execution time: 881.2 seconds.

Running MCMC with 4 parallel chains...

Chain 2 finished in 289.1 seconds.
Chain 3 finished in 301.8 seconds.
Chain 4 finished in 305.0 seconds.
Chain 1 finished in 338.1 seconds.

All 4 chains finished successfully.
Mean chain execution time: 308.5 seconds.
Total execution time: 338.2 seconds.

Running MCMC with 4 parallel chains...

Chain 4 finished in 248.3 seconds.
Chain 1 finished in 253.7 seconds.
Chain 3 finished in 255.0 seconds.
Chain 2 finished in 265.1 seconds.

All 4 chains finished successfully.
Mean chain execution time: 255.5 seconds.
Total execution time: 265.3 seconds.

Running MCMC with 4 parallel chains...

Chain 3 finished in 360.9 seconds.
Chain 1 finished in 371.8 seconds.
Chain 2 finished in 380.7 seconds.
Chain 4 finished in 385.1 seconds.

All 4 chains finished successfully.
Mean chain execution time: 374.6 seconds.
Total execution time: 385.3 seconds.

Running MCMC with 4 parallel chains...

Chain 2 finished in 296.6 seconds.
Chain 3 finished in 325.5 seconds.
Chain 1 finished in 366.7 seconds.
Chain 4 finished in 373.3 seconds.

All 4 chains finished successfully.
Mean chain execution time: 340.5 seconds.
Total execution time: 373.5 seconds.

Running MCMC with 4 parallel chains...

Chain 1 finished in 539.0 seconds.
Chain 3 finished in 551.1 seconds.
Chain 4 finished in 560.0 seconds.
Chain 2 finished in 571.6 seconds.

All 4 chains finished successfully.
Mean chain execution time: 555.4 seconds.
Total execution time: 571.7 seconds.

Running MCMC with 4 parallel chains...

Chain 2 finished in 389.4 seconds.
Chain 4 finished in 408.2 seconds.
Chain 3 finished in 411.5 seconds.
Chain 1 finished in 450.3 seconds.

All 4 chains finished successfully.
Mean chain execution time: 414.9 seconds.
Total execution time: 450.4 seconds.

Running MCMC with 4 parallel chains...

Chain 3 finished in 331.8 seconds.
Chain 4 finished in 345.4 seconds.
Chain 1 finished in 354.2 seconds.
Chain 2 finished in 437.4 seconds.

All 4 chains finished successfully.
Mean chain execution time: 367.2 seconds.
Total execution time: 437.6 seconds.

Running MCMC with 4 parallel chains...

Chain 1 finished in 410.2 seconds.
Chain 4 finished in 420.5 seconds.
Chain 3 finished in 427.2 seconds.
Chain 2 finished in 439.6 seconds.

All 4 chains finished successfully.
Mean chain execution time: 424.4 seconds.
Total execution time: 439.8 seconds.

Running MCMC with 4 parallel chains...

Chain 4 finished in 357.1 seconds.
Chain 2 finished in 358.3 seconds.
Chain 3 finished in 397.8 seconds.
Chain 1 finished in 452.6 seconds.

All 4 chains finished successfully.
Mean chain execution time: 391.4 seconds.
Total execution time: 452.7 seconds.

Running MCMC with 4 parallel chains...

Chain 4 finished in 429.8 seconds.
Chain 3 finished in 471.2 seconds.
Chain 1 finished in 477.7 seconds.
Chain 2 finished in 490.8 seconds.

All 4 chains finished successfully.
Mean chain execution time: 467.4 seconds.
Total execution time: 491.0 seconds.

Running MCMC with 4 parallel chains...

Chain 1 finished in 354.7 seconds.
Chain 4 finished in 382.4 seconds.
Chain 2 finished in 397.3 seconds.
Chain 3 finished in 437.7 seconds.

All 4 chains finished successfully.
Mean chain execution time: 393.0 seconds.
Total execution time: 437.9 seconds.

Running MCMC with 4 parallel chains...

Chain 4 finished in 338.8 seconds.
Chain 1 finished in 384.5 seconds.
Chain 3 finished in 403.0 seconds.
Chain 2 finished in 433.8 seconds.

All 4 chains finished successfully.
Mean chain execution time: 390.1 seconds.
Total execution time: 434.0 seconds.

Running MCMC with 4 parallel chains...

Chain 1 finished in 524.0 seconds.
Chain 2 finished in 535.7 seconds.
Chain 3 finished in 555.1 seconds.
Chain 4 finished in 555.3 seconds.

All 4 chains finished successfully.
Mean chain execution time: 542.5 seconds.
Total execution time: 555.4 seconds.

Running MCMC with 4 parallel chains...

Chain 1 finished in 431.0 seconds.
Chain 2 finished in 438.9 seconds.
Chain 4 finished in 455.4 seconds.
Chain 3 finished in 460.4 seconds.

All 4 chains finished successfully.
Mean chain execution time: 446.4 seconds.
Total execution time: 460.6 seconds.

Running MCMC with 4 parallel chains...

Chain 3 finished in 388.9 seconds.
Chain 1 finished in 409.1 seconds.
Chain 4 finished in 439.7 seconds.
Chain 2 finished in 440.1 seconds.

All 4 chains finished successfully.
Mean chain execution time: 419.5 seconds.
Total execution time: 440.3 seconds.

Running MCMC with 4 parallel chains...

Chain 4 finished in 260.8 seconds.
Chain 3 finished in 266.5 seconds.
Chain 1 finished in 273.7 seconds.
Chain 2 finished in 286.8 seconds.

All 4 chains finished successfully.
Mean chain execution time: 271.9 seconds.
Total execution time: 286.9 seconds.

Running MCMC with 4 parallel chains...

Chain 1 finished in 423.3 seconds.
Chain 3 finished in 439.0 seconds.
Chain 4 finished in 441.4 seconds.
Chain 2 finished in 462.9 seconds.

All 4 chains finished successfully.
Mean chain execution time: 441.6 seconds.
Total execution time: 463.0 seconds.

Running MCMC with 4 parallel chains...

Chain 4 finished in 331.1 seconds.
Chain 2 finished in 334.3 seconds.
Chain 1 finished in 379.5 seconds.
Chain 3 finished in 405.7 seconds.

All 4 chains finished successfully.
Mean chain execution time: 362.7 seconds.
Total execution time: 405.9 seconds.

Running MCMC with 4 parallel chains...

Chain 4 finished in 417.9 seconds.
Chain 3 finished in 480.3 seconds.
Chain 1 finished in 499.5 seconds.
Chain 2 finished in 524.4 seconds.

All 4 chains finished successfully.
Mean chain execution time: 480.5 seconds.
Total execution time: 524.5 seconds.

Running MCMC with 4 parallel chains...

Chain 3 finished in 443.8 seconds.
Chain 1 finished in 469.0 seconds.
Chain 2 finished in 486.0 seconds.
Chain 4 finished in 516.5 seconds.

All 4 chains finished successfully.
Mean chain execution time: 478.8 seconds.
Total execution time: 516.7 seconds.

Running MCMC with 4 parallel chains...

Chain 4 finished in 927.8 seconds.
Chain 2 finished in 1068.8 seconds.
Chain 1 finished in 1111.0 seconds.
Chain 3 finished in 1147.3 seconds.

All 4 chains finished successfully.
Mean chain execution time: 1063.7 seconds.
Total execution time: 1147.5 seconds.

Running MCMC with 4 parallel chains...

Chain 3 finished in 320.0 seconds.
Chain 2 finished in 320.6 seconds.
Chain 4 finished in 324.4 seconds.
Chain 1 finished in 335.9 seconds.

All 4 chains finished successfully.
Mean chain execution time: 325.2 seconds.
Total execution time: 336.0 seconds.

Running MCMC with 4 parallel chains...

Chain 3 finished in 396.5 seconds.
Chain 1 finished in 406.5 seconds.
Chain 4 finished in 420.4 seconds.
Chain 2 finished in 452.7 seconds.

All 4 chains finished successfully.
Mean chain execution time: 419.0 seconds.
Total execution time: 452.9 seconds.

Running MCMC with 4 parallel chains...

Chain 4 finished in 409.6 seconds.
Chain 2 finished in 443.8 seconds.
Chain 3 finished in 444.1 seconds.
Chain 1 finished in 469.1 seconds.

All 4 chains finished successfully.
Mean chain execution time: 441.6 seconds.
Total execution time: 469.1 seconds.

Running MCMC with 4 parallel chains...

Chain 3 finished in 319.4 seconds.
Chain 1 finished in 322.0 seconds.
Chain 2 finished in 396.2 seconds.
Chain 4 finished in 420.0 seconds.

All 4 chains finished successfully.
Mean chain execution time: 364.4 seconds.
Total execution time: 420.2 seconds.

Running MCMC with 4 parallel chains...

Chain 3 finished in 466.4 seconds.
Chain 1 finished in 530.3 seconds.
Chain 4 finished in 535.9 seconds.
Chain 2 finished in 553.0 seconds.

All 4 chains finished successfully.
Mean chain execution time: 521.4 seconds.
Total execution time: 553.2 seconds.

Running MCMC with 4 parallel chains...

Chain 1 finished in 487.5 seconds.
Chain 4 finished in 492.7 seconds.
Chain 3 finished in 537.0 seconds.
Chain 2 finished in 638.0 seconds.

All 4 chains finished successfully.
Mean chain execution time: 538.8 seconds.
Total execution time: 638.1 seconds.

Running MCMC with 4 parallel chains...

Chain 3 finished in 480.6 seconds.
Chain 1 finished in 498.8 seconds.
Chain 4 finished in 503.6 seconds.
Chain 2 finished in 517.9 seconds.

All 4 chains finished successfully.
Mean chain execution time: 500.2 seconds.
Total execution time: 518.1 seconds.

Running MCMC with 4 parallel chains...

Chain 3 finished in 604.8 seconds.
Chain 4 finished in 606.0 seconds.
Chain 2 finished in 619.2 seconds.
Chain 1 finished in 654.6 seconds.

All 4 chains finished successfully.
Mean chain execution time: 621.1 seconds.
Total execution time: 654.7 seconds.

Running MCMC with 4 parallel chains...

Chain 3 finished in 519.5 seconds.
Chain 1 finished in 538.4 seconds.
Chain 2 finished in 548.6 seconds.
Chain 4 finished in 565.3 seconds.

All 4 chains finished successfully.
Mean chain execution time: 542.9 seconds.
Total execution time: 565.5 seconds.

Running MCMC with 4 parallel chains...

Chain 1 finished in 485.5 seconds.
Chain 2 finished in 501.9 seconds.
Chain 4 finished in 510.2 seconds.
Chain 3 finished in 579.1 seconds.

All 4 chains finished successfully.
Mean chain execution time: 519.2 seconds.
Total execution time: 579.2 seconds.

Running MCMC with 4 parallel chains...

Chain 4 finished in 405.0 seconds.
Chain 3 finished in 462.1 seconds.
Chain 1 finished in 471.7 seconds.
Chain 2 finished in 495.5 seconds.

All 4 chains finished successfully.
Mean chain execution time: 458.6 seconds.
Total execution time: 495.7 seconds.

Running MCMC with 4 parallel chains...

Chain 3 finished in 490.8 seconds.
Chain 1 finished in 530.8 seconds.
Chain 2 finished in 562.4 seconds.
Chain 4 finished in 632.8 seconds.

All 4 chains finished successfully.
Mean chain execution time: 554.2 seconds.
Total execution time: 633.0 seconds.

Running MCMC with 4 parallel chains...

Chain 1 finished in 526.6 seconds.
Chain 2 finished in 529.3 seconds.
Chain 4 finished in 530.3 seconds.
Chain 3 finished in 555.3 seconds.

All 4 chains finished successfully.
Mean chain execution time: 535.4 seconds.
Total execution time: 555.4 seconds.

Running MCMC with 4 parallel chains...

Chain 2 finished in 426.0 seconds.
Chain 4 finished in 444.8 seconds.
Chain 3 finished in 453.9 seconds.
Chain 1 finished in 459.3 seconds.

All 4 chains finished successfully.
Mean chain execution time: 446.0 seconds.
Total execution time: 459.4 seconds.

Running MCMC with 4 parallel chains...

Chain 1 finished in 561.5 seconds.
Chain 2 finished in 584.6 seconds.
Chain 3 finished in 608.5 seconds.
Chain 4 finished in 656.2 seconds.

All 4 chains finished successfully.
Mean chain execution time: 602.7 seconds.
Total execution time: 656.4 seconds.

Running MCMC with 4 parallel chains...

Chain 4 finished in 439.5 seconds.
Chain 1 finished in 445.4 seconds.
Chain 3 finished in 456.9 seconds.
Chain 2 finished in 460.4 seconds.

All 4 chains finished successfully.
Mean chain execution time: 450.5 seconds.
Total execution time: 460.6 seconds.

Running MCMC with 4 parallel chains...

Chain 2 finished in 460.6 seconds.
Chain 1 finished in 478.1 seconds.
Chain 3 finished in 500.0 seconds.
Chain 4 finished in 505.9 seconds.

All 4 chains finished successfully.
Mean chain execution time: 486.1 seconds.
Total execution time: 506.1 seconds.

Running MCMC with 4 parallel chains...

Chain 4 finished in 480.9 seconds.
Chain 1 finished in 488.9 seconds.
Chain 3 finished in 494.9 seconds.
Chain 2 finished in 509.6 seconds.

All 4 chains finished successfully.
Mean chain execution time: 493.6 seconds.
Total execution time: 509.8 seconds.

Running MCMC with 4 parallel chains...

Chain 2 finished in 611.9 seconds.
Chain 4 finished in 628.8 seconds.
Chain 1 finished in 652.0 seconds.
Chain 3 finished in 661.8 seconds.

All 4 chains finished successfully.
Mean chain execution time: 638.6 seconds.
Total execution time: 662.0 seconds.

Running MCMC with 4 parallel chains...

Chain 4 finished in 441.8 seconds.
Chain 3 finished in 451.6 seconds.
Chain 1 finished in 466.7 seconds.
Chain 2 finished in 484.4 seconds.

All 4 chains finished successfully.
Mean chain execution time: 461.1 seconds.
Total execution time: 484.6 seconds.

Running MCMC with 4 parallel chains...

Chain 3 finished in 505.2 seconds.
Chain 1 finished in 520.8 seconds.
Chain 2 finished in 543.9 seconds.
Chain 4 finished in 549.9 seconds.

All 4 chains finished successfully.
Mean chain execution time: 530.0 seconds.
Total execution time: 550.1 seconds.

Running MCMC with 4 parallel chains...

Chain 1 finished in 609.7 seconds.
Chain 3 finished in 626.3 seconds.
Chain 4 finished in 636.8 seconds.
Chain 2 finished in 699.0 seconds.

All 4 chains finished successfully.
Mean chain execution time: 642.9 seconds.
Total execution time: 699.1 seconds.

Running MCMC with 4 parallel chains...

Chain 1 finished in 548.8 seconds.
Chain 4 finished in 566.6 seconds.
Chain 3 finished in 570.2 seconds.
Chain 2 finished in 571.8 seconds.

All 4 chains finished successfully.
Mean chain execution time: 564.3 seconds.
Total execution time: 572.0 seconds.

Running MCMC with 4 parallel chains...

Chain 2 finished in 663.3 seconds.
Chain 3 finished in 665.8 seconds.
Chain 1 finished in 683.9 seconds.
Chain 4 finished in 690.4 seconds.

All 4 chains finished successfully.
Mean chain execution time: 675.9 seconds.
Total execution time: 690.7 seconds.

Running MCMC with 4 parallel chains...

Chain 3 finished in 602.2 seconds.
Chain 2 finished in 604.6 seconds.
Chain 4 finished in 628.5 seconds.
Chain 1 finished in 655.6 seconds.

All 4 chains finished successfully.
Mean chain execution time: 622.7 seconds.
Total execution time: 655.7 seconds.

Running MCMC with 4 parallel chains...

Chain 4 finished in 611.1 seconds.
Chain 2 finished in 630.1 seconds.
Chain 3 finished in 660.6 seconds.
Chain 1 finished in 678.9 seconds.

All 4 chains finished successfully.
Mean chain execution time: 645.2 seconds.
Total execution time: 679.0 seconds.

Running MCMC with 4 parallel chains...

Chain 3 finished in 651.9 seconds.
Chain 1 finished in 654.0 seconds.
Chain 4 finished in 679.0 seconds.
Chain 2 finished in 691.3 seconds.

All 4 chains finished successfully.
Mean chain execution time: 669.0 seconds.
Total execution time: 691.5 seconds.

Running MCMC with 4 parallel chains...

Chain 1 finished in 647.3 seconds.
Chain 4 finished in 721.2 seconds.
Chain 3 finished in 726.5 seconds.
Chain 2 finished in 743.2 seconds.

All 4 chains finished successfully.
Mean chain execution time: 709.6 seconds.
Total execution time: 743.3 seconds.

Running MCMC with 4 parallel chains...

Chain 3 finished in 158.4 seconds.
Chain 2 finished in 161.0 seconds.
Chain 1 finished in 161.0 seconds.
Chain 4 finished in 166.4 seconds.

All 4 chains finished successfully.
Mean chain execution time: 161.7 seconds.
Total execution time: 166.5 seconds.

Running MCMC with 4 parallel chains...

Chain 2 finished in 79.6 seconds.
Chain 3 finished in 79.8 seconds.
Chain 4 finished in 79.9 seconds.
Chain 1 finished in 82.4 seconds.

All 4 chains finished successfully.
Mean chain execution time: 80.5 seconds.
Total execution time: 82.5 seconds.

Running MCMC with 4 parallel chains...

Chain 4 finished in 101.7 seconds.
Chain 1 finished in 106.0 seconds.
Chain 2 finished in 106.4 seconds.
Chain 3 finished in 117.0 seconds.

All 4 chains finished successfully.
Mean chain execution time: 107.8 seconds.
Total execution time: 117.1 seconds.

Running MCMC with 4 parallel chains...

Chain 4 finished in 77.9 seconds.
Chain 2 finished in 79.6 seconds.
Chain 3 finished in 82.2 seconds.
Chain 1 finished in 86.3 seconds.

All 4 chains finished successfully.
Mean chain execution time: 81.5 seconds.
Total execution time: 86.4 seconds.

Running MCMC with 4 parallel chains...

Chain 2 finished in 154.2 seconds.
Chain 3 finished in 165.2 seconds.
Chain 1 finished in 174.5 seconds.
Chain 4 finished in 181.2 seconds.

All 4 chains finished successfully.
Mean chain execution time: 168.8 seconds.
Total execution time: 181.4 seconds.

Running MCMC with 4 parallel chains...

Chain 2 finished in 163.9 seconds.
Chain 3 finished in 186.9 seconds.
Chain 1 finished in 193.9 seconds.
Chain 4 finished in 205.1 seconds.

All 4 chains finished successfully.
Mean chain execution time: 187.5 seconds.
Total execution time: 205.3 seconds.

Running MCMC with 4 parallel chains...

Chain 4 finished in 88.9 seconds.
Chain 3 finished in 93.3 seconds.
Chain 2 finished in 110.5 seconds.
Chain 1 finished in 209.4 seconds.

All 4 chains finished successfully.
Mean chain execution time: 125.5 seconds.
Total execution time: 209.5 seconds.

Running MCMC with 4 parallel chains...

Chain 3 finished in 137.1 seconds.
Chain 1 finished in 143.0 seconds.
Chain 4 finished in 156.4 seconds.
Chain 2 finished in 165.7 seconds.

All 4 chains finished successfully.
Mean chain execution time: 150.6 seconds.
Total execution time: 165.8 seconds.

Running MCMC with 4 parallel chains...

Chain 1 finished in 127.5 seconds.
Chain 3 finished in 133.6 seconds.
Chain 2 finished in 137.5 seconds.
Chain 4 finished in 137.4 seconds.

All 4 chains finished successfully.
Mean chain execution time: 134.0 seconds.
Total execution time: 137.6 seconds.

Running MCMC with 4 parallel chains...

Chain 4 finished in 86.2 seconds.
Chain 1 finished in 89.1 seconds.
Chain 3 finished in 90.3 seconds.
Chain 2 finished in 95.9 seconds.

All 4 chains finished successfully.
Mean chain execution time: 90.3 seconds.
Total execution time: 96.0 seconds.

Running MCMC with 4 parallel chains...

Chain 4 finished in 162.3 seconds.
Chain 2 finished in 183.1 seconds.
Chain 1 finished in 191.5 seconds.
Chain 3 finished in 197.3 seconds.

All 4 chains finished successfully.
Mean chain execution time: 183.5 seconds.
Total execution time: 197.5 seconds.

Running MCMC with 4 parallel chains...

Chain 3 finished in 89.3 seconds.
Chain 2 finished in 90.8 seconds.
Chain 1 finished in 92.0 seconds.
Chain 4 finished in 93.7 seconds.

All 4 chains finished successfully.
Mean chain execution time: 91.5 seconds.
Total execution time: 93.9 seconds.

Running MCMC with 4 parallel chains...

Chain 2 finished in 114.2 seconds.
Chain 3 finished in 127.5 seconds.
Chain 4 finished in 131.5 seconds.
Chain 1 finished in 139.5 seconds.

All 4 chains finished successfully.
Mean chain execution time: 128.2 seconds.
Total execution time: 139.6 seconds.

Running MCMC with 4 parallel chains...

Chain 2 finished in 107.5 seconds.
Chain 3 finished in 116.4 seconds.
Chain 4 finished in 116.9 seconds.
Chain 1 finished in 117.5 seconds.

All 4 chains finished successfully.
Mean chain execution time: 114.6 seconds.
Total execution time: 117.6 seconds.

Running MCMC with 4 parallel chains...

Chain 3 finished in 164.1 seconds.
Chain 1 finished in 169.3 seconds.
Chain 4 finished in 176.6 seconds.
Chain 2 finished in 190.4 seconds.

All 4 chains finished successfully.
Mean chain execution time: 175.1 seconds.
Total execution time: 190.6 seconds.

Running MCMC with 4 parallel chains...

Chain 3 finished in 114.9 seconds.
Chain 4 finished in 118.8 seconds.
Chain 2 finished in 136.0 seconds.
Chain 1 finished in 153.3 seconds.

All 4 chains finished successfully.
Mean chain execution time: 130.7 seconds.
Total execution time: 153.3 seconds.

Running MCMC with 4 parallel chains...

Chain 2 finished in 91.2 seconds.
Chain 4 finished in 92.2 seconds.
Chain 1 finished in 94.9 seconds.
Chain 3 finished in 99.6 seconds.

All 4 chains finished successfully.
Mean chain execution time: 94.5 seconds.
Total execution time: 99.7 seconds.

Running MCMC with 4 parallel chains...

Chain 2 finished in 164.5 seconds.
Chain 3 finished in 166.9 seconds.
Chain 1 finished in 169.4 seconds.
Chain 4 finished in 179.5 seconds.

All 4 chains finished successfully.
Mean chain execution time: 170.1 seconds.
Total execution time: 179.7 seconds.

Running MCMC with 4 parallel chains...

Chain 3 finished in 110.8 seconds.
Chain 2 finished in 125.0 seconds.
Chain 1 finished in 127.4 seconds.
Chain 4 finished in 137.2 seconds.

All 4 chains finished successfully.
Mean chain execution time: 125.1 seconds.
Total execution time: 137.4 seconds.

Running MCMC with 4 parallel chains...

Chain 2 finished in 184.9 seconds.
Chain 3 finished in 193.3 seconds.
Chain 4 finished in 201.5 seconds.
Chain 1 finished in 236.2 seconds.

All 4 chains finished successfully.
Mean chain execution time: 204.0 seconds.
Total execution time: 236.4 seconds.

Running MCMC with 4 parallel chains...

Chain 2 finished in 114.1 seconds.
Chain 4 finished in 127.2 seconds.
Chain 3 finished in 158.4 seconds.
Chain 1 finished in 276.4 seconds.

All 4 chains finished successfully.
Mean chain execution time: 169.0 seconds.
Total execution time: 276.5 seconds.

Running MCMC with 4 parallel chains...

Chain 1 finished in 165.6 seconds.
Chain 3 finished in 184.0 seconds.
Chain 2 finished in 189.8 seconds.
Chain 4 finished in 200.3 seconds.

All 4 chains finished successfully.
Mean chain execution time: 184.9 seconds.
Total execution time: 200.4 seconds.

Running MCMC with 4 parallel chains...

Chain 4 finished in 174.1 seconds.
Chain 2 finished in 180.4 seconds.
Chain 1 finished in 182.3 seconds.
Chain 3 finished in 182.7 seconds.

All 4 chains finished successfully.
Mean chain execution time: 179.9 seconds.
Total execution time: 182.8 seconds.

Running MCMC with 4 parallel chains...

Chain 4 finished in 162.5 seconds.
Chain 1 finished in 163.5 seconds.
Chain 2 finished in 165.4 seconds.
Chain 3 finished in 166.7 seconds.

All 4 chains finished successfully.
Mean chain execution time: 164.5 seconds.
Total execution time: 166.9 seconds.

Running MCMC with 4 parallel chains...

Chain 1 finished in 220.4 seconds.
Chain 4 finished in 232.5 seconds.
Chain 3 finished in 233.2 seconds.
Chain 2 finished in 235.0 seconds.

All 4 chains finished successfully.
Mean chain execution time: 230.3 seconds.
Total execution time: 235.0 seconds.

Running MCMC with 4 parallel chains...

Chain 4 finished in 160.7 seconds.
Chain 1 finished in 173.9 seconds.
Chain 2 finished in 176.2 seconds.
Chain 3 finished in 177.9 seconds.

All 4 chains finished successfully.
Mean chain execution time: 172.2 seconds.
Total execution time: 178.0 seconds.

Running MCMC with 4 parallel chains...

Chain 1 finished in 135.0 seconds.
Chain 4 finished in 141.6 seconds.
Chain 2 finished in 144.2 seconds.
Chain 3 finished in 155.7 seconds.

All 4 chains finished successfully.
Mean chain execution time: 144.1 seconds.
Total execution time: 155.8 seconds.

Running MCMC with 4 parallel chains...

Chain 1 finished in 214.5 seconds.
Chain 3 finished in 227.7 seconds.
Chain 2 finished in 232.7 seconds.
Chain 4 finished in 244.9 seconds.

All 4 chains finished successfully.
Mean chain execution time: 229.9 seconds.
Total execution time: 245.1 seconds.

Running MCMC with 4 parallel chains...

Chain 1 finished in 151.3 seconds.
Chain 4 finished in 157.5 seconds.
Chain 2 finished in 157.8 seconds.
Chain 3 finished in 160.6 seconds.

All 4 chains finished successfully.
Mean chain execution time: 156.8 seconds.
Total execution time: 160.7 seconds.

Running MCMC with 4 parallel chains...

Chain 2 finished in 181.8 seconds.
Chain 1 finished in 187.2 seconds.
Chain 3 finished in 189.3 seconds.
Chain 4 finished in 198.3 seconds.

All 4 chains finished successfully.
Mean chain execution time: 189.1 seconds.
Total execution time: 198.5 seconds.

Running MCMC with 4 parallel chains...

Chain 3 finished in 97.4 seconds.
Chain 1 finished in 104.8 seconds.
Chain 2 finished in 113.7 seconds.
Chain 4 finished in 135.5 seconds.

All 4 chains finished successfully.
Mean chain execution time: 112.9 seconds.
Total execution time: 135.7 seconds.

Running MCMC with 4 parallel chains...

Chain 1 finished in 199.8 seconds.
Chain 3 finished in 205.8 seconds.
Chain 4 finished in 215.4 seconds.
Chain 2 finished in 228.0 seconds.

All 4 chains finished successfully.
Mean chain execution time: 212.3 seconds.
Total execution time: 228.1 seconds.

Running MCMC with 4 parallel chains...

Chain 4 finished in 143.9 seconds.
Chain 3 finished in 145.6 seconds.
Chain 1 finished in 149.7 seconds.
Chain 2 finished in 165.4 seconds.

All 4 chains finished successfully.
Mean chain execution time: 151.2 seconds.
Total execution time: 165.5 seconds.

Running MCMC with 4 parallel chains...

Chain 3 finished in 211.3 seconds.
Chain 1 finished in 211.9 seconds.
Chain 4 finished in 216.6 seconds.
Chain 2 finished in 221.3 seconds.

All 4 chains finished successfully.
Mean chain execution time: 215.3 seconds.
Total execution time: 221.4 seconds.

Running MCMC with 4 parallel chains...

Chain 1 finished in 175.3 seconds.
Chain 3 finished in 177.4 seconds.
Chain 2 finished in 182.3 seconds.
Chain 4 finished in 183.7 seconds.

All 4 chains finished successfully.
Mean chain execution time: 179.7 seconds.
Total execution time: 183.8 seconds.

Running MCMC with 4 parallel chains...

Chain 1 finished in 178.1 seconds.
Chain 2 finished in 178.4 seconds.
Chain 4 finished in 179.3 seconds.
Chain 3 finished in 185.8 seconds.

All 4 chains finished successfully.
Mean chain execution time: 180.4 seconds.
Total execution time: 185.9 seconds.

Running MCMC with 4 parallel chains...

Chain 4 finished in 124.1 seconds.
Chain 2 finished in 133.0 seconds.
Chain 3 finished in 137.0 seconds.
Chain 1 finished in 140.9 seconds.

All 4 chains finished successfully.
Mean chain execution time: 133.7 seconds.
Total execution time: 141.0 seconds.

Running MCMC with 4 parallel chains...

Chain 1 finished in 173.9 seconds.
Chain 3 finished in 181.0 seconds.
Chain 4 finished in 182.1 seconds.
Chain 2 finished in 182.8 seconds.

All 4 chains finished successfully.
Mean chain execution time: 180.0 seconds.
Total execution time: 182.9 seconds.

Running MCMC with 4 parallel chains...

Chain 4 finished in 173.3 seconds.
Chain 2 finished in 176.3 seconds.
Chain 1 finished in 180.6 seconds.
Chain 3 finished in 186.5 seconds.

All 4 chains finished successfully.
Mean chain execution time: 179.2 seconds.
Total execution time: 186.6 seconds.

Running MCMC with 4 parallel chains...

Chain 4 finished in 135.8 seconds.
Chain 1 finished in 136.3 seconds.
Chain 3 finished in 138.1 seconds.
Chain 2 finished in 141.8 seconds.

All 4 chains finished successfully.
Mean chain execution time: 138.0 seconds.
Total execution time: 141.9 seconds.

Running MCMC with 4 parallel chains...

Chain 3 finished in 215.6 seconds.
Chain 2 finished in 221.2 seconds.
Chain 4 finished in 226.2 seconds.
Chain 1 finished in 233.7 seconds.

All 4 chains finished successfully.
Mean chain execution time: 224.2 seconds.
Total execution time: 233.8 seconds.

Running MCMC with 4 parallel chains...

Chain 3 finished in 175.7 seconds.
Chain 2 finished in 182.3 seconds.
Chain 1 finished in 187.1 seconds.
Chain 4 finished in 224.2 seconds.

All 4 chains finished successfully.
Mean chain execution time: 192.3 seconds.
Total execution time: 224.4 seconds.

Running MCMC with 4 parallel chains...

Chain 2 finished in 181.0 seconds.
Chain 4 finished in 184.1 seconds.
Chain 3 finished in 190.1 seconds.
Chain 1 finished in 191.3 seconds.

All 4 chains finished successfully.
Mean chain execution time: 186.6 seconds.
Total execution time: 191.4 seconds.

Running MCMC with 4 parallel chains...

Chain 4 finished in 260.6 seconds.
Chain 1 finished in 262.5 seconds.
Chain 2 finished in 264.8 seconds.
Chain 3 finished in 265.1 seconds.

All 4 chains finished successfully.
Mean chain execution time: 263.3 seconds.
Total execution time: 265.3 seconds.

Running MCMC with 4 parallel chains...

Chain 2 finished in 192.4 seconds.
Chain 4 finished in 192.5 seconds.
Chain 3 finished in 193.0 seconds.
Chain 1 finished in 199.8 seconds.

All 4 chains finished successfully.
Mean chain execution time: 194.4 seconds.
Total execution time: 200.0 seconds.

Running MCMC with 4 parallel chains...

Chain 4 finished in 234.8 seconds.
Chain 3 finished in 241.6 seconds.
Chain 2 finished in 251.2 seconds.
Chain 1 finished in 256.9 seconds.

All 4 chains finished successfully.
Mean chain execution time: 246.1 seconds.
Total execution time: 257.0 seconds.

Running MCMC with 4 parallel chains...

Chain 1 finished in 172.9 seconds.
Chain 2 finished in 176.8 seconds.
Chain 4 finished in 179.6 seconds.
Chain 3 finished in 185.4 seconds.

All 4 chains finished successfully.
Mean chain execution time: 178.7 seconds.
Total execution time: 185.5 seconds.

Running MCMC with 4 parallel chains...

Chain 3 finished in 239.4 seconds.
Chain 1 finished in 248.7 seconds.
Chain 4 finished in 252.1 seconds.
Chain 2 finished in 259.8 seconds.

All 4 chains finished successfully.
Mean chain execution time: 250.0 seconds.
Total execution time: 259.9 seconds.

Running MCMC with 4 parallel chains...

Chain 1 finished in 229.0 seconds.
Chain 3 finished in 239.4 seconds.
Chain 2 finished in 242.5 seconds.
Chain 4 finished in 243.0 seconds.

All 4 chains finished successfully.
Mean chain execution time: 238.5 seconds.
Total execution time: 243.2 seconds.

Running MCMC with 4 parallel chains...

Chain 1 finished in 159.0 seconds.
Chain 3 finished in 168.9 seconds.
Chain 4 finished in 169.0 seconds.
Chain 2 finished in 169.3 seconds.

All 4 chains finished successfully.
Mean chain execution time: 166.6 seconds.
Total execution time: 169.4 seconds.

Running MCMC with 4 parallel chains...

Chain 2 finished in 249.1 seconds.
Chain 3 finished in 264.6 seconds.
Chain 1 finished in 265.8 seconds.
Chain 4 finished in 269.8 seconds.

All 4 chains finished successfully.
Mean chain execution time: 262.3 seconds.
Total execution time: 270.0 seconds.

Running MCMC with 4 parallel chains...

Chain 4 finished in 187.2 seconds.
Chain 1 finished in 211.5 seconds.
Chain 3 finished in 227.2 seconds.
Chain 2 finished in 230.3 seconds.

All 4 chains finished successfully.
Mean chain execution time: 214.0 seconds.
Total execution time: 230.4 seconds.

Running MCMC with 4 parallel chains...

Chain 3 finished in 219.3 seconds.
Chain 4 finished in 222.9 seconds.
Chain 2 finished in 238.9 seconds.
Chain 1 finished in 240.6 seconds.

All 4 chains finished successfully.
Mean chain execution time: 230.4 seconds.
Total execution time: 240.7 seconds.

Running MCMC with 4 parallel chains...

Chain 2 finished in 173.3 seconds.
Chain 1 finished in 184.0 seconds.
Chain 4 finished in 185.7 seconds.
Chain 3 finished in 203.5 seconds.

All 4 chains finished successfully.
Mean chain execution time: 186.6 seconds.
Total execution time: 203.6 seconds.

Running MCMC with 4 parallel chains...

Chain 3 finished in 241.9 seconds.
Chain 1 finished in 247.2 seconds.
Chain 4 finished in 259.7 seconds.
Chain 2 finished in 263.1 seconds.

All 4 chains finished successfully.
Mean chain execution time: 253.0 seconds.
Total execution time: 263.3 seconds.

Running MCMC with 4 parallel chains...

Chain 3 finished in 185.1 seconds.
Chain 2 finished in 201.5 seconds.
Chain 4 finished in 205.1 seconds.
Chain 1 finished in 217.4 seconds.

All 4 chains finished successfully.
Mean chain execution time: 202.3 seconds.
Total execution time: 217.4 seconds.

Running MCMC with 4 parallel chains...

Chain 2 finished in 212.1 seconds.
Chain 1 finished in 235.1 seconds.
Chain 4 finished in 237.4 seconds.
Chain 3 finished in 266.5 seconds.

All 4 chains finished successfully.
Mean chain execution time: 237.8 seconds.
Total execution time: 266.6 seconds.

Running MCMC with 4 parallel chains...

Chain 2 finished in 255.0 seconds.
Chain 1 finished in 258.8 seconds.
Chain 4 finished in 259.0 seconds.
Chain 3 finished in 268.7 seconds.

All 4 chains finished successfully.
Mean chain execution time: 260.3 seconds.
Total execution time: 268.8 seconds.

Running MCMC with 4 parallel chains...

Chain 1 finished in 195.4 seconds.
Chain 3 finished in 202.2 seconds.
Chain 4 finished in 202.4 seconds.
Chain 2 finished in 205.5 seconds.

All 4 chains finished successfully.
Mean chain execution time: 201.4 seconds.
Total execution time: 205.6 seconds.

Running MCMC with 4 parallel chains...

Chain 4 finished in 276.2 seconds.
Chain 1 finished in 277.6 seconds.
Chain 2 finished in 292.5 seconds.
Chain 3 finished in 310.7 seconds.

All 4 chains finished successfully.
Mean chain execution time: 289.2 seconds.
Total execution time: 310.8 seconds.

Running MCMC with 4 parallel chains...

Chain 2 finished in 249.8 seconds.
Chain 4 finished in 255.1 seconds.
Chain 1 finished in 256.1 seconds.
Chain 3 finished in 275.2 seconds.

All 4 chains finished successfully.
Mean chain execution time: 259.0 seconds.
Total execution time: 275.3 seconds.

Running MCMC with 4 parallel chains...

Chain 2 finished in 259.6 seconds.
Chain 4 finished in 273.7 seconds.
Chain 1 finished in 278.6 seconds.
Chain 3 finished in 295.6 seconds.

All 4 chains finished successfully.
Mean chain execution time: 276.9 seconds.
Total execution time: 295.7 seconds.

Running MCMC with 4 parallel chains...

Chain 2 finished in 236.8 seconds.
Chain 3 finished in 253.5 seconds.
Chain 4 finished in 255.1 seconds.
Chain 1 finished in 266.0 seconds.

All 4 chains finished successfully.
Mean chain execution time: 252.9 seconds.
Total execution time: 266.1 seconds.

Running MCMC with 4 parallel chains...

Chain 2 finished in 274.1 seconds.
Chain 1 finished in 278.4 seconds.
Chain 4 finished in 289.7 seconds.
Chain 3 finished in 300.7 seconds.

All 4 chains finished successfully.
Mean chain execution time: 285.7 seconds.
Total execution time: 300.7 seconds.

Running MCMC with 4 parallel chains...

Chain 4 finished in 26.2 seconds.
Chain 1 finished in 27.1 seconds.
Chain 2 finished in 31.6 seconds.
Chain 3 finished in 35.6 seconds.

All 4 chains finished successfully.
Mean chain execution time: 30.1 seconds.
Total execution time: 35.7 seconds.

Running MCMC with 4 parallel chains...

Chain 1 finished in 16.7 seconds.
Chain 3 finished in 17.3 seconds.
Chain 2 finished in 17.6 seconds.
Chain 4 finished in 19.0 seconds.

All 4 chains finished successfully.
Mean chain execution time: 17.7 seconds.
Total execution time: 19.1 seconds.

Running MCMC with 4 parallel chains...

Chain 2 finished in 18.0 seconds.
Chain 1 finished in 19.1 seconds.
Chain 4 finished in 19.5 seconds.
Chain 3 finished in 20.0 seconds.

All 4 chains finished successfully.
Mean chain execution time: 19.1 seconds.
Total execution time: 20.0 seconds.

Running MCMC with 4 parallel chains...

Chain 2 finished in 14.1 seconds.
Chain 4 finished in 14.0 seconds.
Chain 3 finished in 14.4 seconds.
Chain 1 finished in 16.3 seconds.

All 4 chains finished successfully.
Mean chain execution time: 14.7 seconds.
Total execution time: 16.3 seconds.

Running MCMC with 4 parallel chains...

Chain 1 finished in 17.2 seconds.
Chain 2 finished in 17.2 seconds.
Chain 4 finished in 18.9 seconds.
Chain 3 finished in 24.1 seconds.

All 4 chains finished successfully.
Mean chain execution time: 19.3 seconds.
Total execution time: 24.2 seconds.

Running MCMC with 4 parallel chains...

Chain 4 finished in 38.9 seconds.
Chain 1 finished in 39.2 seconds.
Chain 3 finished in 41.0 seconds.
Chain 2 finished in 42.3 seconds.

All 4 chains finished successfully.
Mean chain execution time: 40.3 seconds.
Total execution time: 42.4 seconds.

Running MCMC with 4 parallel chains...

Chain 3 finished in 17.3 seconds.
Chain 2 finished in 17.6 seconds.
Chain 4 finished in 19.9 seconds.
Chain 1 finished in 20.7 seconds.

All 4 chains finished successfully.
Mean chain execution time: 18.8 seconds.
Total execution time: 20.8 seconds.

Running MCMC with 4 parallel chains...

Chain 3 finished in 31.2 seconds.
Chain 1 finished in 32.0 seconds.
Chain 4 finished in 32.3 seconds.
Chain 2 finished in 36.1 seconds.

All 4 chains finished successfully.
Mean chain execution time: 32.9 seconds.
Total execution time: 36.3 seconds.

Running MCMC with 4 parallel chains...

Chain 2 finished in 30.1 seconds.
Chain 3 finished in 32.4 seconds.
Chain 4 finished in 32.9 seconds.
Chain 1 finished in 33.3 seconds.

All 4 chains finished successfully.
Mean chain execution time: 32.2 seconds.
Total execution time: 33.3 seconds.

Running MCMC with 4 parallel chains...

Chain 1 finished in 22.2 seconds.
Chain 2 finished in 23.4 seconds.
Chain 3 finished in 23.8 seconds.
Chain 4 finished in 25.0 seconds.

All 4 chains finished successfully.
Mean chain execution time: 23.6 seconds.
Total execution time: 25.2 seconds.

Running MCMC with 4 parallel chains...

Chain 1 finished in 31.7 seconds.
Chain 4 finished in 35.8 seconds.
Chain 3 finished in 35.9 seconds.
Chain 2 finished in 37.0 seconds.

All 4 chains finished successfully.
Mean chain execution time: 35.1 seconds.
Total execution time: 37.1 seconds.

Running MCMC with 4 parallel chains...

Chain 2 finished in 24.1 seconds.
Chain 3 finished in 24.3 seconds.
Chain 4 finished in 25.5 seconds.
Chain 1 finished in 26.9 seconds.

All 4 chains finished successfully.
Mean chain execution time: 25.2 seconds.
Total execution time: 27.0 seconds.

Running MCMC with 4 parallel chains...

Chain 4 finished in 28.5 seconds.
Chain 2 finished in 30.7 seconds.
Chain 3 finished in 32.1 seconds.
Chain 1 finished in 35.1 seconds.

All 4 chains finished successfully.
Mean chain execution time: 31.6 seconds.
Total execution time: 35.2 seconds.

Running MCMC with 4 parallel chains...

Chain 2 finished in 24.5 seconds.
Chain 1 finished in 25.5 seconds.
Chain 3 finished in 26.4 seconds.
Chain 4 finished in 26.5 seconds.

All 4 chains finished successfully.
Mean chain execution time: 25.7 seconds.
Total execution time: 26.7 seconds.

Running MCMC with 4 parallel chains...

Chain 1 finished in 30.9 seconds.
Chain 2 finished in 30.9 seconds.
Chain 4 finished in 32.0 seconds.
Chain 3 finished in 33.6 seconds.

All 4 chains finished successfully.
Mean chain execution time: 31.9 seconds.
Total execution time: 33.7 seconds.

Running MCMC with 4 parallel chains...

Chain 4 finished in 25.2 seconds.
Chain 2 finished in 25.6 seconds.
Chain 3 finished in 25.5 seconds.
Chain 1 finished in 26.9 seconds.

All 4 chains finished successfully.
Mean chain execution time: 25.8 seconds.
Total execution time: 27.0 seconds.

Running MCMC with 4 parallel chains...

Chain 2 finished in 19.7 seconds.
Chain 3 finished in 21.0 seconds.
Chain 1 finished in 22.7 seconds.
Chain 4 finished in 22.6 seconds.

All 4 chains finished successfully.
Mean chain execution time: 21.5 seconds.
Total execution time: 22.7 seconds.

Running MCMC with 4 parallel chains...

Chain 2 finished in 25.8 seconds.
Chain 1 finished in 27.1 seconds.
Chain 3 finished in 28.4 seconds.
Chain 4 finished in 31.5 seconds.

All 4 chains finished successfully.
Mean chain execution time: 28.2 seconds.
Total execution time: 31.6 seconds.

Running MCMC with 4 parallel chains...

Chain 1 finished in 32.6 seconds.
Chain 2 finished in 35.7 seconds.
Chain 4 finished in 40.5 seconds.
Chain 3 finished in 40.6 seconds.

All 4 chains finished successfully.
Mean chain execution time: 37.3 seconds.
Total execution time: 40.7 seconds.

Running MCMC with 4 parallel chains...

Chain 1 finished in 25.5 seconds.
Chain 4 finished in 26.9 seconds.
Chain 2 finished in 28.3 seconds.
Chain 3 finished in 30.0 seconds.

All 4 chains finished successfully.
Mean chain execution time: 27.7 seconds.
Total execution time: 30.1 seconds.

Running MCMC with 4 parallel chains...

Chain 1 finished in 26.1 seconds.
Chain 4 finished in 28.2 seconds.
Chain 2 finished in 31.0 seconds.
Chain 3 finished in 32.2 seconds.

All 4 chains finished successfully.
Mean chain execution time: 29.4 seconds.
Total execution time: 32.3 seconds.

Running MCMC with 4 parallel chains...

Chain 2 finished in 22.0 seconds.
Chain 4 finished in 29.7 seconds.
Chain 1 finished in 30.2 seconds.
Chain 3 finished in 31.4 seconds.

All 4 chains finished successfully.
Mean chain execution time: 28.3 seconds.
Total execution time: 31.4 seconds.

Running MCMC with 4 parallel chains...

Chain 2 finished in 45.6 seconds.
Chain 4 finished in 46.5 seconds.
Chain 3 finished in 47.7 seconds.
Chain 1 finished in 48.1 seconds.

All 4 chains finished successfully.
Mean chain execution time: 47.0 seconds.
Total execution time: 48.2 seconds.

Running MCMC with 4 parallel chains...

Chain 4 finished in 32.1 seconds.
Chain 3 finished in 32.4 seconds.
Chain 2 finished in 32.7 seconds.
Chain 1 finished in 44.0 seconds.

All 4 chains finished successfully.
Mean chain execution time: 35.3 seconds.
Total execution time: 44.1 seconds.

Running MCMC with 4 parallel chains...

Chain 2 finished in 38.5 seconds.
Chain 3 finished in 38.6 seconds.
Chain 1 finished in 45.4 seconds.
Chain 4 finished in 49.2 seconds.

All 4 chains finished successfully.
Mean chain execution time: 42.9 seconds.
Total execution time: 49.4 seconds.

Running MCMC with 4 parallel chains...

Chain 2 finished in 35.2 seconds.
Chain 1 finished in 35.5 seconds.
Chain 4 finished in 37.2 seconds.
Chain 3 finished in 40.7 seconds.

All 4 chains finished successfully.
Mean chain execution time: 37.2 seconds.
Total execution time: 40.8 seconds.

Running MCMC with 4 parallel chains...

Chain 3 finished in 29.6 seconds.
Chain 2 finished in 37.2 seconds.
Chain 1 finished in 41.6 seconds.
Chain 4 finished in 47.3 seconds.

All 4 chains finished successfully.
Mean chain execution time: 38.9 seconds.
Total execution time: 47.4 seconds.

Running MCMC with 4 parallel chains...

Chain 4 finished in 38.3 seconds.
Chain 3 finished in 39.3 seconds.
Chain 2 finished in 52.9 seconds.
Chain 1 finished in 53.1 seconds.

All 4 chains finished successfully.
Mean chain execution time: 45.9 seconds.
Total execution time: 53.1 seconds.

Running MCMC with 4 parallel chains...

Chain 3 finished in 46.9 seconds.
Chain 2 finished in 48.0 seconds.
Chain 1 finished in 49.8 seconds.
Chain 4 finished in 50.1 seconds.

All 4 chains finished successfully.
Mean chain execution time: 48.7 seconds.
Total execution time: 50.2 seconds.

Running MCMC with 4 parallel chains...

Chain 3 finished in 35.6 seconds.
Chain 1 finished in 38.5 seconds.
Chain 4 finished in 40.5 seconds.
Chain 2 finished in 42.5 seconds.

All 4 chains finished successfully.
Mean chain execution time: 39.3 seconds.
Total execution time: 42.6 seconds.

Running MCMC with 4 parallel chains...

Chain 2 finished in 25.8 seconds.
Chain 3 finished in 26.2 seconds.
Chain 4 finished in 26.7 seconds.
Chain 1 finished in 27.0 seconds.

All 4 chains finished successfully.
Mean chain execution time: 26.5 seconds.
Total execution time: 27.1 seconds.

Running MCMC with 4 parallel chains...

Chain 2 finished in 36.7 seconds.
Chain 3 finished in 38.4 seconds.
Chain 4 finished in 38.4 seconds.
Chain 1 finished in 38.5 seconds.

All 4 chains finished successfully.
Mean chain execution time: 38.0 seconds.
Total execution time: 38.6 seconds.

Running MCMC with 4 parallel chains...

Chain 3 finished in 30.6 seconds.
Chain 2 finished in 30.9 seconds.
Chain 4 finished in 31.0 seconds.
Chain 1 finished in 36.0 seconds.

All 4 chains finished successfully.
Mean chain execution time: 32.1 seconds.
Total execution time: 36.0 seconds.

Running MCMC with 4 parallel chains...

Chain 1 finished in 37.2 seconds.
Chain 2 finished in 39.8 seconds.
Chain 4 finished in 42.7 seconds.
Chain 3 finished in 44.5 seconds.

All 4 chains finished successfully.
Mean chain execution time: 41.0 seconds.
Total execution time: 44.6 seconds.

Running MCMC with 4 parallel chains...

Chain 3 finished in 47.5 seconds.
Chain 2 finished in 49.3 seconds.
Chain 4 finished in 49.1 seconds.
Chain 1 finished in 50.7 seconds.

All 4 chains finished successfully.
Mean chain execution time: 49.2 seconds.
Total execution time: 50.8 seconds.

Running MCMC with 4 parallel chains...

Chain 1 finished in 36.5 seconds.
Chain 2 finished in 36.6 seconds.
Chain 4 finished in 36.6 seconds.
Chain 3 finished in 40.5 seconds.

All 4 chains finished successfully.
Mean chain execution time: 37.6 seconds.
Total execution time: 40.6 seconds.

Running MCMC with 4 parallel chains...

Chain 3 finished in 26.9 seconds.
Chain 2 finished in 28.5 seconds.
Chain 4 finished in 28.5 seconds.
Chain 1 finished in 28.7 seconds.

All 4 chains finished successfully.
Mean chain execution time: 28.1 seconds.
Total execution time: 28.8 seconds.

Running MCMC with 4 parallel chains...

Chain 3 finished in 32.5 seconds.
Chain 2 finished in 33.5 seconds.
Chain 1 finished in 35.3 seconds.
Chain 4 finished in 35.7 seconds.

All 4 chains finished successfully.
Mean chain execution time: 34.3 seconds.
Total execution time: 35.9 seconds.

Running MCMC with 4 parallel chains...

Chain 2 finished in 33.0 seconds.
Chain 3 finished in 33.4 seconds.
Chain 4 finished in 33.9 seconds.
Chain 1 finished in 35.9 seconds.

All 4 chains finished successfully.
Mean chain execution time: 34.0 seconds.
Total execution time: 36.0 seconds.

Running MCMC with 4 parallel chains...

Chain 4 finished in 38.6 seconds.
Chain 1 finished in 42.3 seconds.
Chain 3 finished in 42.6 seconds.
Chain 2 finished in 45.7 seconds.

All 4 chains finished successfully.
Mean chain execution time: 42.3 seconds.
Total execution time: 45.8 seconds.

Running MCMC with 4 parallel chains...

Chain 1 finished in 47.2 seconds.
Chain 4 finished in 53.5 seconds.
Chain 3 finished in 55.0 seconds.
Chain 2 finished in 57.2 seconds.

All 4 chains finished successfully.
Mean chain execution time: 53.2 seconds.
Total execution time: 57.3 seconds.

Running MCMC with 4 parallel chains...

Chain 3 finished in 27.2 seconds.
Chain 4 finished in 33.7 seconds.
Chain 1 finished in 34.5 seconds.
Chain 2 finished in 34.8 seconds.

All 4 chains finished successfully.
Mean chain execution time: 32.6 seconds.
Total execution time: 35.0 seconds.

Running MCMC with 4 parallel chains...

Chain 4 finished in 45.9 seconds.
Chain 1 finished in 48.2 seconds.
Chain 3 finished in 53.2 seconds.
Chain 2 finished in 53.9 seconds.

All 4 chains finished successfully.
Mean chain execution time: 50.3 seconds.
Total execution time: 54.1 seconds.

Running MCMC with 4 parallel chains...

Chain 2 finished in 51.9 seconds.
Chain 1 finished in 52.8 seconds.
Chain 3 finished in 58.1 seconds.
Chain 4 finished in 62.1 seconds.

All 4 chains finished successfully.
Mean chain execution time: 56.2 seconds.
Total execution time: 62.3 seconds.

Running MCMC with 4 parallel chains...

Chain 3 finished in 53.9 seconds.
Chain 1 finished in 55.6 seconds.
Chain 2 finished in 58.8 seconds.
Chain 4 finished in 65.1 seconds.

All 4 chains finished successfully.
Mean chain execution time: 58.4 seconds.
Total execution time: 65.2 seconds.

Running MCMC with 4 parallel chains...

Chain 3 finished in 46.5 seconds.
Chain 4 finished in 47.2 seconds.
Chain 2 finished in 48.4 seconds.
Chain 1 finished in 51.2 seconds.

All 4 chains finished successfully.
Mean chain execution time: 48.3 seconds.
Total execution time: 51.3 seconds.

Running MCMC with 4 parallel chains...

Chain 4 finished in 33.6 seconds.
Chain 2 finished in 34.8 seconds.
Chain 1 finished in 40.7 seconds.
Chain 3 finished in 48.9 seconds.

All 4 chains finished successfully.
Mean chain execution time: 39.5 seconds.
Total execution time: 49.0 seconds.

Running MCMC with 4 parallel chains...

Chain 4 finished in 48.9 seconds.
Chain 2 finished in 50.8 seconds.
Chain 3 finished in 51.4 seconds.
Chain 1 finished in 60.5 seconds.

All 4 chains finished successfully.
Mean chain execution time: 52.9 seconds.
Total execution time: 60.6 seconds.

Running MCMC with 4 parallel chains...

Chain 3 finished in 45.5 seconds.
Chain 4 finished in 48.3 seconds.
Chain 2 finished in 54.5 seconds.
Chain 1 finished in 58.7 seconds.

All 4 chains finished successfully.
Mean chain execution time: 51.8 seconds.
Total execution time: 58.8 seconds.

Running MCMC with 4 parallel chains...

Chain 4 finished in 49.0 seconds.
Chain 1 finished in 53.7 seconds.
Chain 2 finished in 55.5 seconds.
Chain 3 finished in 56.1 seconds.

All 4 chains finished successfully.
Mean chain execution time: 53.6 seconds.
Total execution time: 56.2 seconds.

Running MCMC with 4 parallel chains...

Chain 4 finished in 59.5 seconds.
Chain 2 finished in 60.0 seconds.
Chain 1 finished in 63.8 seconds.
Chain 3 finished in 64.4 seconds.

All 4 chains finished successfully.
Mean chain execution time: 61.9 seconds.
Total execution time: 64.6 seconds.

Running MCMC with 4 parallel chains...

Chain 4 finished in 41.2 seconds.
Chain 1 finished in 42.3 seconds.
Chain 2 finished in 42.6 seconds.
Chain 3 finished in 51.3 seconds.

All 4 chains finished successfully.
Mean chain execution time: 44.3 seconds.
Total execution time: 51.4 seconds.

Running MCMC with 4 parallel chains...

Chain 1 finished in 42.6 seconds.
Chain 4 finished in 43.3 seconds.
Chain 3 finished in 44.6 seconds.
Chain 2 finished in 49.6 seconds.

All 4 chains finished successfully.
Mean chain execution time: 45.0 seconds.
Total execution time: 49.7 seconds.

Running MCMC with 4 parallel chains...

Chain 3 finished in 52.4 seconds.
Chain 4 finished in 52.6 seconds.
Chain 1 finished in 53.8 seconds.
Chain 2 finished in 54.2 seconds.

All 4 chains finished successfully.
Mean chain execution time: 53.2 seconds.
Total execution time: 54.3 seconds.

Running MCMC with 4 parallel chains...

Chain 1 finished in 56.4 seconds.
Chain 3 finished in 59.2 seconds.
Chain 4 finished in 63.0 seconds.
Chain 2 finished in 63.6 seconds.

All 4 chains finished successfully.
Mean chain execution time: 60.5 seconds.
Total execution time: 63.7 seconds.

Running MCMC with 4 parallel chains...

Chain 1 finished in 38.1 seconds.
Chain 2 finished in 38.1 seconds.
Chain 4 finished in 41.1 seconds.
Chain 3 finished in 42.0 seconds.

All 4 chains finished successfully.
Mean chain execution time: 39.8 seconds.
Total execution time: 42.0 seconds.

Running MCMC with 4 parallel chains...

Chain 3 finished in 48.7 seconds.
Chain 2 finished in 52.1 seconds.
Chain 1 finished in 54.7 seconds.
Chain 4 finished in 60.9 seconds.

All 4 chains finished successfully.
Mean chain execution time: 54.1 seconds.
Total execution time: 61.1 seconds.

Running MCMC with 4 parallel chains...

Chain 3 finished in 61.3 seconds.
Chain 1 finished in 63.2 seconds.
Chain 4 finished in 66.5 seconds.
Chain 2 finished in 67.8 seconds.

All 4 chains finished successfully.
Mean chain execution time: 64.7 seconds.
Total execution time: 68.0 seconds.

Running MCMC with 4 parallel chains...

Chain 2 finished in 58.1 seconds.
Chain 3 finished in 61.9 seconds.
Chain 4 finished in 62.9 seconds.
Chain 1 finished in 83.2 seconds.

All 4 chains finished successfully.
Mean chain execution time: 66.5 seconds.
Total execution time: 83.3 seconds.

Running MCMC with 4 parallel chains...

Chain 4 finished in 65.4 seconds.
Chain 1 finished in 66.0 seconds.
Chain 2 finished in 71.4 seconds.
Chain 3 finished in 71.8 seconds.

All 4 chains finished successfully.
Mean chain execution time: 68.6 seconds.
Total execution time: 71.9 seconds.

Running MCMC with 4 parallel chains...

Chain 3 finished in 49.8 seconds.
Chain 1 finished in 52.3 seconds.
Chain 2 finished in 55.0 seconds.
Chain 4 finished in 55.3 seconds.

All 4 chains finished successfully.
Mean chain execution time: 53.1 seconds.
Total execution time: 55.5 seconds.

Running MCMC with 4 parallel chains...

Chain 3 finished in 58.6 seconds.
Chain 4 finished in 60.1 seconds.
Chain 1 finished in 68.4 seconds.
Chain 2 finished in 70.6 seconds.

All 4 chains finished successfully.
Mean chain execution time: 64.4 seconds.
Total execution time: 70.7 seconds.

Running MCMC with 4 parallel chains...

Chain 1 finished in 63.8 seconds.
Chain 3 finished in 64.3 seconds.
Chain 2 finished in 64.9 seconds.
Chain 4 finished in 64.8 seconds.

All 4 chains finished successfully.
Mean chain execution time: 64.4 seconds.
Total execution time: 64.9 seconds.

Running MCMC with 4 parallel chains...

Chain 4 finished in 66.3 seconds.
Chain 2 finished in 67.9 seconds.
Chain 3 finished in 71.3 seconds.
Chain 1 finished in 86.5 seconds.

All 4 chains finished successfully.
Mean chain execution time: 73.0 seconds.
Total execution time: 86.6 seconds.

Running MCMC with 4 parallel chains...

Chain 2 finished in 90.6 seconds.
Chain 4 finished in 104.8 seconds.
Chain 1 finished in 115.7 seconds.
Chain 3 finished in 121.0 seconds.

All 4 chains finished successfully.
Mean chain execution time: 108.0 seconds.
Total execution time: 121.2 seconds.

Running MCMC with 4 parallel chains...

Chain 4 finished in 66.5 seconds.
Chain 2 finished in 68.4 seconds.
Chain 1 finished in 70.1 seconds.
Chain 3 finished in 72.5 seconds.

All 4 chains finished successfully.
Mean chain execution time: 69.4 seconds.
Total execution time: 72.7 seconds.

Running MCMC with 4 parallel chains...

Chain 1 finished in 83.3 seconds.
Chain 2 finished in 90.5 seconds.
Chain 4 finished in 92.5 seconds.
Chain 3 finished in 100.4 seconds.

All 4 chains finished successfully.
Mean chain execution time: 91.7 seconds.
Total execution time: 100.5 seconds.

Running MCMC with 4 parallel chains...

Chain 2 finished in 68.0 seconds.
Chain 1 finished in 73.7 seconds.
Chain 3 finished in 79.0 seconds.
Chain 4 finished in 81.9 seconds.

All 4 chains finished successfully.
Mean chain execution time: 75.7 seconds.
Total execution time: 82.1 seconds.

Running MCMC with 4 parallel chains...

Chain 3 finished in 137.4 seconds.
Chain 1 finished in 143.9 seconds.
Chain 2 finished in 147.7 seconds.
Chain 4 finished in 149.6 seconds.

All 4 chains finished successfully.
Mean chain execution time: 144.6 seconds.
Total execution time: 149.8 seconds.

Running MCMC with 4 parallel chains...

Chain 1 finished in 115.0 seconds.
Chain 2 finished in 115.0 seconds.
Chain 4 finished in 119.6 seconds.
Chain 3 finished in 128.3 seconds.

All 4 chains finished successfully.
Mean chain execution time: 119.5 seconds.
Total execution time: 128.6 seconds.

Running MCMC with 4 parallel chains...

Chain 1 finished in 72.5 seconds.
Chain 2 finished in 73.1 seconds.
Chain 3 finished in 75.3 seconds.
Chain 4 finished in 90.1 seconds.

All 4 chains finished successfully.
Mean chain execution time: 77.7 seconds.
Total execution time: 90.3 seconds.

Running MCMC with 4 parallel chains...

Chain 4 finished in 107.6 seconds.
Chain 2 finished in 112.3 seconds.
Chain 3 finished in 124.4 seconds.
Chain 1 finished in 136.2 seconds.

All 4 chains finished successfully.
Mean chain execution time: 120.1 seconds.
Total execution time: 136.3 seconds.

Running MCMC with 4 parallel chains...

Chain 1 finished in 103.8 seconds.
Chain 2 finished in 108.7 seconds.
Chain 3 finished in 132.7 seconds.
Chain 4 finished in 135.7 seconds.

All 4 chains finished successfully.
Mean chain execution time: 120.2 seconds.
Total execution time: 135.9 seconds.

Running MCMC with 4 parallel chains...

Chain 2 finished in 79.2 seconds.
Chain 4 finished in 84.0 seconds.
Chain 3 finished in 85.1 seconds.
Chain 1 finished in 88.1 seconds.

All 4 chains finished successfully.
Mean chain execution time: 84.1 seconds.
Total execution time: 88.3 seconds.

Running MCMC with 4 parallel chains...

Chain 3 finished in 95.1 seconds.
Chain 1 finished in 111.6 seconds.
Chain 2 finished in 119.9 seconds.
Chain 4 finished in 122.2 seconds.

All 4 chains finished successfully.
Mean chain execution time: 112.2 seconds.
Total execution time: 122.3 seconds.

Running MCMC with 4 parallel chains...

Chain 4 finished in 86.1 seconds.
Chain 3 finished in 88.5 seconds.
Chain 2 finished in 88.9 seconds.
Chain 1 finished in 91.4 seconds.

All 4 chains finished successfully.
Mean chain execution time: 88.7 seconds.
Total execution time: 91.6 seconds.

Running MCMC with 4 parallel chains...

Chain 3 finished in 106.1 seconds.
Chain 4 finished in 113.2 seconds.
Chain 2 finished in 121.7 seconds.
Chain 1 finished in 129.2 seconds.

All 4 chains finished successfully.
Mean chain execution time: 117.6 seconds.
Total execution time: 129.3 seconds.

Running MCMC with 4 parallel chains...

Chain 2 finished in 101.3 seconds.
Chain 4 finished in 102.2 seconds.
Chain 3 finished in 102.5 seconds.
Chain 1 finished in 107.9 seconds.

All 4 chains finished successfully.
Mean chain execution time: 103.5 seconds.
Total execution time: 108.1 seconds.

Running MCMC with 4 parallel chains...

Chain 3 finished in 112.8 seconds.
Chain 1 finished in 116.5 seconds.
Chain 4 finished in 116.7 seconds.
Chain 2 finished in 132.8 seconds.

All 4 chains finished successfully.
Mean chain execution time: 119.7 seconds.
Total execution time: 133.0 seconds.

Running MCMC with 4 parallel chains...

Chain 4 finished in 97.1 seconds.
Chain 2 finished in 99.1 seconds.
Chain 1 finished in 108.2 seconds.
Chain 3 finished in 122.2 seconds.

All 4 chains finished successfully.
Mean chain execution time: 106.6 seconds.
Total execution time: 122.3 seconds.

Running MCMC with 4 parallel chains...

Chain 4 finished in 84.6 seconds.
Chain 3 finished in 85.2 seconds.
Chain 1 finished in 89.5 seconds.
Chain 2 finished in 90.9 seconds.

All 4 chains finished successfully.
Mean chain execution time: 87.5 seconds.
Total execution time: 91.1 seconds.

Running MCMC with 4 parallel chains...

Chain 1 finished in 108.6 seconds.
Chain 4 finished in 110.3 seconds.
Chain 3 finished in 121.7 seconds.
Chain 2 finished in 128.7 seconds.

All 4 chains finished successfully.
Mean chain execution time: 117.3 seconds.
Total execution time: 128.8 seconds.

Running MCMC with 4 parallel chains...

Chain 3 finished in 139.2 seconds.
Chain 1 finished in 140.7 seconds.
Chain 4 finished in 140.7 seconds.
Chain 2 finished in 144.2 seconds.

All 4 chains finished successfully.
Mean chain execution time: 141.2 seconds.
Total execution time: 144.3 seconds.

Running MCMC with 4 parallel chains...

Chain 2 finished in 146.4 seconds.
Chain 3 finished in 166.8 seconds.
Chain 1 finished in 175.4 seconds.
Chain 4 finished in 187.4 seconds.

All 4 chains finished successfully.
Mean chain execution time: 169.0 seconds.
Total execution time: 187.5 seconds.

Running MCMC with 4 parallel chains...

Chain 3 finished in 79.0 seconds.
Chain 1 finished in 81.7 seconds.
Chain 2 finished in 82.1 seconds.
Chain 4 finished in 86.5 seconds.

All 4 chains finished successfully.
Mean chain execution time: 82.3 seconds.
Total execution time: 86.7 seconds.

Running MCMC with 4 parallel chains...

Chain 3 finished in 100.6 seconds.
Chain 1 finished in 109.5 seconds.
Chain 4 finished in 115.3 seconds.
Chain 2 finished in 120.1 seconds.

All 4 chains finished successfully.
Mean chain execution time: 111.4 seconds.
Total execution time: 120.2 seconds.

Running MCMC with 4 parallel chains...

Chain 4 finished in 145.1 seconds.
Chain 3 finished in 152.6 seconds.
Chain 2 finished in 160.2 seconds.
Chain 1 finished in 167.9 seconds.

All 4 chains finished successfully.
Mean chain execution time: 156.4 seconds.
Total execution time: 168.0 seconds.

Running MCMC with 4 parallel chains...

Chain 3 finished in 126.4 seconds.
Chain 1 finished in 127.5 seconds.
Chain 2 finished in 130.2 seconds.
Chain 4 finished in 146.0 seconds.

All 4 chains finished successfully.
Mean chain execution time: 132.6 seconds.
Total execution time: 146.2 seconds.

Running MCMC with 4 parallel chains...

Chain 1 finished in 145.6 seconds.
Chain 4 finished in 148.5 seconds.
Chain 2 finished in 152.6 seconds.
Chain 3 finished in 166.5 seconds.

All 4 chains finished successfully.
Mean chain execution time: 153.3 seconds.
Total execution time: 166.6 seconds.

Running MCMC with 4 parallel chains...

Chain 1 finished in 121.3 seconds.
Chain 4 finished in 145.6 seconds.
Chain 3 finished in 150.6 seconds.
Chain 2 finished in 152.3 seconds.

All 4 chains finished successfully.
Mean chain execution time: 142.4 seconds.
Total execution time: 152.4 seconds.

Running MCMC with 4 parallel chains...

Chain 2 finished in 111.4 seconds.
Chain 4 finished in 119.3 seconds.
Chain 1 finished in 140.4 seconds.
Chain 3 finished in 147.7 seconds.

All 4 chains finished successfully.
Mean chain execution time: 129.7 seconds.
Total execution time: 147.9 seconds.

Running MCMC with 4 parallel chains...

Chain 3 finished in 127.6 seconds.
Chain 4 finished in 170.5 seconds.
Chain 1 finished in 176.0 seconds.
Chain 2 finished in 194.2 seconds.

All 4 chains finished successfully.
Mean chain execution time: 167.1 seconds.
Total execution time: 194.3 seconds.

Running MCMC with 4 parallel chains...

Chain 3 finished in 148.8 seconds.
Chain 1 finished in 157.7 seconds.
Chain 4 finished in 161.7 seconds.
Chain 2 finished in 165.4 seconds.

All 4 chains finished successfully.
Mean chain execution time: 158.4 seconds.
Total execution time: 165.5 seconds.

Running MCMC with 4 parallel chains...

Chain 4 finished in 122.8 seconds.
Chain 3 finished in 126.2 seconds.
Chain 1 finished in 127.3 seconds.
Chain 2 finished in 127.4 seconds.

All 4 chains finished successfully.
Mean chain execution time: 125.9 seconds.
Total execution time: 127.5 seconds.

Running MCMC with 4 parallel chains...

Chain 2 finished in 91.3 seconds.
Chain 4 finished in 92.2 seconds.
Chain 3 finished in 94.4 seconds.
Chain 1 finished in 95.5 seconds.

All 4 chains finished successfully.
Mean chain execution time: 93.4 seconds.
Total execution time: 95.6 seconds.

Running MCMC with 4 parallel chains...

Chain 1 finished in 120.1 seconds.
Chain 4 finished in 129.4 seconds.
Chain 2 finished in 135.2 seconds.
Chain 3 finished in 142.7 seconds.

All 4 chains finished successfully.
Mean chain execution time: 131.9 seconds.
Total execution time: 142.8 seconds.

Running MCMC with 4 parallel chains...

Chain 2 finished in 119.9 seconds.
Chain 4 finished in 121.3 seconds.
Chain 1 finished in 123.6 seconds.
Chain 3 finished in 142.0 seconds.

All 4 chains finished successfully.
Mean chain execution time: 126.7 seconds.
Total execution time: 142.1 seconds.

Running MCMC with 4 parallel chains...

Chain 3 finished in 133.7 seconds.
Chain 4 finished in 134.4 seconds.
Chain 2 finished in 139.3 seconds.
Chain 1 finished in 156.2 seconds.

All 4 chains finished successfully.
Mean chain execution time: 140.9 seconds.
Total execution time: 156.3 seconds.

Running MCMC with 4 parallel chains...

Chain 2 finished in 174.9 seconds.
Chain 1 finished in 175.3 seconds.
Chain 4 finished in 175.8 seconds.
Chain 3 finished in 182.4 seconds.

All 4 chains finished successfully.
Mean chain execution time: 177.1 seconds.
Total execution time: 182.5 seconds.

Running MCMC with 4 parallel chains...

Chain 1 finished in 122.2 seconds.
Chain 3 finished in 138.0 seconds.
Chain 4 finished in 147.1 seconds.
Chain 2 finished in 151.0 seconds.

All 4 chains finished successfully.
Mean chain execution time: 139.6 seconds.
Total execution time: 151.1 seconds.

Running MCMC with 4 parallel chains...

Chain 1 finished in 106.1 seconds.
Chain 4 finished in 109.4 seconds.
Chain 2 finished in 110.2 seconds.
Chain 3 finished in 142.7 seconds.

All 4 chains finished successfully.
Mean chain execution time: 117.1 seconds.
Total execution time: 142.9 seconds.

Running MCMC with 4 parallel chains...

Chain 2 finished in 118.4 seconds.
Chain 4 finished in 127.9 seconds.
Chain 1 finished in 136.0 seconds.
Chain 3 finished in 138.7 seconds.

All 4 chains finished successfully.
Mean chain execution time: 130.3 seconds.
Total execution time: 138.9 seconds.

Running MCMC with 4 parallel chains...

Chain 2 finished in 117.1 seconds.
Chain 1 finished in 120.5 seconds.
Chain 4 finished in 128.7 seconds.
Chain 3 finished in 129.1 seconds.

All 4 chains finished successfully.
Mean chain execution time: 123.9 seconds.
Total execution time: 129.2 seconds.

Running MCMC with 4 parallel chains...

Chain 3 finished in 133.3 seconds.
Chain 4 finished in 147.1 seconds.
Chain 2 finished in 150.5 seconds.
Chain 1 finished in 157.8 seconds.

All 4 chains finished successfully.
Mean chain execution time: 147.2 seconds.
Total execution time: 157.9 seconds.

Running MCMC with 4 parallel chains...

