[2026-05-04 23:13:17] [INFO] - 项目根目录: /public/home/acf4pijnzl/WDP
[2026-05-04 23:13:17] [INFO] - 开始处理任务 14
[2026-05-04 23:13:17] [INFO] - 处理outcome: N00_N15
[1] "EQI"          "EQI_Air"      "EQI_Water"    "EQI_Land"     "EQI_Built"   
[6] "EQI_Social"   "Smoking_Rate" "State_FIPS"  
Running MCMC with 4 parallel chains...

Chain 1 finished in 466.2 seconds.
Chain 2 finished in 501.1 seconds.
Chain 3 finished in 518.8 seconds.
Chain 4 finished in 575.2 seconds.

All 4 chains finished successfully.
Mean chain execution time: 515.3 seconds.
Total execution time: 575.4 seconds.

Running MCMC with 4 parallel chains...

Chain 1 finished in 736.0 seconds.
Chain 2 finished in 755.7 seconds.
Chain 4 finished in 758.6 seconds.
Chain 3 finished in 814.2 seconds.

All 4 chains finished successfully.
Mean chain execution time: 766.1 seconds.
Total execution time: 814.3 seconds.

Running MCMC with 4 parallel chains...

Chain 2 finished in 202.4 seconds.
Chain 1 finished in 213.2 seconds.
Chain 4 finished in 213.6 seconds.
Chain 3 finished in 216.7 seconds.

All 4 chains finished successfully.
Mean chain execution time: 211.5 seconds.
Total execution time: 216.8 seconds.

Running MCMC with 4 parallel chains...

Chain 2 finished in 285.2 seconds.
Chain 1 finished in 300.5 seconds.
Chain 3 finished in 304.0 seconds.
Chain 4 finished in 345.7 seconds.

All 4 chains finished successfully.
Mean chain execution time: 308.8 seconds.
Total execution time: 345.9 seconds.

Running MCMC with 4 parallel chains...

Chain 3 finished in 49.4 seconds.
Chain 2 finished in 49.6 seconds.
Chain 4 finished in 52.4 seconds.
Chain 1 finished in 54.2 seconds.

All 4 chains finished successfully.
Mean chain execution time: 51.4 seconds.
Total execution time: 54.3 seconds.

Running MCMC with 4 parallel chains...

Chain 4 finished in 69.9 seconds.
Chain 1 finished in 78.0 seconds.
Chain 3 finished in 78.1 seconds.
Chain 2 finished in 82.3 seconds.

All 4 chains finished successfully.
Mean chain execution time: 77.1 seconds.
Total execution time: 82.3 seconds.

Running MCMC with 4 parallel chains...

Chain 2 finished in 148.5 seconds.
Chain 4 finished in 150.5 seconds.
Chain 3 finished in 159.9 seconds.
Chain 1 finished in 160.6 seconds.

All 4 chains finished successfully.
Mean chain execution time: 154.9 seconds.
Total execution time: 160.7 seconds.

Running MCMC with 4 parallel chains...

Chain 4 finished in 204.4 seconds.
Chain 2 finished in 212.8 seconds.
Chain 1 finished in 217.2 seconds.
Chain 3 finished in 221.6 seconds.

All 4 chains finished successfully.
Mean chain execution time: 214.0 seconds.
Total execution time: 221.8 seconds.

Running MCMC with 4 parallel chains...

Chain 3 finished in 96.7 seconds.
Chain 4 finished in 98.5 seconds.
Chain 2 finished in 100.9 seconds.
Chain 1 finished in 105.1 seconds.

All 4 chains finished successfully.
Mean chain execution time: 100.3 seconds.
Total execution time: 105.2 seconds.

Running MCMC with 4 parallel chains...

Chain 1 finished in 122.1 seconds.
Chain 4 finished in 125.5 seconds.
Chain 2 finished in 126.0 seconds.
Chain 3 finished in 130.5 seconds.

All 4 chains finished successfully.
Mean chain execution time: 126.0 seconds.
Total execution time: 130.6 seconds.

Running MCMC with 4 parallel chains...

Chain 2 finished in 666.6 seconds.
Chain 3 finished in 693.4 seconds.
Chain 4 finished in 763.1 seconds.
Chain 1 finished in 777.4 seconds.

All 4 chains finished successfully.
Mean chain execution time: 725.1 seconds.
Total execution time: 777.5 seconds.

Running MCMC with 4 parallel chains...

Chain 1 finished in 861.0 seconds.
Chain 3 finished in 911.6 seconds.
Chain 4 finished in 911.8 seconds.
Chain 2 finished in 962.9 seconds.

All 4 chains finished successfully.
Mean chain execution time: 911.8 seconds.
Total execution time: 963.0 seconds.

Running MCMC with 4 parallel chains...

Chain 1 finished in 261.1 seconds.
Chain 2 finished in 266.5 seconds.
Chain 3 finished in 269.9 seconds.
Chain 4 finished in 270.3 seconds.

All 4 chains finished successfully.
Mean chain execution time: 267.0 seconds.
Total execution time: 270.5 seconds.

Running MCMC with 4 parallel chains...

Chain 2 finished in 304.8 seconds.
Chain 1 finished in 312.8 seconds.
Chain 3 finished in 317.8 seconds.
Chain 4 finished in 328.6 seconds.

All 4 chains finished successfully.
Mean chain execution time: 316.0 seconds.
Total execution time: 328.7 seconds.

Running MCMC with 4 parallel chains...

Chain 2 finished in 72.2 seconds.
Chain 4 finished in 74.2 seconds.
Chain 1 finished in 77.6 seconds.
Chain 3 finished in 83.0 seconds.

All 4 chains finished successfully.
Mean chain execution time: 76.8 seconds.
Total execution time: 83.1 seconds.

Running MCMC with 4 parallel chains...

Chain 2 finished in 98.0 seconds.
Chain 1 finished in 103.4 seconds.
Chain 3 finished in 104.4 seconds.
Chain 4 finished in 108.0 seconds.

All 4 chains finished successfully.
Mean chain execution time: 103.5 seconds.
Total execution time: 108.2 seconds.

Running MCMC with 4 parallel chains...

Chain 1 finished in 203.1 seconds.
Chain 2 finished in 218.7 seconds.
Chain 4 finished in 223.6 seconds.
Chain 3 finished in 232.1 seconds.

All 4 chains finished successfully.
Mean chain execution time: 219.4 seconds.
Total execution time: 232.2 seconds.

Running MCMC with 4 parallel chains...

Chain 4 finished in 245.8 seconds.
Chain 1 finished in 255.4 seconds.
Chain 2 finished in 255.5 seconds.
Chain 3 finished in 266.9 seconds.

All 4 chains finished successfully.
Mean chain execution time: 255.9 seconds.
Total execution time: 267.0 seconds.

Running MCMC with 4 parallel chains...

Chain 3 finished in 128.4 seconds.
Chain 1 finished in 140.9 seconds.
Chain 2 finished in 151.5 seconds.
Chain 4 finished in 152.2 seconds.

All 4 chains finished successfully.
Mean chain execution time: 143.2 seconds.
Total execution time: 152.3 seconds.

Running MCMC with 4 parallel chains...

Chain 4 finished in 175.4 seconds.
Chain 1 finished in 175.7 seconds.
Chain 2 finished in 179.4 seconds.
Chain 3 finished in 180.3 seconds.

All 4 chains finished successfully.
Mean chain execution time: 177.7 seconds.
Total execution time: 180.4 seconds.

Running MCMC with 4 parallel chains...

Chain 4 finished in 658.5 seconds.
Chain 1 finished in 661.5 seconds.
Chain 3 finished in 675.1 seconds.
Chain 2 finished in 715.9 seconds.

All 4 chains finished successfully.
Mean chain execution time: 677.7 seconds.
Total execution time: 716.0 seconds.

Running MCMC with 4 parallel chains...

Chain 2 finished in 840.6 seconds.
Chain 4 finished in 895.6 seconds.
Chain 1 finished in 901.7 seconds.
Chain 3 finished in 959.3 seconds.

All 4 chains finished successfully.
Mean chain execution time: 899.3 seconds.
Total execution time: 959.5 seconds.

Running MCMC with 4 parallel chains...

Chain 1 finished in 253.0 seconds.
Chain 3 finished in 273.2 seconds.
Chain 4 finished in 276.0 seconds.
Chain 2 finished in 280.9 seconds.

All 4 chains finished successfully.
Mean chain execution time: 270.8 seconds.
Total execution time: 281.0 seconds.

Running MCMC with 4 parallel chains...

Chain 1 finished in 314.1 seconds.
Chain 2 finished in 346.6 seconds.
Chain 4 finished in 346.7 seconds.
Chain 3 finished in 353.4 seconds.

All 4 chains finished successfully.
Mean chain execution time: 340.2 seconds.
Total execution time: 353.6 seconds.

Running MCMC with 4 parallel chains...

Chain 3 finished in 74.4 seconds.
Chain 1 finished in 76.2 seconds.
Chain 2 finished in 77.0 seconds.
Chain 4 finished in 78.1 seconds.

All 4 chains finished successfully.
Mean chain execution time: 76.4 seconds.
Total execution time: 78.2 seconds.

Running MCMC with 4 parallel chains...

Chain 3 finished in 98.2 seconds.
Chain 1 finished in 100.0 seconds.
Chain 4 finished in 100.2 seconds.
Chain 2 finished in 106.4 seconds.

All 4 chains finished successfully.
Mean chain execution time: 101.2 seconds.
Total execution time: 106.5 seconds.

Running MCMC with 4 parallel chains...

Chain 2 finished in 215.3 seconds.
Chain 1 finished in 217.2 seconds.
Chain 4 finished in 231.8 seconds.
Chain 3 finished in 235.3 seconds.

All 4 chains finished successfully.
Mean chain execution time: 224.9 seconds.
Total execution time: 235.5 seconds.

Running MCMC with 4 parallel chains...

Chain 4 finished in 259.4 seconds.
Chain 2 finished in 273.2 seconds.
Chain 1 finished in 276.9 seconds.
Chain 3 finished in 289.0 seconds.

All 4 chains finished successfully.
Mean chain execution time: 274.6 seconds.
Total execution time: 289.1 seconds.

Running MCMC with 4 parallel chains...

Chain 3 finished in 132.0 seconds.
Chain 2 finished in 132.5 seconds.
Chain 1 finished in 133.3 seconds.
Chain 4 finished in 142.6 seconds.

All 4 chains finished successfully.
Mean chain execution time: 135.1 seconds.
Total execution time: 142.7 seconds.

Running MCMC with 4 parallel chains...

Chain 2 finished in 156.8 seconds.
Chain 3 finished in 171.1 seconds.
Chain 1 finished in 174.4 seconds.
Chain 4 finished in 178.8 seconds.

All 4 chains finished successfully.
Mean chain execution time: 170.3 seconds.
Total execution time: 179.0 seconds.

Running MCMC with 4 parallel chains...

Chain 2 finished in 634.5 seconds.
Chain 1 finished in 696.7 seconds.
Chain 3 finished in 700.1 seconds.
Chain 4 finished in 724.6 seconds.

All 4 chains finished successfully.
Mean chain execution time: 689.0 seconds.
Total execution time: 724.8 seconds.

Running MCMC with 4 parallel chains...

Chain 3 finished in 859.8 seconds.
Chain 4 finished in 865.0 seconds.
Chain 2 finished in 885.6 seconds.
Chain 1 finished in 928.8 seconds.

All 4 chains finished successfully.
Mean chain execution time: 884.8 seconds.
Total execution time: 928.9 seconds.

Running MCMC with 4 parallel chains...

Chain 3 finished in 238.2 seconds.
Chain 2 finished in 256.2 seconds.
Chain 4 finished in 256.2 seconds.
Chain 1 finished in 259.4 seconds.

All 4 chains finished successfully.
Mean chain execution time: 252.5 seconds.
Total execution time: 259.4 seconds.

Running MCMC with 4 parallel chains...

Chain 2 finished in 310.8 seconds.
Chain 1 finished in 318.6 seconds.
Chain 4 finished in 345.5 seconds.
Chain 3 finished in 350.3 seconds.

All 4 chains finished successfully.
Mean chain execution time: 331.3 seconds.
Total execution time: 350.5 seconds.

Running MCMC with 4 parallel chains...

Chain 1 finished in 61.4 seconds.
Chain 3 finished in 62.4 seconds.
Chain 4 finished in 62.5 seconds.
Chain 2 finished in 63.4 seconds.

All 4 chains finished successfully.
Mean chain execution time: 62.5 seconds.
Total execution time: 63.6 seconds.

Running MCMC with 4 parallel chains...

Chain 2 finished in 86.0 seconds.
Chain 1 finished in 90.8 seconds.
Chain 4 finished in 91.6 seconds.
Chain 3 finished in 92.3 seconds.

All 4 chains finished successfully.
Mean chain execution time: 90.2 seconds.
Total execution time: 92.4 seconds.

Running MCMC with 4 parallel chains...

Chain 2 finished in 209.0 seconds.
Chain 4 finished in 214.6 seconds.
Chain 1 finished in 215.4 seconds.
Chain 3 finished in 219.5 seconds.

All 4 chains finished successfully.
Mean chain execution time: 214.6 seconds.
Total execution time: 219.6 seconds.

Running MCMC with 4 parallel chains...

Chain 2 finished in 255.6 seconds.
Chain 4 finished in 261.3 seconds.
Chain 1 finished in 263.8 seconds.
Chain 3 finished in 274.6 seconds.

All 4 chains finished successfully.
Mean chain execution time: 263.8 seconds.
Total execution time: 274.8 seconds.

Running MCMC with 4 parallel chains...

Chain 3 finished in 115.5 seconds.
Chain 2 finished in 117.2 seconds.
Chain 4 finished in 133.4 seconds.
Chain 1 finished in 139.3 seconds.

All 4 chains finished successfully.
Mean chain execution time: 126.3 seconds.
Total execution time: 139.3 seconds.

Running MCMC with 4 parallel chains...

Chain 3 finished in 154.5 seconds.
Chain 1 finished in 155.6 seconds.
Chain 4 finished in 157.5 seconds.
Chain 2 finished in 172.4 seconds.

All 4 chains finished successfully.
Mean chain execution time: 160.0 seconds.
Total execution time: 172.5 seconds.

Running MCMC with 4 parallel chains...

Chain 2 finished in 683.6 seconds.
Chain 3 finished in 693.6 seconds.
Chain 1 finished in 748.3 seconds.
Chain 4 finished in 774.0 seconds.

All 4 chains finished successfully.
Mean chain execution time: 724.9 seconds.
Total execution time: 774.2 seconds.

Running MCMC with 4 parallel chains...

Chain 2 finished in 837.7 seconds.
Chain 1 finished in 860.1 seconds.
Chain 3 finished in 957.9 seconds.
Chain 4 finished in 971.7 seconds.

All 4 chains finished successfully.
Mean chain execution time: 906.8 seconds.
Total execution time: 971.9 seconds.

Running MCMC with 4 parallel chains...

Chain 1 finished in 254.2 seconds.
Chain 2 finished in 262.6 seconds.
Chain 4 finished in 270.5 seconds.
Chain 3 finished in 277.9 seconds.

All 4 chains finished successfully.
Mean chain execution time: 266.3 seconds.
Total execution time: 278.0 seconds.

Running MCMC with 4 parallel chains...

Chain 2 finished in 325.9 seconds.
Chain 1 finished in 333.8 seconds.
Chain 3 finished in 339.0 seconds.
Chain 4 finished in 340.4 seconds.

All 4 chains finished successfully.
Mean chain execution time: 334.8 seconds.
Total execution time: 340.5 seconds.

Running MCMC with 4 parallel chains...

Chain 3 finished in 66.5 seconds.
Chain 4 finished in 66.6 seconds.
Chain 1 finished in 67.5 seconds.
Chain 2 finished in 69.2 seconds.

All 4 chains finished successfully.
Mean chain execution time: 67.5 seconds.
Total execution time: 69.3 seconds.

Running MCMC with 4 parallel chains...

Chain 4 finished in 79.9 seconds.
Chain 1 finished in 81.4 seconds.
Chain 2 finished in 85.9 seconds.
Chain 3 finished in 89.2 seconds.

All 4 chains finished successfully.
Mean chain execution time: 84.1 seconds.
Total execution time: 89.3 seconds.

Running MCMC with 4 parallel chains...

Chain 1 finished in 188.1 seconds.
Chain 4 finished in 196.3 seconds.
Chain 3 finished in 203.7 seconds.
Chain 2 finished in 206.3 seconds.

All 4 chains finished successfully.
Mean chain execution time: 198.6 seconds.
Total execution time: 206.4 seconds.

Running MCMC with 4 parallel chains...

Chain 3 finished in 249.5 seconds.
Chain 1 finished in 265.5 seconds.
Chain 4 finished in 265.7 seconds.
Chain 2 finished in 266.7 seconds.

All 4 chains finished successfully.
Mean chain execution time: 261.8 seconds.
Total execution time: 266.7 seconds.

Running MCMC with 4 parallel chains...

Chain 1 finished in 129.8 seconds.
Chain 2 finished in 138.6 seconds.
Chain 3 finished in 147.2 seconds.
Chain 4 finished in 153.4 seconds.

All 4 chains finished successfully.
Mean chain execution time: 142.3 seconds.
Total execution time: 153.6 seconds.

Running MCMC with 4 parallel chains...

Chain 3 finished in 165.1 seconds.
Chain 2 finished in 167.0 seconds.
Chain 4 finished in 168.1 seconds.
Chain 1 finished in 168.5 seconds.

All 4 chains finished successfully.
Mean chain execution time: 167.2 seconds.
Total execution time: 168.7 seconds.

Running MCMC with 4 parallel chains...

Chain 4 finished in 650.4 seconds.
Chain 3 finished in 660.6 seconds.
Chain 1 finished in 673.6 seconds.
Chain 2 finished in 739.0 seconds.

All 4 chains finished successfully.
Mean chain execution time: 680.9 seconds.
Total execution time: 739.1 seconds.

Running MCMC with 4 parallel chains...

Chain 2 finished in 844.2 seconds.
Chain 4 finished in 852.3 seconds.
Chain 1 finished in 861.1 seconds.
Chain 3 finished in 905.4 seconds.

All 4 chains finished successfully.
Mean chain execution time: 865.7 seconds.
Total execution time: 905.5 seconds.

Running MCMC with 4 parallel chains...

Chain 2 finished in 264.7 seconds.
Chain 4 finished in 265.1 seconds.
Chain 1 finished in 267.2 seconds.
Chain 3 finished in 270.5 seconds.

All 4 chains finished successfully.
Mean chain execution time: 266.9 seconds.
Total execution time: 270.7 seconds.

Running MCMC with 4 parallel chains...

Chain 1 finished in 308.6 seconds.
Chain 2 finished in 328.8 seconds.
Chain 3 finished in 330.1 seconds.
Chain 4 finished in 336.7 seconds.

All 4 chains finished successfully.
Mean chain execution time: 326.0 seconds.
Total execution time: 336.9 seconds.

Running MCMC with 4 parallel chains...

Chain 1 finished in 61.5 seconds.
Chain 2 finished in 63.2 seconds.
Chain 3 finished in 64.1 seconds.
Chain 4 finished in 66.6 seconds.

All 4 chains finished successfully.
Mean chain execution time: 63.9 seconds.
Total execution time: 66.8 seconds.

Running MCMC with 4 parallel chains...

Chain 1 finished in 73.5 seconds.
Chain 2 finished in 73.8 seconds.
Chain 3 finished in 75.4 seconds.
Chain 4 finished in 79.9 seconds.

All 4 chains finished successfully.
Mean chain execution time: 75.7 seconds.
Total execution time: 80.1 seconds.

Running MCMC with 4 parallel chains...

Chain 1 finished in 209.2 seconds.
Chain 3 finished in 209.1 seconds.
Chain 2 finished in 210.0 seconds.
Chain 4 finished in 219.4 seconds.

All 4 chains finished successfully.
Mean chain execution time: 211.9 seconds.
Total execution time: 219.6 seconds.

Running MCMC with 4 parallel chains...

Chain 4 finished in 250.0 seconds.
Chain 2 finished in 260.4 seconds.
Chain 3 finished in 271.6 seconds.
Chain 1 finished in 278.7 seconds.

All 4 chains finished successfully.
Mean chain execution time: 265.2 seconds.
Total execution time: 278.8 seconds.

Running MCMC with 4 parallel chains...

Chain 1 finished in 118.6 seconds.
Chain 2 finished in 125.0 seconds.
Chain 3 finished in 130.7 seconds.
Chain 4 finished in 131.9 seconds.

All 4 chains finished successfully.
Mean chain execution time: 126.5 seconds.
Total execution time: 132.1 seconds.

Running MCMC with 4 parallel chains...

Chain 3 finished in 150.8 seconds.
Chain 4 finished in 154.0 seconds.
Chain 1 finished in 154.8 seconds.
Chain 2 finished in 166.7 seconds.

All 4 chains finished successfully.
Mean chain execution time: 156.6 seconds.
Total execution time: 166.8 seconds.

Running MCMC with 4 parallel chains...

Chain 3 finished in 612.0 seconds.
Chain 1 finished in 628.5 seconds.
Chain 2 finished in 668.8 seconds.
Chain 4 finished in 680.1 seconds.

All 4 chains finished successfully.
Mean chain execution time: 647.4 seconds.
Total execution time: 680.2 seconds.

Running MCMC with 4 parallel chains...

Chain 1 finished in 836.7 seconds.
Chain 3 finished in 839.7 seconds.
Chain 4 finished in 909.9 seconds.
Chain 2 finished in 912.2 seconds.

All 4 chains finished successfully.
Mean chain execution time: 874.6 seconds.
Total execution time: 912.3 seconds.

Running MCMC with 4 parallel chains...

Chain 3 finished in 255.2 seconds.
Chain 2 finished in 266.3 seconds.
Chain 1 finished in 268.4 seconds.
Chain 4 finished in 270.1 seconds.

All 4 chains finished successfully.
Mean chain execution time: 265.0 seconds.
Total execution time: 270.3 seconds.

Running MCMC with 4 parallel chains...

Chain 1 finished in 294.8 seconds.
Chain 2 finished in 296.0 seconds.
Chain 3 finished in 310.0 seconds.
Chain 4 finished in 315.2 seconds.

All 4 chains finished successfully.
Mean chain execution time: 304.0 seconds.
Total execution time: 315.3 seconds.

Running MCMC with 4 parallel chains...

Chain 2 finished in 55.4 seconds.
Chain 3 finished in 56.2 seconds.
Chain 4 finished in 59.5 seconds.
Chain 1 finished in 63.7 seconds.

All 4 chains finished successfully.
Mean chain execution time: 58.7 seconds.
Total execution time: 63.8 seconds.

Running MCMC with 4 parallel chains...

Chain 4 finished in 64.8 seconds.
Chain 3 finished in 65.6 seconds.
Chain 2 finished in 67.9 seconds.
Chain 1 finished in 74.6 seconds.

All 4 chains finished successfully.
Mean chain execution time: 68.2 seconds.
Total execution time: 74.7 seconds.

Running MCMC with 4 parallel chains...

Chain 1 finished in 204.1 seconds.
Chain 3 finished in 208.5 seconds.
Chain 4 finished in 209.1 seconds.
Chain 2 finished in 210.0 seconds.

All 4 chains finished successfully.
Mean chain execution time: 207.9 seconds.
Total execution time: 210.1 seconds.

Running MCMC with 4 parallel chains...

Chain 1 finished in 255.5 seconds.
Chain 2 finished in 264.6 seconds.
Chain 4 finished in 264.9 seconds.
Chain 3 finished in 266.6 seconds.

All 4 chains finished successfully.
Mean chain execution time: 262.9 seconds.
Total execution time: 266.7 seconds.

Running MCMC with 4 parallel chains...

Chain 3 finished in 107.7 seconds.
Chain 1 finished in 111.2 seconds.
Chain 2 finished in 113.8 seconds.
Chain 4 finished in 119.5 seconds.

All 4 chains finished successfully.
Mean chain execution time: 113.0 seconds.
Total execution time: 119.6 seconds.

Running MCMC with 4 parallel chains...

Chain 1 finished in 135.6 seconds.
Chain 3 finished in 145.3 seconds.
Chain 4 finished in 147.0 seconds.
Chain 2 finished in 151.0 seconds.

All 4 chains finished successfully.
Mean chain execution time: 144.7 seconds.
Total execution time: 151.1 seconds.

[2026-05-05 05:27:10] [INFO] - ✅ 完成: Outcome=N00_N15
