[2026-04-02 12:17:28] [INFO] - 项目根目录: /public/home/acf4pijnzl/WDP
[2026-04-02 12:17:28] [INFO] - 开始处理任务 1
[2026-04-02 12:17:28] [INFO] - 处理癌症类型: C18_C21
[1] "EQI"          "EQI_Air"      "EQI_Water"    "EQI_Land"     "EQI_Built"   
[6] "EQI_Social"   "Smoking_Rate" "State_FIPS"  
Running MCMC with 4 parallel chains...

Chain 4 finished in 292.6 seconds.
Chain 3 finished in 305.6 seconds.
Chain 2 finished in 312.3 seconds.
Chain 1 finished in 321.6 seconds.

All 4 chains finished successfully.
Mean chain execution time: 308.0 seconds.
Total execution time: 321.9 seconds.

Running MCMC with 4 parallel chains...

Chain 1 finished in 304.6 seconds.
Chain 4 finished in 331.3 seconds.
Chain 3 finished in 339.9 seconds.
Chain 2 finished in 354.0 seconds.

All 4 chains finished successfully.
Mean chain execution time: 332.5 seconds.
Total execution time: 354.1 seconds.

Running MCMC with 4 parallel chains...

Chain 1 finished in 323.0 seconds.
Chain 4 finished in 323.9 seconds.
Chain 2 finished in 328.4 seconds.
Chain 3 finished in 342.7 seconds.

All 4 chains finished successfully.
Mean chain execution time: 329.5 seconds.
Total execution time: 342.9 seconds.

[2026-04-02 12:35:30] [INFO] - ✅ 完成: Cancer=C18_C21
[2026-04-02 12:35:30] [INFO] - 输出目录: Result/brms_MRR_lag/
