[2026-04-12 23:42:54] [INFO] - Project root: /public/home/acf4pijnzl/WDP
[2026-04-12 23:42:54] [INFO] - Task 17 → cancer=C00_C97  section=RUCC
 [1] "EQI"          "EQI_Air"      "EQI_Water"    "EQI_Land"     "EQI_Built"   
 [6] "EQI_Social"   "Smoking_Rate" "State_FIPS"   "AAMR_Lower"   "AAMR_Upper"  
[11] "cens"         "RUCC"        
Running MCMC with 4 parallel chains...

Chain 4 finished in 77.4 seconds.
Chain 1 finished in 77.9 seconds.
Chain 2 finished in 85.1 seconds.
Chain 3 finished in 87.9 seconds.

All 4 chains finished successfully.
Mean chain execution time: 82.1 seconds.
Total execution time: 88.1 seconds.

Running MCMC with 4 parallel chains...

Chain 2 finished in 110.6 seconds.
Chain 3 finished in 117.8 seconds.
Chain 1 finished in 118.7 seconds.
Chain 4 finished in 123.7 seconds.

All 4 chains finished successfully.
Mean chain execution time: 117.7 seconds.
Total execution time: 123.9 seconds.

Running MCMC with 4 parallel chains...

Chain 2 finished in 84.5 seconds.
Chain 3 finished in 88.9 seconds.
Chain 4 finished in 90.2 seconds.
Chain 1 finished in 96.3 seconds.

All 4 chains finished successfully.
Mean chain execution time: 90.0 seconds.
Total execution time: 96.3 seconds.

Running MCMC with 4 parallel chains...

Chain 3 finished in 110.5 seconds.
Chain 4 finished in 114.7 seconds.
Chain 1 finished in 115.6 seconds.
Chain 2 finished in 118.9 seconds.

All 4 chains finished successfully.
Mean chain execution time: 114.9 seconds.
Total execution time: 119.0 seconds.

Running MCMC with 4 parallel chains...

Chain 3 finished in 81.0 seconds.
Chain 4 finished in 81.0 seconds.
Chain 1 finished in 84.6 seconds.
Chain 2 finished in 88.8 seconds.

All 4 chains finished successfully.
Mean chain execution time: 83.9 seconds.
Total execution time: 88.9 seconds.

Running MCMC with 4 parallel chains...

Chain 1 finished in 150.9 seconds.
Chain 2 finished in 154.0 seconds.
Chain 3 finished in 156.5 seconds.
Chain 4 finished in 160.7 seconds.

All 4 chains finished successfully.
Mean chain execution time: 155.5 seconds.
Total execution time: 160.8 seconds.

Running MCMC with 4 parallel chains...

Chain 4 finished in 77.8 seconds.
Chain 3 finished in 78.9 seconds.
Chain 1 finished in 94.7 seconds.
Chain 2 finished in 97.6 seconds.

All 4 chains finished successfully.
Mean chain execution time: 87.3 seconds.
Total execution time: 97.7 seconds.

Running MCMC with 4 parallel chains...

Chain 3 finished in 110.0 seconds.
Chain 1 finished in 115.0 seconds.
Chain 4 finished in 120.6 seconds.
Chain 2 finished in 130.2 seconds.

All 4 chains finished successfully.
Mean chain execution time: 119.0 seconds.
Total execution time: 130.3 seconds.

Running MCMC with 4 parallel chains...

Chain 1 finished in 69.6 seconds.
Chain 2 finished in 73.0 seconds.
Chain 4 finished in 88.0 seconds.
Chain 3 finished in 89.4 seconds.

All 4 chains finished successfully.
Mean chain execution time: 80.0 seconds.
Total execution time: 89.7 seconds.

Running MCMC with 4 parallel chains...

Chain 1 finished in 120.3 seconds.
Chain 3 finished in 121.3 seconds.
Chain 2 finished in 121.9 seconds.
Chain 4 finished in 143.0 seconds.

All 4 chains finished successfully.
Mean chain execution time: 126.6 seconds.
Total execution time: 143.2 seconds.

Running MCMC with 4 parallel chains...

Chain 4 finished in 15.8 seconds.
Chain 1 finished in 16.6 seconds.
Chain 2 finished in 17.2 seconds.
Chain 3 finished in 21.3 seconds.

All 4 chains finished successfully.
Mean chain execution time: 17.7 seconds.
Total execution time: 21.4 seconds.

Running MCMC with 4 parallel chains...

Chain 2 finished in 26.2 seconds.
Chain 4 finished in 27.3 seconds.
Chain 1 finished in 28.0 seconds.
Chain 3 finished in 30.4 seconds.

All 4 chains finished successfully.
Mean chain execution time: 28.0 seconds.
Total execution time: 30.5 seconds.

Running MCMC with 4 parallel chains...

Chain 2 finished in 19.1 seconds.
Chain 4 finished in 19.4 seconds.
Chain 3 finished in 21.6 seconds.
Chain 1 finished in 22.5 seconds.

All 4 chains finished successfully.
Mean chain execution time: 20.7 seconds.
Total execution time: 22.6 seconds.

Running MCMC with 4 parallel chains...

Chain 4 finished in 30.5 seconds.
Chain 2 finished in 33.6 seconds.
Chain 3 finished in 33.7 seconds.
Chain 1 finished in 33.9 seconds.

All 4 chains finished successfully.
Mean chain execution time: 32.9 seconds.
Total execution time: 33.9 seconds.

Running MCMC with 4 parallel chains...

Chain 3 finished in 16.4 seconds.
Chain 2 finished in 16.6 seconds.
Chain 1 finished in 17.6 seconds.
Chain 4 finished in 18.6 seconds.

All 4 chains finished successfully.
Mean chain execution time: 17.3 seconds.
Total execution time: 18.7 seconds.

Running MCMC with 4 parallel chains...

Chain 4 finished in 28.3 seconds.
Chain 1 finished in 30.7 seconds.
Chain 2 finished in 31.6 seconds.
Chain 3 finished in 33.7 seconds.

All 4 chains finished successfully.
Mean chain execution time: 31.1 seconds.
Total execution time: 33.8 seconds.

Running MCMC with 4 parallel chains...

Chain 3 finished in 14.3 seconds.
Chain 1 finished in 14.8 seconds.
Chain 4 finished in 16.0 seconds.
Chain 2 finished in 17.4 seconds.

All 4 chains finished successfully.
Mean chain execution time: 15.6 seconds.
Total execution time: 17.5 seconds.

Running MCMC with 4 parallel chains...

Chain 1 finished in 23.4 seconds.
Chain 3 finished in 23.7 seconds.
Chain 4 finished in 23.7 seconds.
Chain 2 finished in 25.6 seconds.

All 4 chains finished successfully.
Mean chain execution time: 24.1 seconds.
Total execution time: 25.7 seconds.

Running MCMC with 4 parallel chains...

Chain 4 finished in 14.7 seconds.
Chain 3 finished in 17.0 seconds.
Chain 1 finished in 17.6 seconds.
Chain 2 finished in 18.1 seconds.

All 4 chains finished successfully.
Mean chain execution time: 16.8 seconds.
Total execution time: 18.2 seconds.

Running MCMC with 4 parallel chains...

Chain 1 finished in 26.8 seconds.
Chain 2 finished in 28.2 seconds.
Chain 3 finished in 29.9 seconds.
Chain 4 finished in 33.6 seconds.

All 4 chains finished successfully.
Mean chain execution time: 29.6 seconds.
Total execution time: 33.7 seconds.

Running MCMC with 4 parallel chains...

Chain 3 finished in 63.3 seconds.
Chain 2 finished in 66.7 seconds.
Chain 1 finished in 67.8 seconds.
Chain 4 finished in 83.4 seconds.

All 4 chains finished successfully.
Mean chain execution time: 70.3 seconds.
Total execution time: 83.6 seconds.

Running MCMC with 4 parallel chains...

Chain 2 finished in 125.0 seconds.
Chain 3 finished in 125.7 seconds.
Chain 4 finished in 130.2 seconds.
Chain 1 finished in 137.8 seconds.

All 4 chains finished successfully.
Mean chain execution time: 129.7 seconds.
Total execution time: 137.9 seconds.

Running MCMC with 4 parallel chains...

Chain 2 finished in 67.1 seconds.
Chain 1 finished in 71.5 seconds.
Chain 4 finished in 74.8 seconds.
Chain 3 finished in 75.5 seconds.

All 4 chains finished successfully.
Mean chain execution time: 72.3 seconds.
Total execution time: 75.6 seconds.

Running MCMC with 4 parallel chains...

Chain 4 finished in 108.0 seconds.
Chain 2 finished in 111.0 seconds.
Chain 1 finished in 112.8 seconds.
Chain 3 finished in 114.9 seconds.

All 4 chains finished successfully.
Mean chain execution time: 111.7 seconds.
Total execution time: 115.1 seconds.

Running MCMC with 4 parallel chains...

Chain 3 finished in 79.4 seconds.
Chain 2 finished in 81.0 seconds.
Chain 1 finished in 81.1 seconds.
Chain 4 finished in 85.8 seconds.

All 4 chains finished successfully.
Mean chain execution time: 81.8 seconds.
Total execution time: 85.9 seconds.

Running MCMC with 4 parallel chains...

Chain 4 finished in 113.5 seconds.
Chain 1 finished in 113.9 seconds.
Chain 3 finished in 120.3 seconds.
Chain 2 finished in 147.9 seconds.

All 4 chains finished successfully.
Mean chain execution time: 123.9 seconds.
Total execution time: 148.1 seconds.

Running MCMC with 4 parallel chains...

Chain 1 finished in 70.0 seconds.
Chain 3 finished in 72.6 seconds.
Chain 2 finished in 73.6 seconds.
Chain 4 finished in 79.3 seconds.

All 4 chains finished successfully.
Mean chain execution time: 73.9 seconds.
Total execution time: 79.5 seconds.

Running MCMC with 4 parallel chains...

Chain 4 finished in 106.7 seconds.
Chain 3 finished in 109.7 seconds.
Chain 1 finished in 110.5 seconds.
Chain 2 finished in 117.9 seconds.

All 4 chains finished successfully.
Mean chain execution time: 111.2 seconds.
Total execution time: 118.1 seconds.

Running MCMC with 4 parallel chains...

Chain 4 finished in 66.9 seconds.
Chain 1 finished in 73.6 seconds.
Chain 3 finished in 73.7 seconds.
Chain 2 finished in 79.0 seconds.

All 4 chains finished successfully.
Mean chain execution time: 73.3 seconds.
Total execution time: 79.1 seconds.

Running MCMC with 4 parallel chains...

Chain 3 finished in 102.3 seconds.
Chain 2 finished in 108.0 seconds.
Chain 1 finished in 110.9 seconds.
Chain 4 finished in 122.9 seconds.

All 4 chains finished successfully.
Mean chain execution time: 111.0 seconds.
Total execution time: 123.0 seconds.

Running MCMC with 4 parallel chains...

Chain 2 finished in 27.6 seconds.
Chain 1 finished in 29.3 seconds.
Chain 3 finished in 30.2 seconds.
Chain 4 finished in 33.4 seconds.

All 4 chains finished successfully.
Mean chain execution time: 30.1 seconds.
Total execution time: 33.6 seconds.

Running MCMC with 4 parallel chains...

Chain 2 finished in 48.4 seconds.
Chain 3 finished in 52.9 seconds.
Chain 4 finished in 53.8 seconds.
Chain 1 finished in 54.1 seconds.

All 4 chains finished successfully.
Mean chain execution time: 52.3 seconds.
Total execution time: 54.2 seconds.

Running MCMC with 4 parallel chains...

Chain 3 finished in 29.7 seconds.
Chain 2 finished in 30.2 seconds.
Chain 1 finished in 30.5 seconds.
Chain 4 finished in 30.8 seconds.

All 4 chains finished successfully.
Mean chain execution time: 30.3 seconds.
Total execution time: 30.9 seconds.

Running MCMC with 4 parallel chains...

Chain 3 finished in 53.4 seconds.
Chain 2 finished in 54.0 seconds.
Chain 4 finished in 54.5 seconds.
Chain 1 finished in 54.7 seconds.

All 4 chains finished successfully.
Mean chain execution time: 54.1 seconds.
Total execution time: 54.8 seconds.

Running MCMC with 4 parallel chains...

Chain 2 finished in 29.5 seconds.
Chain 1 finished in 30.9 seconds.
Chain 4 finished in 31.1 seconds.
Chain 3 finished in 31.8 seconds.

All 4 chains finished successfully.
Mean chain execution time: 30.8 seconds.
Total execution time: 31.9 seconds.

Running MCMC with 4 parallel chains...

Chain 1 finished in 46.4 seconds.
Chain 2 finished in 49.2 seconds.
Chain 4 finished in 50.2 seconds.
Chain 3 finished in 52.6 seconds.

All 4 chains finished successfully.
Mean chain execution time: 49.6 seconds.
Total execution time: 52.8 seconds.

Running MCMC with 4 parallel chains...

Chain 1 finished in 25.1 seconds.
Chain 2 finished in 25.1 seconds.
Chain 4 finished in 25.1 seconds.
Chain 3 finished in 26.1 seconds.

All 4 chains finished successfully.
Mean chain execution time: 25.4 seconds.
Total execution time: 26.2 seconds.

Running MCMC with 4 parallel chains...

Chain 1 finished in 47.7 seconds.
Chain 2 finished in 48.6 seconds.
Chain 3 finished in 50.4 seconds.
Chain 4 finished in 50.7 seconds.

All 4 chains finished successfully.
Mean chain execution time: 49.4 seconds.
Total execution time: 50.9 seconds.

Running MCMC with 4 parallel chains...

Chain 2 finished in 26.9 seconds.
Chain 4 finished in 28.3 seconds.
Chain 1 finished in 28.6 seconds.
Chain 3 finished in 29.6 seconds.

All 4 chains finished successfully.
Mean chain execution time: 28.3 seconds.
Total execution time: 29.7 seconds.

Running MCMC with 4 parallel chains...

Chain 1 finished in 45.4 seconds.
Chain 3 finished in 46.8 seconds.
Chain 4 finished in 51.3 seconds.
Chain 2 finished in 54.2 seconds.

All 4 chains finished successfully.
Mean chain execution time: 49.4 seconds.
Total execution time: 54.3 seconds.

[2026-04-13 00:32:30] [INFO] - Done: C00_C97 / RUCC → Result/Stratified_MRR/
