[2026-04-12 23:06:11] [INFO] - Project root: /public/home/acf4pijnzl/WDP
[2026-04-12 23:06:11] [INFO] - Task 9 → cancer=G20_G30_G12.2_F01_F03  section=CensusRegion
 [1] "EQI"          "EQI_Air"      "EQI_Water"    "EQI_Land"     "EQI_Built"   
 [6] "EQI_Social"   "Smoking_Rate" "State_FIPS"   "AAMR_Lower"   "AAMR_Upper"  
[11] "cens"         "RUCC"        
Running MCMC with 4 parallel chains...

Chain 2 finished in 12.5 seconds.
Chain 3 finished in 12.7 seconds.
Chain 1 finished in 14.0 seconds.
Chain 4 finished in 14.1 seconds.

All 4 chains finished successfully.
Mean chain execution time: 13.4 seconds.
Total execution time: 14.4 seconds.

Running MCMC with 4 parallel chains...

Chain 2 finished in 20.0 seconds.
Chain 1 finished in 23.8 seconds.
Chain 3 finished in 23.7 seconds.
Chain 4 finished in 24.2 seconds.

All 4 chains finished successfully.
Mean chain execution time: 22.9 seconds.
Total execution time: 24.4 seconds.

Running MCMC with 4 parallel chains...

Chain 2 finished in 13.9 seconds.
Chain 3 finished in 13.9 seconds.
Chain 1 finished in 14.3 seconds.
Chain 4 finished in 15.8 seconds.

All 4 chains finished successfully.
Mean chain execution time: 14.5 seconds.
Total execution time: 15.9 seconds.

Running MCMC with 4 parallel chains...

Chain 1 finished in 19.4 seconds.
Chain 2 finished in 20.3 seconds.
Chain 3 finished in 21.8 seconds.
Chain 4 finished in 22.2 seconds.

All 4 chains finished successfully.
Mean chain execution time: 20.9 seconds.
Total execution time: 22.3 seconds.

Running MCMC with 4 parallel chains...

Chain 1 finished in 12.2 seconds.
Chain 3 finished in 12.3 seconds.
Chain 4 finished in 12.6 seconds.
Chain 2 finished in 12.9 seconds.

All 4 chains finished successfully.
Mean chain execution time: 12.5 seconds.
Total execution time: 13.1 seconds.

Running MCMC with 4 parallel chains...

Chain 3 finished in 20.1 seconds.
Chain 2 finished in 20.7 seconds.
Chain 1 finished in 21.4 seconds.
Chain 4 finished in 21.4 seconds.

All 4 chains finished successfully.
Mean chain execution time: 20.9 seconds.
Total execution time: 21.5 seconds.

Running MCMC with 4 parallel chains...

Chain 2 finished in 12.0 seconds.
Chain 3 finished in 13.1 seconds.
Chain 4 finished in 13.9 seconds.
Chain 1 finished in 14.8 seconds.

All 4 chains finished successfully.
Mean chain execution time: 13.5 seconds.
Total execution time: 14.9 seconds.

Running MCMC with 4 parallel chains...

Chain 3 finished in 18.0 seconds.
Chain 2 finished in 19.0 seconds.
Chain 1 finished in 19.3 seconds.
Chain 4 finished in 21.9 seconds.

All 4 chains finished successfully.
Mean chain execution time: 19.6 seconds.
Total execution time: 22.0 seconds.

Running MCMC with 4 parallel chains...

Chain 2 finished in 12.1 seconds.
Chain 4 finished in 13.2 seconds.
Chain 3 finished in 13.3 seconds.
Chain 1 finished in 13.5 seconds.

All 4 chains finished successfully.
Mean chain execution time: 13.0 seconds.
Total execution time: 13.6 seconds.

Running MCMC with 4 parallel chains...

Chain 3 finished in 18.6 seconds.
Chain 1 finished in 18.8 seconds.
Chain 4 finished in 19.1 seconds.
Chain 2 finished in 20.3 seconds.

All 4 chains finished successfully.
Mean chain execution time: 19.2 seconds.
Total execution time: 20.4 seconds.

Running MCMC with 4 parallel chains...

Chain 3 finished in 57.2 seconds.
Chain 1 finished in 64.1 seconds.
Chain 2 finished in 65.1 seconds.
Chain 4 finished in 72.1 seconds.

All 4 chains finished successfully.
Mean chain execution time: 64.6 seconds.
Total execution time: 72.3 seconds.

Running MCMC with 4 parallel chains...

Chain 1 finished in 100.0 seconds.
Chain 3 finished in 101.0 seconds.
Chain 2 finished in 105.5 seconds.
Chain 4 finished in 108.6 seconds.

All 4 chains finished successfully.
Mean chain execution time: 103.8 seconds.
Total execution time: 108.7 seconds.

Running MCMC with 4 parallel chains...

Chain 3 finished in 61.3 seconds.
Chain 4 finished in 66.5 seconds.
Chain 1 finished in 69.5 seconds.
Chain 2 finished in 71.6 seconds.

All 4 chains finished successfully.
Mean chain execution time: 67.2 seconds.
Total execution time: 71.7 seconds.

Running MCMC with 4 parallel chains...

Chain 4 finished in 99.9 seconds.
Chain 2 finished in 101.9 seconds.
Chain 3 finished in 111.3 seconds.
Chain 1 finished in 116.3 seconds.

All 4 chains finished successfully.
Mean chain execution time: 107.3 seconds.
Total execution time: 116.4 seconds.

Running MCMC with 4 parallel chains...

Chain 4 finished in 56.8 seconds.
Chain 3 finished in 67.1 seconds.
Chain 2 finished in 75.1 seconds.
Chain 1 finished in 76.4 seconds.

All 4 chains finished successfully.
Mean chain execution time: 68.9 seconds.
Total execution time: 76.4 seconds.

Running MCMC with 4 parallel chains...

Chain 3 finished in 96.3 seconds.
Chain 2 finished in 108.3 seconds.
Chain 4 finished in 110.3 seconds.
Chain 1 finished in 113.9 seconds.

All 4 chains finished successfully.
Mean chain execution time: 107.2 seconds.
Total execution time: 114.0 seconds.

Running MCMC with 4 parallel chains...

Chain 3 finished in 67.3 seconds.
Chain 4 finished in 72.7 seconds.
Chain 2 finished in 75.8 seconds.
Chain 1 finished in 84.4 seconds.

All 4 chains finished successfully.
Mean chain execution time: 75.1 seconds.
Total execution time: 84.4 seconds.

Running MCMC with 4 parallel chains...

Chain 4 finished in 93.3 seconds.
Chain 2 finished in 96.3 seconds.
Chain 1 finished in 100.2 seconds.
Chain 3 finished in 103.5 seconds.

All 4 chains finished successfully.
Mean chain execution time: 98.3 seconds.
Total execution time: 103.6 seconds.

Running MCMC with 4 parallel chains...

Chain 2 finished in 80.2 seconds.
Chain 4 finished in 91.0 seconds.
Chain 3 finished in 95.3 seconds.
Chain 1 finished in 103.1 seconds.

All 4 chains finished successfully.
Mean chain execution time: 92.4 seconds.
Total execution time: 103.2 seconds.

Running MCMC with 4 parallel chains...

Chain 3 finished in 96.4 seconds.
Chain 2 finished in 101.4 seconds.
Chain 4 finished in 104.4 seconds.
Chain 1 finished in 105.5 seconds.

All 4 chains finished successfully.
Mean chain execution time: 101.9 seconds.
Total execution time: 105.7 seconds.

Running MCMC with 4 parallel chains...

Chain 2 finished in 94.5 seconds.
Chain 1 finished in 94.8 seconds.
Chain 4 finished in 110.9 seconds.
Chain 3 finished in 112.6 seconds.

All 4 chains finished successfully.
Mean chain execution time: 103.2 seconds.
Total execution time: 112.7 seconds.

Running MCMC with 4 parallel chains...

Chain 3 finished in 149.4 seconds.
Chain 1 finished in 157.5 seconds.
Chain 2 finished in 158.3 seconds.
Chain 4 finished in 170.1 seconds.

All 4 chains finished successfully.
Mean chain execution time: 158.8 seconds.
Total execution time: 170.3 seconds.

Running MCMC with 4 parallel chains...

Chain 1 finished in 100.7 seconds.
Chain 3 finished in 102.0 seconds.
Chain 4 finished in 102.6 seconds.
Chain 2 finished in 113.3 seconds.

All 4 chains finished successfully.
Mean chain execution time: 104.6 seconds.
Total execution time: 113.4 seconds.

Running MCMC with 4 parallel chains...

Chain 2 finished in 145.3 seconds.
Chain 1 finished in 147.5 seconds.
Chain 3 finished in 157.2 seconds.
Chain 4 finished in 164.2 seconds.

All 4 chains finished successfully.
Mean chain execution time: 153.6 seconds.
Total execution time: 164.4 seconds.

Running MCMC with 4 parallel chains...

Chain 4 finished in 98.8 seconds.
Chain 2 finished in 102.1 seconds.
Chain 3 finished in 102.2 seconds.
Chain 1 finished in 118.4 seconds.

All 4 chains finished successfully.
Mean chain execution time: 105.4 seconds.
Total execution time: 118.5 seconds.

Running MCMC with 4 parallel chains...

Chain 1 finished in 147.0 seconds.
Chain 2 finished in 149.7 seconds.
Chain 4 finished in 156.4 seconds.
Chain 3 finished in 167.9 seconds.

All 4 chains finished successfully.
Mean chain execution time: 155.2 seconds.
Total execution time: 168.0 seconds.

Running MCMC with 4 parallel chains...

Chain 3 finished in 125.2 seconds.
Chain 1 finished in 125.6 seconds.
Chain 4 finished in 129.9 seconds.
Chain 2 finished in 145.3 seconds.

All 4 chains finished successfully.
Mean chain execution time: 131.5 seconds.
Total execution time: 145.4 seconds.

Running MCMC with 4 parallel chains...

Chain 1 finished in 153.3 seconds.
Chain 3 finished in 172.4 seconds.
Chain 2 finished in 173.2 seconds.
Chain 4 finished in 174.1 seconds.

All 4 chains finished successfully.
Mean chain execution time: 168.2 seconds.
Total execution time: 174.3 seconds.

Running MCMC with 4 parallel chains...

Chain 4 finished in 151.3 seconds.
Chain 1 finished in 154.2 seconds.
Chain 3 finished in 169.2 seconds.
Chain 2 finished in 172.5 seconds.

All 4 chains finished successfully.
Mean chain execution time: 161.8 seconds.
Total execution time: 172.6 seconds.

Running MCMC with 4 parallel chains...

Chain 4 finished in 171.9 seconds.
Chain 2 finished in 173.0 seconds.
Chain 1 finished in 185.4 seconds.
Chain 3 finished in 186.3 seconds.

All 4 chains finished successfully.
Mean chain execution time: 179.1 seconds.
Total execution time: 186.4 seconds.

Running MCMC with 4 parallel chains...

Chain 2 finished in 19.0 seconds.
Chain 4 finished in 19.8 seconds.
Chain 3 finished in 20.0 seconds.
Chain 1 finished in 21.0 seconds.

All 4 chains finished successfully.
Mean chain execution time: 20.0 seconds.
Total execution time: 21.0 seconds.

Running MCMC with 4 parallel chains...

Chain 1 finished in 29.4 seconds.
Chain 4 finished in 29.5 seconds.
Chain 3 finished in 30.5 seconds.
Chain 2 finished in 34.7 seconds.

All 4 chains finished successfully.
Mean chain execution time: 31.0 seconds.
Total execution time: 34.7 seconds.

Running MCMC with 4 parallel chains...

Chain 3 finished in 19.0 seconds.
Chain 2 finished in 19.6 seconds.
Chain 4 finished in 21.3 seconds.
Chain 1 finished in 22.0 seconds.

All 4 chains finished successfully.
Mean chain execution time: 20.5 seconds.
Total execution time: 22.1 seconds.

Running MCMC with 4 parallel chains...

Chain 1 finished in 29.2 seconds.
Chain 3 finished in 33.3 seconds.
Chain 4 finished in 33.5 seconds.
Chain 2 finished in 34.7 seconds.

All 4 chains finished successfully.
Mean chain execution time: 32.7 seconds.
Total execution time: 34.8 seconds.

Running MCMC with 4 parallel chains...

Chain 4 finished in 19.3 seconds.
Chain 1 finished in 19.4 seconds.
Chain 2 finished in 19.7 seconds.
Chain 3 finished in 20.9 seconds.

All 4 chains finished successfully.
Mean chain execution time: 19.8 seconds.
Total execution time: 21.1 seconds.

Running MCMC with 4 parallel chains...

Chain 1 finished in 33.2 seconds.
Chain 3 finished in 33.3 seconds.
Chain 4 finished in 33.7 seconds.
Chain 2 finished in 37.2 seconds.

All 4 chains finished successfully.
Mean chain execution time: 34.3 seconds.
Total execution time: 37.3 seconds.

Running MCMC with 4 parallel chains...

Chain 4 finished in 21.8 seconds.
Chain 2 finished in 22.4 seconds.
Chain 1 finished in 23.6 seconds.
Chain 3 finished in 23.7 seconds.

All 4 chains finished successfully.
Mean chain execution time: 22.9 seconds.
Total execution time: 23.8 seconds.

Running MCMC with 4 parallel chains...

Chain 1 finished in 27.0 seconds.
Chain 4 finished in 32.7 seconds.
Chain 3 finished in 33.1 seconds.
Chain 2 finished in 35.0 seconds.

All 4 chains finished successfully.
Mean chain execution time: 31.9 seconds.
Total execution time: 35.1 seconds.

Running MCMC with 4 parallel chains...

Chain 4 finished in 20.9 seconds.
Chain 2 finished in 21.6 seconds.
Chain 3 finished in 22.3 seconds.
Chain 1 finished in 22.8 seconds.

All 4 chains finished successfully.
Mean chain execution time: 21.9 seconds.
Total execution time: 22.8 seconds.

Running MCMC with 4 parallel chains...

Chain 1 finished in 27.5 seconds.
Chain 3 finished in 28.4 seconds.
Chain 4 finished in 34.0 seconds.
Chain 2 finished in 36.5 seconds.

All 4 chains finished successfully.
Mean chain execution time: 31.6 seconds.
Total execution time: 36.7 seconds.

[2026-04-12 23:56:51] [INFO] - Done: G20_G30_G12.2_F01_F03 / CensusRegion → Result/Stratified_MRR/
