[2025-10-17 00:09:43] [INFO] - 项目根目录: /public/home/acf4pijnzl/WDP
[2025-10-17 00:09:43] [INFO] - 开始处理任务 6
[2025-10-17 00:09:43] [INFO] - 处理癌症类型: C50
[1] "EQI"          "EQI_Air"      "EQI_Water"    "EQI_Land"     "EQI_Built"   
[6] "EQI_Social"   "Smoking_Rate" "State_FIPS"   "Cluster"     
Running MCMC with 4 parallel chains...

Chain 3 finished in 67.5 seconds.
Chain 1 finished in 69.1 seconds.
Chain 2 finished in 71.4 seconds.
Chain 4 finished in 75.5 seconds.

All 4 chains finished successfully.
Mean chain execution time: 70.9 seconds.
Total execution time: 75.7 seconds.

Running MCMC with 4 parallel chains...

Chain 4 finished in 81.4 seconds.
Chain 2 finished in 82.8 seconds.
Chain 3 finished in 86.4 seconds.
Chain 1 finished in 97.3 seconds.

All 4 chains finished successfully.
Mean chain execution time: 87.0 seconds.
Total execution time: 97.3 seconds.

Running MCMC with 4 parallel chains...

Chain 1 finished in 59.0 seconds.
Chain 4 finished in 62.5 seconds.
Chain 3 finished in 79.9 seconds.
Chain 2 finished in 86.0 seconds.

All 4 chains finished successfully.
Mean chain execution time: 71.8 seconds.
Total execution time: 86.1 seconds.

Running MCMC with 4 parallel chains...

Chain 4 finished in 85.3 seconds.
Chain 3 finished in 85.8 seconds.
Chain 1 finished in 89.8 seconds.
Chain 2 finished in 90.4 seconds.

All 4 chains finished successfully.
Mean chain execution time: 87.8 seconds.
Total execution time: 90.5 seconds.

Running MCMC with 4 parallel chains...

Chain 1 finished in 59.4 seconds.
Chain 3 finished in 66.5 seconds.
Chain 2 finished in 75.7 seconds.
Chain 4 finished in 75.8 seconds.

All 4 chains finished successfully.
Mean chain execution time: 69.3 seconds.
Total execution time: 75.9 seconds.

Running MCMC with 4 parallel chains...

Chain 4 finished in 78.2 seconds.
Chain 1 finished in 84.2 seconds.
Chain 3 finished in 96.1 seconds.
Chain 2 finished in 99.5 seconds.

All 4 chains finished successfully.
Mean chain execution time: 89.5 seconds.
Total execution time: 99.6 seconds.

Running MCMC with 4 parallel chains...

Chain 3 finished in 61.9 seconds.
Chain 4 finished in 68.0 seconds.
Chain 2 finished in 70.7 seconds.
Chain 1 finished in 73.8 seconds.

All 4 chains finished successfully.
Mean chain execution time: 68.6 seconds.
Total execution time: 73.9 seconds.

Running MCMC with 4 parallel chains...

Chain 3 finished in 77.4 seconds.
Chain 4 finished in 80.9 seconds.
Chain 2 finished in 83.3 seconds.
Chain 1 finished in 106.9 seconds.

All 4 chains finished successfully.
Mean chain execution time: 87.1 seconds.
Total execution time: 107.0 seconds.

Running MCMC with 4 parallel chains...

Chain 3 finished in 72.8 seconds.
Chain 4 finished in 73.2 seconds.
Chain 2 finished in 80.1 seconds.
Chain 1 finished in 85.0 seconds.

All 4 chains finished successfully.
Mean chain execution time: 77.8 seconds.
Total execution time: 85.0 seconds.

Running MCMC with 4 parallel chains...

Chain 3 finished in 96.1 seconds.
Chain 1 finished in 100.1 seconds.
Chain 2 finished in 100.8 seconds.
Chain 4 finished in 101.5 seconds.

All 4 chains finished successfully.
Mean chain execution time: 99.6 seconds.
Total execution time: 101.6 seconds.

Running MCMC with 4 parallel chains...

Chain 2 finished in 72.3 seconds.
Chain 3 finished in 75.3 seconds.
Chain 1 finished in 77.4 seconds.
Chain 4 finished in 78.6 seconds.

All 4 chains finished successfully.
Mean chain execution time: 75.9 seconds.
Total execution time: 78.7 seconds.

Running MCMC with 4 parallel chains...

Chain 3 finished in 92.9 seconds.
Chain 4 finished in 95.7 seconds.
Chain 2 finished in 97.6 seconds.
Chain 1 finished in 101.6 seconds.

All 4 chains finished successfully.
Mean chain execution time: 97.0 seconds.
Total execution time: 101.7 seconds.

Running MCMC with 4 parallel chains...

Chain 1 finished in 71.1 seconds.
Chain 3 finished in 73.3 seconds.
Chain 2 finished in 73.5 seconds.
Chain 4 finished in 89.9 seconds.

All 4 chains finished successfully.
Mean chain execution time: 76.9 seconds.
Total execution time: 90.0 seconds.

Running MCMC with 4 parallel chains...

Chain 2 finished in 88.4 seconds.
Chain 4 finished in 93.6 seconds.
Chain 1 finished in 96.0 seconds.
Chain 3 finished in 99.2 seconds.

All 4 chains finished successfully.
Mean chain execution time: 94.3 seconds.
Total execution time: 99.3 seconds.

Running MCMC with 4 parallel chains...

Chain 3 finished in 65.1 seconds.
Chain 4 finished in 67.3 seconds.
Chain 1 finished in 72.1 seconds.
Chain 2 finished in 76.9 seconds.

All 4 chains finished successfully.
Mean chain execution time: 70.3 seconds.
Total execution time: 77.0 seconds.

Running MCMC with 4 parallel chains...

Chain 2 finished in 91.0 seconds.
Chain 4 finished in 92.3 seconds.
Chain 1 finished in 94.4 seconds.
Chain 3 finished in 100.6 seconds.

All 4 chains finished successfully.
Mean chain execution time: 94.6 seconds.
Total execution time: 100.7 seconds.

Running MCMC with 4 parallel chains...

Chain 1 finished in 177.1 seconds.
Chain 4 finished in 180.2 seconds.
Chain 2 finished in 184.0 seconds.
Chain 3 finished in 190.0 seconds.

All 4 chains finished successfully.
Mean chain execution time: 182.8 seconds.
Total execution time: 190.2 seconds.

Running MCMC with 4 parallel chains...

Chain 3 finished in 374.4 seconds.
Chain 4 finished in 380.1 seconds.
Chain 1 finished in 468.4 seconds.
Chain 2 finished in 526.3 seconds.

All 4 chains finished successfully.
Mean chain execution time: 437.3 seconds.
Total execution time: 526.4 seconds.

Running MCMC with 4 parallel chains...

Chain 3 finished in 176.4 seconds.
Chain 2 finished in 176.7 seconds.
Chain 4 finished in 179.6 seconds.
Chain 1 finished in 181.0 seconds.

All 4 chains finished successfully.
Mean chain execution time: 178.4 seconds.
Total execution time: 181.1 seconds.

Running MCMC with 4 parallel chains...

Chain 2 finished in 496.2 seconds.
Chain 3 finished in 517.3 seconds.
Chain 4 finished in 527.8 seconds.
Chain 1 finished in 536.8 seconds.

All 4 chains finished successfully.
Mean chain execution time: 519.5 seconds.
Total execution time: 536.9 seconds.

Running MCMC with 4 parallel chains...

Chain 1 finished in 167.5 seconds.
Chain 2 finished in 167.6 seconds.
Chain 4 finished in 167.5 seconds.
Chain 3 finished in 170.3 seconds.

All 4 chains finished successfully.
Mean chain execution time: 168.2 seconds.
Total execution time: 170.4 seconds.

Running MCMC with 4 parallel chains...

Chain 1 finished in 216.6 seconds.
Chain 4 finished in 219.0 seconds.
Chain 3 finished in 221.5 seconds.
Chain 2 finished in 227.7 seconds.

All 4 chains finished successfully.
Mean chain execution time: 221.2 seconds.
Total execution time: 227.8 seconds.

Running MCMC with 4 parallel chains...

Chain 2 finished in 161.4 seconds.
Chain 4 finished in 172.4 seconds.
Chain 3 finished in 172.7 seconds.
Chain 1 finished in 178.9 seconds.

All 4 chains finished successfully.
Mean chain execution time: 171.4 seconds.
Total execution time: 179.1 seconds.

Running MCMC with 4 parallel chains...

Chain 3 finished in 222.0 seconds.
Chain 4 finished in 222.0 seconds.
Chain 1 finished in 234.5 seconds.
Chain 2 finished in 241.6 seconds.

All 4 chains finished successfully.
Mean chain execution time: 230.0 seconds.
Total execution time: 241.7 seconds.

[2025-10-17 01:12:52] [INFO] - ✅ 完成: Cancer=C50
