[2026-05-04 21:02:58] [INFO] - 项目根目录: /public/home/acf4pijnzl/WDP
[2026-05-04 21:02:58] [INFO] - 开始处理任务 5
[2026-05-04 21:02:58] [INFO] - 处理outcome: J40_J47_J60_J70_J84_D86_C34
[1] "EQI"          "EQI_Air"      "EQI_Water"    "EQI_Land"     "EQI_Built"   
[6] "EQI_Social"   "Smoking_Rate" "State_FIPS"  
Running MCMC with 4 parallel chains...

Chain 2 finished in 219.6 seconds.
Chain 1 finished in 233.4 seconds.
Chain 3 finished in 236.6 seconds.
Chain 4 finished in 251.5 seconds.

All 4 chains finished successfully.
Mean chain execution time: 235.3 seconds.
Total execution time: 251.7 seconds.

Running MCMC with 4 parallel chains...

Chain 1 finished in 313.6 seconds.
Chain 3 finished in 322.7 seconds.
Chain 2 finished in 324.1 seconds.
Chain 4 finished in 341.4 seconds.

All 4 chains finished successfully.
Mean chain execution time: 325.4 seconds.
Total execution time: 341.6 seconds.

Running MCMC with 4 parallel chains...

Chain 1 finished in 79.5 seconds.
Chain 2 finished in 80.2 seconds.
Chain 3 finished in 81.1 seconds.
Chain 4 finished in 84.0 seconds.

All 4 chains finished successfully.
Mean chain execution time: 81.2 seconds.
Total execution time: 84.1 seconds.

Running MCMC with 4 parallel chains...

Chain 2 finished in 120.2 seconds.
Chain 4 finished in 125.7 seconds.
Chain 1 finished in 128.1 seconds.
Chain 3 finished in 137.1 seconds.

All 4 chains finished successfully.
Mean chain execution time: 127.8 seconds.
Total execution time: 137.3 seconds.

Running MCMC with 4 parallel chains...

Chain 1 finished in 15.6 seconds.
Chain 4 finished in 16.0 seconds.
Chain 2 finished in 16.1 seconds.
Chain 3 finished in 16.6 seconds.

All 4 chains finished successfully.
Mean chain execution time: 16.1 seconds.
Total execution time: 16.7 seconds.

Running MCMC with 4 parallel chains...

Chain 4 finished in 30.1 seconds.
Chain 3 finished in 30.3 seconds.
Chain 1 finished in 30.5 seconds.
Chain 2 finished in 30.9 seconds.

All 4 chains finished successfully.
Mean chain execution time: 30.4 seconds.
Total execution time: 31.0 seconds.

Running MCMC with 4 parallel chains...

Chain 1 finished in 62.0 seconds.
Chain 4 finished in 64.7 seconds.
Chain 2 finished in 72.3 seconds.
Chain 3 finished in 72.3 seconds.

All 4 chains finished successfully.
Mean chain execution time: 67.8 seconds.
Total execution time: 72.5 seconds.

Running MCMC with 4 parallel chains...

Chain 3 finished in 103.2 seconds.
Chain 2 finished in 110.6 seconds.
Chain 4 finished in 116.2 seconds.
Chain 1 finished in 122.7 seconds.

All 4 chains finished successfully.
Mean chain execution time: 113.2 seconds.
Total execution time: 122.8 seconds.

Running MCMC with 4 parallel chains...

Chain 2 finished in 29.5 seconds.
Chain 3 finished in 32.0 seconds.
Chain 1 finished in 32.8 seconds.
Chain 4 finished in 33.1 seconds.

All 4 chains finished successfully.
Mean chain execution time: 31.8 seconds.
Total execution time: 33.3 seconds.

Running MCMC with 4 parallel chains...

Chain 3 finished in 43.7 seconds.
Chain 1 finished in 49.2 seconds.
Chain 2 finished in 49.2 seconds.
Chain 4 finished in 50.9 seconds.

All 4 chains finished successfully.
Mean chain execution time: 48.3 seconds.
Total execution time: 51.0 seconds.

Running MCMC with 4 parallel chains...

Chain 3 finished in 206.6 seconds.
Chain 4 finished in 240.6 seconds.
Chain 1 finished in 244.1 seconds.
Chain 2 finished in 244.7 seconds.

All 4 chains finished successfully.
Mean chain execution time: 234.0 seconds.
Total execution time: 244.8 seconds.

Running MCMC with 4 parallel chains...

Chain 1 finished in 331.8 seconds.
Chain 3 finished in 341.6 seconds.
Chain 2 finished in 348.7 seconds.
Chain 4 finished in 359.1 seconds.

All 4 chains finished successfully.
Mean chain execution time: 345.3 seconds.
Total execution time: 359.3 seconds.

Running MCMC with 4 parallel chains...

Chain 3 finished in 75.7 seconds.
Chain 1 finished in 77.2 seconds.
Chain 2 finished in 80.5 seconds.
Chain 4 finished in 81.6 seconds.

All 4 chains finished successfully.
Mean chain execution time: 78.8 seconds.
Total execution time: 81.8 seconds.

Running MCMC with 4 parallel chains...

Chain 1 finished in 106.4 seconds.
Chain 4 finished in 112.1 seconds.
Chain 2 finished in 112.6 seconds.
Chain 3 finished in 117.8 seconds.

All 4 chains finished successfully.
Mean chain execution time: 112.2 seconds.
Total execution time: 117.9 seconds.

Running MCMC with 4 parallel chains...

Chain 4 finished in 16.2 seconds.
Chain 3 finished in 16.6 seconds.
Chain 2 finished in 17.0 seconds.
Chain 1 finished in 20.8 seconds.

All 4 chains finished successfully.
Mean chain execution time: 17.7 seconds.
Total execution time: 20.9 seconds.

Running MCMC with 4 parallel chains...

Chain 4 finished in 28.0 seconds.
Chain 1 finished in 32.0 seconds.
Chain 2 finished in 32.3 seconds.
Chain 3 finished in 36.5 seconds.

All 4 chains finished successfully.
Mean chain execution time: 32.2 seconds.
Total execution time: 36.6 seconds.

Running MCMC with 4 parallel chains...

Chain 1 finished in 61.4 seconds.
Chain 3 finished in 62.8 seconds.
Chain 4 finished in 71.0 seconds.
Chain 2 finished in 76.1 seconds.

All 4 chains finished successfully.
Mean chain execution time: 67.8 seconds.
Total execution time: 76.2 seconds.

Running MCMC with 4 parallel chains...

Chain 2 finished in 89.9 seconds.
Chain 4 finished in 96.5 seconds.
Chain 1 finished in 112.8 seconds.
Chain 3 finished in 114.0 seconds.

All 4 chains finished successfully.
Mean chain execution time: 103.3 seconds.
Total execution time: 114.2 seconds.

Running MCMC with 4 parallel chains...

Chain 2 finished in 30.6 seconds.
Chain 3 finished in 32.7 seconds.
Chain 1 finished in 34.2 seconds.
Chain 4 finished in 34.5 seconds.

All 4 chains finished successfully.
Mean chain execution time: 33.0 seconds.
Total execution time: 34.6 seconds.

Running MCMC with 4 parallel chains...

Chain 3 finished in 43.7 seconds.
Chain 2 finished in 47.8 seconds.
Chain 1 finished in 52.6 seconds.
Chain 4 finished in 52.7 seconds.

All 4 chains finished successfully.
Mean chain execution time: 49.2 seconds.
Total execution time: 52.9 seconds.

Running MCMC with 4 parallel chains...

Chain 3 finished in 204.5 seconds.
Chain 4 finished in 235.0 seconds.
Chain 2 finished in 237.5 seconds.
Chain 1 finished in 242.6 seconds.

All 4 chains finished successfully.
Mean chain execution time: 229.9 seconds.
Total execution time: 242.7 seconds.

Running MCMC with 4 parallel chains...

Chain 2 finished in 324.1 seconds.
Chain 4 finished in 341.8 seconds.
Chain 1 finished in 354.3 seconds.
Chain 3 finished in 360.8 seconds.

All 4 chains finished successfully.
Mean chain execution time: 345.3 seconds.
Total execution time: 360.9 seconds.

Running MCMC with 4 parallel chains...

Chain 3 finished in 75.3 seconds.
Chain 2 finished in 79.9 seconds.
Chain 4 finished in 79.9 seconds.
Chain 1 finished in 82.6 seconds.

All 4 chains finished successfully.
Mean chain execution time: 79.4 seconds.
Total execution time: 82.7 seconds.

Running MCMC with 4 parallel chains...

Chain 3 finished in 112.5 seconds.
Chain 2 finished in 113.8 seconds.
Chain 4 finished in 116.8 seconds.
Chain 1 finished in 118.7 seconds.

All 4 chains finished successfully.
Mean chain execution time: 115.5 seconds.
Total execution time: 118.8 seconds.

Running MCMC with 4 parallel chains...

Chain 2 finished in 17.5 seconds.
Chain 3 finished in 17.5 seconds.
Chain 4 finished in 18.3 seconds.
Chain 1 finished in 22.0 seconds.

All 4 chains finished successfully.
Mean chain execution time: 18.8 seconds.
Total execution time: 22.1 seconds.

Running MCMC with 4 parallel chains...

Chain 1 finished in 30.6 seconds.
Chain 2 finished in 31.2 seconds.
Chain 3 finished in 31.6 seconds.
Chain 4 finished in 33.5 seconds.

All 4 chains finished successfully.
Mean chain execution time: 31.7 seconds.
Total execution time: 33.6 seconds.

Running MCMC with 4 parallel chains...

Chain 2 finished in 62.8 seconds.
Chain 4 finished in 69.9 seconds.
Chain 3 finished in 75.2 seconds.
Chain 1 finished in 77.2 seconds.

All 4 chains finished successfully.
Mean chain execution time: 71.3 seconds.
Total execution time: 77.2 seconds.

Running MCMC with 4 parallel chains...

Chain 3 finished in 101.9 seconds.
Chain 1 finished in 102.5 seconds.
Chain 4 finished in 107.0 seconds.
Chain 2 finished in 107.2 seconds.

All 4 chains finished successfully.
Mean chain execution time: 104.7 seconds.
Total execution time: 107.4 seconds.

Running MCMC with 4 parallel chains...

Chain 2 finished in 31.4 seconds.
Chain 1 finished in 34.0 seconds.
Chain 4 finished in 34.1 seconds.
Chain 3 finished in 36.6 seconds.

All 4 chains finished successfully.
Mean chain execution time: 34.0 seconds.
Total execution time: 36.7 seconds.

Running MCMC with 4 parallel chains...

Chain 3 finished in 49.6 seconds.
Chain 1 finished in 50.9 seconds.
Chain 4 finished in 55.7 seconds.
Chain 2 finished in 60.4 seconds.

All 4 chains finished successfully.
Mean chain execution time: 54.1 seconds.
Total execution time: 60.5 seconds.

Running MCMC with 4 parallel chains...

Chain 4 finished in 205.1 seconds.
Chain 3 finished in 233.8 seconds.
Chain 1 finished in 238.7 seconds.
Chain 2 finished in 238.9 seconds.

All 4 chains finished successfully.
Mean chain execution time: 229.1 seconds.
Total execution time: 239.1 seconds.

Running MCMC with 4 parallel chains...

Chain 1 finished in 322.2 seconds.
Chain 2 finished in 335.7 seconds.
Chain 4 finished in 350.6 seconds.
Chain 3 finished in 351.9 seconds.

All 4 chains finished successfully.
Mean chain execution time: 340.1 seconds.
Total execution time: 352.1 seconds.

Running MCMC with 4 parallel chains...

Chain 1 finished in 67.7 seconds.
Chain 2 finished in 70.8 seconds.
Chain 4 finished in 75.1 seconds.
Chain 3 finished in 76.8 seconds.

All 4 chains finished successfully.
Mean chain execution time: 72.6 seconds.
Total execution time: 88.0 seconds.

Running MCMC with 4 parallel chains...

Chain 1 finished in 110.7 seconds.
Chain 3 finished in 118.7 seconds.
Chain 2 finished in 118.8 seconds.
Chain 4 finished in 124.9 seconds.

All 4 chains finished successfully.
Mean chain execution time: 118.3 seconds.
Total execution time: 125.1 seconds.

Running MCMC with 4 parallel chains...

Chain 4 finished in 15.3 seconds.
Chain 2 finished in 15.5 seconds.
Chain 3 finished in 15.9 seconds.
Chain 1 finished in 18.6 seconds.

All 4 chains finished successfully.
Mean chain execution time: 16.3 seconds.
Total execution time: 18.6 seconds.

Running MCMC with 4 parallel chains...

Chain 1 finished in 27.5 seconds.
Chain 4 finished in 29.0 seconds.
Chain 2 finished in 29.2 seconds.
Chain 3 finished in 33.7 seconds.

All 4 chains finished successfully.
Mean chain execution time: 29.8 seconds.
Total execution time: 33.8 seconds.

Running MCMC with 4 parallel chains...

Chain 4 finished in 53.7 seconds.
Chain 1 finished in 61.4 seconds.
Chain 2 finished in 61.8 seconds.
Chain 3 finished in 64.8 seconds.

All 4 chains finished successfully.
Mean chain execution time: 60.4 seconds.
Total execution time: 64.9 seconds.

Running MCMC with 4 parallel chains...

Chain 4 finished in 95.1 seconds.
Chain 3 finished in 96.1 seconds.
Chain 2 finished in 97.9 seconds.
Chain 1 finished in 106.3 seconds.

All 4 chains finished successfully.
Mean chain execution time: 98.9 seconds.
Total execution time: 106.4 seconds.

Running MCMC with 4 parallel chains...

Chain 3 finished in 31.4 seconds.
Chain 4 finished in 31.9 seconds.
Chain 2 finished in 32.7 seconds.
Chain 1 finished in 35.5 seconds.

All 4 chains finished successfully.
Mean chain execution time: 32.9 seconds.
Total execution time: 35.5 seconds.

Running MCMC with 4 parallel chains...

Chain 3 finished in 43.9 seconds.
Chain 4 finished in 52.0 seconds.
Chain 2 finished in 54.5 seconds.
Chain 1 finished in 55.6 seconds.

All 4 chains finished successfully.
Mean chain execution time: 51.5 seconds.
Total execution time: 55.7 seconds.

Running MCMC with 4 parallel chains...

Chain 2 finished in 188.1 seconds.
Chain 4 finished in 209.3 seconds.
Chain 3 finished in 216.2 seconds.
Chain 1 finished in 233.7 seconds.

All 4 chains finished successfully.
Mean chain execution time: 211.8 seconds.
Total execution time: 233.8 seconds.

Running MCMC with 4 parallel chains...

Chain 3 finished in 304.9 seconds.
Chain 1 finished in 313.4 seconds.
Chain 2 finished in 315.1 seconds.
Chain 4 finished in 334.4 seconds.

All 4 chains finished successfully.
Mean chain execution time: 316.9 seconds.
Total execution time: 334.6 seconds.

Running MCMC with 4 parallel chains...

Chain 2 finished in 64.9 seconds.
Chain 3 finished in 68.9 seconds.
Chain 1 finished in 80.0 seconds.
Chain 4 finished in 82.2 seconds.

All 4 chains finished successfully.
Mean chain execution time: 74.0 seconds.
Total execution time: 82.3 seconds.

Running MCMC with 4 parallel chains...

Chain 3 finished in 117.7 seconds.
Chain 1 finished in 121.3 seconds.
Chain 2 finished in 122.6 seconds.
Chain 4 finished in 125.9 seconds.

All 4 chains finished successfully.
Mean chain execution time: 121.9 seconds.
Total execution time: 126.1 seconds.

Running MCMC with 4 parallel chains...

Chain 2 finished in 14.2 seconds.
Chain 4 finished in 14.4 seconds.
Chain 1 finished in 14.6 seconds.
Chain 3 finished in 14.6 seconds.

All 4 chains finished successfully.
Mean chain execution time: 14.5 seconds.
Total execution time: 14.8 seconds.

Running MCMC with 4 parallel chains...

Chain 4 finished in 23.5 seconds.
Chain 3 finished in 26.2 seconds.
Chain 2 finished in 27.4 seconds.
Chain 1 finished in 27.8 seconds.

All 4 chains finished successfully.
Mean chain execution time: 26.2 seconds.
Total execution time: 27.9 seconds.

Running MCMC with 4 parallel chains...

Chain 2 finished in 56.0 seconds.
Chain 4 finished in 63.0 seconds.
Chain 3 finished in 69.1 seconds.
Chain 1 finished in 70.3 seconds.

All 4 chains finished successfully.
Mean chain execution time: 64.6 seconds.
Total execution time: 70.3 seconds.

Running MCMC with 4 parallel chains...

Chain 4 finished in 91.4 seconds.
Chain 3 finished in 96.9 seconds.
Chain 2 finished in 104.2 seconds.
Chain 1 finished in 113.6 seconds.

All 4 chains finished successfully.
Mean chain execution time: 101.5 seconds.
Total execution time: 113.7 seconds.

Running MCMC with 4 parallel chains...

Chain 1 finished in 27.5 seconds.
Chain 4 finished in 29.9 seconds.
Chain 3 finished in 30.1 seconds.
Chain 2 finished in 31.6 seconds.

All 4 chains finished successfully.
Mean chain execution time: 29.8 seconds.
Total execution time: 31.7 seconds.

Running MCMC with 4 parallel chains...

Chain 2 finished in 42.1 seconds.
Chain 3 finished in 46.0 seconds.
Chain 4 finished in 51.9 seconds.
Chain 1 finished in 52.8 seconds.

All 4 chains finished successfully.
Mean chain execution time: 48.2 seconds.
Total execution time: 52.8 seconds.

Running MCMC with 4 parallel chains...

Chain 3 finished in 207.7 seconds.
Chain 2 finished in 226.8 seconds.
Chain 4 finished in 227.3 seconds.
Chain 1 finished in 234.1 seconds.

All 4 chains finished successfully.
Mean chain execution time: 224.0 seconds.
Total execution time: 234.2 seconds.

Running MCMC with 4 parallel chains...

Chain 2 finished in 304.5 seconds.
Chain 1 finished in 329.8 seconds.
Chain 4 finished in 354.5 seconds.
Chain 3 finished in 355.0 seconds.

All 4 chains finished successfully.
Mean chain execution time: 336.0 seconds.
Total execution time: 355.2 seconds.

Running MCMC with 4 parallel chains...

Chain 2 finished in 72.8 seconds.
Chain 3 finished in 73.6 seconds.
Chain 4 finished in 82.9 seconds.
Chain 1 finished in 86.3 seconds.

All 4 chains finished successfully.
Mean chain execution time: 78.9 seconds.
Total execution time: 86.4 seconds.

Running MCMC with 4 parallel chains...

Chain 4 finished in 115.7 seconds.
Chain 3 finished in 116.4 seconds.
Chain 2 finished in 123.1 seconds.
Chain 1 finished in 123.5 seconds.

All 4 chains finished successfully.
Mean chain execution time: 119.7 seconds.
Total execution time: 123.6 seconds.

Running MCMC with 4 parallel chains...

Chain 3 finished in 14.4 seconds.
Chain 1 finished in 15.0 seconds.
Chain 4 finished in 15.1 seconds.
Chain 2 finished in 18.7 seconds.

All 4 chains finished successfully.
Mean chain execution time: 15.8 seconds.
Total execution time: 18.8 seconds.

Running MCMC with 4 parallel chains...

Chain 4 finished in 26.0 seconds.
Chain 2 finished in 26.3 seconds.
Chain 3 finished in 27.3 seconds.
Chain 1 finished in 29.4 seconds.

All 4 chains finished successfully.
Mean chain execution time: 27.2 seconds.
Total execution time: 29.5 seconds.

Running MCMC with 4 parallel chains...

Chain 1 finished in 58.0 seconds.
Chain 3 finished in 67.0 seconds.
Chain 2 finished in 76.0 seconds.
Chain 4 finished in 76.1 seconds.

All 4 chains finished successfully.
Mean chain execution time: 69.3 seconds.
Total execution time: 76.3 seconds.

Running MCMC with 4 parallel chains...

Chain 4 finished in 99.3 seconds.
Chain 3 finished in 103.0 seconds.
Chain 1 finished in 106.7 seconds.
Chain 2 finished in 108.6 seconds.

All 4 chains finished successfully.
Mean chain execution time: 104.4 seconds.
Total execution time: 108.7 seconds.

Running MCMC with 4 parallel chains...

Chain 3 finished in 29.2 seconds.
Chain 2 finished in 29.8 seconds.
Chain 4 finished in 31.9 seconds.
Chain 1 finished in 34.2 seconds.

All 4 chains finished successfully.
Mean chain execution time: 31.3 seconds.
Total execution time: 34.3 seconds.

Running MCMC with 4 parallel chains...

Chain 3 finished in 48.1 seconds.
Chain 4 finished in 48.9 seconds.
Chain 1 finished in 55.8 seconds.
Chain 2 finished in 55.9 seconds.

All 4 chains finished successfully.
Mean chain execution time: 52.2 seconds.
Total execution time: 56.0 seconds.

Running MCMC with 4 parallel chains...

Chain 4 finished in 180.2 seconds.
Chain 1 finished in 194.4 seconds.
Chain 3 finished in 208.1 seconds.
Chain 2 finished in 228.2 seconds.

All 4 chains finished successfully.
Mean chain execution time: 202.7 seconds.
Total execution time: 228.4 seconds.

Running MCMC with 4 parallel chains...

Chain 2 finished in 285.2 seconds.
Chain 4 finished in 333.7 seconds.
Chain 1 finished in 337.3 seconds.
Chain 3 finished in 361.9 seconds.

All 4 chains finished successfully.
Mean chain execution time: 329.5 seconds.
Total execution time: 362.0 seconds.

Running MCMC with 4 parallel chains...

Chain 1 finished in 67.7 seconds.
Chain 4 finished in 68.7 seconds.
Chain 2 finished in 75.7 seconds.
Chain 3 finished in 79.0 seconds.

All 4 chains finished successfully.
Mean chain execution time: 72.8 seconds.
Total execution time: 79.1 seconds.

Running MCMC with 4 parallel chains...

Chain 2 finished in 118.5 seconds.
Chain 1 finished in 121.3 seconds.
Chain 3 finished in 127.8 seconds.
Chain 4 finished in 130.2 seconds.

All 4 chains finished successfully.
Mean chain execution time: 124.4 seconds.
Total execution time: 130.3 seconds.

Running MCMC with 4 parallel chains...

Chain 1 finished in 13.7 seconds.
Chain 2 finished in 14.8 seconds.
Chain 3 finished in 15.1 seconds.
Chain 4 finished in 15.6 seconds.

All 4 chains finished successfully.
Mean chain execution time: 14.8 seconds.
Total execution time: 15.7 seconds.

Running MCMC with 4 parallel chains...

Chain 3 finished in 23.0 seconds.
Chain 2 finished in 23.8 seconds.
Chain 4 finished in 27.8 seconds.
Chain 1 finished in 29.4 seconds.

All 4 chains finished successfully.
Mean chain execution time: 26.0 seconds.
Total execution time: 29.5 seconds.

Running MCMC with 4 parallel chains...

Chain 1 finished in 50.1 seconds.
Chain 2 finished in 56.0 seconds.
Chain 4 finished in 60.6 seconds.
Chain 3 finished in 61.8 seconds.

All 4 chains finished successfully.
Mean chain execution time: 57.1 seconds.
Total execution time: 62.0 seconds.

Running MCMC with 4 parallel chains...

Chain 3 finished in 84.4 seconds.
Chain 4 finished in 92.7 seconds.
Chain 1 finished in 100.0 seconds.
Chain 2 finished in 104.2 seconds.

All 4 chains finished successfully.
Mean chain execution time: 95.3 seconds.
Total execution time: 104.3 seconds.

Running MCMC with 4 parallel chains...

Chain 3 finished in 29.1 seconds.
Chain 2 finished in 29.4 seconds.
Chain 4 finished in 29.6 seconds.
Chain 1 finished in 30.5 seconds.

All 4 chains finished successfully.
Mean chain execution time: 29.7 seconds.
Total execution time: 30.6 seconds.

Running MCMC with 4 parallel chains...

Chain 2 finished in 47.7 seconds.
Chain 4 finished in 48.5 seconds.
Chain 3 finished in 53.2 seconds.
Chain 1 finished in 56.3 seconds.

All 4 chains finished successfully.
Mean chain execution time: 51.4 seconds.
Total execution time: 56.3 seconds.

[2026-05-04 23:17:24] [INFO] - ✅ 完成: Outcome=J40_J47_J60_J70_J84_D86_C34
