[2026-04-12 23:07:09] [INFO] - Project root: /public/home/acf4pijnzl/WDP
[2026-04-12 23:07:09] [INFO] - Task 13 → cancer=C00_C97  section=Black
 [1] "EQI"          "EQI_Air"      "EQI_Water"    "EQI_Land"     "EQI_Built"   
 [6] "EQI_Social"   "Smoking_Rate" "State_FIPS"   "AAMR_Lower"   "AAMR_Upper"  
[11] "cens"         "RUCC"        
Running MCMC with 4 parallel chains...

Chain 4 finished in 124.9 seconds.
Chain 3 finished in 126.3 seconds.
Chain 2 finished in 133.7 seconds.
Chain 1 finished in 140.0 seconds.

All 4 chains finished successfully.
Mean chain execution time: 131.2 seconds.
Total execution time: 140.2 seconds.

Running MCMC with 4 parallel chains...

Chain 2 finished in 220.4 seconds.
Chain 4 finished in 237.3 seconds.
Chain 3 finished in 253.1 seconds.
Chain 1 finished in 272.9 seconds.

All 4 chains finished successfully.
Mean chain execution time: 245.9 seconds.
Total execution time: 273.0 seconds.

Running MCMC with 4 parallel chains...

Chain 1 finished in 123.8 seconds.
Chain 2 finished in 126.4 seconds.
Chain 3 finished in 133.5 seconds.
Chain 4 finished in 135.0 seconds.

All 4 chains finished successfully.
Mean chain execution time: 129.7 seconds.
Total execution time: 135.2 seconds.

Running MCMC with 4 parallel chains...

Chain 3 finished in 222.5 seconds.
Chain 2 finished in 231.6 seconds.
Chain 4 finished in 240.0 seconds.
Chain 1 finished in 271.7 seconds.

All 4 chains finished successfully.
Mean chain execution time: 241.5 seconds.
Total execution time: 271.9 seconds.

Running MCMC with 4 parallel chains...

Chain 1 finished in 123.9 seconds.
Chain 4 finished in 128.1 seconds.
Chain 2 finished in 129.4 seconds.
Chain 3 finished in 133.9 seconds.

All 4 chains finished successfully.
Mean chain execution time: 128.8 seconds.
Total execution time: 134.1 seconds.

Running MCMC with 4 parallel chains...

Chain 4 finished in 251.5 seconds.
Chain 2 finished in 267.1 seconds.
Chain 1 finished in 270.9 seconds.
Chain 3 finished in 299.8 seconds.

All 4 chains finished successfully.
Mean chain execution time: 272.3 seconds.
Total execution time: 300.0 seconds.

Running MCMC with 4 parallel chains...

Chain 4 finished in 132.8 seconds.
Chain 1 finished in 135.7 seconds.
Chain 2 finished in 136.8 seconds.
Chain 3 finished in 139.8 seconds.

All 4 chains finished successfully.
Mean chain execution time: 136.3 seconds.
Total execution time: 140.0 seconds.

Running MCMC with 4 parallel chains...

Chain 1 finished in 221.4 seconds.
Chain 2 finished in 248.8 seconds.
Chain 4 finished in 269.9 seconds.
Chain 3 finished in 294.9 seconds.

All 4 chains finished successfully.
Mean chain execution time: 258.8 seconds.
Total execution time: 295.0 seconds.

Running MCMC with 4 parallel chains...

Chain 1 finished in 124.6 seconds.
Chain 2 finished in 135.6 seconds.
Chain 4 finished in 138.0 seconds.
Chain 3 finished in 143.1 seconds.

All 4 chains finished successfully.
Mean chain execution time: 135.3 seconds.
Total execution time: 143.2 seconds.

Running MCMC with 4 parallel chains...

Chain 4 finished in 244.2 seconds.
Chain 1 finished in 249.5 seconds.
Chain 3 finished in 250.8 seconds.
Chain 2 finished in 259.0 seconds.

All 4 chains finished successfully.
Mean chain execution time: 250.9 seconds.
Total execution time: 259.2 seconds.

[2026-04-12 23:42:49] [INFO] - Done: C00_C97 / Black → Result/Stratified_MRR/
