[2026-04-12 23:06:29] [INFO] - Project root: /public/home/acf4pijnzl/WDP
[2026-04-12 23:06:29] [INFO] - Task 8 → cancer=G20_G30_G12.2_F01_F03  section=Koppen
 [1] "EQI"          "EQI_Air"      "EQI_Water"    "EQI_Land"     "EQI_Built"   
 [6] "EQI_Social"   "Smoking_Rate" "State_FIPS"   "AAMR_Lower"   "AAMR_Upper"  
[11] "cens"         "RUCC"        
Running MCMC with 4 parallel chains...

Chain 1 finished in 15.7 seconds.
Chain 3 finished in 15.8 seconds.
Chain 2 finished in 15.9 seconds.
Chain 4 finished in 16.0 seconds.

All 4 chains finished successfully.
Mean chain execution time: 15.9 seconds.
Total execution time: 16.1 seconds.

Running MCMC with 4 parallel chains...

Chain 3 finished in 20.6 seconds.
Chain 2 finished in 21.5 seconds.
Chain 1 finished in 21.7 seconds.
Chain 4 finished in 21.9 seconds.

All 4 chains finished successfully.
Mean chain execution time: 21.4 seconds.
Total execution time: 22.1 seconds.

Running MCMC with 4 parallel chains...

Chain 4 finished in 15.4 seconds.
Chain 2 finished in 15.6 seconds.
Chain 3 finished in 15.8 seconds.
Chain 1 finished in 18.2 seconds.

All 4 chains finished successfully.
Mean chain execution time: 16.2 seconds.
Total execution time: 18.3 seconds.

Running MCMC with 4 parallel chains...

Chain 2 finished in 22.1 seconds.
Chain 4 finished in 22.1 seconds.
Chain 1 finished in 22.3 seconds.
Chain 3 finished in 23.9 seconds.

All 4 chains finished successfully.
Mean chain execution time: 22.6 seconds.
Total execution time: 24.0 seconds.

Running MCMC with 4 parallel chains...

Chain 2 finished in 15.9 seconds.
Chain 4 finished in 16.1 seconds.
Chain 3 finished in 16.6 seconds.
Chain 1 finished in 17.4 seconds.

All 4 chains finished successfully.
Mean chain execution time: 16.5 seconds.
Total execution time: 17.5 seconds.

Running MCMC with 4 parallel chains...

Chain 4 finished in 22.1 seconds.
Chain 2 finished in 22.4 seconds.
Chain 3 finished in 22.5 seconds.
Chain 1 finished in 23.3 seconds.

All 4 chains finished successfully.
Mean chain execution time: 22.6 seconds.
Total execution time: 23.3 seconds.

Running MCMC with 4 parallel chains...

Chain 3 finished in 15.4 seconds.
Chain 4 finished in 15.5 seconds.
Chain 2 finished in 15.9 seconds.
Chain 1 finished in 17.6 seconds.

All 4 chains finished successfully.
Mean chain execution time: 16.1 seconds.
Total execution time: 17.7 seconds.

Running MCMC with 4 parallel chains...

Chain 3 finished in 21.0 seconds.
Chain 4 finished in 21.2 seconds.
Chain 1 finished in 22.5 seconds.
Chain 2 finished in 22.9 seconds.

All 4 chains finished successfully.
Mean chain execution time: 21.9 seconds.
Total execution time: 23.0 seconds.

Running MCMC with 4 parallel chains...

Chain 3 finished in 14.6 seconds.
Chain 4 finished in 14.9 seconds.
Chain 2 finished in 15.4 seconds.
Chain 1 finished in 16.9 seconds.

All 4 chains finished successfully.
Mean chain execution time: 15.4 seconds.
Total execution time: 17.0 seconds.

Running MCMC with 4 parallel chains...

Chain 4 finished in 21.1 seconds.
Chain 3 finished in 22.1 seconds.
Chain 2 finished in 22.6 seconds.
Chain 1 finished in 23.2 seconds.

All 4 chains finished successfully.
Mean chain execution time: 22.3 seconds.
Total execution time: 23.4 seconds.

Running MCMC with 4 parallel chains...

Chain 1 finished in 143.3 seconds.
Chain 2 finished in 145.8 seconds.
Chain 3 finished in 150.1 seconds.
Chain 4 finished in 150.1 seconds.

All 4 chains finished successfully.
Mean chain execution time: 147.3 seconds.
Total execution time: 150.3 seconds.

Running MCMC with 4 parallel chains...

Chain 1 finished in 224.1 seconds.
Chain 4 finished in 224.4 seconds.
Chain 2 finished in 250.1 seconds.
Chain 3 finished in 259.6 seconds.

All 4 chains finished successfully.
Mean chain execution time: 239.6 seconds.
Total execution time: 259.7 seconds.

Running MCMC with 4 parallel chains...

Chain 3 finished in 147.0 seconds.
Chain 2 finished in 148.4 seconds.
Chain 4 finished in 152.9 seconds.
Chain 1 finished in 155.6 seconds.

All 4 chains finished successfully.
Mean chain execution time: 151.0 seconds.
Total execution time: 155.7 seconds.

Running MCMC with 4 parallel chains...

Chain 2 finished in 220.9 seconds.
Chain 4 finished in 229.7 seconds.
Chain 3 finished in 240.8 seconds.
Chain 1 finished in 241.5 seconds.

All 4 chains finished successfully.
Mean chain execution time: 233.3 seconds.
Total execution time: 241.6 seconds.

Running MCMC with 4 parallel chains...

Chain 3 finished in 137.1 seconds.
Chain 4 finished in 142.7 seconds.
Chain 2 finished in 145.8 seconds.
Chain 1 finished in 146.0 seconds.

All 4 chains finished successfully.
Mean chain execution time: 142.9 seconds.
Total execution time: 146.1 seconds.

Running MCMC with 4 parallel chains...

Chain 2 finished in 205.3 seconds.
Chain 3 finished in 211.8 seconds.
Chain 1 finished in 223.6 seconds.
Chain 4 finished in 237.1 seconds.

All 4 chains finished successfully.
Mean chain execution time: 219.5 seconds.
Total execution time: 237.3 seconds.

Running MCMC with 4 parallel chains...

Chain 3 finished in 127.4 seconds.
Chain 1 finished in 138.0 seconds.
Chain 4 finished in 147.2 seconds.
Chain 2 finished in 152.3 seconds.

All 4 chains finished successfully.
Mean chain execution time: 141.2 seconds.
Total execution time: 152.4 seconds.

Running MCMC with 4 parallel chains...

Chain 1 finished in 214.4 seconds.
Chain 4 finished in 219.9 seconds.
Chain 2 finished in 234.3 seconds.
Chain 3 finished in 236.6 seconds.

All 4 chains finished successfully.
Mean chain execution time: 226.3 seconds.
Total execution time: 236.7 seconds.

Running MCMC with 4 parallel chains...

Chain 2 finished in 150.5 seconds.
Chain 3 finished in 151.4 seconds.
Chain 1 finished in 151.9 seconds.
Chain 4 finished in 154.1 seconds.

All 4 chains finished successfully.
Mean chain execution time: 151.9 seconds.
Total execution time: 154.2 seconds.

Running MCMC with 4 parallel chains...

Chain 2 finished in 205.1 seconds.
Chain 1 finished in 208.6 seconds.
Chain 4 finished in 218.8 seconds.
Chain 3 finished in 224.2 seconds.

All 4 chains finished successfully.
Mean chain execution time: 214.2 seconds.
Total execution time: 224.3 seconds.

Running MCMC with 4 parallel chains...

Chain 3 finished in 56.4 seconds.
Chain 4 finished in 61.3 seconds.
Chain 2 finished in 65.7 seconds.
Chain 1 finished in 68.0 seconds.

All 4 chains finished successfully.
Mean chain execution time: 62.9 seconds.
Total execution time: 68.1 seconds.

Running MCMC with 4 parallel chains...

Chain 2 finished in 92.7 seconds.
Chain 1 finished in 96.1 seconds.
Chain 3 finished in 96.2 seconds.
Chain 4 finished in 102.1 seconds.

All 4 chains finished successfully.
Mean chain execution time: 96.8 seconds.
Total execution time: 102.2 seconds.

Running MCMC with 4 parallel chains...

Chain 1 finished in 51.4 seconds.
Chain 4 finished in 62.0 seconds.
Chain 3 finished in 64.3 seconds.
Chain 2 finished in 67.7 seconds.

All 4 chains finished successfully.
Mean chain execution time: 61.4 seconds.
Total execution time: 67.7 seconds.

Running MCMC with 4 parallel chains...

Chain 2 finished in 94.2 seconds.
Chain 1 finished in 100.8 seconds.
Chain 4 finished in 106.0 seconds.
Chain 3 finished in 108.7 seconds.

All 4 chains finished successfully.
Mean chain execution time: 102.4 seconds.
Total execution time: 108.8 seconds.

Running MCMC with 4 parallel chains...

Chain 3 finished in 54.3 seconds.
Chain 1 finished in 54.9 seconds.
Chain 2 finished in 58.2 seconds.
Chain 4 finished in 64.7 seconds.

All 4 chains finished successfully.
Mean chain execution time: 58.0 seconds.
Total execution time: 64.8 seconds.

Running MCMC with 4 parallel chains...

Chain 2 finished in 95.8 seconds.
Chain 3 finished in 98.1 seconds.
Chain 1 finished in 98.8 seconds.
Chain 4 finished in 102.2 seconds.

All 4 chains finished successfully.
Mean chain execution time: 98.7 seconds.
Total execution time: 102.3 seconds.

Running MCMC with 4 parallel chains...

Chain 1 finished in 51.0 seconds.
Chain 2 finished in 54.6 seconds.
Chain 3 finished in 61.5 seconds.
Chain 4 finished in 65.1 seconds.

All 4 chains finished successfully.
Mean chain execution time: 58.0 seconds.
Total execution time: 65.3 seconds.

Running MCMC with 4 parallel chains...

Chain 2 finished in 87.8 seconds.
Chain 4 finished in 93.1 seconds.
Chain 1 finished in 95.8 seconds.
Chain 3 finished in 105.2 seconds.

All 4 chains finished successfully.
Mean chain execution time: 95.5 seconds.
Total execution time: 105.3 seconds.

Running MCMC with 4 parallel chains...

Chain 1 finished in 55.4 seconds.
Chain 4 finished in 61.3 seconds.
Chain 2 finished in 63.9 seconds.
Chain 3 finished in 64.5 seconds.

All 4 chains finished successfully.
Mean chain execution time: 61.3 seconds.
Total execution time: 64.6 seconds.

Running MCMC with 4 parallel chains...

Chain 3 finished in 91.2 seconds.
Chain 1 finished in 96.1 seconds.
Chain 4 finished in 97.3 seconds.
Chain 2 finished in 100.6 seconds.

All 4 chains finished successfully.
Mean chain execution time: 96.3 seconds.
Total execution time: 100.8 seconds.

[2026-04-12 23:58:15] [INFO] - Done: G20_G30_G12.2_F01_F03 / Koppen → Result/Stratified_MRR/
