[2026-05-05 00:12:05] [INFO] - 项目根目录: /public/home/acf4pijnzl/WDP
[2026-05-05 00:12:05] [INFO] - 开始处理任务 17
[2026-05-05 00:12:05] [INFO] - 处理outcome: X60_X69
[1] "EQI"          "EQI_Air"      "EQI_Water"    "EQI_Land"     "EQI_Built"   
[6] "EQI_Social"   "Smoking_Rate" "State_FIPS"  
Running MCMC with 4 parallel chains...

Chain 1 finished in 459.6 seconds.
Chain 3 finished in 482.4 seconds.
Chain 2 finished in 493.6 seconds.
Chain 4 finished in 510.1 seconds.

All 4 chains finished successfully.
Mean chain execution time: 486.4 seconds.
Total execution time: 510.3 seconds.

Running MCMC with 4 parallel chains...

Chain 4 finished in 598.3 seconds.
Chain 2 finished in 611.4 seconds.
Chain 1 finished in 624.1 seconds.
Chain 3 finished in 636.7 seconds.

All 4 chains finished successfully.
Mean chain execution time: 617.6 seconds.
Total execution time: 636.9 seconds.

Running MCMC with 4 parallel chains...

Chain 3 finished in 157.1 seconds.
Chain 4 finished in 169.3 seconds.
Chain 2 finished in 170.1 seconds.
Chain 1 finished in 171.4 seconds.

All 4 chains finished successfully.
Mean chain execution time: 167.0 seconds.
Total execution time: 171.5 seconds.

Running MCMC with 4 parallel chains...

Chain 1 finished in 221.8 seconds.
Chain 3 finished in 235.3 seconds.
Chain 4 finished in 236.3 seconds.
Chain 2 finished in 257.4 seconds.

All 4 chains finished successfully.
Mean chain execution time: 237.7 seconds.
Total execution time: 257.5 seconds.

Running MCMC with 4 parallel chains...

Chain 1 finished in 41.7 seconds.
Chain 4 finished in 45.6 seconds.
Chain 2 finished in 47.9 seconds.
Chain 3 finished in 48.4 seconds.

All 4 chains finished successfully.
Mean chain execution time: 45.9 seconds.
Total execution time: 48.6 seconds.

Running MCMC with 4 parallel chains...

Chain 3 finished in 78.8 seconds.
Chain 1 finished in 79.1 seconds.
Chain 2 finished in 80.6 seconds.
Chain 4 finished in 84.3 seconds.

All 4 chains finished successfully.
Mean chain execution time: 80.7 seconds.
Total execution time: 84.4 seconds.

Running MCMC with 4 parallel chains...

Chain 2 finished in 143.8 seconds.
Chain 3 finished in 145.2 seconds.
Chain 4 finished in 145.5 seconds.
Chain 1 finished in 148.4 seconds.

All 4 chains finished successfully.
Mean chain execution time: 145.7 seconds.
Total execution time: 148.6 seconds.

Running MCMC with 4 parallel chains...

Chain 1 finished in 183.0 seconds.
Chain 4 finished in 183.4 seconds.
Chain 2 finished in 190.1 seconds.
Chain 3 finished in 196.9 seconds.

All 4 chains finished successfully.
Mean chain execution time: 188.4 seconds.
Total execution time: 197.0 seconds.

Running MCMC with 4 parallel chains...

Chain 3 finished in 95.5 seconds.
Chain 2 finished in 98.7 seconds.
Chain 4 finished in 98.7 seconds.
Chain 1 finished in 101.9 seconds.

All 4 chains finished successfully.
Mean chain execution time: 98.7 seconds.
Total execution time: 102.0 seconds.

Running MCMC with 4 parallel chains...

Chain 1 finished in 123.9 seconds.
Chain 2 finished in 129.5 seconds.
Chain 4 finished in 129.7 seconds.
Chain 3 finished in 137.1 seconds.

All 4 chains finished successfully.
Mean chain execution time: 130.1 seconds.
Total execution time: 137.3 seconds.

Running MCMC with 4 parallel chains...

Chain 1 finished in 499.0 seconds.
Chain 3 finished in 531.1 seconds.
Chain 2 finished in 545.4 seconds.
Chain 4 finished in 586.1 seconds.

All 4 chains finished successfully.
Mean chain execution time: 540.4 seconds.
Total execution time: 586.2 seconds.

Running MCMC with 4 parallel chains...

Chain 4 finished in 670.6 seconds.
Chain 3 finished in 689.8 seconds.
Chain 2 finished in 733.3 seconds.
Chain 1 finished in 750.2 seconds.

All 4 chains finished successfully.
Mean chain execution time: 711.0 seconds.
Total execution time: 750.4 seconds.

Running MCMC with 4 parallel chains...

Chain 2 finished in 171.5 seconds.
Chain 1 finished in 179.6 seconds.
Chain 3 finished in 180.3 seconds.
Chain 4 finished in 182.0 seconds.

All 4 chains finished successfully.
Mean chain execution time: 178.4 seconds.
Total execution time: 182.3 seconds.

Running MCMC with 4 parallel chains...

Chain 1 finished in 243.2 seconds.
Chain 4 finished in 249.1 seconds.
Chain 2 finished in 258.6 seconds.
Chain 3 finished in 282.3 seconds.

All 4 chains finished successfully.
Mean chain execution time: 258.3 seconds.
Total execution time: 282.4 seconds.

Running MCMC with 4 parallel chains...

Chain 1 finished in 44.1 seconds.
Chain 3 finished in 44.4 seconds.
Chain 2 finished in 46.5 seconds.
Chain 4 finished in 46.6 seconds.

All 4 chains finished successfully.
Mean chain execution time: 45.4 seconds.
Total execution time: 46.8 seconds.

Running MCMC with 4 parallel chains...

Chain 1 finished in 72.1 seconds.
Chain 2 finished in 77.0 seconds.
Chain 3 finished in 78.9 seconds.
Chain 4 finished in 79.0 seconds.

All 4 chains finished successfully.
Mean chain execution time: 76.7 seconds.
Total execution time: 79.1 seconds.

Running MCMC with 4 parallel chains...

Chain 3 finished in 151.1 seconds.
Chain 2 finished in 159.9 seconds.
Chain 4 finished in 162.4 seconds.
Chain 1 finished in 168.5 seconds.

All 4 chains finished successfully.
Mean chain execution time: 160.5 seconds.
Total execution time: 168.6 seconds.

Running MCMC with 4 parallel chains...

Chain 3 finished in 180.5 seconds.
Chain 1 finished in 190.7 seconds.
Chain 4 finished in 197.8 seconds.
Chain 2 finished in 204.2 seconds.

All 4 chains finished successfully.
Mean chain execution time: 193.3 seconds.
Total execution time: 204.3 seconds.

Running MCMC with 4 parallel chains...

Chain 2 finished in 109.3 seconds.
Chain 3 finished in 111.0 seconds.
Chain 4 finished in 117.0 seconds.
Chain 1 finished in 118.1 seconds.

All 4 chains finished successfully.
Mean chain execution time: 113.9 seconds.
Total execution time: 118.2 seconds.

Running MCMC with 4 parallel chains...

Chain 4 finished in 130.2 seconds.
Chain 2 finished in 132.6 seconds.
Chain 1 finished in 133.2 seconds.
Chain 3 finished in 146.1 seconds.

All 4 chains finished successfully.
Mean chain execution time: 135.5 seconds.
Total execution time: 146.2 seconds.

Running MCMC with 4 parallel chains...

Chain 1 finished in 498.5 seconds.
Chain 2 finished in 541.2 seconds.
Chain 3 finished in 580.4 seconds.
Chain 4 finished in 584.4 seconds.

All 4 chains finished successfully.
Mean chain execution time: 551.1 seconds.
Total execution time: 584.6 seconds.

Running MCMC with 4 parallel chains...

Chain 4 finished in 620.3 seconds.
Chain 2 finished in 693.0 seconds.
Chain 3 finished in 698.5 seconds.
Chain 1 finished in 737.0 seconds.

All 4 chains finished successfully.
Mean chain execution time: 687.2 seconds.
Total execution time: 737.1 seconds.

Running MCMC with 4 parallel chains...

Chain 1 finished in 175.2 seconds.
Chain 2 finished in 184.4 seconds.
Chain 4 finished in 184.6 seconds.
Chain 3 finished in 192.8 seconds.

All 4 chains finished successfully.
Mean chain execution time: 184.2 seconds.
Total execution time: 192.9 seconds.

Running MCMC with 4 parallel chains...

Chain 2 finished in 270.7 seconds.
Chain 1 finished in 288.7 seconds.
Chain 4 finished in 296.6 seconds.
Chain 3 finished in 301.7 seconds.

All 4 chains finished successfully.
Mean chain execution time: 289.4 seconds.
Total execution time: 301.8 seconds.

Running MCMC with 4 parallel chains...

Chain 2 finished in 47.0 seconds.
Chain 1 finished in 47.7 seconds.
Chain 3 finished in 48.2 seconds.
Chain 4 finished in 54.0 seconds.

All 4 chains finished successfully.
Mean chain execution time: 49.2 seconds.
Total execution time: 54.1 seconds.

Running MCMC with 4 parallel chains...

Chain 2 finished in 84.1 seconds.
Chain 3 finished in 87.7 seconds.
Chain 1 finished in 88.4 seconds.
Chain 4 finished in 92.0 seconds.

All 4 chains finished successfully.
Mean chain execution time: 88.1 seconds.
Total execution time: 92.1 seconds.

Running MCMC with 4 parallel chains...

Chain 1 finished in 143.3 seconds.
Chain 3 finished in 163.3 seconds.
Chain 4 finished in 165.7 seconds.
Chain 2 finished in 169.8 seconds.

All 4 chains finished successfully.
Mean chain execution time: 160.5 seconds.
Total execution time: 169.9 seconds.

Running MCMC with 4 parallel chains...

Chain 2 finished in 203.7 seconds.
Chain 4 finished in 207.0 seconds.
Chain 3 finished in 211.2 seconds.
Chain 1 finished in 212.1 seconds.

All 4 chains finished successfully.
Mean chain execution time: 208.5 seconds.
Total execution time: 212.1 seconds.

Running MCMC with 4 parallel chains...

Chain 2 finished in 106.9 seconds.
Chain 1 finished in 109.0 seconds.
Chain 3 finished in 112.1 seconds.
Chain 4 finished in 114.1 seconds.

All 4 chains finished successfully.
Mean chain execution time: 110.5 seconds.
Total execution time: 114.3 seconds.

Running MCMC with 4 parallel chains...

Chain 1 finished in 130.7 seconds.
Chain 4 finished in 136.7 seconds.
Chain 3 finished in 141.8 seconds.
Chain 2 finished in 142.5 seconds.

All 4 chains finished successfully.
Mean chain execution time: 137.9 seconds.
Total execution time: 142.6 seconds.

Running MCMC with 4 parallel chains...

Chain 1 finished in 486.8 seconds.
Chain 2 finished in 501.9 seconds.
Chain 3 finished in 503.8 seconds.
Chain 4 finished in 575.5 seconds.

All 4 chains finished successfully.
Mean chain execution time: 517.0 seconds.
Total execution time: 575.7 seconds.

Running MCMC with 4 parallel chains...

Chain 3 finished in 617.1 seconds.
Chain 2 finished in 642.3 seconds.
Chain 1 finished in 648.7 seconds.
Chain 4 finished in 655.7 seconds.

All 4 chains finished successfully.
Mean chain execution time: 641.0 seconds.
Total execution time: 655.9 seconds.

Running MCMC with 4 parallel chains...

Chain 2 finished in 165.2 seconds.
Chain 4 finished in 176.4 seconds.
Chain 3 finished in 180.3 seconds.
Chain 1 finished in 193.0 seconds.

All 4 chains finished successfully.
Mean chain execution time: 178.7 seconds.
Total execution time: 193.3 seconds.

Running MCMC with 4 parallel chains...

Chain 1 finished in 233.8 seconds.
Chain 2 finished in 237.5 seconds.
Chain 4 finished in 240.2 seconds.
Chain 3 finished in 265.9 seconds.

All 4 chains finished successfully.
Mean chain execution time: 244.4 seconds.
Total execution time: 266.1 seconds.

Running MCMC with 4 parallel chains...

Chain 4 finished in 44.4 seconds.
Chain 3 finished in 45.1 seconds.
Chain 1 finished in 45.2 seconds.
Chain 2 finished in 45.2 seconds.

All 4 chains finished successfully.
Mean chain execution time: 45.0 seconds.
Total execution time: 45.3 seconds.

Running MCMC with 4 parallel chains...

Chain 4 finished in 71.1 seconds.
Chain 3 finished in 76.0 seconds.
Chain 1 finished in 77.9 seconds.
Chain 2 finished in 79.0 seconds.

All 4 chains finished successfully.
Mean chain execution time: 76.0 seconds.
Total execution time: 79.2 seconds.

Running MCMC with 4 parallel chains...

Chain 1 finished in 158.1 seconds.
Chain 4 finished in 159.5 seconds.
Chain 3 finished in 160.9 seconds.
Chain 2 finished in 163.6 seconds.

All 4 chains finished successfully.
Mean chain execution time: 160.5 seconds.
Total execution time: 163.7 seconds.

Running MCMC with 4 parallel chains...

Chain 4 finished in 190.9 seconds.
Chain 1 finished in 196.8 seconds.
Chain 3 finished in 200.3 seconds.
Chain 2 finished in 201.9 seconds.

All 4 chains finished successfully.
Mean chain execution time: 197.5 seconds.
Total execution time: 202.1 seconds.

Running MCMC with 4 parallel chains...

Chain 4 finished in 90.1 seconds.
Chain 3 finished in 91.2 seconds.
Chain 2 finished in 91.7 seconds.
Chain 1 finished in 97.7 seconds.

All 4 chains finished successfully.
Mean chain execution time: 92.7 seconds.
Total execution time: 97.8 seconds.

Running MCMC with 4 parallel chains...

Chain 2 finished in 119.3 seconds.
Chain 4 finished in 123.9 seconds.
Chain 3 finished in 124.5 seconds.
Chain 1 finished in 127.7 seconds.

All 4 chains finished successfully.
Mean chain execution time: 123.8 seconds.
Total execution time: 127.7 seconds.

Running MCMC with 4 parallel chains...

Chain 3 finished in 442.5 seconds.
Chain 1 finished in 450.6 seconds.
Chain 2 finished in 477.3 seconds.
Chain 4 finished in 495.6 seconds.

All 4 chains finished successfully.
Mean chain execution time: 466.5 seconds.
Total execution time: 495.8 seconds.

Running MCMC with 4 parallel chains...

Chain 4 finished in 661.2 seconds.
Chain 3 finished in 670.5 seconds.
Chain 2 finished in 671.0 seconds.
Chain 1 finished in 722.1 seconds.

All 4 chains finished successfully.
Mean chain execution time: 681.2 seconds.
Total execution time: 722.3 seconds.

Running MCMC with 4 parallel chains...

Chain 3 finished in 159.7 seconds.
Chain 4 finished in 172.2 seconds.
Chain 2 finished in 175.4 seconds.
Chain 1 finished in 196.0 seconds.

All 4 chains finished successfully.
Mean chain execution time: 175.9 seconds.
Total execution time: 196.1 seconds.

Running MCMC with 4 parallel chains...

Chain 1 finished in 215.5 seconds.
Chain 4 finished in 231.2 seconds.
Chain 3 finished in 234.2 seconds.
Chain 2 finished in 242.8 seconds.

All 4 chains finished successfully.
Mean chain execution time: 230.9 seconds.
Total execution time: 242.9 seconds.

Running MCMC with 4 parallel chains...

Chain 1 finished in 41.5 seconds.
Chain 2 finished in 45.9 seconds.
Chain 3 finished in 46.5 seconds.
Chain 4 finished in 49.3 seconds.

All 4 chains finished successfully.
Mean chain execution time: 45.8 seconds.
Total execution time: 49.5 seconds.

Running MCMC with 4 parallel chains...

Chain 1 finished in 56.6 seconds.
Chain 3 finished in 58.5 seconds.
Chain 4 finished in 59.9 seconds.
Chain 2 finished in 61.6 seconds.

All 4 chains finished successfully.
Mean chain execution time: 59.2 seconds.
Total execution time: 61.7 seconds.

Running MCMC with 4 parallel chains...

Chain 4 finished in 140.6 seconds.
Chain 1 finished in 145.7 seconds.
Chain 3 finished in 149.6 seconds.
Chain 2 finished in 153.1 seconds.

All 4 chains finished successfully.
Mean chain execution time: 147.3 seconds.
Total execution time: 153.2 seconds.

Running MCMC with 4 parallel chains...

Chain 4 finished in 181.8 seconds.
Chain 1 finished in 189.4 seconds.
Chain 3 finished in 192.5 seconds.
Chain 2 finished in 202.5 seconds.

All 4 chains finished successfully.
Mean chain execution time: 191.6 seconds.
Total execution time: 202.7 seconds.

Running MCMC with 4 parallel chains...

Chain 2 finished in 99.7 seconds.
Chain 1 finished in 100.8 seconds.
Chain 4 finished in 101.7 seconds.
Chain 3 finished in 102.4 seconds.

All 4 chains finished successfully.
Mean chain execution time: 101.1 seconds.
Total execution time: 102.5 seconds.

Running MCMC with 4 parallel chains...

Chain 1 finished in 127.1 seconds.
Chain 3 finished in 132.0 seconds.
Chain 2 finished in 133.2 seconds.
Chain 4 finished in 136.1 seconds.

All 4 chains finished successfully.
Mean chain execution time: 132.1 seconds.
Total execution time: 136.2 seconds.

Running MCMC with 4 parallel chains...

Chain 1 finished in 475.0 seconds.
Chain 2 finished in 525.8 seconds.
Chain 3 finished in 530.1 seconds.
Chain 4 finished in 542.6 seconds.

All 4 chains finished successfully.
Mean chain execution time: 518.4 seconds.
Total execution time: 542.7 seconds.

Running MCMC with 4 parallel chains...

Chain 3 finished in 743.9 seconds.
Chain 1 finished in 767.1 seconds.
Chain 4 finished in 808.5 seconds.
Chain 2 finished in 809.7 seconds.

All 4 chains finished successfully.
Mean chain execution time: 782.3 seconds.
Total execution time: 809.8 seconds.

Running MCMC with 4 parallel chains...

Chain 3 finished in 172.8 seconds.
Chain 1 finished in 181.1 seconds.
Chain 2 finished in 182.5 seconds.
Chain 4 finished in 185.5 seconds.

All 4 chains finished successfully.
Mean chain execution time: 180.5 seconds.
Total execution time: 185.7 seconds.

Running MCMC with 4 parallel chains...

Chain 1 finished in 236.5 seconds.
Chain 4 finished in 238.0 seconds.
Chain 2 finished in 243.1 seconds.
Chain 3 finished in 259.4 seconds.

All 4 chains finished successfully.
Mean chain execution time: 244.2 seconds.
Total execution time: 259.5 seconds.

Running MCMC with 4 parallel chains...

Chain 4 finished in 42.4 seconds.
Chain 1 finished in 45.0 seconds.
Chain 2 finished in 45.5 seconds.
Chain 3 finished in 51.0 seconds.

All 4 chains finished successfully.
Mean chain execution time: 46.0 seconds.
Total execution time: 51.1 seconds.

Running MCMC with 4 parallel chains...

Chain 3 finished in 55.8 seconds.
Chain 4 finished in 61.7 seconds.
Chain 2 finished in 62.8 seconds.
Chain 1 finished in 63.7 seconds.

All 4 chains finished successfully.
Mean chain execution time: 61.0 seconds.
Total execution time: 63.7 seconds.

Running MCMC with 4 parallel chains...

Chain 3 finished in 144.9 seconds.
Chain 1 finished in 145.5 seconds.
Chain 2 finished in 154.8 seconds.
Chain 4 finished in 158.8 seconds.

All 4 chains finished successfully.
Mean chain execution time: 151.0 seconds.
Total execution time: 159.0 seconds.

Running MCMC with 4 parallel chains...

Chain 3 finished in 204.2 seconds.
Chain 4 finished in 205.5 seconds.
Chain 2 finished in 206.6 seconds.
Chain 1 finished in 214.5 seconds.

All 4 chains finished successfully.
Mean chain execution time: 207.7 seconds.
Total execution time: 214.5 seconds.

Running MCMC with 4 parallel chains...

Chain 4 finished in 102.7 seconds.
Chain 2 finished in 102.9 seconds.
Chain 3 finished in 106.8 seconds.
Chain 1 finished in 111.6 seconds.

All 4 chains finished successfully.
Mean chain execution time: 106.0 seconds.
Total execution time: 111.7 seconds.

Running MCMC with 4 parallel chains...

Chain 1 finished in 128.0 seconds.
Chain 2 finished in 138.6 seconds.
Chain 3 finished in 140.2 seconds.
Chain 4 finished in 142.4 seconds.

All 4 chains finished successfully.
Mean chain execution time: 137.3 seconds.
Total execution time: 142.5 seconds.

Running MCMC with 4 parallel chains...

Chain 1 finished in 420.3 seconds.
Chain 3 finished in 456.1 seconds.
Chain 4 finished in 471.3 seconds.
Chain 2 finished in 477.5 seconds.

All 4 chains finished successfully.
Mean chain execution time: 456.3 seconds.
Total execution time: 477.7 seconds.

Running MCMC with 4 parallel chains...

Chain 2 finished in 664.5 seconds.
Chain 1 finished in 674.4 seconds.
Chain 4 finished in 675.3 seconds.
Chain 3 finished in 711.9 seconds.

All 4 chains finished successfully.
Mean chain execution time: 681.5 seconds.
Total execution time: 712.1 seconds.

Running MCMC with 4 parallel chains...

Chain 1 finished in 169.0 seconds.
Chain 4 finished in 169.8 seconds.
Chain 3 finished in 170.3 seconds.
Chain 2 finished in 181.1 seconds.

All 4 chains finished successfully.
Mean chain execution time: 172.6 seconds.
Total execution time: 181.2 seconds.

Running MCMC with 4 parallel chains...

Chain 2 finished in 211.2 seconds.
Chain 3 finished in 231.5 seconds.
Chain 1 finished in 232.0 seconds.
Chain 4 finished in 235.0 seconds.

All 4 chains finished successfully.
Mean chain execution time: 227.4 seconds.
Total execution time: 235.1 seconds.

Running MCMC with 4 parallel chains...

Chain 1 finished in 37.3 seconds.
Chain 4 finished in 39.5 seconds.
Chain 2 finished in 39.7 seconds.
Chain 3 finished in 43.9 seconds.

All 4 chains finished successfully.
Mean chain execution time: 40.1 seconds.
Total execution time: 44.1 seconds.

Running MCMC with 4 parallel chains...

Chain 2 finished in 48.5 seconds.
Chain 4 finished in 49.6 seconds.
Chain 3 finished in 53.7 seconds.
Chain 1 finished in 55.4 seconds.

All 4 chains finished successfully.
Mean chain execution time: 51.8 seconds.
Total execution time: 55.5 seconds.

Running MCMC with 4 parallel chains...

Chain 4 finished in 150.2 seconds.
Chain 3 finished in 153.3 seconds.
Chain 1 finished in 160.8 seconds.
Chain 2 finished in 163.2 seconds.

All 4 chains finished successfully.
Mean chain execution time: 156.9 seconds.
Total execution time: 163.3 seconds.

Running MCMC with 4 parallel chains...

Chain 4 finished in 202.3 seconds.
Chain 3 finished in 211.1 seconds.
Chain 2 finished in 214.4 seconds.
Chain 1 finished in 225.8 seconds.

All 4 chains finished successfully.
Mean chain execution time: 213.4 seconds.
Total execution time: 225.9 seconds.

Running MCMC with 4 parallel chains...

Chain 2 finished in 101.5 seconds.
Chain 3 finished in 104.2 seconds.
Chain 4 finished in 104.5 seconds.
Chain 1 finished in 116.9 seconds.

All 4 chains finished successfully.
Mean chain execution time: 106.8 seconds.
Total execution time: 117.0 seconds.

Running MCMC with 4 parallel chains...

Chain 4 finished in 135.5 seconds.
Chain 1 finished in 136.1 seconds.
Chain 3 finished in 137.3 seconds.
Chain 2 finished in 137.8 seconds.

All 4 chains finished successfully.
Mean chain execution time: 136.7 seconds.
Total execution time: 137.9 seconds.

[2026-05-05 05:01:18] [INFO] - ✅ 完成: Outcome=X60_X69
