[2026-04-13 14:41:25] [INFO] - Project root: /public/home/acf4pijnzl/WDP
[2026-04-13 14:41:25] [INFO] - Task 1 → cancer=G20_G30_G12.2_F01_F03  section=Female
 [1] "EQI"          "EQI_Air"      "EQI_Water"    "EQI_Land"     "EQI_Built"   
 [6] "EQI_Social"   "Smoking_Rate" "State_FIPS"   "AAMR_Lower"   "AAMR_Upper"  
[11] "cens"         "RUCC"        
Running MCMC with 4 parallel chains...

Chain 2 finished in 216.5 seconds.
Chain 4 finished in 217.1 seconds.
Chain 1 finished in 230.9 seconds.
Chain 3 finished in 232.5 seconds.

All 4 chains finished successfully.
Mean chain execution time: 224.3 seconds.
Total execution time: 232.8 seconds.

Running MCMC with 4 parallel chains...

Chain 3 finished in 314.2 seconds.
Chain 1 finished in 314.8 seconds.
Chain 4 finished in 323.5 seconds.
Chain 2 finished in 325.3 seconds.

All 4 chains finished successfully.
Mean chain execution time: 319.4 seconds.
Total execution time: 325.4 seconds.

Running MCMC with 4 parallel chains...

Chain 1 finished in 208.7 seconds.
Chain 4 finished in 217.5 seconds.
Chain 3 finished in 227.3 seconds.
Chain 2 finished in 227.8 seconds.

All 4 chains finished successfully.
Mean chain execution time: 220.3 seconds.
Total execution time: 228.0 seconds.

Running MCMC with 4 parallel chains...

Chain 1 finished in 310.7 seconds.
Chain 2 finished in 331.1 seconds.
Chain 3 finished in 346.5 seconds.
Chain 4 finished in 357.4 seconds.

All 4 chains finished successfully.
Mean chain execution time: 336.4 seconds.
Total execution time: 357.6 seconds.

Running MCMC with 4 parallel chains...

Chain 1 finished in 218.5 seconds.
Chain 4 finished in 226.0 seconds.
Chain 2 finished in 228.6 seconds.
Chain 3 finished in 235.0 seconds.

All 4 chains finished successfully.
Mean chain execution time: 227.0 seconds.
Total execution time: 235.2 seconds.

Running MCMC with 4 parallel chains...

Chain 2 finished in 310.5 seconds.
Chain 3 finished in 310.6 seconds.
Chain 1 finished in 336.0 seconds.
Chain 4 finished in 341.1 seconds.

All 4 chains finished successfully.
Mean chain execution time: 324.6 seconds.
Total execution time: 341.3 seconds.

Running MCMC with 4 parallel chains...

Chain 4 finished in 189.4 seconds.
Chain 1 finished in 213.2 seconds.
Chain 2 finished in 236.4 seconds.
Chain 3 finished in 244.2 seconds.

All 4 chains finished successfully.
Mean chain execution time: 220.8 seconds.
Total execution time: 244.3 seconds.

Running MCMC with 4 parallel chains...

Chain 3 finished in 316.2 seconds.
Chain 2 finished in 381.0 seconds.
Chain 4 finished in 385.8 seconds.
Chain 1 finished in 394.0 seconds.

All 4 chains finished successfully.
Mean chain execution time: 369.3 seconds.
Total execution time: 394.1 seconds.

Running MCMC with 4 parallel chains...

Chain 1 finished in 160.0 seconds.
Chain 3 finished in 192.4 seconds.
Chain 4 finished in 232.5 seconds.
Chain 2 finished in 251.6 seconds.

All 4 chains finished successfully.
Mean chain execution time: 209.1 seconds.
Total execution time: 251.8 seconds.

Running MCMC with 4 parallel chains...

Chain 2 finished in 331.5 seconds.
Chain 4 finished in 335.0 seconds.
Chain 3 finished in 378.7 seconds.
Chain 1 finished in 388.3 seconds.

All 4 chains finished successfully.
Mean chain execution time: 358.4 seconds.
Total execution time: 388.5 seconds.

[2026-04-13 15:32:31] [INFO] - Done: G20_G30_G12.2_F01_F03 / Female → Result/Stratified_MRR/
