[2026-04-02 12:17:28] [INFO] - 项目根目录: /public/home/acf4pijnzl/WDP
[2026-04-02 12:17:28] [INFO] - 开始处理任务 3
[2026-04-02 12:17:28] [INFO] - 处理癌症类型: C25
[1] "EQI"          "EQI_Air"      "EQI_Water"    "EQI_Land"     "EQI_Built"   
[6] "EQI_Social"   "Smoking_Rate" "State_FIPS"  
Running MCMC with 4 parallel chains...

Chain 2 finished in 305.2 seconds.
Chain 3 finished in 329.4 seconds.
Chain 4 finished in 333.2 seconds.
Chain 1 finished in 346.0 seconds.

All 4 chains finished successfully.
Mean chain execution time: 328.5 seconds.
Total execution time: 346.2 seconds.

Running MCMC with 4 parallel chains...

Chain 3 finished in 330.8 seconds.
Chain 4 finished in 341.6 seconds.
Chain 2 finished in 349.4 seconds.
Chain 1 finished in 358.0 seconds.

All 4 chains finished successfully.
Mean chain execution time: 345.0 seconds.
Total execution time: 358.1 seconds.

Running MCMC with 4 parallel chains...

Chain 2 finished in 330.6 seconds.
Chain 1 finished in 346.2 seconds.
Chain 4 finished in 355.5 seconds.
Chain 3 finished in 357.3 seconds.

All 4 chains finished successfully.
Mean chain execution time: 347.4 seconds.
Total execution time: 357.4 seconds.

[2026-04-02 12:36:12] [INFO] - ✅ 完成: Cancer=C25
[2026-04-02 12:36:12] [INFO] - 输出目录: Result/brms_MRR_lag/
