[2026-04-13 15:34:29] [INFO] - Project root: /public/home/acf4pijnzl/WDP
[2026-04-13 15:34:29] [INFO] - Task 9 → cancer=G20_G30_G12.2_F01_F03  section=CensusRegion
 [1] "EQI"          "EQI_Air"      "EQI_Water"    "EQI_Land"     "EQI_Built"   
 [6] "EQI_Social"   "Smoking_Rate" "State_FIPS"   "AAMR_Lower"   "AAMR_Upper"  
[11] "cens"         "RUCC"        
Running MCMC with 4 parallel chains...

Chain 2 finished in 12.7 seconds.
Chain 3 finished in 13.1 seconds.
Chain 4 finished in 14.2 seconds.
Chain 1 finished in 14.5 seconds.

All 4 chains finished successfully.
Mean chain execution time: 13.6 seconds.
Total execution time: 14.7 seconds.

Running MCMC with 4 parallel chains...

Chain 2 finished in 20.2 seconds.
Chain 1 finished in 24.1 seconds.
Chain 3 finished in 24.1 seconds.
Chain 4 finished in 24.4 seconds.

All 4 chains finished successfully.
Mean chain execution time: 23.2 seconds.
Total execution time: 24.6 seconds.

Running MCMC with 4 parallel chains...

Chain 3 finished in 14.1 seconds.
Chain 2 finished in 14.4 seconds.
Chain 1 finished in 14.7 seconds.
Chain 4 finished in 16.0 seconds.

All 4 chains finished successfully.
Mean chain execution time: 14.8 seconds.
Total execution time: 16.1 seconds.

Running MCMC with 4 parallel chains...

Chain 1 finished in 19.7 seconds.
Chain 2 finished in 20.8 seconds.
Chain 3 finished in 22.6 seconds.
Chain 4 finished in 22.5 seconds.

All 4 chains finished successfully.
Mean chain execution time: 21.4 seconds.
Total execution time: 22.7 seconds.

Running MCMC with 4 parallel chains...

Chain 1 finished in 12.5 seconds.
Chain 3 finished in 12.6 seconds.
Chain 4 finished in 12.9 seconds.
Chain 2 finished in 13.5 seconds.

All 4 chains finished successfully.
Mean chain execution time: 12.9 seconds.
Total execution time: 13.6 seconds.

Running MCMC with 4 parallel chains...

Chain 3 finished in 21.0 seconds.
Chain 2 finished in 21.1 seconds.
Chain 4 finished in 21.5 seconds.
Chain 1 finished in 21.6 seconds.

All 4 chains finished successfully.
Mean chain execution time: 21.3 seconds.
Total execution time: 21.8 seconds.

Running MCMC with 4 parallel chains...

Chain 2 finished in 12.2 seconds.
Chain 3 finished in 13.1 seconds.
Chain 4 finished in 14.4 seconds.
Chain 1 finished in 14.8 seconds.

All 4 chains finished successfully.
Mean chain execution time: 13.6 seconds.
Total execution time: 14.9 seconds.

Running MCMC with 4 parallel chains...

Chain 3 finished in 18.5 seconds.
Chain 2 finished in 19.0 seconds.
Chain 1 finished in 19.5 seconds.
Chain 4 finished in 21.8 seconds.

All 4 chains finished successfully.
Mean chain execution time: 19.7 seconds.
Total execution time: 21.9 seconds.

Running MCMC with 4 parallel chains...

Chain 2 finished in 12.5 seconds.
Chain 4 finished in 13.3 seconds.
Chain 3 finished in 13.5 seconds.
Chain 1 finished in 13.9 seconds.

All 4 chains finished successfully.
Mean chain execution time: 13.3 seconds.
Total execution time: 14.0 seconds.

Running MCMC with 4 parallel chains...

Chain 3 finished in 18.8 seconds.
Chain 1 finished in 19.6 seconds.
Chain 4 finished in 19.6 seconds.
Chain 2 finished in 21.1 seconds.

All 4 chains finished successfully.
Mean chain execution time: 19.8 seconds.
Total execution time: 21.3 seconds.

Running MCMC with 4 parallel chains...

Chain 3 finished in 57.9 seconds.
Chain 1 finished in 64.8 seconds.
Chain 2 finished in 65.9 seconds.
Chain 4 finished in 74.1 seconds.

All 4 chains finished successfully.
Mean chain execution time: 65.7 seconds.
Total execution time: 74.2 seconds.

Running MCMC with 4 parallel chains...

Chain 1 finished in 100.5 seconds.
Chain 3 finished in 105.1 seconds.
Chain 2 finished in 107.0 seconds.
Chain 4 finished in 108.2 seconds.

All 4 chains finished successfully.
Mean chain execution time: 105.2 seconds.
Total execution time: 108.3 seconds.

Running MCMC with 4 parallel chains...

Chain 3 finished in 61.6 seconds.
Chain 4 finished in 67.5 seconds.
Chain 1 finished in 70.3 seconds.
Chain 2 finished in 73.2 seconds.

All 4 chains finished successfully.
Mean chain execution time: 68.2 seconds.
Total execution time: 73.3 seconds.

Running MCMC with 4 parallel chains...

Chain 4 finished in 100.2 seconds.
Chain 2 finished in 103.1 seconds.
Chain 3 finished in 109.6 seconds.
Chain 1 finished in 121.2 seconds.

All 4 chains finished successfully.
Mean chain execution time: 108.5 seconds.
Total execution time: 121.2 seconds.

Running MCMC with 4 parallel chains...

Chain 4 finished in 58.5 seconds.
Chain 3 finished in 67.3 seconds.
Chain 2 finished in 76.7 seconds.
Chain 1 finished in 77.7 seconds.

All 4 chains finished successfully.
Mean chain execution time: 70.0 seconds.
Total execution time: 77.7 seconds.

Running MCMC with 4 parallel chains...

Chain 3 finished in 97.9 seconds.
Chain 2 finished in 110.6 seconds.
Chain 4 finished in 111.8 seconds.
Chain 1 finished in 115.1 seconds.

All 4 chains finished successfully.
Mean chain execution time: 108.8 seconds.
Total execution time: 115.2 seconds.

Running MCMC with 4 parallel chains...

Chain 3 finished in 68.1 seconds.
Chain 4 finished in 74.1 seconds.
Chain 2 finished in 79.1 seconds.
Chain 1 finished in 86.6 seconds.

All 4 chains finished successfully.
Mean chain execution time: 77.0 seconds.
Total execution time: 86.7 seconds.

Running MCMC with 4 parallel chains...

Chain 4 finished in 95.1 seconds.
Chain 2 finished in 96.8 seconds.
Chain 1 finished in 104.0 seconds.
Chain 3 finished in 104.6 seconds.

All 4 chains finished successfully.
Mean chain execution time: 100.1 seconds.
Total execution time: 104.7 seconds.

Running MCMC with 4 parallel chains...

Chain 2 finished in 80.8 seconds.
Chain 4 finished in 92.3 seconds.
Chain 3 finished in 96.7 seconds.
Chain 1 finished in 104.4 seconds.

All 4 chains finished successfully.
Mean chain execution time: 93.5 seconds.
Total execution time: 104.4 seconds.

Running MCMC with 4 parallel chains...

Chain 3 finished in 98.6 seconds.
Chain 2 finished in 101.3 seconds.
Chain 4 finished in 105.0 seconds.
Chain 1 finished in 106.7 seconds.

All 4 chains finished successfully.
Mean chain execution time: 102.9 seconds.
Total execution time: 106.7 seconds.

Running MCMC with 4 parallel chains...

Chain 1 finished in 96.1 seconds.
Chain 2 finished in 98.0 seconds.
Chain 4 finished in 111.6 seconds.
Chain 3 finished in 114.2 seconds.

All 4 chains finished successfully.
Mean chain execution time: 105.0 seconds.
Total execution time: 114.3 seconds.

Running MCMC with 4 parallel chains...

Chain 3 finished in 152.6 seconds.
Chain 4 finished in 160.2 seconds.
Chain 1 finished in 161.3 seconds.
Chain 2 finished in 163.0 seconds.

All 4 chains finished successfully.
Mean chain execution time: 159.3 seconds.
Total execution time: 163.1 seconds.

Running MCMC with 4 parallel chains...

Chain 1 finished in 101.3 seconds.
Chain 3 finished in 103.6 seconds.
Chain 4 finished in 103.6 seconds.
Chain 2 finished in 115.9 seconds.

All 4 chains finished successfully.
Mean chain execution time: 106.1 seconds.
Total execution time: 116.1 seconds.

Running MCMC with 4 parallel chains...

Chain 2 finished in 147.9 seconds.
Chain 1 finished in 154.0 seconds.
Chain 3 finished in 157.2 seconds.
Chain 4 finished in 157.6 seconds.

All 4 chains finished successfully.
Mean chain execution time: 154.2 seconds.
Total execution time: 157.8 seconds.

Running MCMC with 4 parallel chains...

Chain 2 finished in 101.4 seconds.
Chain 4 finished in 102.9 seconds.
Chain 3 finished in 104.0 seconds.
Chain 1 finished in 120.7 seconds.

All 4 chains finished successfully.
Mean chain execution time: 107.3 seconds.
Total execution time: 120.8 seconds.

Running MCMC with 4 parallel chains...

Chain 1 finished in 149.8 seconds.
Chain 2 finished in 150.5 seconds.
Chain 4 finished in 158.5 seconds.
Chain 3 finished in 172.9 seconds.

All 4 chains finished successfully.
Mean chain execution time: 157.9 seconds.
Total execution time: 173.0 seconds.

Running MCMC with 4 parallel chains...

Chain 1 finished in 127.2 seconds.
Chain 3 finished in 127.9 seconds.
Chain 4 finished in 130.8 seconds.
Chain 2 finished in 150.5 seconds.

All 4 chains finished successfully.
Mean chain execution time: 134.1 seconds.
Total execution time: 150.6 seconds.

Running MCMC with 4 parallel chains...

Chain 1 finished in 156.5 seconds.
Chain 2 finished in 172.4 seconds.
Chain 3 finished in 175.8 seconds.
Chain 4 finished in 176.8 seconds.

All 4 chains finished successfully.
Mean chain execution time: 170.4 seconds.
Total execution time: 176.9 seconds.

Running MCMC with 4 parallel chains...

Chain 4 finished in 153.3 seconds.
Chain 1 finished in 155.8 seconds.
Chain 3 finished in 170.1 seconds.
Chain 2 finished in 173.8 seconds.

All 4 chains finished successfully.
Mean chain execution time: 163.2 seconds.
Total execution time: 173.9 seconds.

Running MCMC with 4 parallel chains...

Chain 2 finished in 175.0 seconds.
Chain 4 finished in 175.6 seconds.
Chain 3 finished in 188.8 seconds.
Chain 1 finished in 190.0 seconds.

All 4 chains finished successfully.
Mean chain execution time: 182.3 seconds.
Total execution time: 190.1 seconds.

Running MCMC with 4 parallel chains...

Chain 2 finished in 19.4 seconds.
Chain 4 finished in 20.3 seconds.
Chain 3 finished in 20.7 seconds.
Chain 1 finished in 21.1 seconds.

All 4 chains finished successfully.
Mean chain execution time: 20.4 seconds.
Total execution time: 21.3 seconds.

Running MCMC with 4 parallel chains...

Chain 4 finished in 29.7 seconds.
Chain 1 finished in 30.2 seconds.
Chain 3 finished in 31.2 seconds.
Chain 2 finished in 35.7 seconds.

All 4 chains finished successfully.
Mean chain execution time: 31.7 seconds.
Total execution time: 35.8 seconds.

Running MCMC with 4 parallel chains...

Chain 3 finished in 19.0 seconds.
Chain 2 finished in 19.9 seconds.
Chain 4 finished in 21.7 seconds.
Chain 1 finished in 22.4 seconds.

All 4 chains finished successfully.
Mean chain execution time: 20.7 seconds.
Total execution time: 22.5 seconds.

Running MCMC with 4 parallel chains...

Chain 1 finished in 29.5 seconds.
Chain 4 finished in 33.8 seconds.
Chain 3 finished in 33.9 seconds.
Chain 2 finished in 35.6 seconds.

All 4 chains finished successfully.
Mean chain execution time: 33.2 seconds.
Total execution time: 35.7 seconds.

Running MCMC with 4 parallel chains...

Chain 1 finished in 19.4 seconds.
Chain 2 finished in 19.9 seconds.
Chain 4 finished in 20.1 seconds.
Chain 3 finished in 21.5 seconds.

All 4 chains finished successfully.
Mean chain execution time: 20.2 seconds.
Total execution time: 21.6 seconds.

Running MCMC with 4 parallel chains...

Chain 1 finished in 34.1 seconds.
Chain 3 finished in 34.0 seconds.
Chain 4 finished in 34.2 seconds.
Chain 2 finished in 38.6 seconds.

All 4 chains finished successfully.
Mean chain execution time: 35.2 seconds.
Total execution time: 38.7 seconds.

Running MCMC with 4 parallel chains...

Chain 2 finished in 22.6 seconds.
Chain 4 finished in 22.6 seconds.
Chain 1 finished in 23.7 seconds.
Chain 3 finished in 24.7 seconds.

All 4 chains finished successfully.
Mean chain execution time: 23.4 seconds.
Total execution time: 24.8 seconds.

Running MCMC with 4 parallel chains...

Chain 1 finished in 27.6 seconds.
Chain 4 finished in 32.9 seconds.
Chain 3 finished in 33.6 seconds.
Chain 2 finished in 35.3 seconds.

All 4 chains finished successfully.
Mean chain execution time: 32.4 seconds.
Total execution time: 35.4 seconds.

Running MCMC with 4 parallel chains...

Chain 4 finished in 21.3 seconds.
Chain 2 finished in 22.2 seconds.
Chain 1 finished in 23.0 seconds.
Chain 3 finished in 23.2 seconds.

All 4 chains finished successfully.
Mean chain execution time: 22.4 seconds.
Total execution time: 23.3 seconds.

Running MCMC with 4 parallel chains...

Chain 1 finished in 27.8 seconds.
Chain 3 finished in 28.8 seconds.
Chain 4 finished in 34.2 seconds.
Chain 2 finished in 37.4 seconds.

All 4 chains finished successfully.
Mean chain execution time: 32.0 seconds.
Total execution time: 37.5 seconds.

[2026-04-13 16:25:45] [INFO] - Done: G20_G30_G12.2_F01_F03 / CensusRegion → Result/Stratified_MRR/
