[2026-04-02 12:17:28] [INFO] - 项目根目录: /public/home/acf4pijnzl/WDP
[2026-04-02 12:17:28] [INFO] - 开始处理任务 2
[2026-04-02 12:17:28] [INFO] - 处理癌症类型: C22
[1] "EQI"          "EQI_Air"      "EQI_Water"    "EQI_Land"     "EQI_Built"   
[6] "EQI_Social"   "Smoking_Rate" "State_FIPS"  
Running MCMC with 4 parallel chains...

Chain 2 finished in 350.4 seconds.
Chain 3 finished in 370.6 seconds.
Chain 1 finished in 374.5 seconds.
Chain 4 finished in 381.4 seconds.

All 4 chains finished successfully.
Mean chain execution time: 369.2 seconds.
Total execution time: 381.8 seconds.

Running MCMC with 4 parallel chains...

Chain 4 finished in 338.5 seconds.
Chain 2 finished in 359.1 seconds.
Chain 3 finished in 362.9 seconds.
Chain 1 finished in 388.8 seconds.

All 4 chains finished successfully.
Mean chain execution time: 362.3 seconds.
Total execution time: 388.9 seconds.

Running MCMC with 4 parallel chains...

Chain 4 finished in 354.2 seconds.
Chain 1 finished in 372.8 seconds.
Chain 3 finished in 389.0 seconds.
Chain 2 finished in 404.0 seconds.

All 4 chains finished successfully.
Mean chain execution time: 380.0 seconds.
Total execution time: 404.1 seconds.

[2026-04-02 12:38:05] [INFO] - ✅ 完成: Cancer=C22
[2026-04-02 12:38:05] [INFO] - 输出目录: Result/brms_MRR_lag/
