[2026-03-29 20:17:11] [INFO] - 项目根目录: /public/home/acf4pijnzl/WDP
[2026-03-29 20:17:11] [INFO] - 开始处理任务 1
[2026-03-29 20:17:11] [INFO] - 处理疾病: G30_F01_F03
[1] "EQI"          "EQI_Air"      "EQI_Water"    "EQI_Land"     "EQI_Built"   
[6] "EQI_Social"   "Smoking_Rate" "State_FIPS"  
Running MCMC with 4 parallel chains...

Chain 1 finished in 232.4 seconds.
Chain 4 finished in 241.2 seconds.
Chain 2 finished in 244.9 seconds.
Chain 3 finished in 245.6 seconds.

All 4 chains finished successfully.
Mean chain execution time: 241.0 seconds.
Total execution time: 245.9 seconds.

Running MCMC with 4 parallel chains...

Chain 1 finished in 233.9 seconds.
Chain 4 finished in 234.6 seconds.
Chain 2 finished in 235.3 seconds.
Chain 3 finished in 245.4 seconds.

All 4 chains finished successfully.
Mean chain execution time: 237.3 seconds.
Total execution time: 245.6 seconds.

Running MCMC with 4 parallel chains...

Chain 2 finished in 227.1 seconds.
Chain 1 finished in 236.8 seconds.
Chain 4 finished in 239.7 seconds.
Chain 3 finished in 254.1 seconds.

All 4 chains finished successfully.
Mean chain execution time: 239.4 seconds.
Total execution time: 254.2 seconds.

[2026-03-29 20:30:24] [INFO] - ✅ 完成: Cancer=G30_F01_F03
[2026-03-29 20:30:24] [INFO] - 输出目录: Result/brms_MRR_lag/
