[2026-03-29 17:25:10] [INFO] - 项目根目录: /public/home/acf4pijnzl/WDP
[2026-03-29 17:25:10] [INFO] - 开始处理: G30_F01_F03 (Overall + RUCC1-4, 5 scenarios)
[1] "EQI"          "EQI_Air"      "EQI_Water"    "EQI_Land"     "EQI_Built"   
[6] "EQI_Social"   "Smoking_Rate" "State_FIPS"  
Running MCMC with 4 parallel chains...

Chain 3 finished in 230.2 seconds.
Chain 4 finished in 239.6 seconds.
Chain 2 finished in 253.2 seconds.
Chain 1 finished in 258.5 seconds.

All 4 chains finished successfully.
Mean chain execution time: 245.4 seconds.
Total execution time: 258.7 seconds.

Running MCMC with 4 parallel chains...

Chain 4 finished in 313.3 seconds.
Chain 2 finished in 331.4 seconds.
Chain 1 finished in 350.5 seconds.
Chain 3 finished in 351.6 seconds.

All 4 chains finished successfully.
Mean chain execution time: 336.7 seconds.
Total execution time: 351.8 seconds.

Running MCMC with 4 parallel chains...

Chain 4 finished in 77.2 seconds.
Chain 3 finished in 79.8 seconds.
Chain 2 finished in 81.5 seconds.
Chain 1 finished in 91.6 seconds.

All 4 chains finished successfully.
Mean chain execution time: 82.5 seconds.
Total execution time: 91.8 seconds.

Running MCMC with 4 parallel chains...

Chain 4 finished in 112.0 seconds.
Chain 3 finished in 113.1 seconds.
Chain 1 finished in 114.3 seconds.
Chain 2 finished in 122.2 seconds.

All 4 chains finished successfully.
Mean chain execution time: 115.4 seconds.
Total execution time: 122.3 seconds.

Running MCMC with 4 parallel chains...

Chain 2 finished in 16.8 seconds.
Chain 3 finished in 17.0 seconds.
Chain 4 finished in 20.4 seconds.
Chain 1 finished in 20.5 seconds.

All 4 chains finished successfully.
Mean chain execution time: 18.7 seconds.
Total execution time: 20.6 seconds.

Running MCMC with 4 parallel chains...

Chain 4 finished in 28.9 seconds.
Chain 1 finished in 30.1 seconds.
Chain 2 finished in 30.3 seconds.
Chain 3 finished in 30.8 seconds.

All 4 chains finished successfully.
Mean chain execution time: 30.0 seconds.
Total execution time: 30.9 seconds.

Running MCMC with 4 parallel chains...

Chain 3 finished in 80.6 seconds.
Chain 2 finished in 83.9 seconds.
Chain 4 finished in 85.4 seconds.
Chain 1 finished in 88.0 seconds.

All 4 chains finished successfully.
Mean chain execution time: 84.5 seconds.
Total execution time: 88.1 seconds.

Running MCMC with 4 parallel chains...

Chain 3 finished in 99.3 seconds.
Chain 1 finished in 102.1 seconds.
Chain 4 finished in 104.2 seconds.
Chain 2 finished in 105.3 seconds.

All 4 chains finished successfully.
Mean chain execution time: 102.7 seconds.
Total execution time: 105.4 seconds.

Running MCMC with 4 parallel chains...

Chain 4 finished in 29.7 seconds.
Chain 2 finished in 30.8 seconds.
Chain 1 finished in 32.0 seconds.
Chain 3 finished in 32.0 seconds.

All 4 chains finished successfully.
Mean chain execution time: 31.1 seconds.
Total execution time: 32.1 seconds.

Running MCMC with 4 parallel chains...

Chain 4 finished in 46.4 seconds.
Chain 1 finished in 47.2 seconds.
Chain 3 finished in 48.6 seconds.
Chain 2 finished in 51.4 seconds.

All 4 chains finished successfully.
Mean chain execution time: 48.4 seconds.
Total execution time: 51.4 seconds.

Running MCMC with 4 parallel chains...

Chain 3 finished in 245.6 seconds.
Chain 4 finished in 245.9 seconds.
Chain 2 finished in 247.9 seconds.
Chain 1 finished in 251.5 seconds.

All 4 chains finished successfully.
Mean chain execution time: 247.7 seconds.
Total execution time: 251.6 seconds.

Running MCMC with 4 parallel chains...

Chain 2 finished in 325.3 seconds.
Chain 1 finished in 334.4 seconds.
Chain 3 finished in 349.0 seconds.
Chain 4 finished in 357.1 seconds.

All 4 chains finished successfully.
Mean chain execution time: 341.5 seconds.
Total execution time: 357.3 seconds.

Running MCMC with 4 parallel chains...

Chain 1 finished in 80.2 seconds.
Chain 3 finished in 80.8 seconds.
Chain 2 finished in 83.5 seconds.
Chain 4 finished in 84.1 seconds.

All 4 chains finished successfully.
Mean chain execution time: 82.1 seconds.
Total execution time: 84.4 seconds.

Running MCMC with 4 parallel chains...

Chain 2 finished in 116.3 seconds.
Chain 1 finished in 118.0 seconds.
Chain 4 finished in 119.9 seconds.
Chain 3 finished in 125.3 seconds.

All 4 chains finished successfully.
Mean chain execution time: 119.9 seconds.
Total execution time: 125.5 seconds.

Running MCMC with 4 parallel chains...

Chain 2 finished in 18.5 seconds.
Chain 1 finished in 20.0 seconds.
Chain 4 finished in 20.0 seconds.
Chain 3 finished in 22.0 seconds.

All 4 chains finished successfully.
Mean chain execution time: 20.1 seconds.
Total execution time: 22.1 seconds.

Running MCMC with 4 parallel chains...

Chain 3 finished in 30.0 seconds.
Chain 1 finished in 32.6 seconds.
Chain 2 finished in 33.2 seconds.
Chain 4 finished in 35.0 seconds.

All 4 chains finished successfully.
Mean chain execution time: 32.7 seconds.
Total execution time: 35.2 seconds.

Running MCMC with 4 parallel chains...

Chain 4 finished in 68.9 seconds.
Chain 1 finished in 74.0 seconds.
Chain 3 finished in 75.3 seconds.
Chain 2 finished in 82.3 seconds.

All 4 chains finished successfully.
Mean chain execution time: 75.1 seconds.
Total execution time: 82.4 seconds.

Running MCMC with 4 parallel chains...

Chain 3 finished in 113.1 seconds.
Chain 2 finished in 114.1 seconds.
Chain 1 finished in 114.4 seconds.
Chain 4 finished in 114.8 seconds.

All 4 chains finished successfully.
Mean chain execution time: 114.1 seconds.
Total execution time: 115.0 seconds.

Running MCMC with 4 parallel chains...

Chain 4 finished in 30.9 seconds.
Chain 2 finished in 31.1 seconds.
Chain 3 finished in 31.5 seconds.
Chain 1 finished in 32.4 seconds.

All 4 chains finished successfully.
Mean chain execution time: 31.5 seconds.
Total execution time: 32.5 seconds.

Running MCMC with 4 parallel chains...

Chain 2 finished in 44.7 seconds.
Chain 3 finished in 46.1 seconds.
Chain 4 finished in 54.4 seconds.
Chain 1 finished in 58.1 seconds.

All 4 chains finished successfully.
Mean chain execution time: 50.8 seconds.
Total execution time: 58.2 seconds.

Running MCMC with 4 parallel chains...

Chain 4 finished in 243.9 seconds.
Chain 1 finished in 247.9 seconds.
Chain 2 finished in 250.2 seconds.
Chain 3 finished in 255.4 seconds.

All 4 chains finished successfully.
Mean chain execution time: 249.3 seconds.
Total execution time: 255.6 seconds.

Running MCMC with 4 parallel chains...

Chain 1 finished in 328.5 seconds.
Chain 2 finished in 330.6 seconds.
Chain 4 finished in 335.3 seconds.
Chain 3 finished in 346.5 seconds.

All 4 chains finished successfully.
Mean chain execution time: 335.2 seconds.
Total execution time: 346.7 seconds.

Running MCMC with 4 parallel chains...

Chain 1 finished in 81.9 seconds.
Chain 4 finished in 83.3 seconds.
Chain 3 finished in 84.5 seconds.
Chain 2 finished in 85.8 seconds.

All 4 chains finished successfully.
Mean chain execution time: 83.9 seconds.
Total execution time: 85.9 seconds.

Running MCMC with 4 parallel chains...

Chain 1 finished in 110.1 seconds.
Chain 4 finished in 116.6 seconds.
Chain 2 finished in 119.3 seconds.
Chain 3 finished in 126.0 seconds.

All 4 chains finished successfully.
Mean chain execution time: 118.0 seconds.
Total execution time: 126.2 seconds.

Running MCMC with 4 parallel chains...

Chain 2 finished in 15.8 seconds.
Chain 3 finished in 18.6 seconds.
Chain 4 finished in 19.8 seconds.
Chain 1 finished in 20.1 seconds.

All 4 chains finished successfully.
Mean chain execution time: 18.6 seconds.
Total execution time: 20.2 seconds.

Running MCMC with 4 parallel chains...

Chain 3 finished in 33.4 seconds.
Chain 1 finished in 33.4 seconds.
Chain 2 finished in 34.1 seconds.
Chain 4 finished in 34.3 seconds.

All 4 chains finished successfully.
Mean chain execution time: 33.8 seconds.
Total execution time: 34.4 seconds.

Running MCMC with 4 parallel chains...

Chain 4 finished in 74.9 seconds.
Chain 1 finished in 79.4 seconds.
Chain 2 finished in 79.8 seconds.
Chain 3 finished in 82.5 seconds.

All 4 chains finished successfully.
Mean chain execution time: 79.1 seconds.
Total execution time: 82.6 seconds.

Running MCMC with 4 parallel chains...

Chain 3 finished in 107.4 seconds.
Chain 1 finished in 121.1 seconds.
Chain 4 finished in 122.5 seconds.
Chain 2 finished in 133.2 seconds.

All 4 chains finished successfully.
Mean chain execution time: 121.1 seconds.
Total execution time: 133.3 seconds.

Running MCMC with 4 parallel chains...

Chain 1 finished in 32.1 seconds.
Chain 4 finished in 32.8 seconds.
Chain 2 finished in 33.4 seconds.
Chain 3 finished in 34.1 seconds.

All 4 chains finished successfully.
Mean chain execution time: 33.1 seconds.
Total execution time: 34.2 seconds.

Running MCMC with 4 parallel chains...

Chain 4 finished in 53.5 seconds.
Chain 1 finished in 56.1 seconds.
Chain 2 finished in 56.4 seconds.
Chain 3 finished in 57.1 seconds.

All 4 chains finished successfully.
Mean chain execution time: 55.8 seconds.
Total execution time: 57.2 seconds.

Running MCMC with 4 parallel chains...

Chain 2 finished in 225.1 seconds.
Chain 4 finished in 233.3 seconds.
Chain 1 finished in 235.3 seconds.
Chain 3 finished in 238.6 seconds.

All 4 chains finished successfully.
Mean chain execution time: 233.1 seconds.
Total execution time: 238.7 seconds.

Running MCMC with 4 parallel chains...

Chain 2 finished in 329.3 seconds.
Chain 1 finished in 329.8 seconds.
Chain 3 finished in 332.2 seconds.
Chain 4 finished in 333.8 seconds.

All 4 chains finished successfully.
Mean chain execution time: 331.3 seconds.
Total execution time: 334.0 seconds.

Running MCMC with 4 parallel chains...

Chain 2 finished in 75.6 seconds.
Chain 4 finished in 79.3 seconds.
Chain 3 finished in 82.6 seconds.
Chain 1 finished in 84.2 seconds.

All 4 chains finished successfully.
Mean chain execution time: 80.4 seconds.
Total execution time: 84.2 seconds.

Running MCMC with 4 parallel chains...

Chain 1 finished in 117.3 seconds.
Chain 4 finished in 122.3 seconds.
Chain 2 finished in 125.4 seconds.
Chain 3 finished in 126.4 seconds.

All 4 chains finished successfully.
Mean chain execution time: 122.9 seconds.
Total execution time: 126.5 seconds.

Running MCMC with 4 parallel chains...

Chain 1 finished in 14.1 seconds.
Chain 4 finished in 14.3 seconds.
Chain 3 finished in 14.3 seconds.
Chain 2 finished in 16.2 seconds.

All 4 chains finished successfully.
Mean chain execution time: 14.7 seconds.
Total execution time: 16.3 seconds.

Running MCMC with 4 parallel chains...

Chain 4 finished in 23.2 seconds.
Chain 3 finished in 24.1 seconds.
Chain 2 finished in 29.5 seconds.
Chain 1 finished in 30.3 seconds.

All 4 chains finished successfully.
Mean chain execution time: 26.8 seconds.
Total execution time: 30.4 seconds.

Running MCMC with 4 parallel chains...

Chain 4 finished in 59.0 seconds.
Chain 2 finished in 72.0 seconds.
Chain 3 finished in 75.8 seconds.
Chain 1 finished in 76.8 seconds.

All 4 chains finished successfully.
Mean chain execution time: 70.9 seconds.
Total execution time: 76.8 seconds.

Running MCMC with 4 parallel chains...

Chain 2 finished in 106.5 seconds.
Chain 3 finished in 115.7 seconds.
Chain 4 finished in 120.0 seconds.
Chain 1 finished in 121.5 seconds.

All 4 chains finished successfully.
Mean chain execution time: 116.0 seconds.
Total execution time: 121.6 seconds.

Running MCMC with 4 parallel chains...

Chain 1 finished in 29.5 seconds.
Chain 4 finished in 31.9 seconds.
Chain 2 finished in 32.2 seconds.
Chain 3 finished in 32.2 seconds.

All 4 chains finished successfully.
Mean chain execution time: 31.5 seconds.
Total execution time: 32.3 seconds.

Running MCMC with 4 parallel chains...

Chain 4 finished in 52.0 seconds.
Chain 2 finished in 52.8 seconds.
Chain 1 finished in 54.0 seconds.
Chain 3 finished in 56.6 seconds.

All 4 chains finished successfully.
Mean chain execution time: 53.9 seconds.
Total execution time: 56.8 seconds.

Running MCMC with 4 parallel chains...

Chain 2 finished in 229.2 seconds.
Chain 3 finished in 244.2 seconds.
Chain 4 finished in 248.8 seconds.
Chain 1 finished in 251.1 seconds.

All 4 chains finished successfully.
Mean chain execution time: 243.3 seconds.
Total execution time: 251.2 seconds.

Running MCMC with 4 parallel chains...

Chain 3 finished in 327.9 seconds.
Chain 2 finished in 335.2 seconds.
Chain 1 finished in 336.1 seconds.
Chain 4 finished in 345.4 seconds.

All 4 chains finished successfully.
Mean chain execution time: 336.1 seconds.
Total execution time: 345.6 seconds.

Running MCMC with 4 parallel chains...

Chain 1 finished in 69.2 seconds.
Chain 4 finished in 74.2 seconds.
Chain 2 finished in 78.4 seconds.
Chain 3 finished in 80.6 seconds.

All 4 chains finished successfully.
Mean chain execution time: 75.6 seconds.
Total execution time: 80.7 seconds.

Running MCMC with 4 parallel chains...

Chain 2 finished in 115.7 seconds.
Chain 1 finished in 116.1 seconds.
Chain 4 finished in 117.3 seconds.
Chain 3 finished in 132.1 seconds.

All 4 chains finished successfully.
Mean chain execution time: 120.3 seconds.
Total execution time: 132.2 seconds.

Running MCMC with 4 parallel chains...

Chain 2 finished in 13.1 seconds.
Chain 3 finished in 14.2 seconds.
Chain 4 finished in 15.3 seconds.
Chain 1 finished in 17.2 seconds.

All 4 chains finished successfully.
Mean chain execution time: 14.9 seconds.
Total execution time: 17.2 seconds.

Running MCMC with 4 parallel chains...

Chain 3 finished in 26.9 seconds.
Chain 2 finished in 31.8 seconds.
Chain 1 finished in 32.5 seconds.
Chain 4 finished in 41.8 seconds.

All 4 chains finished successfully.
Mean chain execution time: 33.3 seconds.
Total execution time: 41.9 seconds.

Running MCMC with 4 parallel chains...

Chain 4 finished in 71.6 seconds.
Chain 2 finished in 73.2 seconds.
Chain 1 finished in 73.4 seconds.
Chain 3 finished in 74.2 seconds.

All 4 chains finished successfully.
Mean chain execution time: 73.1 seconds.
Total execution time: 74.3 seconds.

Running MCMC with 4 parallel chains...

Chain 2 finished in 110.7 seconds.
Chain 3 finished in 111.8 seconds.
Chain 4 finished in 117.8 seconds.
Chain 1 finished in 121.3 seconds.

All 4 chains finished successfully.
Mean chain execution time: 115.4 seconds.
Total execution time: 121.4 seconds.

Running MCMC with 4 parallel chains...

Chain 3 finished in 30.8 seconds.
Chain 1 finished in 31.0 seconds.
Chain 2 finished in 32.6 seconds.
Chain 4 finished in 33.5 seconds.

All 4 chains finished successfully.
Mean chain execution time: 32.0 seconds.
Total execution time: 33.6 seconds.

Running MCMC with 4 parallel chains...

Chain 2 finished in 46.6 seconds.
Chain 3 finished in 46.7 seconds.
Chain 1 finished in 57.3 seconds.
Chain 4 finished in 63.8 seconds.

All 4 chains finished successfully.
Mean chain execution time: 53.6 seconds.
Total execution time: 63.9 seconds.

[2026-03-29 19:04:09] [INFO] - ✅ 完成: Cancer=G30_F01_F03
[2026-03-29 19:04:09] [INFO] - 输出文件: Result/brms/G30_F01_F03_main.csv
