[2026-04-11 18:03:06] [INFO] - 项目根目录: /public/home/acf4pijnzl/WDP
[2026-04-11 18:03:06] [INFO] - 开始处理任务 2
[2026-04-11 18:03:06] [INFO] - 处理癌症类型: G10
[1] "EQI"          "EQI_Air"      "EQI_Water"    "EQI_Land"     "EQI_Built"   
[6] "EQI_Social"   "Smoking_Rate" "State_FIPS"  
Running MCMC with 4 parallel chains...

Chain 2 finished in 998.8 seconds.
Chain 1 finished in 1048.7 seconds.
Chain 4 finished in 1088.0 seconds.
Chain 3 finished in 1114.9 seconds.

All 4 chains finished successfully.
Mean chain execution time: 1062.6 seconds.
Total execution time: 1115.3 seconds.

Running MCMC with 4 parallel chains...

Chain 3 finished in 873.9 seconds.
Chain 1 finished in 901.3 seconds.
Chain 2 finished in 901.2 seconds.
Chain 4 finished in 920.6 seconds.

All 4 chains finished successfully.
Mean chain execution time: 899.3 seconds.
Total execution time: 920.8 seconds.

Running MCMC with 4 parallel chains...

Chain 4 finished in 777.4 seconds.
Chain 1 finished in 903.3 seconds.
Chain 3 finished in 944.2 seconds.
Chain 2 finished in 1033.3 seconds.

All 4 chains finished successfully.
Mean chain execution time: 914.5 seconds.
Total execution time: 1033.4 seconds.

[2026-04-11 18:55:01] [INFO] - ✅ 完成: Cancer=G10
[2026-04-11 18:55:01] [INFO] - 输出目录: Result/brms_MRR_lag/
