[2026-05-04 21:02:13] [INFO] - 项目根目录: /public/home/acf4pijnzl/WDP
[2026-05-04 21:02:13] [INFO] - 开始处理任务 1
[2026-05-04 21:02:13] [INFO] - 处理outcome: I10_I15
[1] "EQI"          "EQI_Air"      "EQI_Water"    "EQI_Land"     "EQI_Built"   
[6] "EQI_Social"   "Smoking_Rate" "State_FIPS"  
Running MCMC with 4 parallel chains...

Chain 1 finished in 280.9 seconds.
Chain 3 finished in 288.6 seconds.
Chain 2 finished in 293.5 seconds.
Chain 4 finished in 350.8 seconds.

All 4 chains finished successfully.
Mean chain execution time: 303.4 seconds.
Total execution time: 351.0 seconds.

Running MCMC with 4 parallel chains...

Chain 1 finished in 408.7 seconds.
Chain 4 finished in 443.6 seconds.
Chain 2 finished in 451.2 seconds.
Chain 3 finished in 458.4 seconds.

All 4 chains finished successfully.
Mean chain execution time: 440.5 seconds.
Total execution time: 458.6 seconds.

Running MCMC with 4 parallel chains...

Chain 4 finished in 103.5 seconds.
Chain 3 finished in 108.3 seconds.
Chain 1 finished in 108.5 seconds.
Chain 2 finished in 115.2 seconds.

All 4 chains finished successfully.
Mean chain execution time: 108.9 seconds.
Total execution time: 115.3 seconds.

Running MCMC with 4 parallel chains...

Chain 1 finished in 146.7 seconds.
Chain 2 finished in 148.1 seconds.
Chain 3 finished in 170.5 seconds.
Chain 4 finished in 174.7 seconds.

All 4 chains finished successfully.
Mean chain execution time: 160.0 seconds.
Total execution time: 174.9 seconds.

Running MCMC with 4 parallel chains...

Chain 1 finished in 28.7 seconds.
Chain 2 finished in 29.3 seconds.
Chain 4 finished in 29.9 seconds.
Chain 3 finished in 31.5 seconds.

All 4 chains finished successfully.
Mean chain execution time: 29.9 seconds.
Total execution time: 31.7 seconds.

Running MCMC with 4 parallel chains...

Chain 3 finished in 49.6 seconds.
Chain 1 finished in 54.2 seconds.
Chain 2 finished in 60.9 seconds.
Chain 4 finished in 65.5 seconds.

All 4 chains finished successfully.
Mean chain execution time: 57.6 seconds.
Total execution time: 65.7 seconds.

Running MCMC with 4 parallel chains...

Chain 2 finished in 87.8 seconds.
Chain 1 finished in 91.2 seconds.
Chain 4 finished in 93.5 seconds.
Chain 3 finished in 105.2 seconds.

All 4 chains finished successfully.
Mean chain execution time: 94.4 seconds.
Total execution time: 105.3 seconds.

Running MCMC with 4 parallel chains...

Chain 1 finished in 120.7 seconds.
Chain 2 finished in 126.9 seconds.
Chain 3 finished in 129.1 seconds.
Chain 4 finished in 139.8 seconds.

All 4 chains finished successfully.
Mean chain execution time: 129.1 seconds.
Total execution time: 140.0 seconds.

Running MCMC with 4 parallel chains...

Chain 4 finished in 46.8 seconds.
Chain 2 finished in 53.8 seconds.
Chain 1 finished in 57.5 seconds.
Chain 3 finished in 59.3 seconds.

All 4 chains finished successfully.
Mean chain execution time: 54.3 seconds.
Total execution time: 59.5 seconds.

Running MCMC with 4 parallel chains...

Chain 2 finished in 67.3 seconds.
Chain 3 finished in 70.7 seconds.
Chain 1 finished in 79.4 seconds.
Chain 4 finished in 81.9 seconds.

All 4 chains finished successfully.
Mean chain execution time: 74.9 seconds.
Total execution time: 82.0 seconds.

Running MCMC with 4 parallel chains...

Chain 1 finished in 254.0 seconds.
Chain 3 finished in 254.4 seconds.
Chain 2 finished in 259.3 seconds.
Chain 4 finished in 262.0 seconds.

All 4 chains finished successfully.
Mean chain execution time: 257.4 seconds.
Total execution time: 262.2 seconds.

Running MCMC with 4 parallel chains...

Chain 4 finished in 453.0 seconds.
Chain 3 finished in 468.8 seconds.
Chain 2 finished in 513.8 seconds.
Chain 1 finished in 517.8 seconds.

All 4 chains finished successfully.
Mean chain execution time: 488.3 seconds.
Total execution time: 518.0 seconds.

Running MCMC with 4 parallel chains...

Chain 4 finished in 82.7 seconds.
Chain 2 finished in 84.8 seconds.
Chain 3 finished in 94.2 seconds.
Chain 1 finished in 95.3 seconds.

All 4 chains finished successfully.
Mean chain execution time: 89.2 seconds.
Total execution time: 95.5 seconds.

Running MCMC with 4 parallel chains...

Chain 3 finished in 117.4 seconds.
Chain 4 finished in 117.5 seconds.
Chain 1 finished in 125.4 seconds.
Chain 2 finished in 154.0 seconds.

All 4 chains finished successfully.
Mean chain execution time: 128.6 seconds.
Total execution time: 154.2 seconds.

Running MCMC with 4 parallel chains...

Chain 1 finished in 22.0 seconds.
Chain 3 finished in 22.8 seconds.
Chain 4 finished in 24.1 seconds.
Chain 2 finished in 24.4 seconds.

All 4 chains finished successfully.
Mean chain execution time: 23.3 seconds.
Total execution time: 24.5 seconds.

Running MCMC with 4 parallel chains...

Chain 4 finished in 37.4 seconds.
Chain 1 finished in 40.0 seconds.
Chain 3 finished in 41.5 seconds.
Chain 2 finished in 42.3 seconds.

All 4 chains finished successfully.
Mean chain execution time: 40.3 seconds.
Total execution time: 42.4 seconds.

Running MCMC with 4 parallel chains...

Chain 3 finished in 85.4 seconds.
Chain 1 finished in 85.6 seconds.
Chain 4 finished in 88.6 seconds.
Chain 2 finished in 105.7 seconds.

All 4 chains finished successfully.
Mean chain execution time: 91.4 seconds.
Total execution time: 106.0 seconds.

Running MCMC with 4 parallel chains...

Chain 1 finished in 121.6 seconds.
Chain 2 finished in 124.0 seconds.
Chain 4 finished in 126.5 seconds.
Chain 3 finished in 139.6 seconds.

All 4 chains finished successfully.
Mean chain execution time: 127.9 seconds.
Total execution time: 139.8 seconds.

Running MCMC with 4 parallel chains...

Chain 1 finished in 54.3 seconds.
Chain 4 finished in 56.6 seconds.
Chain 2 finished in 58.1 seconds.
Chain 3 finished in 59.7 seconds.

All 4 chains finished successfully.
Mean chain execution time: 57.2 seconds.
Total execution time: 59.8 seconds.

Running MCMC with 4 parallel chains...

Chain 3 finished in 67.4 seconds.
Chain 2 finished in 69.7 seconds.
Chain 1 finished in 71.2 seconds.
Chain 4 finished in 82.2 seconds.

All 4 chains finished successfully.
Mean chain execution time: 72.6 seconds.
Total execution time: 82.4 seconds.

Running MCMC with 4 parallel chains...

Chain 1 finished in 294.4 seconds.
Chain 2 finished in 300.4 seconds.
Chain 4 finished in 318.5 seconds.
Chain 3 finished in 360.0 seconds.

All 4 chains finished successfully.
Mean chain execution time: 318.3 seconds.
Total execution time: 360.2 seconds.

Running MCMC with 4 parallel chains...

Chain 4 finished in 447.6 seconds.
Chain 2 finished in 499.7 seconds.
Chain 1 finished in 518.8 seconds.
Chain 3 finished in 533.4 seconds.

All 4 chains finished successfully.
Mean chain execution time: 499.9 seconds.
Total execution time: 533.6 seconds.

Running MCMC with 4 parallel chains...

Chain 1 finished in 79.3 seconds.
Chain 2 finished in 86.6 seconds.
Chain 4 finished in 89.8 seconds.
Chain 3 finished in 95.1 seconds.

All 4 chains finished successfully.
Mean chain execution time: 87.7 seconds.
Total execution time: 95.2 seconds.

Running MCMC with 4 parallel chains...

Chain 4 finished in 145.2 seconds.
Chain 3 finished in 147.0 seconds.
Chain 1 finished in 156.4 seconds.
Chain 2 finished in 156.5 seconds.

All 4 chains finished successfully.
Mean chain execution time: 151.3 seconds.
Total execution time: 156.6 seconds.

Running MCMC with 4 parallel chains...

Chain 1 finished in 22.8 seconds.
Chain 2 finished in 26.4 seconds.
Chain 3 finished in 26.5 seconds.
Chain 4 finished in 29.2 seconds.

All 4 chains finished successfully.
Mean chain execution time: 26.2 seconds.
Total execution time: 29.3 seconds.

Running MCMC with 4 parallel chains...

Chain 2 finished in 53.5 seconds.
Chain 1 finished in 54.5 seconds.
Chain 4 finished in 54.4 seconds.
Chain 3 finished in 57.7 seconds.

All 4 chains finished successfully.
Mean chain execution time: 55.0 seconds.
Total execution time: 57.9 seconds.

Running MCMC with 4 parallel chains...

Chain 2 finished in 86.0 seconds.
Chain 3 finished in 87.2 seconds.
Chain 1 finished in 88.1 seconds.
Chain 4 finished in 95.4 seconds.

All 4 chains finished successfully.
Mean chain execution time: 89.2 seconds.
Total execution time: 95.5 seconds.

Running MCMC with 4 parallel chains...

Chain 3 finished in 165.6 seconds.
Chain 4 finished in 177.7 seconds.
Chain 2 finished in 180.4 seconds.
Chain 1 finished in 207.9 seconds.

All 4 chains finished successfully.
Mean chain execution time: 182.9 seconds.
Total execution time: 208.0 seconds.

Running MCMC with 4 parallel chains...

Chain 4 finished in 48.6 seconds.
Chain 2 finished in 49.9 seconds.
Chain 3 finished in 53.3 seconds.
Chain 1 finished in 53.6 seconds.

All 4 chains finished successfully.
Mean chain execution time: 51.3 seconds.
Total execution time: 53.6 seconds.

Running MCMC with 4 parallel chains...

Chain 3 finished in 70.0 seconds.
Chain 2 finished in 73.2 seconds.
Chain 4 finished in 74.7 seconds.
Chain 1 finished in 78.9 seconds.

All 4 chains finished successfully.
Mean chain execution time: 74.2 seconds.
Total execution time: 79.0 seconds.

Running MCMC with 4 parallel chains...

Chain 3 finished in 318.4 seconds.
Chain 1 finished in 329.5 seconds.
Chain 2 finished in 330.6 seconds.
Chain 4 finished in 349.0 seconds.

All 4 chains finished successfully.
Mean chain execution time: 331.9 seconds.
Total execution time: 349.1 seconds.

Running MCMC with 4 parallel chains...

Chain 2 finished in 659.8 seconds.
Chain 3 finished in 732.5 seconds.
Chain 4 finished in 737.5 seconds.
Chain 1 finished in 741.6 seconds.

All 4 chains finished successfully.
Mean chain execution time: 717.8 seconds.
Total execution time: 741.7 seconds.

Running MCMC with 4 parallel chains...

Chain 1 finished in 68.5 seconds.
Chain 3 finished in 71.9 seconds.
Chain 2 finished in 80.4 seconds.
Chain 4 finished in 85.4 seconds.

All 4 chains finished successfully.
Mean chain execution time: 76.6 seconds.
Total execution time: 85.6 seconds.

Running MCMC with 4 parallel chains...

Chain 4 finished in 117.6 seconds.
Chain 3 finished in 121.7 seconds.
Chain 1 finished in 123.6 seconds.
Chain 2 finished in 140.7 seconds.

All 4 chains finished successfully.
Mean chain execution time: 125.9 seconds.
Total execution time: 140.8 seconds.

Running MCMC with 4 parallel chains...

Chain 3 finished in 15.2 seconds.
Chain 4 finished in 15.7 seconds.
Chain 2 finished in 17.7 seconds.
Chain 1 finished in 21.2 seconds.

All 4 chains finished successfully.
Mean chain execution time: 17.4 seconds.
Total execution time: 21.2 seconds.

Running MCMC with 4 parallel chains...

Chain 1 finished in 21.5 seconds.
Chain 4 finished in 25.9 seconds.
Chain 3 finished in 29.1 seconds.
Chain 2 finished in 29.3 seconds.

All 4 chains finished successfully.
Mean chain execution time: 26.5 seconds.
Total execution time: 29.4 seconds.

Running MCMC with 4 parallel chains...

Chain 3 finished in 60.6 seconds.
Chain 2 finished in 60.9 seconds.
Chain 4 finished in 68.6 seconds.
Chain 1 finished in 79.6 seconds.

All 4 chains finished successfully.
Mean chain execution time: 67.4 seconds.
Total execution time: 79.7 seconds.

Running MCMC with 4 parallel chains...

Chain 3 finished in 123.2 seconds.
Chain 4 finished in 136.8 seconds.
Chain 2 finished in 142.1 seconds.
Chain 1 finished in 142.8 seconds.

All 4 chains finished successfully.
Mean chain execution time: 136.2 seconds.
Total execution time: 142.9 seconds.

Running MCMC with 4 parallel chains...

Chain 2 finished in 78.4 seconds.
Chain 3 finished in 80.1 seconds.
Chain 1 finished in 80.5 seconds.
Chain 4 finished in 85.2 seconds.

All 4 chains finished successfully.
Mean chain execution time: 81.0 seconds.
Total execution time: 85.3 seconds.

Running MCMC with 4 parallel chains...

Chain 4 finished in 123.0 seconds.
Chain 3 finished in 141.1 seconds.
Chain 1 finished in 146.5 seconds.
Chain 2 finished in 155.9 seconds.

All 4 chains finished successfully.
Mean chain execution time: 141.6 seconds.
Total execution time: 156.0 seconds.

Running MCMC with 4 parallel chains...

Chain 4 finished in 244.0 seconds.
Chain 2 finished in 249.8 seconds.
Chain 1 finished in 260.3 seconds.
Chain 3 finished in 272.9 seconds.

All 4 chains finished successfully.
Mean chain execution time: 256.8 seconds.
Total execution time: 273.1 seconds.

Running MCMC with 4 parallel chains...

Chain 3 finished in 365.5 seconds.
Chain 1 finished in 373.3 seconds.
Chain 4 finished in 389.5 seconds.
Chain 2 finished in 395.3 seconds.

All 4 chains finished successfully.
Mean chain execution time: 380.9 seconds.
Total execution time: 395.6 seconds.

Running MCMC with 4 parallel chains...

Chain 3 finished in 79.1 seconds.
Chain 4 finished in 85.0 seconds.
Chain 1 finished in 86.0 seconds.
Chain 2 finished in 91.2 seconds.

All 4 chains finished successfully.
Mean chain execution time: 85.3 seconds.
Total execution time: 91.3 seconds.

Running MCMC with 4 parallel chains...

Chain 2 finished in 114.4 seconds.
Chain 1 finished in 114.5 seconds.
Chain 4 finished in 120.8 seconds.
Chain 3 finished in 126.5 seconds.

All 4 chains finished successfully.
Mean chain execution time: 119.0 seconds.
Total execution time: 126.6 seconds.

Running MCMC with 4 parallel chains...

Chain 1 finished in 17.2 seconds.
Chain 3 finished in 18.4 seconds.
Chain 4 finished in 18.9 seconds.
Chain 2 finished in 21.8 seconds.

All 4 chains finished successfully.
Mean chain execution time: 19.1 seconds.
Total execution time: 21.9 seconds.

Running MCMC with 4 parallel chains...

Chain 2 finished in 28.8 seconds.
Chain 3 finished in 28.8 seconds.
Chain 1 finished in 33.0 seconds.
Chain 4 finished in 34.2 seconds.

All 4 chains finished successfully.
Mean chain execution time: 31.2 seconds.
Total execution time: 34.4 seconds.

Running MCMC with 4 parallel chains...

Chain 3 finished in 79.0 seconds.
Chain 1 finished in 82.7 seconds.
Chain 2 finished in 83.3 seconds.
Chain 4 finished in 86.7 seconds.

All 4 chains finished successfully.
Mean chain execution time: 82.9 seconds.
Total execution time: 86.8 seconds.

Running MCMC with 4 parallel chains...

Chain 2 finished in 129.5 seconds.
Chain 3 finished in 143.3 seconds.
Chain 1 finished in 152.1 seconds.
Chain 4 finished in 178.7 seconds.

All 4 chains finished successfully.
Mean chain execution time: 150.9 seconds.
Total execution time: 178.9 seconds.

Running MCMC with 4 parallel chains...

Chain 3 finished in 50.6 seconds.
Chain 2 finished in 57.0 seconds.
Chain 4 finished in 62.8 seconds.
Chain 1 finished in 65.8 seconds.

All 4 chains finished successfully.
Mean chain execution time: 59.1 seconds.
Total execution time: 65.9 seconds.

Running MCMC with 4 parallel chains...

Chain 3 finished in 87.2 seconds.
Chain 1 finished in 90.6 seconds.
Chain 2 finished in 91.3 seconds.
Chain 4 finished in 91.7 seconds.

All 4 chains finished successfully.
Mean chain execution time: 90.2 seconds.
Total execution time: 91.9 seconds.

Running MCMC with 4 parallel chains...

Chain 3 finished in 280.2 seconds.
Chain 4 finished in 282.5 seconds.
Chain 2 finished in 311.9 seconds.
Chain 1 finished in 323.6 seconds.

All 4 chains finished successfully.
Mean chain execution time: 299.6 seconds.
Total execution time: 323.7 seconds.

Running MCMC with 4 parallel chains...

Chain 1 finished in 385.1 seconds.
Chain 2 finished in 399.8 seconds.
Chain 4 finished in 436.4 seconds.
Chain 3 finished in 477.6 seconds.

All 4 chains finished successfully.
Mean chain execution time: 424.7 seconds.
Total execution time: 477.8 seconds.

Running MCMC with 4 parallel chains...

Chain 1 finished in 82.1 seconds.
Chain 2 finished in 84.2 seconds.
Chain 4 finished in 85.6 seconds.
Chain 3 finished in 96.1 seconds.

All 4 chains finished successfully.
Mean chain execution time: 87.0 seconds.
Total execution time: 96.3 seconds.

Running MCMC with 4 parallel chains...

Chain 3 finished in 128.3 seconds.
Chain 2 finished in 130.0 seconds.
Chain 1 finished in 137.7 seconds.
Chain 4 finished in 143.8 seconds.

All 4 chains finished successfully.
Mean chain execution time: 134.9 seconds.
Total execution time: 144.0 seconds.

Running MCMC with 4 parallel chains...

Chain 4 finished in 16.3 seconds.
Chain 3 finished in 19.6 seconds.
Chain 1 finished in 19.8 seconds.
Chain 2 finished in 20.3 seconds.

All 4 chains finished successfully.
Mean chain execution time: 19.0 seconds.
Total execution time: 20.4 seconds.

Running MCMC with 4 parallel chains...

Chain 3 finished in 31.2 seconds.
Chain 4 finished in 33.3 seconds.
Chain 1 finished in 35.3 seconds.
Chain 2 finished in 40.2 seconds.

All 4 chains finished successfully.
Mean chain execution time: 35.0 seconds.
Total execution time: 40.4 seconds.

Running MCMC with 4 parallel chains...

Chain 3 finished in 84.5 seconds.
Chain 4 finished in 87.8 seconds.
Chain 2 finished in 93.6 seconds.
Chain 1 finished in 93.9 seconds.

All 4 chains finished successfully.
Mean chain execution time: 89.9 seconds.
Total execution time: 93.9 seconds.

Running MCMC with 4 parallel chains...

Chain 1 finished in 173.3 seconds.
Chain 3 finished in 189.7 seconds.
Chain 4 finished in 195.0 seconds.
Chain 2 finished in 205.2 seconds.

All 4 chains finished successfully.
Mean chain execution time: 190.8 seconds.
Total execution time: 205.4 seconds.

Running MCMC with 4 parallel chains...

Chain 1 finished in 47.8 seconds.
Chain 2 finished in 49.6 seconds.
Chain 3 finished in 49.7 seconds.
Chain 4 finished in 53.7 seconds.

All 4 chains finished successfully.
Mean chain execution time: 50.2 seconds.
Total execution time: 53.8 seconds.

Running MCMC with 4 parallel chains...

Chain 1 finished in 81.6 seconds.
Chain 4 finished in 84.5 seconds.
Chain 2 finished in 85.2 seconds.
Chain 3 finished in 94.5 seconds.

All 4 chains finished successfully.
Mean chain execution time: 86.4 seconds.
Total execution time: 94.6 seconds.

Running MCMC with 4 parallel chains...

Chain 4 finished in 327.9 seconds.
Chain 3 finished in 373.1 seconds.
Chain 1 finished in 387.2 seconds.
Chain 2 finished in 387.5 seconds.

All 4 chains finished successfully.
Mean chain execution time: 368.9 seconds.
Total execution time: 387.9 seconds.

Running MCMC with 4 parallel chains...

Chain 2 finished in 574.8 seconds.
Chain 1 finished in 599.0 seconds.
Chain 3 finished in 600.9 seconds.
Chain 4 finished in 630.9 seconds.

All 4 chains finished successfully.
Mean chain execution time: 601.4 seconds.
Total execution time: 631.1 seconds.

Running MCMC with 4 parallel chains...

Chain 4 finished in 74.8 seconds.
Chain 3 finished in 84.6 seconds.
Chain 2 finished in 92.7 seconds.
Chain 1 finished in 94.0 seconds.

All 4 chains finished successfully.
Mean chain execution time: 86.5 seconds.
Total execution time: 94.0 seconds.

Running MCMC with 4 parallel chains...

Chain 3 finished in 114.9 seconds.
Chain 1 finished in 116.2 seconds.
Chain 4 finished in 134.4 seconds.
Chain 2 finished in 141.4 seconds.

All 4 chains finished successfully.
Mean chain execution time: 126.7 seconds.
Total execution time: 141.5 seconds.

Running MCMC with 4 parallel chains...

Chain 4 finished in 12.8 seconds.
Chain 1 finished in 13.3 seconds.
Chain 3 finished in 14.1 seconds.
Chain 2 finished in 14.6 seconds.

All 4 chains finished successfully.
Mean chain execution time: 13.7 seconds.
Total execution time: 14.6 seconds.

Running MCMC with 4 parallel chains...

Chain 3 finished in 19.2 seconds.
Chain 4 finished in 20.2 seconds.
Chain 2 finished in 22.1 seconds.
Chain 1 finished in 24.4 seconds.

All 4 chains finished successfully.
Mean chain execution time: 21.5 seconds.
Total execution time: 24.5 seconds.

Running MCMC with 4 parallel chains...

Chain 4 finished in 60.4 seconds.
Chain 3 finished in 61.6 seconds.
Chain 2 finished in 65.8 seconds.
Chain 1 finished in 77.7 seconds.

All 4 chains finished successfully.
Mean chain execution time: 66.4 seconds.
Total execution time: 77.8 seconds.

Running MCMC with 4 parallel chains...

Chain 3 finished in 112.6 seconds.
Chain 2 finished in 120.1 seconds.
Chain 4 finished in 129.2 seconds.
Chain 1 finished in 130.4 seconds.

All 4 chains finished successfully.
Mean chain execution time: 123.0 seconds.
Total execution time: 130.4 seconds.

Running MCMC with 4 parallel chains...

Chain 2 finished in 36.8 seconds.
Chain 1 finished in 42.0 seconds.
Chain 3 finished in 42.1 seconds.
Chain 4 finished in 43.8 seconds.

All 4 chains finished successfully.
Mean chain execution time: 41.2 seconds.
Total execution time: 44.0 seconds.

Running MCMC with 4 parallel chains...

Chain 4 finished in 81.9 seconds.
Chain 2 finished in 89.6 seconds.
Chain 1 finished in 90.9 seconds.
Chain 3 finished in 94.8 seconds.

All 4 chains finished successfully.
Mean chain execution time: 89.3 seconds.
Total execution time: 95.0 seconds.

[2026-05-05 00:11:41] [INFO] - ✅ 完成: Outcome=I10_I15
