[2026-05-04 21:12:45] [INFO] - 项目根目录: /public/home/acf4pijnzl/WDP
[2026-05-04 21:12:45] [INFO] - 开始处理任务 12
[2026-05-04 21:12:45] [INFO] - 处理outcome: K71_K73_K74
[1] "EQI"          "EQI_Air"      "EQI_Water"    "EQI_Land"     "EQI_Built"   
[6] "EQI_Social"   "Smoking_Rate" "State_FIPS"  
Running MCMC with 4 parallel chains...

Chain 4 finished in 340.4 seconds.
Chain 1 finished in 344.4 seconds.
Chain 3 finished in 349.9 seconds.
Chain 2 finished in 353.2 seconds.

All 4 chains finished successfully.
Mean chain execution time: 347.0 seconds.
Total execution time: 353.4 seconds.

Running MCMC with 4 parallel chains...

Chain 2 finished in 472.9 seconds.
Chain 3 finished in 496.7 seconds.
Chain 1 finished in 525.3 seconds.
Chain 4 finished in 545.7 seconds.

All 4 chains finished successfully.
Mean chain execution time: 510.2 seconds.
Total execution time: 545.9 seconds.

Running MCMC with 4 parallel chains...

Chain 4 finished in 128.9 seconds.
Chain 1 finished in 132.4 seconds.
Chain 3 finished in 140.5 seconds.
Chain 2 finished in 147.1 seconds.

All 4 chains finished successfully.
Mean chain execution time: 137.2 seconds.
Total execution time: 147.2 seconds.

Running MCMC with 4 parallel chains...

Chain 3 finished in 201.4 seconds.
Chain 1 finished in 206.9 seconds.
Chain 4 finished in 211.6 seconds.
Chain 2 finished in 233.4 seconds.

All 4 chains finished successfully.
Mean chain execution time: 213.3 seconds.
Total execution time: 233.5 seconds.

Running MCMC with 4 parallel chains...

Chain 3 finished in 35.6 seconds.
Chain 4 finished in 38.2 seconds.
Chain 2 finished in 38.7 seconds.
Chain 1 finished in 39.2 seconds.

All 4 chains finished successfully.
Mean chain execution time: 37.9 seconds.
Total execution time: 39.3 seconds.

Running MCMC with 4 parallel chains...

Chain 4 finished in 67.0 seconds.
Chain 2 finished in 67.1 seconds.
Chain 3 finished in 68.5 seconds.
Chain 1 finished in 69.0 seconds.

All 4 chains finished successfully.
Mean chain execution time: 67.9 seconds.
Total execution time: 69.1 seconds.

Running MCMC with 4 parallel chains...

Chain 2 finished in 119.3 seconds.
Chain 3 finished in 122.7 seconds.
Chain 1 finished in 138.0 seconds.
Chain 4 finished in 142.2 seconds.

All 4 chains finished successfully.
Mean chain execution time: 130.5 seconds.
Total execution time: 142.3 seconds.

Running MCMC with 4 parallel chains...

Chain 2 finished in 171.8 seconds.
Chain 3 finished in 172.4 seconds.
Chain 4 finished in 175.9 seconds.
Chain 1 finished in 184.3 seconds.

All 4 chains finished successfully.
Mean chain execution time: 176.1 seconds.
Total execution time: 184.4 seconds.

Running MCMC with 4 parallel chains...

Chain 4 finished in 61.4 seconds.
Chain 3 finished in 63.6 seconds.
Chain 2 finished in 64.3 seconds.
Chain 1 finished in 64.6 seconds.

All 4 chains finished successfully.
Mean chain execution time: 63.4 seconds.
Total execution time: 64.7 seconds.

Running MCMC with 4 parallel chains...

Chain 2 finished in 87.2 seconds.
Chain 3 finished in 95.6 seconds.
Chain 1 finished in 95.8 seconds.
Chain 4 finished in 101.6 seconds.

All 4 chains finished successfully.
Mean chain execution time: 95.0 seconds.
Total execution time: 101.7 seconds.

Running MCMC with 4 parallel chains...

Chain 3 finished in 335.1 seconds.
Chain 1 finished in 338.1 seconds.
Chain 2 finished in 344.7 seconds.
Chain 4 finished in 362.8 seconds.

All 4 chains finished successfully.
Mean chain execution time: 345.2 seconds.
Total execution time: 362.9 seconds.

Running MCMC with 4 parallel chains...

Chain 2 finished in 440.3 seconds.
Chain 3 finished in 448.7 seconds.
Chain 4 finished in 477.0 seconds.
Chain 1 finished in 534.6 seconds.

All 4 chains finished successfully.
Mean chain execution time: 475.1 seconds.
Total execution time: 534.8 seconds.

Running MCMC with 4 parallel chains...

Chain 2 finished in 128.9 seconds.
Chain 4 finished in 131.9 seconds.
Chain 3 finished in 133.5 seconds.
Chain 1 finished in 133.7 seconds.

All 4 chains finished successfully.
Mean chain execution time: 132.0 seconds.
Total execution time: 133.8 seconds.

Running MCMC with 4 parallel chains...

Chain 4 finished in 195.0 seconds.
Chain 3 finished in 209.7 seconds.
Chain 2 finished in 220.9 seconds.
Chain 1 finished in 223.7 seconds.

All 4 chains finished successfully.
Mean chain execution time: 212.4 seconds.
Total execution time: 223.8 seconds.

Running MCMC with 4 parallel chains...

Chain 1 finished in 36.4 seconds.
Chain 3 finished in 36.4 seconds.
Chain 4 finished in 37.9 seconds.
Chain 2 finished in 38.2 seconds.

All 4 chains finished successfully.
Mean chain execution time: 37.2 seconds.
Total execution time: 38.3 seconds.

Running MCMC with 4 parallel chains...

Chain 3 finished in 63.0 seconds.
Chain 2 finished in 64.1 seconds.
Chain 4 finished in 64.6 seconds.
Chain 1 finished in 66.8 seconds.

All 4 chains finished successfully.
Mean chain execution time: 64.6 seconds.
Total execution time: 66.9 seconds.

Running MCMC with 4 parallel chains...

Chain 2 finished in 104.7 seconds.
Chain 3 finished in 106.6 seconds.
Chain 1 finished in 106.9 seconds.
Chain 4 finished in 109.7 seconds.

All 4 chains finished successfully.
Mean chain execution time: 107.0 seconds.
Total execution time: 109.8 seconds.

Running MCMC with 4 parallel chains...

Chain 4 finished in 143.6 seconds.
Chain 3 finished in 149.9 seconds.
Chain 1 finished in 151.4 seconds.
Chain 2 finished in 153.5 seconds.

All 4 chains finished successfully.
Mean chain execution time: 149.6 seconds.
Total execution time: 153.6 seconds.

Running MCMC with 4 parallel chains...

Chain 3 finished in 60.9 seconds.
Chain 1 finished in 63.6 seconds.
Chain 2 finished in 64.9 seconds.
Chain 4 finished in 68.5 seconds.

All 4 chains finished successfully.
Mean chain execution time: 64.5 seconds.
Total execution time: 68.6 seconds.

Running MCMC with 4 parallel chains...

Chain 1 finished in 79.5 seconds.
Chain 4 finished in 90.4 seconds.
Chain 3 finished in 92.2 seconds.
Chain 2 finished in 107.4 seconds.

All 4 chains finished successfully.
Mean chain execution time: 92.4 seconds.
Total execution time: 107.5 seconds.

Running MCMC with 4 parallel chains...

Chain 3 finished in 317.5 seconds.
Chain 2 finished in 326.7 seconds.
Chain 1 finished in 340.8 seconds.
Chain 4 finished in 364.3 seconds.

All 4 chains finished successfully.
Mean chain execution time: 337.3 seconds.
Total execution time: 364.5 seconds.

Running MCMC with 4 parallel chains...

Chain 3 finished in 440.5 seconds.
Chain 1 finished in 452.4 seconds.
Chain 2 finished in 460.0 seconds.
Chain 4 finished in 497.9 seconds.

All 4 chains finished successfully.
Mean chain execution time: 462.7 seconds.
Total execution time: 498.0 seconds.

Running MCMC with 4 parallel chains...

Chain 2 finished in 130.2 seconds.
Chain 3 finished in 131.2 seconds.
Chain 1 finished in 132.2 seconds.
Chain 4 finished in 148.7 seconds.

All 4 chains finished successfully.
Mean chain execution time: 135.6 seconds.
Total execution time: 148.9 seconds.

Running MCMC with 4 parallel chains...

Chain 1 finished in 209.6 seconds.
Chain 4 finished in 216.1 seconds.
Chain 3 finished in 217.7 seconds.
Chain 2 finished in 218.9 seconds.

All 4 chains finished successfully.
Mean chain execution time: 215.6 seconds.
Total execution time: 219.1 seconds.

Running MCMC with 4 parallel chains...

Chain 2 finished in 33.2 seconds.
Chain 4 finished in 33.5 seconds.
Chain 3 finished in 33.9 seconds.
Chain 1 finished in 36.6 seconds.

All 4 chains finished successfully.
Mean chain execution time: 34.3 seconds.
Total execution time: 36.7 seconds.

Running MCMC with 4 parallel chains...

Chain 4 finished in 63.7 seconds.
Chain 1 finished in 64.8 seconds.
Chain 2 finished in 65.5 seconds.
Chain 3 finished in 69.9 seconds.

All 4 chains finished successfully.
Mean chain execution time: 66.0 seconds.
Total execution time: 70.1 seconds.

Running MCMC with 4 parallel chains...

Chain 2 finished in 103.1 seconds.
Chain 1 finished in 104.3 seconds.
Chain 3 finished in 106.7 seconds.
Chain 4 finished in 115.2 seconds.

All 4 chains finished successfully.
Mean chain execution time: 107.3 seconds.
Total execution time: 115.4 seconds.

Running MCMC with 4 parallel chains...

Chain 4 finished in 134.5 seconds.
Chain 1 finished in 145.5 seconds.
Chain 2 finished in 159.6 seconds.
Chain 3 finished in 170.7 seconds.

All 4 chains finished successfully.
Mean chain execution time: 152.6 seconds.
Total execution time: 170.9 seconds.

Running MCMC with 4 parallel chains...

Chain 3 finished in 61.1 seconds.
Chain 2 finished in 63.2 seconds.
Chain 4 finished in 63.6 seconds.
Chain 1 finished in 64.8 seconds.

All 4 chains finished successfully.
Mean chain execution time: 63.2 seconds.
Total execution time: 64.8 seconds.

Running MCMC with 4 parallel chains...

Chain 2 finished in 78.5 seconds.
Chain 4 finished in 81.2 seconds.
Chain 1 finished in 82.3 seconds.
Chain 3 finished in 107.2 seconds.

All 4 chains finished successfully.
Mean chain execution time: 87.3 seconds.
Total execution time: 107.3 seconds.

Running MCMC with 4 parallel chains...

Chain 1 finished in 290.2 seconds.
Chain 2 finished in 299.0 seconds.
Chain 4 finished in 317.9 seconds.
Chain 3 finished in 324.6 seconds.

All 4 chains finished successfully.
Mean chain execution time: 307.9 seconds.
Total execution time: 324.8 seconds.

Running MCMC with 4 parallel chains...

Chain 2 finished in 368.7 seconds.
Chain 4 finished in 398.5 seconds.
Chain 3 finished in 436.3 seconds.
Chain 1 finished in 437.6 seconds.

All 4 chains finished successfully.
Mean chain execution time: 410.3 seconds.
Total execution time: 437.7 seconds.

Running MCMC with 4 parallel chains...

Chain 3 finished in 111.1 seconds.
Chain 1 finished in 111.6 seconds.
Chain 2 finished in 119.2 seconds.
Chain 4 finished in 124.4 seconds.

All 4 chains finished successfully.
Mean chain execution time: 116.6 seconds.
Total execution time: 124.5 seconds.

Running MCMC with 4 parallel chains...

Chain 1 finished in 165.8 seconds.
Chain 3 finished in 193.4 seconds.
Chain 4 finished in 197.7 seconds.
Chain 2 finished in 199.6 seconds.

All 4 chains finished successfully.
Mean chain execution time: 189.1 seconds.
Total execution time: 199.7 seconds.

Running MCMC with 4 parallel chains...

Chain 2 finished in 30.6 seconds.
Chain 1 finished in 30.8 seconds.
Chain 4 finished in 31.3 seconds.
Chain 3 finished in 31.5 seconds.

All 4 chains finished successfully.
Mean chain execution time: 31.0 seconds.
Total execution time: 31.6 seconds.

Running MCMC with 4 parallel chains...

Chain 4 finished in 50.4 seconds.
Chain 2 finished in 52.7 seconds.
Chain 3 finished in 53.5 seconds.
Chain 1 finished in 54.7 seconds.

All 4 chains finished successfully.
Mean chain execution time: 52.8 seconds.
Total execution time: 54.8 seconds.

Running MCMC with 4 parallel chains...

Chain 1 finished in 92.1 seconds.
Chain 4 finished in 95.3 seconds.
Chain 2 finished in 95.8 seconds.
Chain 3 finished in 96.0 seconds.

All 4 chains finished successfully.
Mean chain execution time: 94.8 seconds.
Total execution time: 96.1 seconds.

Running MCMC with 4 parallel chains...

Chain 4 finished in 120.6 seconds.
Chain 1 finished in 139.4 seconds.
Chain 2 finished in 142.0 seconds.
Chain 3 finished in 145.4 seconds.

All 4 chains finished successfully.
Mean chain execution time: 136.9 seconds.
Total execution time: 145.5 seconds.

Running MCMC with 4 parallel chains...

Chain 3 finished in 53.1 seconds.
Chain 2 finished in 54.4 seconds.
Chain 4 finished in 54.5 seconds.
Chain 1 finished in 56.7 seconds.

All 4 chains finished successfully.
Mean chain execution time: 54.7 seconds.
Total execution time: 56.8 seconds.

Running MCMC with 4 parallel chains...

Chain 4 finished in 69.3 seconds.
Chain 1 finished in 72.6 seconds.
Chain 2 finished in 75.5 seconds.
Chain 3 finished in 84.2 seconds.

All 4 chains finished successfully.
Mean chain execution time: 75.4 seconds.
Total execution time: 84.4 seconds.

Running MCMC with 4 parallel chains...

Chain 1 finished in 371.5 seconds.
Chain 3 finished in 424.6 seconds.
Chain 2 finished in 432.4 seconds.
Chain 4 finished in 475.3 seconds.

All 4 chains finished successfully.
Mean chain execution time: 426.0 seconds.
Total execution time: 475.4 seconds.

Running MCMC with 4 parallel chains...

Chain 4 finished in 403.3 seconds.
Chain 1 finished in 412.1 seconds.
Chain 3 finished in 427.8 seconds.
Chain 2 finished in 435.0 seconds.

All 4 chains finished successfully.
Mean chain execution time: 419.5 seconds.
Total execution time: 435.1 seconds.

Running MCMC with 4 parallel chains...

Chain 1 finished in 127.6 seconds.
Chain 3 finished in 128.0 seconds.
Chain 4 finished in 128.1 seconds.
Chain 2 finished in 131.9 seconds.

All 4 chains finished successfully.
Mean chain execution time: 128.9 seconds.
Total execution time: 132.1 seconds.

Running MCMC with 4 parallel chains...

Chain 4 finished in 156.1 seconds.
Chain 2 finished in 156.3 seconds.
Chain 1 finished in 159.6 seconds.
Chain 3 finished in 177.5 seconds.

All 4 chains finished successfully.
Mean chain execution time: 162.4 seconds.
Total execution time: 177.7 seconds.

Running MCMC with 4 parallel chains...

Chain 3 finished in 31.6 seconds.
Chain 4 finished in 31.6 seconds.
Chain 2 finished in 32.0 seconds.
Chain 1 finished in 35.1 seconds.

All 4 chains finished successfully.
Mean chain execution time: 32.6 seconds.
Total execution time: 35.2 seconds.

Running MCMC with 4 parallel chains...

Chain 1 finished in 40.8 seconds.
Chain 2 finished in 42.2 seconds.
Chain 3 finished in 43.4 seconds.
Chain 4 finished in 57.7 seconds.

All 4 chains finished successfully.
Mean chain execution time: 46.0 seconds.
Total execution time: 57.9 seconds.

Running MCMC with 4 parallel chains...

Chain 3 finished in 97.3 seconds.
Chain 2 finished in 98.2 seconds.
Chain 4 finished in 101.2 seconds.
Chain 1 finished in 103.9 seconds.

All 4 chains finished successfully.
Mean chain execution time: 100.2 seconds.
Total execution time: 104.0 seconds.

Running MCMC with 4 parallel chains...

Chain 1 finished in 131.5 seconds.
Chain 3 finished in 134.0 seconds.
Chain 2 finished in 154.4 seconds.
Chain 4 finished in 164.5 seconds.

All 4 chains finished successfully.
Mean chain execution time: 146.1 seconds.
Total execution time: 164.7 seconds.

Running MCMC with 4 parallel chains...

Chain 3 finished in 55.0 seconds.
Chain 4 finished in 55.9 seconds.
Chain 2 finished in 57.6 seconds.
Chain 1 finished in 57.8 seconds.

All 4 chains finished successfully.
Mean chain execution time: 56.6 seconds.
Total execution time: 57.9 seconds.

Running MCMC with 4 parallel chains...

Chain 4 finished in 74.2 seconds.
Chain 3 finished in 75.2 seconds.
Chain 1 finished in 85.8 seconds.
Chain 2 finished in 87.4 seconds.

All 4 chains finished successfully.
Mean chain execution time: 80.7 seconds.
Total execution time: 87.5 seconds.

Running MCMC with 4 parallel chains...

Chain 2 finished in 319.5 seconds.
Chain 3 finished in 331.1 seconds.
Chain 4 finished in 334.6 seconds.
Chain 1 finished in 349.7 seconds.

All 4 chains finished successfully.
Mean chain execution time: 333.7 seconds.
Total execution time: 349.8 seconds.

Running MCMC with 4 parallel chains...

Chain 3 finished in 453.4 seconds.
Chain 1 finished in 491.3 seconds.
Chain 2 finished in 512.2 seconds.
Chain 4 finished in 518.3 seconds.

All 4 chains finished successfully.
Mean chain execution time: 493.8 seconds.
Total execution time: 518.4 seconds.

Running MCMC with 4 parallel chains...

Chain 4 finished in 121.3 seconds.
Chain 1 finished in 130.9 seconds.
Chain 3 finished in 131.1 seconds.
Chain 2 finished in 131.9 seconds.

All 4 chains finished successfully.
Mean chain execution time: 128.8 seconds.
Total execution time: 132.0 seconds.

Running MCMC with 4 parallel chains...

Chain 4 finished in 153.9 seconds.
Chain 3 finished in 160.7 seconds.
Chain 1 finished in 167.1 seconds.
Chain 2 finished in 197.8 seconds.

All 4 chains finished successfully.
Mean chain execution time: 169.9 seconds.
Total execution time: 197.9 seconds.

Running MCMC with 4 parallel chains...

Chain 4 finished in 29.1 seconds.
Chain 2 finished in 29.2 seconds.
Chain 3 finished in 30.2 seconds.
Chain 1 finished in 30.3 seconds.

All 4 chains finished successfully.
Mean chain execution time: 29.7 seconds.
Total execution time: 30.4 seconds.

Running MCMC with 4 parallel chains...

Chain 2 finished in 41.5 seconds.
Chain 4 finished in 43.2 seconds.
Chain 1 finished in 44.1 seconds.
Chain 3 finished in 44.2 seconds.

All 4 chains finished successfully.
Mean chain execution time: 43.3 seconds.
Total execution time: 44.4 seconds.

Running MCMC with 4 parallel chains...

Chain 3 finished in 96.6 seconds.
Chain 4 finished in 99.2 seconds.
Chain 2 finished in 101.8 seconds.
Chain 1 finished in 108.0 seconds.

All 4 chains finished successfully.
Mean chain execution time: 101.4 seconds.
Total execution time: 108.1 seconds.

Running MCMC with 4 parallel chains...

Chain 3 finished in 133.2 seconds.
Chain 1 finished in 140.2 seconds.
Chain 2 finished in 145.5 seconds.
Chain 4 finished in 162.8 seconds.

All 4 chains finished successfully.
Mean chain execution time: 145.4 seconds.
Total execution time: 163.0 seconds.

Running MCMC with 4 parallel chains...

Chain 3 finished in 56.1 seconds.
Chain 1 finished in 57.2 seconds.
Chain 2 finished in 58.3 seconds.
Chain 4 finished in 58.3 seconds.

All 4 chains finished successfully.
Mean chain execution time: 57.5 seconds.
Total execution time: 58.4 seconds.

Running MCMC with 4 parallel chains...

Chain 3 finished in 71.2 seconds.
Chain 1 finished in 72.9 seconds.
Chain 2 finished in 74.4 seconds.
Chain 4 finished in 94.4 seconds.

All 4 chains finished successfully.
Mean chain execution time: 78.2 seconds.
Total execution time: 94.6 seconds.

Running MCMC with 4 parallel chains...

Chain 1 finished in 263.1 seconds.
Chain 4 finished in 279.6 seconds.
Chain 3 finished in 292.0 seconds.
Chain 2 finished in 298.0 seconds.

All 4 chains finished successfully.
Mean chain execution time: 283.2 seconds.
Total execution time: 298.2 seconds.

Running MCMC with 4 parallel chains...

Chain 1 finished in 349.2 seconds.
Chain 3 finished in 357.6 seconds.
Chain 4 finished in 358.4 seconds.
Chain 2 finished in 371.2 seconds.

All 4 chains finished successfully.
Mean chain execution time: 359.1 seconds.
Total execution time: 371.3 seconds.

Running MCMC with 4 parallel chains...

Chain 2 finished in 109.2 seconds.
Chain 3 finished in 111.9 seconds.
Chain 4 finished in 113.3 seconds.
Chain 1 finished in 117.9 seconds.

All 4 chains finished successfully.
Mean chain execution time: 113.1 seconds.
Total execution time: 118.0 seconds.

Running MCMC with 4 parallel chains...

Chain 2 finished in 140.4 seconds.
Chain 4 finished in 144.2 seconds.
Chain 1 finished in 151.2 seconds.
Chain 3 finished in 156.4 seconds.

All 4 chains finished successfully.
Mean chain execution time: 148.1 seconds.
Total execution time: 156.6 seconds.

Running MCMC with 4 parallel chains...

Chain 4 finished in 25.8 seconds.
Chain 1 finished in 26.3 seconds.
Chain 2 finished in 27.0 seconds.
Chain 3 finished in 33.5 seconds.

All 4 chains finished successfully.
Mean chain execution time: 28.1 seconds.
Total execution time: 33.6 seconds.

Running MCMC with 4 parallel chains...

Chain 4 finished in 38.1 seconds.
Chain 3 finished in 39.9 seconds.
Chain 1 finished in 45.2 seconds.
Chain 2 finished in 45.1 seconds.

All 4 chains finished successfully.
Mean chain execution time: 42.1 seconds.
Total execution time: 45.2 seconds.

Running MCMC with 4 parallel chains...

Chain 4 finished in 86.4 seconds.
Chain 2 finished in 88.3 seconds.
Chain 3 finished in 96.9 seconds.
Chain 1 finished in 104.8 seconds.

All 4 chains finished successfully.
Mean chain execution time: 94.1 seconds.
Total execution time: 105.0 seconds.

Running MCMC with 4 parallel chains...

Chain 3 finished in 120.5 seconds.
Chain 4 finished in 122.2 seconds.
Chain 1 finished in 124.8 seconds.
Chain 2 finished in 136.7 seconds.

All 4 chains finished successfully.
Mean chain execution time: 126.1 seconds.
Total execution time: 136.8 seconds.

Running MCMC with 4 parallel chains...

Chain 4 finished in 47.5 seconds.
Chain 2 finished in 48.4 seconds.
Chain 1 finished in 49.7 seconds.
Chain 3 finished in 55.1 seconds.

All 4 chains finished successfully.
Mean chain execution time: 50.2 seconds.
Total execution time: 55.2 seconds.

Running MCMC with 4 parallel chains...

Chain 1 finished in 60.5 seconds.
Chain 2 finished in 62.3 seconds.
Chain 3 finished in 65.3 seconds.
Chain 4 finished in 74.8 seconds.

All 4 chains finished successfully.
Mean chain execution time: 65.7 seconds.
Total execution time: 75.0 seconds.

[2026-05-05 00:34:02] [INFO] - ✅ 完成: Outcome=K71_K73_K74
