[2026-04-02 12:17:28] [INFO] - 项目根目录: /public/home/acf4pijnzl/WDP
[2026-04-02 12:17:28] [INFO] - 开始处理任务 4
[2026-04-02 12:17:28] [INFO] - 处理癌症类型: C34
[1] "EQI"          "EQI_Air"      "EQI_Water"    "EQI_Land"     "EQI_Built"   
[6] "EQI_Social"   "Smoking_Rate" "State_FIPS"  
Running MCMC with 4 parallel chains...

Chain 3 finished in 319.0 seconds.
Chain 4 finished in 321.4 seconds.
Chain 2 finished in 338.9 seconds.
Chain 1 finished in 353.3 seconds.

All 4 chains finished successfully.
Mean chain execution time: 333.1 seconds.
Total execution time: 353.6 seconds.

Running MCMC with 4 parallel chains...

Chain 1 finished in 258.2 seconds.
Chain 2 finished in 269.5 seconds.
Chain 4 finished in 270.0 seconds.
Chain 3 finished in 279.1 seconds.

All 4 chains finished successfully.
Mean chain execution time: 269.2 seconds.
Total execution time: 279.3 seconds.

Running MCMC with 4 parallel chains...

Chain 1 finished in 288.2 seconds.
Chain 3 finished in 291.0 seconds.
Chain 4 finished in 310.4 seconds.
Chain 2 finished in 313.8 seconds.

All 4 chains finished successfully.
Mean chain execution time: 300.8 seconds.
Total execution time: 313.9 seconds.

[2026-04-02 12:34:17] [INFO] - ✅ 完成: Cancer=C34
[2026-04-02 12:34:17] [INFO] - 输出目录: Result/brms_MRR_lag/
