[2025-10-12 14:36:36] [INFO] - 项目根目录: /public/home/acf4pijnzl/WDP
[2025-10-12 14:36:37] [INFO] - 任务ID=3  分层=race  值=Asian or Pacific Islander  CPU=16
[1] "EQI"          "EQI_Air"      "EQI_Water"    "EQI_Land"     "EQI_Built"   
[6] "EQI_Social"   "Smoking_Rate" "State_FIPS"  
Running MCMC with 4 parallel chains...

Chain 1 finished in 331.4 seconds.
Chain 3 finished in 364.5 seconds.
Chain 2 finished in 381.4 seconds.
Chain 4 finished in 393.6 seconds.

All 4 chains finished successfully.
Mean chain execution time: 367.7 seconds.
Total execution time: 393.8 seconds.

Running MCMC with 4 parallel chains...

Chain 4 finished in 613.0 seconds.
Chain 2 finished in 613.6 seconds.
Chain 3 finished in 623.6 seconds.
Chain 1 finished in 635.8 seconds.

All 4 chains finished successfully.
Mean chain execution time: 621.5 seconds.
Total execution time: 635.9 seconds.

Running MCMC with 4 parallel chains...

Chain 3 finished in 107.7 seconds.
Chain 2 finished in 111.0 seconds.
Chain 1 finished in 118.7 seconds.
Chain 4 finished in 139.7 seconds.

All 4 chains finished successfully.
Mean chain execution time: 119.3 seconds.
Total execution time: 139.9 seconds.

Running MCMC with 4 parallel chains...

Chain 2 finished in 206.8 seconds.
Chain 3 finished in 212.6 seconds.
Chain 1 finished in 223.5 seconds.
Chain 4 finished in 236.5 seconds.

All 4 chains finished successfully.
Mean chain execution time: 219.9 seconds.
Total execution time: 236.7 seconds.

Running MCMC with 4 parallel chains...

Chain 4 finished in 7.3 seconds.
Chain 2 finished in 7.3 seconds.
Chain 1 finished in 7.9 seconds.
Chain 3 finished in 8.0 seconds.

All 4 chains finished successfully.
Mean chain execution time: 7.6 seconds.
Total execution time: 8.1 seconds.

Running MCMC with 4 parallel chains...

Chain 1 finished in 13.3 seconds.
Chain 3 finished in 13.6 seconds.
Chain 4 finished in 13.9 seconds.
Chain 2 finished in 16.9 seconds.

All 4 chains finished successfully.
Mean chain execution time: 14.4 seconds.
Total execution time: 16.9 seconds.

Running MCMC with 4 parallel chains...

Chain 3 finished in 23.1 seconds.
Chain 1 finished in 24.5 seconds.
Chain 2 finished in 24.8 seconds.
Chain 4 finished in 25.1 seconds.

All 4 chains finished successfully.
Mean chain execution time: 24.4 seconds.
Total execution time: 25.2 seconds.

Running MCMC with 4 parallel chains...

Chain 3 finished in 54.1 seconds.
Chain 2 finished in 56.2 seconds.
Chain 4 finished in 57.5 seconds.
Chain 1 finished in 63.7 seconds.

All 4 chains finished successfully.
Mean chain execution time: 57.9 seconds.
Total execution time: 63.9 seconds.

Running MCMC with 4 parallel chains...

Chain 3 finished in 925.4 seconds.
Chain 2 finished in 953.3 seconds.
Chain 4 finished in 966.6 seconds.
Chain 1 finished in 972.3 seconds.

All 4 chains finished successfully.
Mean chain execution time: 954.4 seconds.
Total execution time: 972.3 seconds.

Running MCMC with 4 parallel chains...

Chain 3 finished in 1163.2 seconds.
Chain 2 finished in 1218.2 seconds.
Chain 1 finished in 1266.4 seconds.
Chain 4 finished in 1269.4 seconds.

All 4 chains finished successfully.
Mean chain execution time: 1229.3 seconds.
Total execution time: 1269.5 seconds.

Running MCMC with 4 parallel chains...

Chain 1 finished in 266.1 seconds.
Chain 3 finished in 325.0 seconds.
Chain 4 finished in 346.2 seconds.
Chain 2 finished in 396.0 seconds.

All 4 chains finished successfully.
Mean chain execution time: 333.3 seconds.
Total execution time: 396.1 seconds.

Running MCMC with 4 parallel chains...

Chain 4 finished in 570.9 seconds.
Chain 2 finished in 588.2 seconds.
Chain 1 finished in 649.8 seconds.
Chain 3 finished in 673.5 seconds.

All 4 chains finished successfully.
Mean chain execution time: 620.6 seconds.
Total execution time: 673.6 seconds.

Running MCMC with 4 parallel chains...

Chain 2 finished in 64.5 seconds.
Chain 1 finished in 68.4 seconds.
Chain 3 finished in 69.8 seconds.
Chain 4 finished in 87.9 seconds.

All 4 chains finished successfully.
Mean chain execution time: 72.6 seconds.
Total execution time: 88.0 seconds.

Running MCMC with 4 parallel chains...

Chain 4 finished in 79.6 seconds.
Chain 3 finished in 87.4 seconds.
Chain 1 finished in 89.8 seconds.
Chain 2 finished in 94.2 seconds.

All 4 chains finished successfully.
Mean chain execution time: 87.7 seconds.
Total execution time: 94.3 seconds.

Running MCMC with 4 parallel chains...

Chain 4 finished in 7.7 seconds.
Chain 3 finished in 7.9 seconds.
Chain 1 finished in 8.1 seconds.
Chain 2 finished in 8.1 seconds.

All 4 chains finished successfully.
Mean chain execution time: 8.0 seconds.
Total execution time: 8.2 seconds.

Running MCMC with 4 parallel chains...

Chain 3 finished in 14.2 seconds.
Chain 1 finished in 14.3 seconds.
Chain 4 finished in 15.7 seconds.
Chain 2 finished in 16.4 seconds.

All 4 chains finished successfully.
Mean chain execution time: 15.1 seconds.
Total execution time: 16.4 seconds.

Running MCMC with 4 parallel chains...

Chain 1 finished in 23.6 seconds.
Chain 3 finished in 25.3 seconds.
Chain 4 finished in 26.0 seconds.
Chain 2 finished in 27.1 seconds.

All 4 chains finished successfully.
Mean chain execution time: 25.5 seconds.
Total execution time: 27.2 seconds.

Running MCMC with 4 parallel chains...

Chain 3 finished in 56.9 seconds.
Chain 2 finished in 59.6 seconds.
Chain 1 finished in 65.0 seconds.
Chain 4 finished in 65.1 seconds.

All 4 chains finished successfully.
Mean chain execution time: 61.7 seconds.
Total execution time: 65.2 seconds.

Running MCMC with 4 parallel chains...

Chain 2 finished in 26.2 seconds.
Chain 1 finished in 27.3 seconds.
Chain 3 finished in 27.6 seconds.
Chain 4 finished in 30.3 seconds.

All 4 chains finished successfully.
Mean chain execution time: 27.9 seconds.
Total execution time: 30.4 seconds.

Running MCMC with 4 parallel chains...

Chain 4 finished in 66.0 seconds.
Chain 2 finished in 72.4 seconds.
Chain 1 finished in 83.7 seconds.
Chain 3 finished in 83.7 seconds.

All 4 chains finished successfully.
Mean chain execution time: 76.5 seconds.
Total execution time: 83.8 seconds.

Running MCMC with 4 parallel chains...

Chain 1 finished in 279.5 seconds.
Chain 2 finished in 301.1 seconds.
Chain 4 finished in 302.7 seconds.
Chain 3 finished in 353.1 seconds.

All 4 chains finished successfully.
Mean chain execution time: 309.1 seconds.
Total execution time: 353.2 seconds.

Running MCMC with 4 parallel chains...

Chain 2 finished in 606.7 seconds.
Chain 3 finished in 611.5 seconds.
Chain 4 finished in 621.8 seconds.
Chain 1 finished in 642.6 seconds.

All 4 chains finished successfully.
Mean chain execution time: 620.6 seconds.
Total execution time: 642.7 seconds.

Running MCMC with 4 parallel chains...

Chain 1 finished in 83.1 seconds.
Chain 2 finished in 96.1 seconds.
Chain 3 finished in 112.1 seconds.
Chain 4 finished in 119.2 seconds.

All 4 chains finished successfully.
Mean chain execution time: 102.6 seconds.
Total execution time: 119.4 seconds.

Running MCMC with 4 parallel chains...

Chain 1 finished in 113.2 seconds.
Chain 2 finished in 130.8 seconds.
Chain 4 finished in 140.1 seconds.
Chain 3 finished in 170.4 seconds.

All 4 chains finished successfully.
Mean chain execution time: 138.7 seconds.
Total execution time: 170.5 seconds.

Running MCMC with 4 parallel chains...

Chain 1 finished in 7.0 seconds.
Chain 4 finished in 6.9 seconds.
Chain 2 finished in 7.6 seconds.
Chain 3 finished in 7.6 seconds.

All 4 chains finished successfully.
Mean chain execution time: 7.3 seconds.
Total execution time: 7.7 seconds.

Running MCMC with 4 parallel chains...

Chain 1 finished in 12.4 seconds.
Chain 3 finished in 12.8 seconds.
Chain 4 finished in 14.0 seconds.
Chain 2 finished in 14.6 seconds.

All 4 chains finished successfully.
Mean chain execution time: 13.4 seconds.
Total execution time: 14.7 seconds.

Running MCMC with 4 parallel chains...

Chain 1 finished in 21.7 seconds.
Chain 3 finished in 23.9 seconds.
Chain 4 finished in 24.7 seconds.
Chain 2 finished in 26.9 seconds.

All 4 chains finished successfully.
Mean chain execution time: 24.3 seconds.
Total execution time: 27.0 seconds.

Running MCMC with 4 parallel chains...

Chain 3 finished in 55.8 seconds.
Chain 2 finished in 58.5 seconds.
Chain 4 finished in 59.4 seconds.
Chain 1 finished in 63.2 seconds.

All 4 chains finished successfully.
Mean chain execution time: 59.3 seconds.
Total execution time: 63.3 seconds.

Running MCMC with 4 parallel chains...

Chain 2 finished in 25.6 seconds.
Chain 3 finished in 31.1 seconds.
Chain 1 finished in 31.2 seconds.
Chain 4 finished in 39.9 seconds.

All 4 chains finished successfully.
Mean chain execution time: 31.9 seconds.
Total execution time: 40.0 seconds.

Running MCMC with 4 parallel chains...

Chain 4 finished in 35.8 seconds.
Chain 1 finished in 37.1 seconds.
Chain 2 finished in 41.7 seconds.
Chain 3 finished in 41.8 seconds.

All 4 chains finished successfully.
Mean chain execution time: 39.1 seconds.
Total execution time: 41.9 seconds.

Running MCMC with 4 parallel chains...

Chain 1 finished in 128.3 seconds.
Chain 3 finished in 131.2 seconds.
Chain 2 finished in 160.9 seconds.
Chain 4 finished in 162.6 seconds.

All 4 chains finished successfully.
Mean chain execution time: 145.7 seconds.
Total execution time: 162.8 seconds.

Running MCMC with 4 parallel chains...

Chain 2 finished in 403.2 seconds.
Chain 4 finished in 416.0 seconds.
Chain 1 finished in 437.6 seconds.
Chain 3 finished in 471.4 seconds.

All 4 chains finished successfully.
Mean chain execution time: 432.1 seconds.
Total execution time: 471.5 seconds.

Running MCMC with 4 parallel chains...

Chain 3 finished in 52.4 seconds.
Chain 1 finished in 68.7 seconds.
Chain 4 finished in 71.3 seconds.
Chain 2 finished in 73.8 seconds.

All 4 chains finished successfully.
Mean chain execution time: 66.5 seconds.
Total execution time: 73.9 seconds.

Running MCMC with 4 parallel chains...

Chain 4 finished in 93.6 seconds.
Chain 1 finished in 100.1 seconds.
Chain 3 finished in 115.5 seconds.
Chain 2 finished in 124.6 seconds.

All 4 chains finished successfully.
Mean chain execution time: 108.5 seconds.
Total execution time: 124.7 seconds.

Running MCMC with 4 parallel chains...

Chain 1 finished in 7.5 seconds.
Chain 2 finished in 8.0 seconds.
Chain 4 finished in 8.6 seconds.
Chain 3 finished in 8.7 seconds.

All 4 chains finished successfully.
Mean chain execution time: 8.2 seconds.
Total execution time: 8.8 seconds.

Running MCMC with 4 parallel chains...

Chain 2 finished in 13.9 seconds.
Chain 4 finished in 13.9 seconds.
Chain 3 finished in 13.9 seconds.
Chain 1 finished in 14.1 seconds.

All 4 chains finished successfully.
Mean chain execution time: 14.0 seconds.
Total execution time: 14.2 seconds.

Running MCMC with 4 parallel chains...

Chain 3 finished in 32.6 seconds.
Chain 4 finished in 37.2 seconds.
Chain 1 finished in 41.2 seconds.
Chain 2 finished in 46.3 seconds.

All 4 chains finished successfully.
Mean chain execution time: 39.3 seconds.
Total execution time: 46.4 seconds.

Running MCMC with 4 parallel chains...

Chain 1 finished in 57.8 seconds.
Chain 2 finished in 59.3 seconds.
Chain 3 finished in 65.9 seconds.
Chain 4 finished in 71.0 seconds.

All 4 chains finished successfully.
Mean chain execution time: 63.5 seconds.
Total execution time: 71.1 seconds.

Running MCMC with 4 parallel chains...

Chain 1 finished in 35.4 seconds.
Chain 4 finished in 48.8 seconds.
Chain 3 finished in 54.3 seconds.
Chain 2 finished in 57.6 seconds.

All 4 chains finished successfully.
Mean chain execution time: 49.0 seconds.
Total execution time: 57.7 seconds.

Running MCMC with 4 parallel chains...

Chain 3 finished in 90.3 seconds.
Chain 2 finished in 101.1 seconds.
Chain 1 finished in 101.4 seconds.
Chain 4 finished in 102.0 seconds.

All 4 chains finished successfully.
Mean chain execution time: 98.7 seconds.
Total execution time: 102.2 seconds.

[2025-10-12 16:49:38] [INFO] - ✅ 完成: race=Asian or Pacific Islander
