[2025-10-09 23:50:58] [INFO] - 项目根目录: /public/home/acf4pijnzl/WDP
[2025-10-09 23:50:58] [INFO] - 任务ID=2  疾病=C18_C21  CPU=16
[1] "EQI"          "EQI_Air"      "EQI_Water"    "EQI_Land"     "EQI_Built"   
[6] "EQI_Social"   "Smoking_Rate" "State_FIPS"  
Running MCMC with 4 parallel chains...

Chain 4 finished in 308.2 seconds.
Chain 2 finished in 313.3 seconds.
Chain 1 finished in 323.0 seconds.
Chain 3 finished in 336.1 seconds.

All 4 chains finished successfully.
Mean chain execution time: 320.1 seconds.
Total execution time: 336.2 seconds.

Running MCMC with 4 parallel chains...

Chain 2 finished in 415.8 seconds.
Chain 4 finished in 421.0 seconds.
Chain 3 finished in 426.0 seconds.
Chain 1 finished in 432.5 seconds.

All 4 chains finished successfully.
Mean chain execution time: 423.8 seconds.
Total execution time: 432.6 seconds.

Running MCMC with 4 parallel chains...

Chain 2 finished in 115.8 seconds.
Chain 4 finished in 117.8 seconds.
Chain 3 finished in 119.9 seconds.
Chain 1 finished in 123.1 seconds.

All 4 chains finished successfully.
Mean chain execution time: 119.1 seconds.
Total execution time: 123.3 seconds.

Running MCMC with 4 parallel chains...

Chain 3 finished in 171.9 seconds.
Chain 4 finished in 177.8 seconds.
Chain 1 finished in 184.2 seconds.
Chain 2 finished in 196.0 seconds.

All 4 chains finished successfully.
Mean chain execution time: 182.5 seconds.
Total execution time: 196.1 seconds.

Running MCMC with 4 parallel chains...

Chain 3 finished in 35.8 seconds.
Chain 1 finished in 36.9 seconds.
Chain 2 finished in 37.3 seconds.
Chain 4 finished in 42.3 seconds.

All 4 chains finished successfully.
Mean chain execution time: 38.0 seconds.
Total execution time: 42.4 seconds.

Running MCMC with 4 parallel chains...

Chain 4 finished in 55.2 seconds.
Chain 1 finished in 63.3 seconds.
Chain 2 finished in 63.7 seconds.
Chain 3 finished in 66.4 seconds.

All 4 chains finished successfully.
Mean chain execution time: 62.1 seconds.
Total execution time: 66.6 seconds.

Running MCMC with 4 parallel chains...

Chain 4 finished in 105.7 seconds.
Chain 1 finished in 109.8 seconds.
Chain 3 finished in 110.6 seconds.
Chain 2 finished in 112.3 seconds.

All 4 chains finished successfully.
Mean chain execution time: 109.6 seconds.
Total execution time: 112.4 seconds.

Running MCMC with 4 parallel chains...

Chain 1 finished in 131.5 seconds.
Chain 2 finished in 134.0 seconds.
Chain 3 finished in 135.7 seconds.
Chain 4 finished in 151.7 seconds.

All 4 chains finished successfully.
Mean chain execution time: 138.2 seconds.
Total execution time: 151.8 seconds.

Running MCMC with 4 parallel chains...

Chain 2 finished in 37.5 seconds.
Chain 3 finished in 38.3 seconds.
Chain 1 finished in 39.1 seconds.
Chain 4 finished in 42.9 seconds.

All 4 chains finished successfully.
Mean chain execution time: 39.5 seconds.
Total execution time: 43.0 seconds.

Running MCMC with 4 parallel chains...

Chain 1 finished in 56.4 seconds.
Chain 4 finished in 59.8 seconds.
Chain 2 finished in 60.1 seconds.
Chain 3 finished in 62.3 seconds.

All 4 chains finished successfully.
Mean chain execution time: 59.7 seconds.
Total execution time: 62.3 seconds.

Running MCMC with 4 parallel chains...

Chain 3 finished in 296.9 seconds.
Chain 2 finished in 318.8 seconds.
Chain 4 finished in 331.6 seconds.
Chain 1 finished in 333.6 seconds.

All 4 chains finished successfully.
Mean chain execution time: 320.2 seconds.
Total execution time: 333.7 seconds.

Running MCMC with 4 parallel chains...

Chain 4 finished in 408.8 seconds.
Chain 3 finished in 445.0 seconds.
Chain 2 finished in 466.7 seconds.
Chain 1 finished in 475.3 seconds.

All 4 chains finished successfully.
Mean chain execution time: 449.0 seconds.
Total execution time: 475.4 seconds.

Running MCMC with 4 parallel chains...

Chain 1 finished in 130.9 seconds.
Chain 3 finished in 134.0 seconds.
Chain 2 finished in 143.2 seconds.
Chain 4 finished in 150.7 seconds.

All 4 chains finished successfully.
Mean chain execution time: 139.7 seconds.
Total execution time: 150.9 seconds.

Running MCMC with 4 parallel chains...

Chain 3 finished in 225.0 seconds.
Chain 2 finished in 235.1 seconds.
Chain 4 finished in 235.9 seconds.
Chain 1 finished in 236.3 seconds.

All 4 chains finished successfully.
Mean chain execution time: 233.1 seconds.
Total execution time: 236.3 seconds.

Running MCMC with 4 parallel chains...

Chain 3 finished in 35.1 seconds.
Chain 1 finished in 35.2 seconds.
Chain 2 finished in 35.3 seconds.
Chain 4 finished in 35.8 seconds.

All 4 chains finished successfully.
Mean chain execution time: 35.4 seconds.
Total execution time: 35.8 seconds.

Running MCMC with 4 parallel chains...

Chain 1 finished in 60.5 seconds.
Chain 4 finished in 63.4 seconds.
Chain 2 finished in 63.7 seconds.
Chain 3 finished in 63.8 seconds.

All 4 chains finished successfully.
Mean chain execution time: 62.9 seconds.
Total execution time: 63.9 seconds.

Running MCMC with 4 parallel chains...

Chain 3 finished in 108.6 seconds.
Chain 4 finished in 109.5 seconds.
Chain 1 finished in 111.6 seconds.
Chain 2 finished in 120.6 seconds.

All 4 chains finished successfully.
Mean chain execution time: 112.6 seconds.
Total execution time: 120.7 seconds.

Running MCMC with 4 parallel chains...

Chain 2 finished in 131.2 seconds.
Chain 1 finished in 132.3 seconds.
Chain 3 finished in 141.4 seconds.
Chain 4 finished in 160.3 seconds.

All 4 chains finished successfully.
Mean chain execution time: 141.3 seconds.
Total execution time: 160.5 seconds.

Running MCMC with 4 parallel chains...

Chain 4 finished in 36.4 seconds.
Chain 1 finished in 38.1 seconds.
Chain 2 finished in 41.9 seconds.
Chain 3 finished in 43.6 seconds.

All 4 chains finished successfully.
Mean chain execution time: 40.0 seconds.
Total execution time: 43.7 seconds.

Running MCMC with 4 parallel chains...

Chain 1 finished in 54.2 seconds.
Chain 3 finished in 60.0 seconds.
Chain 2 finished in 63.4 seconds.
Chain 4 finished in 63.7 seconds.

All 4 chains finished successfully.
Mean chain execution time: 60.3 seconds.
Total execution time: 63.8 seconds.

Running MCMC with 4 parallel chains...

Chain 2 finished in 297.2 seconds.
Chain 1 finished in 298.8 seconds.
Chain 3 finished in 299.3 seconds.
Chain 4 finished in 307.4 seconds.

All 4 chains finished successfully.
Mean chain execution time: 300.7 seconds.
Total execution time: 307.6 seconds.

Running MCMC with 4 parallel chains...

Chain 3 finished in 412.9 seconds.
Chain 1 finished in 416.4 seconds.
Chain 4 finished in 418.1 seconds.
Chain 2 finished in 427.8 seconds.

All 4 chains finished successfully.
Mean chain execution time: 418.8 seconds.
Total execution time: 427.9 seconds.

Running MCMC with 4 parallel chains...

Chain 4 finished in 132.1 seconds.
Chain 3 finished in 135.1 seconds.
Chain 2 finished in 135.3 seconds.
Chain 1 finished in 136.4 seconds.

All 4 chains finished successfully.
Mean chain execution time: 134.8 seconds.
Total execution time: 136.5 seconds.

Running MCMC with 4 parallel chains...

Chain 2 finished in 145.9 seconds.
Chain 1 finished in 152.1 seconds.
Chain 3 finished in 162.0 seconds.
Chain 4 finished in 189.2 seconds.

All 4 chains finished successfully.
Mean chain execution time: 162.3 seconds.
Total execution time: 189.3 seconds.

Running MCMC with 4 parallel chains...

Chain 1 finished in 29.1 seconds.
Chain 3 finished in 29.3 seconds.
Chain 4 finished in 29.6 seconds.
Chain 2 finished in 30.1 seconds.

All 4 chains finished successfully.
Mean chain execution time: 29.5 seconds.
Total execution time: 30.2 seconds.

Running MCMC with 4 parallel chains...

Chain 3 finished in 41.4 seconds.
Chain 2 finished in 41.9 seconds.
Chain 4 finished in 41.9 seconds.
Chain 1 finished in 44.5 seconds.

All 4 chains finished successfully.
Mean chain execution time: 42.4 seconds.
Total execution time: 44.6 seconds.

Running MCMC with 4 parallel chains...

Chain 1 finished in 103.2 seconds.
Chain 2 finished in 111.3 seconds.
Chain 4 finished in 112.2 seconds.
Chain 3 finished in 113.4 seconds.

All 4 chains finished successfully.
Mean chain execution time: 110.0 seconds.
Total execution time: 113.5 seconds.

Running MCMC with 4 parallel chains...

Chain 3 finished in 128.2 seconds.
Chain 2 finished in 131.4 seconds.
Chain 4 finished in 131.5 seconds.
Chain 1 finished in 139.5 seconds.

All 4 chains finished successfully.
Mean chain execution time: 132.6 seconds.
Total execution time: 139.6 seconds.

Running MCMC with 4 parallel chains...

Chain 3 finished in 36.0 seconds.
Chain 2 finished in 37.7 seconds.
Chain 4 finished in 42.0 seconds.
Chain 1 finished in 45.9 seconds.

All 4 chains finished successfully.
Mean chain execution time: 40.4 seconds.
Total execution time: 46.0 seconds.

Running MCMC with 4 parallel chains...

Chain 4 finished in 54.5 seconds.
Chain 2 finished in 58.0 seconds.
Chain 1 finished in 58.3 seconds.
Chain 3 finished in 58.7 seconds.

All 4 chains finished successfully.
Mean chain execution time: 57.4 seconds.
Total execution time: 58.8 seconds.

Running MCMC with 4 parallel chains...

Chain 4 finished in 307.4 seconds.
Chain 3 finished in 321.7 seconds.
Chain 2 finished in 341.6 seconds.
Chain 1 finished in 373.9 seconds.

All 4 chains finished successfully.
Mean chain execution time: 336.2 seconds.
Total execution time: 374.1 seconds.

Running MCMC with 4 parallel chains...

Chain 3 finished in 429.1 seconds.
Chain 1 finished in 436.4 seconds.
Chain 4 finished in 437.5 seconds.
Chain 2 finished in 464.0 seconds.

All 4 chains finished successfully.
Mean chain execution time: 441.7 seconds.
Total execution time: 464.2 seconds.

Running MCMC with 4 parallel chains...

Chain 2 finished in 124.3 seconds.
Chain 1 finished in 138.4 seconds.
Chain 4 finished in 140.7 seconds.
Chain 3 finished in 150.3 seconds.

All 4 chains finished successfully.
Mean chain execution time: 138.4 seconds.
Total execution time: 150.5 seconds.

Running MCMC with 4 parallel chains...

Chain 1 finished in 169.7 seconds.
Chain 2 finished in 170.5 seconds.
Chain 4 finished in 171.7 seconds.
Chain 3 finished in 172.3 seconds.

All 4 chains finished successfully.
Mean chain execution time: 171.1 seconds.
Total execution time: 172.5 seconds.

Running MCMC with 4 parallel chains...

Chain 2 finished in 30.1 seconds.
Chain 3 finished in 31.3 seconds.
Chain 1 finished in 31.6 seconds.
Chain 4 finished in 33.7 seconds.

All 4 chains finished successfully.
Mean chain execution time: 31.7 seconds.
Total execution time: 33.8 seconds.

Running MCMC with 4 parallel chains...

Chain 4 finished in 43.0 seconds.
Chain 1 finished in 46.3 seconds.
Chain 3 finished in 47.4 seconds.
Chain 2 finished in 50.7 seconds.

All 4 chains finished successfully.
Mean chain execution time: 46.9 seconds.
Total execution time: 50.8 seconds.

Running MCMC with 4 parallel chains...

Chain 3 finished in 102.6 seconds.
Chain 1 finished in 104.5 seconds.
Chain 2 finished in 107.6 seconds.
Chain 4 finished in 110.2 seconds.

All 4 chains finished successfully.
Mean chain execution time: 106.2 seconds.
Total execution time: 110.3 seconds.

Running MCMC with 4 parallel chains...

Chain 2 finished in 133.8 seconds.
Chain 1 finished in 136.0 seconds.
Chain 4 finished in 143.6 seconds.
Chain 3 finished in 145.8 seconds.

All 4 chains finished successfully.
Mean chain execution time: 139.8 seconds.
Total execution time: 145.9 seconds.

Running MCMC with 4 parallel chains...

Chain 3 finished in 48.4 seconds.
Chain 4 finished in 53.3 seconds.
Chain 2 finished in 58.1 seconds.
Chain 1 finished in 59.7 seconds.

All 4 chains finished successfully.
Mean chain execution time: 54.9 seconds.
Total execution time: 59.8 seconds.

Running MCMC with 4 parallel chains...

Chain 1 finished in 64.3 seconds.
Chain 2 finished in 69.1 seconds.
Chain 4 finished in 74.5 seconds.
Chain 3 finished in 74.8 seconds.

All 4 chains finished successfully.
Mean chain execution time: 70.7 seconds.
Total execution time: 74.9 seconds.

[2025-10-10 01:39:22] [INFO] - ✅ 完成: C18_C21
