[2026-04-11 18:03:06] [INFO] - 项目根目录: /public/home/acf4pijnzl/WDP
[2026-04-11 18:03:06] [INFO] - 开始处理任务 7
[2026-04-11 18:03:06] [INFO] - 处理癌症类型: G30_F01_F03
[1] "EQI"          "EQI_Air"      "EQI_Water"    "EQI_Land"     "EQI_Built"   
[6] "EQI_Social"   "Smoking_Rate" "State_FIPS"  
Running MCMC with 4 parallel chains...

Chain 4 finished in 244.5 seconds.
Chain 3 finished in 252.0 seconds.
Chain 2 finished in 262.1 seconds.
Chain 1 finished in 272.6 seconds.

All 4 chains finished successfully.
Mean chain execution time: 257.8 seconds.
Total execution time: 272.9 seconds.

Running MCMC with 4 parallel chains...

Chain 4 finished in 237.7 seconds.
Chain 2 finished in 238.0 seconds.
Chain 3 finished in 240.1 seconds.
Chain 1 finished in 259.3 seconds.

All 4 chains finished successfully.
Mean chain execution time: 243.8 seconds.
Total execution time: 259.4 seconds.

Running MCMC with 4 parallel chains...

Chain 3 finished in 232.7 seconds.
Chain 1 finished in 235.6 seconds.
Chain 4 finished in 236.2 seconds.
Chain 2 finished in 236.4 seconds.

All 4 chains finished successfully.
Mean chain execution time: 235.2 seconds.
Total execution time: 236.5 seconds.

[2026-04-11 18:16:38] [INFO] - ✅ 完成: Cancer=G30_F01_F03
[2026-04-11 18:16:38] [INFO] - 输出目录: Result/brms_MRR_lag/
