[2026-04-13 14:45:27] [INFO] - Project root: /public/home/acf4pijnzl/WDP
[2026-04-13 14:45:27] [INFO] - Task 3 → cancer=G20_G30_G12.2_F01_F03  section=Black
 [1] "EQI"          "EQI_Air"      "EQI_Water"    "EQI_Land"     "EQI_Built"   
 [6] "EQI_Social"   "Smoking_Rate" "State_FIPS"   "AAMR_Lower"   "AAMR_Upper"  
[11] "cens"         "RUCC"        
Running MCMC with 4 parallel chains...

Chain 2 finished in 133.4 seconds.
Chain 4 finished in 156.2 seconds.
Chain 1 finished in 165.1 seconds.
Chain 3 finished in 170.0 seconds.

All 4 chains finished successfully.
Mean chain execution time: 156.2 seconds.
Total execution time: 170.2 seconds.

Running MCMC with 4 parallel chains...

Chain 3 finished in 257.6 seconds.
Chain 4 finished in 262.8 seconds.
Chain 2 finished in 270.9 seconds.
Chain 1 finished in 278.4 seconds.

All 4 chains finished successfully.
Mean chain execution time: 267.4 seconds.
Total execution time: 278.5 seconds.

Running MCMC with 4 parallel chains...

Chain 4 finished in 132.9 seconds.
Chain 3 finished in 150.1 seconds.
Chain 1 finished in 155.9 seconds.
Chain 2 finished in 158.4 seconds.

All 4 chains finished successfully.
Mean chain execution time: 149.3 seconds.
Total execution time: 158.5 seconds.

Running MCMC with 4 parallel chains...

Chain 1 finished in 214.9 seconds.
Chain 4 finished in 223.1 seconds.
Chain 2 finished in 251.7 seconds.
Chain 3 finished in 268.0 seconds.

All 4 chains finished successfully.
Mean chain execution time: 239.4 seconds.
Total execution time: 268.2 seconds.

Running MCMC with 4 parallel chains...

Chain 1 finished in 141.5 seconds.
Chain 3 finished in 144.0 seconds.
Chain 2 finished in 154.1 seconds.
Chain 4 finished in 156.0 seconds.

All 4 chains finished successfully.
Mean chain execution time: 148.9 seconds.
Total execution time: 156.2 seconds.

Running MCMC with 4 parallel chains...

Chain 4 finished in 250.4 seconds.
Chain 2 finished in 259.2 seconds.
Chain 3 finished in 268.0 seconds.
Chain 1 finished in 277.6 seconds.

All 4 chains finished successfully.
Mean chain execution time: 263.8 seconds.
Total execution time: 277.8 seconds.

Running MCMC with 4 parallel chains...

Chain 2 finished in 129.3 seconds.
Chain 4 finished in 129.6 seconds.
Chain 1 finished in 132.7 seconds.
Chain 3 finished in 136.1 seconds.

All 4 chains finished successfully.
Mean chain execution time: 131.9 seconds.
Total execution time: 136.2 seconds.

Running MCMC with 4 parallel chains...

Chain 4 finished in 239.5 seconds.
Chain 1 finished in 245.5 seconds.
Chain 3 finished in 270.3 seconds.
Chain 2 finished in 284.2 seconds.

All 4 chains finished successfully.
Mean chain execution time: 259.8 seconds.
Total execution time: 284.3 seconds.

Running MCMC with 4 parallel chains...

Chain 1 finished in 139.3 seconds.
Chain 4 finished in 144.5 seconds.
Chain 2 finished in 161.4 seconds.
Chain 3 finished in 161.9 seconds.

All 4 chains finished successfully.
Mean chain execution time: 151.8 seconds.
Total execution time: 162.0 seconds.

Running MCMC with 4 parallel chains...

Chain 2 finished in 237.5 seconds.
Chain 4 finished in 237.5 seconds.
Chain 3 finished in 245.0 seconds.
Chain 1 finished in 248.3 seconds.

All 4 chains finished successfully.
Mean chain execution time: 242.1 seconds.
Total execution time: 248.5 seconds.

[2026-04-13 15:22:13] [INFO] - Done: G20_G30_G12.2_F01_F03 / Black → Result/Stratified_MRR/
