[2025-10-17 00:09:43] [INFO] - 项目根目录: /public/home/acf4pijnzl/WDP
[2025-10-17 00:09:43] [INFO] - 开始处理任务 7
[2025-10-17 00:09:43] [INFO] - 处理癌症类型: C51_C58
[1] "EQI"          "EQI_Air"      "EQI_Water"    "EQI_Land"     "EQI_Built"   
[6] "EQI_Social"   "Smoking_Rate" "State_FIPS"   "Cluster"     
Running MCMC with 4 parallel chains...

Chain 2 finished in 63.4 seconds.
Chain 3 finished in 71.6 seconds.
Chain 4 finished in 71.7 seconds.
Chain 1 finished in 77.6 seconds.

All 4 chains finished successfully.
Mean chain execution time: 71.1 seconds.
Total execution time: 77.8 seconds.

Running MCMC with 4 parallel chains...

Chain 4 finished in 79.8 seconds.
Chain 3 finished in 82.5 seconds.
Chain 2 finished in 84.7 seconds.
Chain 1 finished in 94.1 seconds.

All 4 chains finished successfully.
Mean chain execution time: 85.3 seconds.
Total execution time: 94.1 seconds.

Running MCMC with 4 parallel chains...

Chain 1 finished in 61.1 seconds.
Chain 3 finished in 61.9 seconds.
Chain 4 finished in 66.0 seconds.
Chain 2 finished in 68.8 seconds.

All 4 chains finished successfully.
Mean chain execution time: 64.4 seconds.
Total execution time: 68.9 seconds.

Running MCMC with 4 parallel chains...

Chain 2 finished in 84.7 seconds.
Chain 3 finished in 86.2 seconds.
Chain 4 finished in 87.7 seconds.
Chain 1 finished in 100.3 seconds.

All 4 chains finished successfully.
Mean chain execution time: 89.7 seconds.
Total execution time: 100.4 seconds.

Running MCMC with 4 parallel chains...

Chain 1 finished in 61.8 seconds.
Chain 2 finished in 65.8 seconds.
Chain 4 finished in 70.7 seconds.
Chain 3 finished in 74.9 seconds.

All 4 chains finished successfully.
Mean chain execution time: 68.3 seconds.
Total execution time: 75.0 seconds.

Running MCMC with 4 parallel chains...

Chain 2 finished in 86.0 seconds.
Chain 3 finished in 88.3 seconds.
Chain 4 finished in 88.4 seconds.
Chain 1 finished in 91.1 seconds.

All 4 chains finished successfully.
Mean chain execution time: 88.5 seconds.
Total execution time: 91.2 seconds.

Running MCMC with 4 parallel chains...

Chain 4 finished in 75.6 seconds.
Chain 3 finished in 81.0 seconds.
Chain 2 finished in 81.3 seconds.
Chain 1 finished in 86.4 seconds.

All 4 chains finished successfully.
Mean chain execution time: 81.1 seconds.
Total execution time: 86.5 seconds.

Running MCMC with 4 parallel chains...

Chain 4 finished in 90.8 seconds.
Chain 2 finished in 98.3 seconds.
Chain 3 finished in 101.6 seconds.
Chain 1 finished in 102.2 seconds.

All 4 chains finished successfully.
Mean chain execution time: 98.2 seconds.
Total execution time: 102.2 seconds.

Running MCMC with 4 parallel chains...

Chain 1 finished in 78.2 seconds.
Chain 3 finished in 78.5 seconds.
Chain 2 finished in 89.7 seconds.
Chain 4 finished in 94.7 seconds.

All 4 chains finished successfully.
Mean chain execution time: 85.3 seconds.
Total execution time: 94.8 seconds.

Running MCMC with 4 parallel chains...

Chain 2 finished in 107.5 seconds.
Chain 3 finished in 109.7 seconds.
Chain 4 finished in 113.9 seconds.
Chain 1 finished in 122.4 seconds.

All 4 chains finished successfully.
Mean chain execution time: 113.4 seconds.
Total execution time: 122.5 seconds.

Running MCMC with 4 parallel chains...

Chain 2 finished in 75.1 seconds.
Chain 1 finished in 75.6 seconds.
Chain 3 finished in 82.2 seconds.
Chain 4 finished in 89.3 seconds.

All 4 chains finished successfully.
Mean chain execution time: 80.5 seconds.
Total execution time: 89.4 seconds.

Running MCMC with 4 parallel chains...

Chain 1 finished in 98.5 seconds.
Chain 3 finished in 99.4 seconds.
Chain 2 finished in 101.7 seconds.
Chain 4 finished in 116.3 seconds.

All 4 chains finished successfully.
Mean chain execution time: 104.0 seconds.
Total execution time: 116.5 seconds.

Running MCMC with 4 parallel chains...

Chain 2 finished in 74.2 seconds.
Chain 3 finished in 75.1 seconds.
Chain 1 finished in 76.2 seconds.
Chain 4 finished in 83.6 seconds.

All 4 chains finished successfully.
Mean chain execution time: 77.3 seconds.
Total execution time: 83.8 seconds.

Running MCMC with 4 parallel chains...

Chain 3 finished in 88.0 seconds.
Chain 2 finished in 93.6 seconds.
Chain 1 finished in 93.9 seconds.
Chain 4 finished in 101.0 seconds.

All 4 chains finished successfully.
Mean chain execution time: 94.1 seconds.
Total execution time: 101.1 seconds.

Running MCMC with 4 parallel chains...

Chain 3 finished in 68.6 seconds.
Chain 1 finished in 75.9 seconds.
Chain 2 finished in 77.9 seconds.
Chain 4 finished in 78.2 seconds.

All 4 chains finished successfully.
Mean chain execution time: 75.2 seconds.
Total execution time: 78.3 seconds.

Running MCMC with 4 parallel chains...

Chain 2 finished in 92.9 seconds.
Chain 3 finished in 98.6 seconds.
Chain 4 finished in 100.0 seconds.
Chain 1 finished in 104.2 seconds.

All 4 chains finished successfully.
Mean chain execution time: 98.9 seconds.
Total execution time: 104.3 seconds.

Running MCMC with 4 parallel chains...

Chain 1 finished in 183.6 seconds.
Chain 2 finished in 185.1 seconds.
Chain 4 finished in 193.5 seconds.
Chain 3 finished in 197.2 seconds.

All 4 chains finished successfully.
Mean chain execution time: 189.9 seconds.
Total execution time: 197.3 seconds.

Running MCMC with 4 parallel chains...

Chain 1 finished in 566.2 seconds.
Chain 2 finished in 588.3 seconds.
Chain 4 finished in 594.0 seconds.
Chain 3 finished in 594.6 seconds.

All 4 chains finished successfully.
Mean chain execution time: 585.8 seconds.
Total execution time: 594.7 seconds.

Running MCMC with 4 parallel chains...

Chain 1 finished in 189.6 seconds.
Chain 4 finished in 193.2 seconds.
Chain 2 finished in 194.3 seconds.
Chain 3 finished in 199.2 seconds.

All 4 chains finished successfully.
Mean chain execution time: 194.1 seconds.
Total execution time: 199.4 seconds.

Running MCMC with 4 parallel chains...

Chain 1 finished in 476.7 seconds.
Chain 4 finished in 511.8 seconds.
Chain 3 finished in 534.9 seconds.
Chain 2 finished in 562.9 seconds.

All 4 chains finished successfully.
Mean chain execution time: 521.6 seconds.
Total execution time: 563.0 seconds.

Running MCMC with 4 parallel chains...

Chain 4 finished in 160.6 seconds.
Chain 3 finished in 166.9 seconds.
Chain 2 finished in 172.2 seconds.
Chain 1 finished in 187.4 seconds.

All 4 chains finished successfully.
Mean chain execution time: 171.8 seconds.
Total execution time: 187.7 seconds.

Running MCMC with 4 parallel chains...

Chain 2 finished in 227.6 seconds.
Chain 4 finished in 244.5 seconds.
Chain 3 finished in 270.3 seconds.
Chain 1 finished in 296.9 seconds.

All 4 chains finished successfully.
Mean chain execution time: 259.8 seconds.
Total execution time: 297.0 seconds.

Running MCMC with 4 parallel chains...

Chain 1 finished in 171.0 seconds.
Chain 4 finished in 174.5 seconds.
Chain 3 finished in 183.2 seconds.
Chain 2 finished in 201.2 seconds.

All 4 chains finished successfully.
Mean chain execution time: 182.5 seconds.
Total execution time: 201.3 seconds.

Running MCMC with 4 parallel chains...

Chain 2 finished in 247.7 seconds.
Chain 4 finished in 257.3 seconds.
Chain 1 finished in 258.0 seconds.
Chain 3 finished in 270.7 seconds.

All 4 chains finished successfully.
Mean chain execution time: 258.4 seconds.
Total execution time: 270.8 seconds.

[2025-10-17 01:17:56] [INFO] - ✅ 完成: Cancer=C51_C58
