[2026-05-04 23:45:12] [INFO] - 项目根目录: /public/home/acf4pijnzl/WDP
[2026-05-04 23:45:12] [INFO] - 开始处理任务 16
[2026-05-04 23:45:12] [INFO] - 处理outcome: N18_N19
[1] "EQI"          "EQI_Air"      "EQI_Water"    "EQI_Land"     "EQI_Built"   
[6] "EQI_Social"   "Smoking_Rate" "State_FIPS"  
Running MCMC with 4 parallel chains...

Chain 1 finished in 306.4 seconds.
Chain 2 finished in 309.1 seconds.
Chain 4 finished in 309.7 seconds.
Chain 3 finished in 315.4 seconds.

All 4 chains finished successfully.
Mean chain execution time: 310.1 seconds.
Total execution time: 315.6 seconds.

Running MCMC with 4 parallel chains...

Chain 3 finished in 403.4 seconds.
Chain 2 finished in 431.9 seconds.
Chain 4 finished in 463.4 seconds.
Chain 1 finished in 496.3 seconds.

All 4 chains finished successfully.
Mean chain execution time: 448.7 seconds.
Total execution time: 496.4 seconds.

Running MCMC with 4 parallel chains...

Chain 3 finished in 108.6 seconds.
Chain 1 finished in 108.8 seconds.
Chain 4 finished in 112.1 seconds.
Chain 2 finished in 117.6 seconds.

All 4 chains finished successfully.
Mean chain execution time: 111.8 seconds.
Total execution time: 117.7 seconds.

Running MCMC with 4 parallel chains...

Chain 3 finished in 171.5 seconds.
Chain 2 finished in 196.1 seconds.
Chain 1 finished in 197.6 seconds.
Chain 4 finished in 205.3 seconds.

All 4 chains finished successfully.
Mean chain execution time: 192.6 seconds.
Total execution time: 205.5 seconds.

Running MCMC with 4 parallel chains...

Chain 2 finished in 30.4 seconds.
Chain 1 finished in 30.7 seconds.
Chain 3 finished in 32.0 seconds.
Chain 4 finished in 35.6 seconds.

All 4 chains finished successfully.
Mean chain execution time: 32.2 seconds.
Total execution time: 35.7 seconds.

Running MCMC with 4 parallel chains...

Chain 4 finished in 52.9 seconds.
Chain 3 finished in 53.8 seconds.
Chain 2 finished in 60.6 seconds.
Chain 1 finished in 63.1 seconds.

All 4 chains finished successfully.
Mean chain execution time: 57.6 seconds.
Total execution time: 63.2 seconds.

Running MCMC with 4 parallel chains...

Chain 1 finished in 100.4 seconds.
Chain 4 finished in 100.8 seconds.
Chain 3 finished in 101.2 seconds.
Chain 2 finished in 105.6 seconds.

All 4 chains finished successfully.
Mean chain execution time: 102.0 seconds.
Total execution time: 105.7 seconds.

Running MCMC with 4 parallel chains...

Chain 2 finished in 147.9 seconds.
Chain 1 finished in 149.9 seconds.
Chain 3 finished in 156.3 seconds.
Chain 4 finished in 167.5 seconds.

All 4 chains finished successfully.
Mean chain execution time: 155.4 seconds.
Total execution time: 167.7 seconds.

Running MCMC with 4 parallel chains...

Chain 1 finished in 55.7 seconds.
Chain 4 finished in 57.0 seconds.
Chain 3 finished in 58.0 seconds.
Chain 2 finished in 76.2 seconds.

All 4 chains finished successfully.
Mean chain execution time: 61.7 seconds.
Total execution time: 76.3 seconds.

Running MCMC with 4 parallel chains...

Chain 3 finished in 72.7 seconds.
Chain 2 finished in 73.6 seconds.
Chain 1 finished in 75.4 seconds.
Chain 4 finished in 77.4 seconds.

All 4 chains finished successfully.
Mean chain execution time: 74.8 seconds.
Total execution time: 77.5 seconds.

Running MCMC with 4 parallel chains...

Chain 3 finished in 260.1 seconds.
Chain 2 finished in 274.6 seconds.
Chain 4 finished in 288.4 seconds.
Chain 1 finished in 317.7 seconds.

All 4 chains finished successfully.
Mean chain execution time: 285.2 seconds.
Total execution time: 317.7 seconds.

Running MCMC with 4 parallel chains...

Chain 4 finished in 400.0 seconds.
Chain 2 finished in 403.6 seconds.
Chain 3 finished in 405.9 seconds.
Chain 1 finished in 417.0 seconds.

All 4 chains finished successfully.
Mean chain execution time: 406.6 seconds.
Total execution time: 417.1 seconds.

Running MCMC with 4 parallel chains...

Chain 4 finished in 105.0 seconds.
Chain 1 finished in 114.8 seconds.
Chain 2 finished in 115.1 seconds.
Chain 3 finished in 125.6 seconds.

All 4 chains finished successfully.
Mean chain execution time: 115.1 seconds.
Total execution time: 125.7 seconds.

Running MCMC with 4 parallel chains...

Chain 2 finished in 168.9 seconds.
Chain 1 finished in 178.3 seconds.
Chain 4 finished in 187.8 seconds.
Chain 3 finished in 193.2 seconds.

All 4 chains finished successfully.
Mean chain execution time: 182.1 seconds.
Total execution time: 193.3 seconds.

Running MCMC with 4 parallel chains...

Chain 2 finished in 29.6 seconds.
Chain 1 finished in 30.4 seconds.
Chain 3 finished in 33.5 seconds.
Chain 4 finished in 36.2 seconds.

All 4 chains finished successfully.
Mean chain execution time: 32.4 seconds.
Total execution time: 36.3 seconds.

Running MCMC with 4 parallel chains...

Chain 3 finished in 43.2 seconds.
Chain 2 finished in 54.3 seconds.
Chain 4 finished in 54.5 seconds.
Chain 1 finished in 57.1 seconds.

All 4 chains finished successfully.
Mean chain execution time: 52.2 seconds.
Total execution time: 57.1 seconds.

Running MCMC with 4 parallel chains...

Chain 4 finished in 101.2 seconds.
Chain 2 finished in 102.5 seconds.
Chain 3 finished in 104.3 seconds.
Chain 1 finished in 107.9 seconds.

All 4 chains finished successfully.
Mean chain execution time: 104.0 seconds.
Total execution time: 108.0 seconds.

Running MCMC with 4 parallel chains...

Chain 4 finished in 138.8 seconds.
Chain 3 finished in 142.9 seconds.
Chain 2 finished in 152.6 seconds.
Chain 1 finished in 159.3 seconds.

All 4 chains finished successfully.
Mean chain execution time: 148.4 seconds.
Total execution time: 159.4 seconds.

Running MCMC with 4 parallel chains...

Chain 3 finished in 52.8 seconds.
Chain 2 finished in 71.0 seconds.
Chain 4 finished in 71.1 seconds.
Chain 1 finished in 75.4 seconds.

All 4 chains finished successfully.
Mean chain execution time: 67.6 seconds.
Total execution time: 75.5 seconds.

Running MCMC with 4 parallel chains...

Chain 2 finished in 93.7 seconds.
Chain 1 finished in 94.3 seconds.
Chain 3 finished in 94.9 seconds.
Chain 4 finished in 98.6 seconds.

All 4 chains finished successfully.
Mean chain execution time: 95.3 seconds.
Total execution time: 98.8 seconds.

Running MCMC with 4 parallel chains...

Chain 4 finished in 314.0 seconds.
Chain 1 finished in 323.8 seconds.
Chain 3 finished in 330.6 seconds.
Chain 2 finished in 332.5 seconds.

All 4 chains finished successfully.
Mean chain execution time: 325.2 seconds.
Total execution time: 332.6 seconds.

Running MCMC with 4 parallel chains...

Chain 2 finished in 428.3 seconds.
Chain 3 finished in 439.7 seconds.
Chain 1 finished in 465.7 seconds.
Chain 4 finished in 506.4 seconds.

All 4 chains finished successfully.
Mean chain execution time: 460.1 seconds.
Total execution time: 506.6 seconds.

Running MCMC with 4 parallel chains...

Chain 3 finished in 105.5 seconds.
Chain 1 finished in 113.5 seconds.
Chain 4 finished in 116.6 seconds.
Chain 2 finished in 132.2 seconds.

All 4 chains finished successfully.
Mean chain execution time: 117.0 seconds.
Total execution time: 132.3 seconds.

Running MCMC with 4 parallel chains...

Chain 4 finished in 162.3 seconds.
Chain 1 finished in 189.9 seconds.
Chain 3 finished in 203.6 seconds.
Chain 2 finished in 204.3 seconds.

All 4 chains finished successfully.
Mean chain execution time: 190.0 seconds.
Total execution time: 204.3 seconds.

Running MCMC with 4 parallel chains...

Chain 2 finished in 29.9 seconds.
Chain 4 finished in 29.9 seconds.
Chain 3 finished in 30.4 seconds.
Chain 1 finished in 31.7 seconds.

All 4 chains finished successfully.
Mean chain execution time: 30.5 seconds.
Total execution time: 31.8 seconds.

Running MCMC with 4 parallel chains...

Chain 2 finished in 54.7 seconds.
Chain 1 finished in 58.9 seconds.
Chain 3 finished in 59.7 seconds.
Chain 4 finished in 67.1 seconds.

All 4 chains finished successfully.
Mean chain execution time: 60.1 seconds.
Total execution time: 67.3 seconds.

Running MCMC with 4 parallel chains...

Chain 2 finished in 97.0 seconds.
Chain 4 finished in 99.6 seconds.
Chain 1 finished in 102.4 seconds.
Chain 3 finished in 106.8 seconds.

All 4 chains finished successfully.
Mean chain execution time: 101.5 seconds.
Total execution time: 106.9 seconds.

Running MCMC with 4 parallel chains...

Chain 1 finished in 143.3 seconds.
Chain 3 finished in 152.3 seconds.
Chain 4 finished in 153.6 seconds.
Chain 2 finished in 159.6 seconds.

All 4 chains finished successfully.
Mean chain execution time: 152.2 seconds.
Total execution time: 159.7 seconds.

Running MCMC with 4 parallel chains...

Chain 3 finished in 60.3 seconds.
Chain 2 finished in 63.3 seconds.
Chain 4 finished in 68.9 seconds.
Chain 1 finished in 70.3 seconds.

All 4 chains finished successfully.
Mean chain execution time: 65.7 seconds.
Total execution time: 70.4 seconds.

Running MCMC with 4 parallel chains...

Chain 2 finished in 88.7 seconds.
Chain 3 finished in 92.1 seconds.
Chain 4 finished in 95.6 seconds.
Chain 1 finished in 97.0 seconds.

All 4 chains finished successfully.
Mean chain execution time: 93.3 seconds.
Total execution time: 97.0 seconds.

Running MCMC with 4 parallel chains...

Chain 2 finished in 301.1 seconds.
Chain 1 finished in 302.9 seconds.
Chain 3 finished in 321.8 seconds.
Chain 4 finished in 333.8 seconds.

All 4 chains finished successfully.
Mean chain execution time: 314.9 seconds.
Total execution time: 334.0 seconds.

Running MCMC with 4 parallel chains...

Chain 3 finished in 397.7 seconds.
Chain 1 finished in 400.7 seconds.
Chain 4 finished in 417.0 seconds.
Chain 2 finished in 422.6 seconds.

All 4 chains finished successfully.
Mean chain execution time: 409.5 seconds.
Total execution time: 422.7 seconds.

Running MCMC with 4 parallel chains...

Chain 1 finished in 109.9 seconds.
Chain 3 finished in 113.1 seconds.
Chain 2 finished in 124.0 seconds.
Chain 4 finished in 125.9 seconds.

All 4 chains finished successfully.
Mean chain execution time: 118.2 seconds.
Total execution time: 126.0 seconds.

Running MCMC with 4 parallel chains...

Chain 2 finished in 159.4 seconds.
Chain 3 finished in 159.8 seconds.
Chain 4 finished in 186.2 seconds.
Chain 1 finished in 188.8 seconds.

All 4 chains finished successfully.
Mean chain execution time: 173.5 seconds.
Total execution time: 188.9 seconds.

Running MCMC with 4 parallel chains...

Chain 1 finished in 28.1 seconds.
Chain 2 finished in 29.2 seconds.
Chain 3 finished in 29.8 seconds.
Chain 4 finished in 36.4 seconds.

All 4 chains finished successfully.
Mean chain execution time: 30.9 seconds.
Total execution time: 36.5 seconds.

Running MCMC with 4 parallel chains...

Chain 2 finished in 53.1 seconds.
Chain 3 finished in 58.5 seconds.
Chain 4 finished in 59.2 seconds.
Chain 1 finished in 60.2 seconds.

All 4 chains finished successfully.
Mean chain execution time: 57.7 seconds.
Total execution time: 60.2 seconds.

Running MCMC with 4 parallel chains...

Chain 4 finished in 95.2 seconds.
Chain 3 finished in 102.0 seconds.
Chain 2 finished in 109.3 seconds.
Chain 1 finished in 111.3 seconds.

All 4 chains finished successfully.
Mean chain execution time: 104.4 seconds.
Total execution time: 111.4 seconds.

Running MCMC with 4 parallel chains...

Chain 3 finished in 138.8 seconds.
Chain 1 finished in 144.5 seconds.
Chain 2 finished in 144.6 seconds.
Chain 4 finished in 162.9 seconds.

All 4 chains finished successfully.
Mean chain execution time: 147.7 seconds.
Total execution time: 163.1 seconds.

Running MCMC with 4 parallel chains...

Chain 3 finished in 49.1 seconds.
Chain 4 finished in 55.2 seconds.
Chain 1 finished in 55.8 seconds.
Chain 2 finished in 57.4 seconds.

All 4 chains finished successfully.
Mean chain execution time: 54.4 seconds.
Total execution time: 57.5 seconds.

Running MCMC with 4 parallel chains...

Chain 4 finished in 68.8 seconds.
Chain 3 finished in 77.2 seconds.
Chain 1 finished in 78.8 seconds.
Chain 2 finished in 80.8 seconds.

All 4 chains finished successfully.
Mean chain execution time: 76.4 seconds.
Total execution time: 81.0 seconds.

Running MCMC with 4 parallel chains...

Chain 2 finished in 276.4 seconds.
Chain 3 finished in 279.9 seconds.
Chain 4 finished in 298.2 seconds.
Chain 1 finished in 300.1 seconds.

All 4 chains finished successfully.
Mean chain execution time: 288.7 seconds.
Total execution time: 300.2 seconds.

Running MCMC with 4 parallel chains...

Chain 4 finished in 372.2 seconds.
Chain 3 finished in 383.9 seconds.
Chain 2 finished in 384.6 seconds.
Chain 1 finished in 411.4 seconds.

All 4 chains finished successfully.
Mean chain execution time: 388.0 seconds.
Total execution time: 411.5 seconds.

Running MCMC with 4 parallel chains...

Chain 3 finished in 103.4 seconds.
Chain 2 finished in 107.1 seconds.
Chain 4 finished in 111.2 seconds.
Chain 1 finished in 112.8 seconds.

All 4 chains finished successfully.
Mean chain execution time: 108.6 seconds.
Total execution time: 112.8 seconds.

Running MCMC with 4 parallel chains...

Chain 3 finished in 132.8 seconds.
Chain 4 finished in 144.3 seconds.
Chain 1 finished in 147.5 seconds.
Chain 2 finished in 152.3 seconds.

All 4 chains finished successfully.
Mean chain execution time: 144.2 seconds.
Total execution time: 152.4 seconds.

Running MCMC with 4 parallel chains...

Chain 3 finished in 25.2 seconds.
Chain 1 finished in 26.1 seconds.
Chain 4 finished in 27.6 seconds.
Chain 2 finished in 27.7 seconds.

All 4 chains finished successfully.
Mean chain execution time: 26.6 seconds.
Total execution time: 27.8 seconds.

Running MCMC with 4 parallel chains...

Chain 4 finished in 38.6 seconds.
Chain 3 finished in 39.0 seconds.
Chain 1 finished in 42.8 seconds.
Chain 2 finished in 44.3 seconds.

All 4 chains finished successfully.
Mean chain execution time: 41.2 seconds.
Total execution time: 44.5 seconds.

Running MCMC with 4 parallel chains...

Chain 3 finished in 91.7 seconds.
Chain 2 finished in 96.0 seconds.
Chain 4 finished in 97.3 seconds.
Chain 1 finished in 99.5 seconds.

All 4 chains finished successfully.
Mean chain execution time: 96.2 seconds.
Total execution time: 99.6 seconds.

Running MCMC with 4 parallel chains...

Chain 3 finished in 146.0 seconds.
Chain 2 finished in 152.0 seconds.
Chain 4 finished in 157.4 seconds.
Chain 1 finished in 171.0 seconds.

All 4 chains finished successfully.
Mean chain execution time: 156.6 seconds.
Total execution time: 171.1 seconds.

Running MCMC with 4 parallel chains...

Chain 2 finished in 56.1 seconds.
Chain 1 finished in 60.2 seconds.
Chain 4 finished in 62.0 seconds.
Chain 3 finished in 63.7 seconds.

All 4 chains finished successfully.
Mean chain execution time: 60.5 seconds.
Total execution time: 63.8 seconds.

Running MCMC with 4 parallel chains...

Chain 1 finished in 75.0 seconds.
Chain 2 finished in 76.7 seconds.
Chain 3 finished in 85.1 seconds.
Chain 4 finished in 86.3 seconds.

All 4 chains finished successfully.
Mean chain execution time: 80.8 seconds.
Total execution time: 86.4 seconds.

Running MCMC with 4 parallel chains...

Chain 2 finished in 294.3 seconds.
Chain 1 finished in 312.2 seconds.
Chain 4 finished in 314.7 seconds.
Chain 3 finished in 330.6 seconds.

All 4 chains finished successfully.
Mean chain execution time: 313.0 seconds.
Total execution time: 330.7 seconds.

Running MCMC with 4 parallel chains...

Chain 1 finished in 388.4 seconds.
Chain 2 finished in 392.3 seconds.
Chain 3 finished in 397.8 seconds.
Chain 4 finished in 416.4 seconds.

All 4 chains finished successfully.
Mean chain execution time: 398.7 seconds.
Total execution time: 416.6 seconds.

Running MCMC with 4 parallel chains...

Chain 1 finished in 112.4 seconds.
Chain 3 finished in 112.7 seconds.
Chain 2 finished in 115.9 seconds.
Chain 4 finished in 118.5 seconds.

All 4 chains finished successfully.
Mean chain execution time: 114.9 seconds.
Total execution time: 118.6 seconds.

Running MCMC with 4 parallel chains...

Chain 3 finished in 133.9 seconds.
Chain 1 finished in 135.0 seconds.
Chain 2 finished in 142.1 seconds.
Chain 4 finished in 143.7 seconds.

All 4 chains finished successfully.
Mean chain execution time: 138.7 seconds.
Total execution time: 143.8 seconds.

Running MCMC with 4 parallel chains...

Chain 2 finished in 26.7 seconds.
Chain 3 finished in 26.7 seconds.
Chain 1 finished in 27.2 seconds.
Chain 4 finished in 28.1 seconds.

All 4 chains finished successfully.
Mean chain execution time: 27.2 seconds.
Total execution time: 28.3 seconds.

Running MCMC with 4 parallel chains...

Chain 4 finished in 38.4 seconds.
Chain 2 finished in 40.7 seconds.
Chain 3 finished in 41.1 seconds.
Chain 1 finished in 43.9 seconds.

All 4 chains finished successfully.
Mean chain execution time: 41.0 seconds.
Total execution time: 43.9 seconds.

Running MCMC with 4 parallel chains...

Chain 1 finished in 93.4 seconds.
Chain 3 finished in 100.7 seconds.
Chain 2 finished in 103.3 seconds.
Chain 4 finished in 105.9 seconds.

All 4 chains finished successfully.
Mean chain execution time: 100.8 seconds.
Total execution time: 106.0 seconds.

Running MCMC with 4 parallel chains...

Chain 2 finished in 124.2 seconds.
Chain 4 finished in 132.7 seconds.
Chain 3 finished in 147.1 seconds.
Chain 1 finished in 162.4 seconds.

All 4 chains finished successfully.
Mean chain execution time: 141.6 seconds.
Total execution time: 162.5 seconds.

Running MCMC with 4 parallel chains...

Chain 4 finished in 56.7 seconds.
Chain 3 finished in 58.1 seconds.
Chain 2 finished in 59.3 seconds.
Chain 1 finished in 63.2 seconds.

All 4 chains finished successfully.
Mean chain execution time: 59.3 seconds.
Total execution time: 63.3 seconds.

Running MCMC with 4 parallel chains...

Chain 4 finished in 76.1 seconds.
Chain 1 finished in 80.0 seconds.
Chain 2 finished in 81.2 seconds.
Chain 3 finished in 86.3 seconds.

All 4 chains finished successfully.
Mean chain execution time: 80.9 seconds.
Total execution time: 86.4 seconds.

Running MCMC with 4 parallel chains...

Chain 1 finished in 284.5 seconds.
Chain 4 finished in 285.8 seconds.
Chain 3 finished in 299.4 seconds.
Chain 2 finished in 301.4 seconds.

All 4 chains finished successfully.
Mean chain execution time: 292.8 seconds.
Total execution time: 301.5 seconds.

Running MCMC with 4 parallel chains...

Chain 4 finished in 354.0 seconds.
Chain 2 finished in 363.8 seconds.
Chain 3 finished in 372.5 seconds.
Chain 1 finished in 392.1 seconds.

All 4 chains finished successfully.
Mean chain execution time: 370.6 seconds.
Total execution time: 392.2 seconds.

Running MCMC with 4 parallel chains...

Chain 2 finished in 89.9 seconds.
Chain 4 finished in 97.7 seconds.
Chain 3 finished in 108.6 seconds.
Chain 1 finished in 110.8 seconds.

All 4 chains finished successfully.
Mean chain execution time: 101.7 seconds.
Total execution time: 110.9 seconds.

Running MCMC with 4 parallel chains...

Chain 3 finished in 140.0 seconds.
Chain 4 finished in 142.1 seconds.
Chain 1 finished in 142.8 seconds.
Chain 2 finished in 158.9 seconds.

All 4 chains finished successfully.
Mean chain execution time: 146.0 seconds.
Total execution time: 159.0 seconds.

Running MCMC with 4 parallel chains...

Chain 2 finished in 25.0 seconds.
Chain 1 finished in 26.5 seconds.
Chain 3 finished in 26.4 seconds.
Chain 4 finished in 27.7 seconds.

All 4 chains finished successfully.
Mean chain execution time: 26.4 seconds.
Total execution time: 27.8 seconds.

Running MCMC with 4 parallel chains...

Chain 1 finished in 34.5 seconds.
Chain 2 finished in 36.4 seconds.
Chain 4 finished in 37.9 seconds.
Chain 3 finished in 38.4 seconds.

All 4 chains finished successfully.
Mean chain execution time: 36.8 seconds.
Total execution time: 38.6 seconds.

Running MCMC with 4 parallel chains...

Chain 4 finished in 93.9 seconds.
Chain 2 finished in 96.7 seconds.
Chain 1 finished in 99.7 seconds.
Chain 3 finished in 115.5 seconds.

All 4 chains finished successfully.
Mean chain execution time: 101.5 seconds.
Total execution time: 115.6 seconds.

Running MCMC with 4 parallel chains...

Chain 1 finished in 116.1 seconds.
Chain 4 finished in 124.2 seconds.
Chain 3 finished in 129.2 seconds.
Chain 2 finished in 148.9 seconds.

All 4 chains finished successfully.
Mean chain execution time: 129.6 seconds.
Total execution time: 149.0 seconds.

Running MCMC with 4 parallel chains...

Chain 1 finished in 48.4 seconds.
Chain 2 finished in 48.7 seconds.
Chain 3 finished in 49.0 seconds.
Chain 4 finished in 49.6 seconds.

All 4 chains finished successfully.
Mean chain execution time: 48.9 seconds.
Total execution time: 49.8 seconds.

Running MCMC with 4 parallel chains...

Chain 4 finished in 64.7 seconds.
Chain 3 finished in 67.9 seconds.
Chain 2 finished in 71.1 seconds.
Chain 1 finished in 72.7 seconds.

All 4 chains finished successfully.
Mean chain execution time: 69.1 seconds.
Total execution time: 72.7 seconds.

[2026-05-05 02:50:45] [INFO] - ✅ 完成: Outcome=N18_N19
