[2026-04-11 18:03:06] [INFO] - 项目根目录: /public/home/acf4pijnzl/WDP
[2026-04-11 18:03:06] [INFO] - 开始处理任务 5
[2026-04-11 18:03:06] [INFO] - 处理癌症类型: G20_G30_G12.2_F01_F03
[1] "EQI"          "EQI_Air"      "EQI_Water"    "EQI_Land"     "EQI_Built"   
[6] "EQI_Social"   "Smoking_Rate" "State_FIPS"  
Running MCMC with 4 parallel chains...

Chain 2 finished in 234.2 seconds.
Chain 1 finished in 236.5 seconds.
Chain 3 finished in 243.9 seconds.
Chain 4 finished in 244.2 seconds.

All 4 chains finished successfully.
Mean chain execution time: 239.7 seconds.
Total execution time: 244.5 seconds.

Running MCMC with 4 parallel chains...

Chain 3 finished in 232.9 seconds.
Chain 4 finished in 234.2 seconds.
Chain 1 finished in 248.1 seconds.
Chain 2 finished in 249.0 seconds.

All 4 chains finished successfully.
Mean chain execution time: 241.1 seconds.
Total execution time: 249.1 seconds.

Running MCMC with 4 parallel chains...

Chain 4 finished in 206.8 seconds.
Chain 1 finished in 229.0 seconds.
Chain 2 finished in 241.0 seconds.
Chain 3 finished in 248.3 seconds.

All 4 chains finished successfully.
Mean chain execution time: 231.3 seconds.
Total execution time: 248.4 seconds.

[2026-04-11 18:16:13] [INFO] - ✅ 完成: Cancer=G20_G30_G12.2_F01_F03
[2026-04-11 18:16:13] [INFO] - 输出目录: Result/brms_MRR_lag/
