[2026-03-29 20:18:39] [INFO] - 项目根目录: /public/home/acf4pijnzl/WDP
[2026-03-29 20:18:39] [INFO] - 开始处理任务 3
[2026-03-29 20:18:39] [INFO] - 处理疾病: G20
[1] "EQI"          "EQI_Air"      "EQI_Water"    "EQI_Land"     "EQI_Built"   
[6] "EQI_Social"   "Smoking_Rate" "State_FIPS"  
Running MCMC with 4 parallel chains...

Chain 1 finished in 391.0 seconds.
Chain 2 finished in 396.3 seconds.
Chain 4 finished in 399.3 seconds.
Chain 3 finished in 408.0 seconds.

All 4 chains finished successfully.
Mean chain execution time: 398.6 seconds.
Total execution time: 408.2 seconds.

Running MCMC with 4 parallel chains...

Chain 3 finished in 364.0 seconds.
Chain 1 finished in 386.6 seconds.
Chain 4 finished in 394.7 seconds.
Chain 2 finished in 401.1 seconds.

All 4 chains finished successfully.
Mean chain execution time: 386.6 seconds.
Total execution time: 401.2 seconds.

Running MCMC with 4 parallel chains...

Chain 1 finished in 334.7 seconds.
Chain 2 finished in 341.0 seconds.
Chain 4 finished in 356.9 seconds.
Chain 3 finished in 379.3 seconds.

All 4 chains finished successfully.
Mean chain execution time: 353.0 seconds.
Total execution time: 379.5 seconds.

[2026-03-29 20:39:15] [INFO] - ✅ 完成: Cancer=G20
[2026-03-29 20:39:15] [INFO] - 输出目录: Result/brms_MRR_lag/
