[2026-01-15 10:52:05] [INFO] - 项目根目录: /public/home/acf4pijnzl/WDP
[2026-01-15 10:52:05] [INFO] - 开始处理任务 2: Lag10 (NDD)
[2026-01-15 10:52:05] [INFO] - 运行 Overall EQI 模型 (Scenario=2, NDD)
[1] "EQI"          "EQI_Air"      "EQI_Water"    "EQI_Land"     "EQI_Built"   
[6] "EQI_Social"   "Smoking_Rate" "State_FIPS"   "RUCC"        
Running MCMC with 4 parallel chains...

Chain 1 Iteration:    1 / 2000 [  0%]  (Warmup) 
Chain 2 Iteration:    1 / 2000 [  0%]  (Warmup) 
Chain 3 Iteration:    1 / 2000 [  0%]  (Warmup) 
Chain 4 Iteration:    1 / 2000 [  0%]  (Warmup) 
Chain 2 Iteration:  100 / 2000 [  5%]  (Warmup) 
Chain 4 Iteration:  100 / 2000 [  5%]  (Warmup) 
Chain 3 Iteration:  100 / 2000 [  5%]  (Warmup) 
Chain 2 Iteration:  200 / 2000 [ 10%]  (Warmup) 
Chain 1 Iteration:  100 / 2000 [  5%]  (Warmup) 
Chain 3 Iteration:  200 / 2000 [ 10%]  (Warmup) 
Chain 4 Iteration:  200 / 2000 [ 10%]  (Warmup) 
Chain 2 Iteration:  300 / 2000 [ 15%]  (Warmup) 
Chain 4 Iteration:  300 / 2000 [ 15%]  (Warmup) 
Chain 1 Iteration:  200 / 2000 [ 10%]  (Warmup) 
Chain 2 Iteration:  400 / 2000 [ 20%]  (Warmup) 
Chain 3 Iteration:  300 / 2000 [ 15%]  (Warmup) 
Chain 4 Iteration:  400 / 2000 [ 20%]  (Warmup) 
Chain 3 Iteration:  400 / 2000 [ 20%]  (Warmup) 
Chain 2 Iteration:  500 / 2000 [ 25%]  (Warmup) 
Chain 1 Iteration:  300 / 2000 [ 15%]  (Warmup) 
Chain 3 Iteration:  500 / 2000 [ 25%]  (Warmup) 
Chain 4 Iteration:  500 / 2000 [ 25%]  (Warmup) 
Chain 2 Iteration:  600 / 2000 [ 30%]  (Warmup) 
Chain 1 Iteration:  400 / 2000 [ 20%]  (Warmup) 
Chain 3 Iteration:  600 / 2000 [ 30%]  (Warmup) 
Chain 4 Iteration:  600 / 2000 [ 30%]  (Warmup) 
Chain 2 Iteration:  700 / 2000 [ 35%]  (Warmup) 
Chain 1 Iteration:  500 / 2000 [ 25%]  (Warmup) 
Chain 3 Iteration:  700 / 2000 [ 35%]  (Warmup) 
Chain 2 Iteration:  800 / 2000 [ 40%]  (Warmup) 
Chain 4 Iteration:  700 / 2000 [ 35%]  (Warmup) 
Chain 1 Iteration:  600 / 2000 [ 30%]  (Warmup) 
Chain 3 Iteration:  800 / 2000 [ 40%]  (Warmup) 
Chain 2 Iteration:  900 / 2000 [ 45%]  (Warmup) 
Chain 1 Iteration:  700 / 2000 [ 35%]  (Warmup) 
Chain 4 Iteration:  800 / 2000 [ 40%]  (Warmup) 
Chain 3 Iteration:  900 / 2000 [ 45%]  (Warmup) 
Chain 1 Iteration:  800 / 2000 [ 40%]  (Warmup) 
Chain 2 Iteration: 1000 / 2000 [ 50%]  (Warmup) 
Chain 2 Iteration: 1001 / 2000 [ 50%]  (Sampling) 
Chain 4 Iteration:  900 / 2000 [ 45%]  (Warmup) 
Chain 3 Iteration: 1000 / 2000 [ 50%]  (Warmup) 
Chain 3 Iteration: 1001 / 2000 [ 50%]  (Sampling) 
Chain 1 Iteration:  900 / 2000 [ 45%]  (Warmup) 
Chain 2 Iteration: 1100 / 2000 [ 55%]  (Sampling) 
Chain 4 Iteration: 1000 / 2000 [ 50%]  (Warmup) 
Chain 4 Iteration: 1001 / 2000 [ 50%]  (Sampling) 
Chain 3 Iteration: 1100 / 2000 [ 55%]  (Sampling) 
Chain 1 Iteration: 1000 / 2000 [ 50%]  (Warmup) 
Chain 1 Iteration: 1001 / 2000 [ 50%]  (Sampling) 
Chain 2 Iteration: 1200 / 2000 [ 60%]  (Sampling) 
Chain 4 Iteration: 1100 / 2000 [ 55%]  (Sampling) 
Chain 3 Iteration: 1200 / 2000 [ 60%]  (Sampling) 
Chain 1 Iteration: 1100 / 2000 [ 55%]  (Sampling) 
Chain 2 Iteration: 1300 / 2000 [ 65%]  (Sampling) 
Chain 4 Iteration: 1200 / 2000 [ 60%]  (Sampling) 
Chain 3 Iteration: 1300 / 2000 [ 65%]  (Sampling) 
Chain 1 Iteration: 1200 / 2000 [ 60%]  (Sampling) 
Chain 2 Iteration: 1400 / 2000 [ 70%]  (Sampling) 
Chain 4 Iteration: 1300 / 2000 [ 65%]  (Sampling) 
Chain 3 Iteration: 1400 / 2000 [ 70%]  (Sampling) 
Chain 1 Iteration: 1300 / 2000 [ 65%]  (Sampling) 
Chain 2 Iteration: 1500 / 2000 [ 75%]  (Sampling) 
Chain 4 Iteration: 1400 / 2000 [ 70%]  (Sampling) 
Chain 3 Iteration: 1500 / 2000 [ 75%]  (Sampling) 
Chain 1 Iteration: 1400 / 2000 [ 70%]  (Sampling) 
Chain 2 Iteration: 1600 / 2000 [ 80%]  (Sampling) 
Chain 4 Iteration: 1500 / 2000 [ 75%]  (Sampling) 
Chain 3 Iteration: 1600 / 2000 [ 80%]  (Sampling) 
Chain 1 Iteration: 1500 / 2000 [ 75%]  (Sampling) 
Chain 2 Iteration: 1700 / 2000 [ 85%]  (Sampling) 
Chain 3 Iteration: 1700 / 2000 [ 85%]  (Sampling) 
Chain 4 Iteration: 1600 / 2000 [ 80%]  (Sampling) 
Chain 1 Iteration: 1600 / 2000 [ 80%]  (Sampling) 
Chain 2 Iteration: 1800 / 2000 [ 90%]  (Sampling) 
Chain 3 Iteration: 1800 / 2000 [ 90%]  (Sampling) 
Chain 4 Iteration: 1700 / 2000 [ 85%]  (Sampling) 
Chain 1 Iteration: 1700 / 2000 [ 85%]  (Sampling) 
Chain 2 Iteration: 1900 / 2000 [ 95%]  (Sampling) 
Chain 3 Iteration: 1900 / 2000 [ 95%]  (Sampling) 
Chain 4 Iteration: 1800 / 2000 [ 90%]  (Sampling) 
Chain 1 Iteration: 1800 / 2000 [ 90%]  (Sampling) 
Chain 2 Iteration: 2000 / 2000 [100%]  (Sampling) 
Chain 2 finished in 235.1 seconds.
Chain 3 Iteration: 2000 / 2000 [100%]  (Sampling) 
Chain 3 finished in 238.2 seconds.
Chain 4 Iteration: 1900 / 2000 [ 95%]  (Sampling) 
Chain 1 Iteration: 1900 / 2000 [ 95%]  (Sampling) 
Chain 4 Iteration: 2000 / 2000 [100%]  (Sampling) 
Chain 4 finished in 251.5 seconds.
Chain 1 Iteration: 2000 / 2000 [100%]  (Sampling) 
Chain 1 finished in 252.4 seconds.

All 4 chains finished successfully.
Mean chain execution time: 244.3 seconds.
Total execution time: 252.7 seconds.

  beta_col   param_name
1  beta[1] X.Intercept.
2  beta[2] Smoking_Rate
3  beta[3]  EQI_factor2
4  beta[4]  EQI_factor3
5  beta[5]  EQI_factor4
6  beta[6]  EQI_factor5
  quintile     mean       sd      q025     q975      rhat ess_bulk ess_tail
1       Q2 10.16850 1.031661  8.456868 11.83944 1.0008004 3445.166 3054.186
2       Q3 14.30162 1.061105 12.551905 16.05047 0.9997408 3093.552 3017.205
3       Q4 19.46585 1.087591 17.704173 21.23251 0.9995524 2801.305 3107.601
4       Q5 26.61606 1.174414 24.714368 28.57215 0.9998397 2451.808 2935.988
[2026-01-15 10:57:10] [INFO] - ✓ Overall 模型完成
[2026-01-15 10:57:11] [INFO] - 运行 Multi-domain 模型 (Scenario=2, NDD)
[1] "EQI"          "EQI_Air"      "EQI_Water"    "EQI_Land"     "EQI_Built"   
[6] "EQI_Social"   "Smoking_Rate" "State_FIPS"   "RUCC"        
Running MCMC with 4 parallel chains...

Chain 1 Iteration:    1 / 2000 [  0%]  (Warmup) 
Chain 2 Iteration:    1 / 2000 [  0%]  (Warmup) 
Chain 3 Iteration:    1 / 2000 [  0%]  (Warmup) 
Chain 4 Iteration:    1 / 2000 [  0%]  (Warmup) 
Chain 4 Iteration:  100 / 2000 [  5%]  (Warmup) 
Chain 4 Iteration:  200 / 2000 [ 10%]  (Warmup) 
Chain 4 Iteration:  300 / 2000 [ 15%]  (Warmup) 
Chain 3 Iteration:  100 / 2000 [  5%]  (Warmup) 
Chain 2 Iteration:  100 / 2000 [  5%]  (Warmup) 
Chain 4 Iteration:  400 / 2000 [ 20%]  (Warmup) 
Chain 1 Iteration:  100 / 2000 [  5%]  (Warmup) 
Chain 4 Iteration:  500 / 2000 [ 25%]  (Warmup) 
Chain 3 Iteration:  200 / 2000 [ 10%]  (Warmup) 
Chain 2 Iteration:  200 / 2000 [ 10%]  (Warmup) 
Chain 4 Iteration:  600 / 2000 [ 30%]  (Warmup) 
Chain 1 Iteration:  200 / 2000 [ 10%]  (Warmup) 
Chain 3 Iteration:  300 / 2000 [ 15%]  (Warmup) 
Chain 4 Iteration:  700 / 2000 [ 35%]  (Warmup) 
Chain 2 Iteration:  300 / 2000 [ 15%]  (Warmup) 
Chain 1 Iteration:  300 / 2000 [ 15%]  (Warmup) 
Chain 4 Iteration:  800 / 2000 [ 40%]  (Warmup) 
Chain 3 Iteration:  400 / 2000 [ 20%]  (Warmup) 
Chain 2 Iteration:  400 / 2000 [ 20%]  (Warmup) 
Chain 4 Iteration:  900 / 2000 [ 45%]  (Warmup) 
Chain 1 Iteration:  400 / 2000 [ 20%]  (Warmup) 
Chain 2 Iteration:  500 / 2000 [ 25%]  (Warmup) 
Chain 4 Iteration: 1000 / 2000 [ 50%]  (Warmup) 
Chain 4 Iteration: 1001 / 2000 [ 50%]  (Sampling) 
Chain 3 Iteration:  500 / 2000 [ 25%]  (Warmup) 
Chain 1 Iteration:  500 / 2000 [ 25%]  (Warmup) 
Chain 4 Iteration: 1100 / 2000 [ 55%]  (Sampling) 
Chain 2 Iteration:  600 / 2000 [ 30%]  (Warmup) 
Chain 3 Iteration:  600 / 2000 [ 30%]  (Warmup) 
Chain 4 Iteration: 1200 / 2000 [ 60%]  (Sampling) 
Chain 1 Iteration:  600 / 2000 [ 30%]  (Warmup) 
Chain 2 Iteration:  700 / 2000 [ 35%]  (Warmup) 
Chain 3 Iteration:  700 / 2000 [ 35%]  (Warmup) 
Chain 4 Iteration: 1300 / 2000 [ 65%]  (Sampling) 
Chain 1 Iteration:  700 / 2000 [ 35%]  (Warmup) 
Chain 2 Iteration:  800 / 2000 [ 40%]  (Warmup) 
Chain 4 Iteration: 1400 / 2000 [ 70%]  (Sampling) 
Chain 3 Iteration:  800 / 2000 [ 40%]  (Warmup) 
Chain 1 Iteration:  800 / 2000 [ 40%]  (Warmup) 
Chain 4 Iteration: 1500 / 2000 [ 75%]  (Sampling) 
Chain 2 Iteration:  900 / 2000 [ 45%]  (Warmup) 
Chain 3 Iteration:  900 / 2000 [ 45%]  (Warmup) 
Chain 4 Iteration: 1600 / 2000 [ 80%]  (Sampling) 
Chain 1 Iteration:  900 / 2000 [ 45%]  (Warmup) 
Chain 3 Iteration: 1000 / 2000 [ 50%]  (Warmup) 
Chain 3 Iteration: 1001 / 2000 [ 50%]  (Sampling) 
Chain 2 Iteration: 1000 / 2000 [ 50%]  (Warmup) 
Chain 2 Iteration: 1001 / 2000 [ 50%]  (Sampling) 
Chain 4 Iteration: 1700 / 2000 [ 85%]  (Sampling) 
Chain 4 Iteration: 1800 / 2000 [ 90%]  (Sampling) 
Chain 3 Iteration: 1100 / 2000 [ 55%]  (Sampling) 
Chain 2 Iteration: 1100 / 2000 [ 55%]  (Sampling) 
Chain 1 Iteration: 1000 / 2000 [ 50%]  (Warmup) 
Chain 1 Iteration: 1001 / 2000 [ 50%]  (Sampling) 
Chain 4 Iteration: 1900 / 2000 [ 95%]  (Sampling) 
Chain 3 Iteration: 1200 / 2000 [ 60%]  (Sampling) 
Chain 2 Iteration: 1200 / 2000 [ 60%]  (Sampling) 
Chain 1 Iteration: 1100 / 2000 [ 55%]  (Sampling) 
Chain 4 Iteration: 2000 / 2000 [100%]  (Sampling) 
Chain 4 finished in 315.0 seconds.
Chain 3 Iteration: 1300 / 2000 [ 65%]  (Sampling) 
Chain 2 Iteration: 1300 / 2000 [ 65%]  (Sampling) 
Chain 1 Iteration: 1200 / 2000 [ 60%]  (Sampling) 
Chain 3 Iteration: 1400 / 2000 [ 70%]  (Sampling) 
Chain 2 Iteration: 1400 / 2000 [ 70%]  (Sampling) 
Chain 1 Iteration: 1300 / 2000 [ 65%]  (Sampling) 
Chain 3 Iteration: 1500 / 2000 [ 75%]  (Sampling) 
Chain 1 Iteration: 1400 / 2000 [ 70%]  (Sampling) 
Chain 2 Iteration: 1500 / 2000 [ 75%]  (Sampling) 
Chain 3 Iteration: 1600 / 2000 [ 80%]  (Sampling) 
Chain 1 Iteration: 1500 / 2000 [ 75%]  (Sampling) 
Chain 2 Iteration: 1600 / 2000 [ 80%]  (Sampling) 
Chain 3 Iteration: 1700 / 2000 [ 85%]  (Sampling) 
Chain 1 Iteration: 1600 / 2000 [ 80%]  (Sampling) 
Chain 2 Iteration: 1700 / 2000 [ 85%]  (Sampling) 
Chain 3 Iteration: 1800 / 2000 [ 90%]  (Sampling) 
Chain 1 Iteration: 1700 / 2000 [ 85%]  (Sampling) 
Chain 2 Iteration: 1800 / 2000 [ 90%]  (Sampling) 
Chain 3 Iteration: 1900 / 2000 [ 95%]  (Sampling) 
Chain 1 Iteration: 1800 / 2000 [ 90%]  (Sampling) 
Chain 2 Iteration: 1900 / 2000 [ 95%]  (Sampling) 
Chain 3 Iteration: 2000 / 2000 [100%]  (Sampling) 
Chain 3 finished in 443.1 seconds.
Chain 1 Iteration: 1900 / 2000 [ 95%]  (Sampling) 
Chain 2 Iteration: 2000 / 2000 [100%]  (Sampling) 
Chain 2 finished in 444.7 seconds.
Chain 1 Iteration: 2000 / 2000 [100%]  (Sampling) 
Chain 1 finished in 456.2 seconds.

All 4 chains finished successfully.
Mean chain execution time: 414.8 seconds.
Total execution time: 456.4 seconds.

   beta_col         param_name
1   beta[1]       X.Intercept.
2   beta[2]       Smoking_Rate
3   beta[3]    EQI_Air_factor2
4   beta[4]    EQI_Air_factor3
5   beta[5]    EQI_Air_factor4
6   beta[6]    EQI_Air_factor5
7   beta[7]  EQI_Water_factor2
8   beta[8]  EQI_Water_factor3
9   beta[9]  EQI_Water_factor4
10 beta[10]  EQI_Water_factor5
11 beta[11]   EQI_Land_factor2
12 beta[12]   EQI_Land_factor3
13 beta[13]   EQI_Land_factor4
14 beta[14]   EQI_Land_factor5
15 beta[15]  EQI_Built_factor2
16 beta[16]  EQI_Built_factor3
17 beta[17]  EQI_Built_factor4
18 beta[18]  EQI_Built_factor5
19 beta[19] EQI_Social_factor2
20 beta[20] EQI_Social_factor3
21 beta[21] EQI_Social_factor4
22 beta[22] EQI_Social_factor5
         quintile       mean       sd        q025      q975     rhat ess_bulk
Air.1          Q2  7.9894075 1.107268  6.20362041  9.840923 1.003843 1550.542
Air.2          Q3 12.2623321 1.174482 10.31659375 14.196631 1.003933 1333.549
Air.3          Q4 16.2659308 1.231105 14.18266160 18.254728 1.004091 1191.779
Air.4          Q5 17.2464068 1.349383 15.00740880 19.490628 1.004534 1260.865
Water.1        Q2  0.9522931 1.353884 -1.30044265  3.168788 1.004221 1429.460
Water.2        Q3  2.4501188 1.413699  0.09146077  4.772755 1.003683 1314.773
Water.3        Q4  4.7188163 1.440500  2.30536940  7.155503 1.003472 1390.337
Water.4        Q5  5.0222428 1.505513  2.50800670  7.520050 1.004862 1359.117
Land.1         Q2  0.7150464 1.023875 -0.98958181  2.321404 1.000197 3121.677
Land.2         Q3  2.2251003 1.106625  0.44468686  4.022945 1.000801 2404.925
Land.3         Q4  1.7103830 1.227451 -0.32632880  3.691428 1.000843 2121.519
Land.4         Q5  2.9004399 1.315099  0.71495707  5.038180 1.000660 2017.306
Built.1        Q2  4.5734313 1.027690  2.85941471  6.245749 1.001181 2973.844
Built.2        Q3  4.6790076 1.055093  2.90849572  6.423846 1.000622 2591.762
Built.3        Q4  5.4063058 1.083864  3.61085680  7.120930 1.000868 2301.906
Built.4        Q5  4.7734486 1.148794  2.88841991  6.703798 1.001351 2215.572
Social.1       Q2  3.8853635 1.024556  2.25027741  5.570736 1.000289 3303.305
Social.2       Q3  6.2800915 1.073440  4.54513893  8.079344 1.001687 2198.600
Social.3       Q4  7.9424298 1.159866  6.00047297  9.827623 1.002292 1923.573
Social.4       Q5 12.1135010 1.304452  9.99781412 14.294767 1.003136 1441.980
         ess_tail domain
Air.1    2482.560    Air
Air.2    2787.297    Air
Air.3    2312.931    Air
Air.4    2326.880    Air
Water.1  2434.771  Water
Water.2  2352.368  Water
Water.3  2472.133  Water
Water.4  2305.434  Water
Land.1   3212.881   Land
Land.2   2753.429   Land
Land.3   2363.052   Land
Land.4   2662.590   Land
Built.1  2711.683  Built
Built.2  2844.434  Built
Built.3  3082.996  Built
Built.4  2922.564  Built
Social.1 3030.262 Social
Social.2 3105.000 Social
Social.3 2625.245 Social
Social.4 2647.980 Social
[2026-01-15 11:05:11] [INFO] - ✓ Multi-domain 模型完成
[2026-01-15 11:05:11] [INFO] - ✅ 完成任务 2: Lag10 (NDD - Overall + MultiDomain)
