========================================
Ridgeline Production Run
========================================
Cancer Type:  G20_G30_G12.2_F01_F03
EQI Period:   2000-2005
AAMR Period:  2011-2015
Lag:          10
Model:        OVERALL
Iterations:   2000 (warmup: 1000)
Chains:       4
Cores used:   25 / 32
Seed:         1236
========================================
Compiling Stan model...
✓ Model compiled
Loading data: EQI_AAMR_Cluster_Climate.csv
Filtered data:
  Total rows: 3146
  Counties:   3146
  States:     51
Building design matrix for OVERALL model...
Design matrix (Overall):
  Rows:    3140
  Columns: 6
  Names:   X.Intercept., Smoking_Rate, EQI_factor2, EQI_factor3, EQI_factor4, EQI_factor5
Starting MCMC sampling...
  This may take 10-30 minutes depending on data size...
Chain 1 Informational Message: The current Metropolis proposal is about to be rejected because of the following issue:
Chain 1 Exception: normal_cdf: Scale parameter is 0, but must be positive! (in '/tmp/RtmpYwwkdD/model-7fa07a11b2aa.stan', line 30, column 6 to column 53)
Chain 1 If this warning occurs sporadically, such as for highly constrained variable types like covariance matrices, then the sampler is fine,
Chain 1 but if this warning occurs often then your model may be either severely ill-conditioned or misspecified.
Chain 1 
Chain 2 Informational Message: The current Metropolis proposal is about to be rejected because of the following issue:
Chain 2 Exception: normal_cdf: Scale parameter is 0, but must be positive! (in '/tmp/RtmpYwwkdD/model-7fa07a11b2aa.stan', line 30, column 6 to column 53)
Chain 2 If this warning occurs sporadically, such as for highly constrained variable types like covariance matrices, then the sampler is fine,
Chain 2 but if this warning occurs often then your model may be either severely ill-conditioned or misspecified.
Chain 2 
Chain 3 Informational Message: The current Metropolis proposal is about to be rejected because of the following issue:
Chain 3 Exception: normal_cdf: Scale parameter is 0, but must be positive! (in '/tmp/RtmpYwwkdD/model-7fa07a11b2aa.stan', line 30, column 6 to column 53)
Chain 3 If this warning occurs sporadically, such as for highly constrained variable types like covariance matrices, then the sampler is fine,
Chain 3 but if this warning occurs often then your model may be either severely ill-conditioned or misspecified.
Chain 3 
Chain 4 Informational Message: The current Metropolis proposal is about to be rejected because of the following issue:
Chain 4 Exception: normal_cdf: Scale parameter is 0, but must be positive! (in '/tmp/RtmpYwwkdD/model-7fa07a11b2aa.stan', line 30, column 6 to column 53)
Chain 4 If this warning occurs sporadically, such as for highly constrained variable types like covariance matrices, then the sampler is fine,
Chain 4 but if this warning occurs often then your model may be either severely ill-conditioned or misspecified.
Chain 4 
✓ Sampling complete
Extracting posterior draws...
Beta parameter mapping:
Computing summary statistics...
Extracted 4000 draws per quintile (Overall EQI)
Summary statistics (Overall EQI):
Preparing output...
========================================
✓ SUCCESS
========================================
Output saved to: /public/home/acf4pijnzl/WDP/Result/Ridgeline/G20_G30_G12.2_F01_F03_2000_2005_2011_2015_Lag10_Overall.rds
File size: 0.22 MB

Convergence diagnostics:
  Max R-hat:       1.0008
  Min ESS (bulk):  2452

To load and plot:
  data <- readRDS('G20_G30_G12.2_F01_F03_2000_2005_2011_2015_Lag10_Overall.rds')
  # For Overall model:
  library(ggridges)
  ggplot(data$draws_long, aes(x=effect, y=quintile, fill=quintile)) +
    geom_density_ridges(alpha=0.7)
========================================
========================================
Ridgeline Production Run
========================================
Cancer Type:  G20_G30_G12.2_F01_F03
EQI Period:   2000-2005
AAMR Period:  2011-2015
Lag:          10
Model:        MULTI
Iterations:   2000 (warmup: 1000)
Chains:       4
Cores used:   25 / 32
Seed:         1236
========================================
Compiling Stan model...
✓ Model compiled
Loading data: EQI_AAMR_Cluster_Climate.csv
Filtered data:
  Total rows: 3146
  Counties:   3146
  States:     51
Building design matrix for MULTI model...
Design matrix (Multi-domain):
  Rows:    3140
  Columns: 22
  Domains: Air, Water, Land, Built, Social (Q2-Q5 each)
Starting MCMC sampling...
  This may take 10-30 minutes depending on data size...
Chain 1 Informational Message: The current Metropolis proposal is about to be rejected because of the following issue:
Chain 1 Exception: normal_cdf: Scale parameter is 0, but must be positive! (in '/tmp/Rtmpw20cxt/model-10cb52f00888.stan', line 30, column 6 to column 53)
Chain 1 If this warning occurs sporadically, such as for highly constrained variable types like covariance matrices, then the sampler is fine,
Chain 1 but if this warning occurs often then your model may be either severely ill-conditioned or misspecified.
Chain 1 
Chain 2 Informational Message: The current Metropolis proposal is about to be rejected because of the following issue:
Chain 2 Exception: normal_cdf: Scale parameter is 0, but must be positive! (in '/tmp/Rtmpw20cxt/model-10cb52f00888.stan', line 30, column 6 to column 53)
Chain 2 If this warning occurs sporadically, such as for highly constrained variable types like covariance matrices, then the sampler is fine,
Chain 2 but if this warning occurs often then your model may be either severely ill-conditioned or misspecified.
Chain 2 
Chain 3 Informational Message: The current Metropolis proposal is about to be rejected because of the following issue:
Chain 3 Exception: normal_cdf: Scale parameter is 0, but must be positive! (in '/tmp/Rtmpw20cxt/model-10cb52f00888.stan', line 30, column 6 to column 53)
Chain 3 If this warning occurs sporadically, such as for highly constrained variable types like covariance matrices, then the sampler is fine,
Chain 3 but if this warning occurs often then your model may be either severely ill-conditioned or misspecified.
Chain 3 
Chain 4 Informational Message: The current Metropolis proposal is about to be rejected because of the following issue:
Chain 4 Exception: normal_cdf: Scale parameter is 0, but must be positive! (in '/tmp/Rtmpw20cxt/model-10cb52f00888.stan', line 30, column 6 to column 53)
Chain 4 If this warning occurs sporadically, such as for highly constrained variable types like covariance matrices, then the sampler is fine,
Chain 4 but if this warning occurs often then your model may be either severely ill-conditioned or misspecified.
Chain 4 
✓ Sampling complete
Extracting posterior draws...
Beta parameter mapping:
Computing summary statistics...
Extracted 4000 draws per quintile per domain (5 domains)
Summary statistics (Multi-domain):
Preparing output...
========================================
✓ SUCCESS
========================================
Output saved to: /public/home/acf4pijnzl/WDP/Result/Ridgeline/G20_G30_G12.2_F01_F03_2000_2005_2011_2015_Lag10_MultiDomain.rds
File size: 1.33 MB

Convergence diagnostics:
  Max R-hat:       1.0049
  Min ESS (bulk):  1192

To load and plot:
  data <- readRDS('G20_G30_G12.2_F01_F03_2000_2005_2011_2015_Lag10_MultiDomain.rds')
  # For Multi-domain model:
  library(ggridges)
  ggplot(data$draws_long, aes(x=effect, y=quintile, fill=domain)) +
    geom_density_ridges(alpha=0.7) +
    facet_wrap(~domain)
========================================
