[2025-12-11 15:30:41] [INFO] - 项目根目录: /public/home/acf4pijnzl/WDP
[2025-12-11 15:30:41] [INFO] - 开始处理任务 2: Lag10
[2025-12-11 15:30:41] [INFO] - 运行 Overall EQI 模型 (Scenario=2)
[1] "EQI"          "EQI_Air"      "EQI_Water"    "EQI_Land"     "EQI_Built"   
[6] "EQI_Social"   "Smoking_Rate" "State_FIPS"   "RUCC"        
Running MCMC with 4 parallel chains...

Chain 1 Iteration:    1 / 2000 [  0%]  (Warmup) 
Chain 2 Iteration:    1 / 2000 [  0%]  (Warmup) 
Chain 3 Iteration:    1 / 2000 [  0%]  (Warmup) 
Chain 4 Iteration:    1 / 2000 [  0%]  (Warmup) 
Chain 4 Iteration:  100 / 2000 [  5%]  (Warmup) 
Chain 1 Iteration:  100 / 2000 [  5%]  (Warmup) 
Chain 2 Iteration:  100 / 2000 [  5%]  (Warmup) 
Chain 4 Iteration:  200 / 2000 [ 10%]  (Warmup) 
Chain 3 Iteration:  100 / 2000 [  5%]  (Warmup) 
Chain 2 Iteration:  200 / 2000 [ 10%]  (Warmup) 
Chain 1 Iteration:  200 / 2000 [ 10%]  (Warmup) 
Chain 4 Iteration:  300 / 2000 [ 15%]  (Warmup) 
Chain 1 Iteration:  300 / 2000 [ 15%]  (Warmup) 
Chain 2 Iteration:  300 / 2000 [ 15%]  (Warmup) 
Chain 3 Iteration:  200 / 2000 [ 10%]  (Warmup) 
Chain 4 Iteration:  400 / 2000 [ 20%]  (Warmup) 
Chain 2 Iteration:  400 / 2000 [ 20%]  (Warmup) 
Chain 1 Iteration:  400 / 2000 [ 20%]  (Warmup) 
Chain 3 Iteration:  300 / 2000 [ 15%]  (Warmup) 
Chain 2 Iteration:  500 / 2000 [ 25%]  (Warmup) 
Chain 4 Iteration:  500 / 2000 [ 25%]  (Warmup) 
Chain 1 Iteration:  500 / 2000 [ 25%]  (Warmup) 
Chain 3 Iteration:  400 / 2000 [ 20%]  (Warmup) 
Chain 2 Iteration:  600 / 2000 [ 30%]  (Warmup) 
Chain 4 Iteration:  600 / 2000 [ 30%]  (Warmup) 
Chain 1 Iteration:  600 / 2000 [ 30%]  (Warmup) 
Chain 2 Iteration:  700 / 2000 [ 35%]  (Warmup) 
Chain 4 Iteration:  700 / 2000 [ 35%]  (Warmup) 
Chain 3 Iteration:  500 / 2000 [ 25%]  (Warmup) 
Chain 1 Iteration:  700 / 2000 [ 35%]  (Warmup) 
Chain 2 Iteration:  800 / 2000 [ 40%]  (Warmup) 
Chain 4 Iteration:  800 / 2000 [ 40%]  (Warmup) 
Chain 3 Iteration:  600 / 2000 [ 30%]  (Warmup) 
Chain 1 Iteration:  800 / 2000 [ 40%]  (Warmup) 
Chain 4 Iteration:  900 / 2000 [ 45%]  (Warmup) 
Chain 2 Iteration:  900 / 2000 [ 45%]  (Warmup) 
Chain 3 Iteration:  700 / 2000 [ 35%]  (Warmup) 
Chain 1 Iteration:  900 / 2000 [ 45%]  (Warmup) 
Chain 3 Iteration:  800 / 2000 [ 40%]  (Warmup) 
Chain 4 Iteration: 1000 / 2000 [ 50%]  (Warmup) 
Chain 4 Iteration: 1001 / 2000 [ 50%]  (Sampling) 
Chain 2 Iteration: 1000 / 2000 [ 50%]  (Warmup) 
Chain 2 Iteration: 1001 / 2000 [ 50%]  (Sampling) 
Chain 1 Iteration: 1000 / 2000 [ 50%]  (Warmup) 
Chain 1 Iteration: 1001 / 2000 [ 50%]  (Sampling) 
Chain 4 Iteration: 1100 / 2000 [ 55%]  (Sampling) 
Chain 3 Iteration:  900 / 2000 [ 45%]  (Warmup) 
Chain 2 Iteration: 1100 / 2000 [ 55%]  (Sampling) 
Chain 4 Iteration: 1200 / 2000 [ 60%]  (Sampling) 
Chain 1 Iteration: 1100 / 2000 [ 55%]  (Sampling) 
Chain 3 Iteration: 1000 / 2000 [ 50%]  (Warmup) 
Chain 3 Iteration: 1001 / 2000 [ 50%]  (Sampling) 
Chain 2 Iteration: 1200 / 2000 [ 60%]  (Sampling) 
Chain 4 Iteration: 1300 / 2000 [ 65%]  (Sampling) 
Chain 1 Iteration: 1200 / 2000 [ 60%]  (Sampling) 
Chain 3 Iteration: 1100 / 2000 [ 55%]  (Sampling) 
Chain 4 Iteration: 1400 / 2000 [ 70%]  (Sampling) 
Chain 2 Iteration: 1300 / 2000 [ 65%]  (Sampling) 
Chain 1 Iteration: 1300 / 2000 [ 65%]  (Sampling) 
Chain 3 Iteration: 1200 / 2000 [ 60%]  (Sampling) 
Chain 4 Iteration: 1500 / 2000 [ 75%]  (Sampling) 
Chain 2 Iteration: 1400 / 2000 [ 70%]  (Sampling) 
Chain 1 Iteration: 1400 / 2000 [ 70%]  (Sampling) 
Chain 3 Iteration: 1300 / 2000 [ 65%]  (Sampling) 
Chain 4 Iteration: 1600 / 2000 [ 80%]  (Sampling) 
Chain 2 Iteration: 1500 / 2000 [ 75%]  (Sampling) 
Chain 4 Iteration: 1700 / 2000 [ 85%]  (Sampling) 
Chain 3 Iteration: 1400 / 2000 [ 70%]  (Sampling) 
Chain 1 Iteration: 1500 / 2000 [ 75%]  (Sampling) 
Chain 2 Iteration: 1600 / 2000 [ 80%]  (Sampling) 
Chain 4 Iteration: 1800 / 2000 [ 90%]  (Sampling) 
Chain 3 Iteration: 1500 / 2000 [ 75%]  (Sampling) 
Chain 1 Iteration: 1600 / 2000 [ 80%]  (Sampling) 
Chain 4 Iteration: 1900 / 2000 [ 95%]  (Sampling) 
Chain 2 Iteration: 1700 / 2000 [ 85%]  (Sampling) 
Chain 3 Iteration: 1600 / 2000 [ 80%]  (Sampling) 
Chain 1 Iteration: 1700 / 2000 [ 85%]  (Sampling) 
Chain 4 Iteration: 2000 / 2000 [100%]  (Sampling) 
Chain 4 finished in 229.7 seconds.
Chain 2 Iteration: 1800 / 2000 [ 90%]  (Sampling) 
Chain 3 Iteration: 1700 / 2000 [ 85%]  (Sampling) 
Chain 1 Iteration: 1800 / 2000 [ 90%]  (Sampling) 
Chain 2 Iteration: 1900 / 2000 [ 95%]  (Sampling) 
Chain 3 Iteration: 1800 / 2000 [ 90%]  (Sampling) 
Chain 1 Iteration: 1900 / 2000 [ 95%]  (Sampling) 
Chain 2 Iteration: 2000 / 2000 [100%]  (Sampling) 
Chain 2 finished in 255.8 seconds.
Chain 3 Iteration: 1900 / 2000 [ 95%]  (Sampling) 
Chain 1 Iteration: 2000 / 2000 [100%]  (Sampling) 
Chain 1 finished in 260.9 seconds.
Chain 3 Iteration: 2000 / 2000 [100%]  (Sampling) 
Chain 3 finished in 268.8 seconds.

All 4 chains finished successfully.
Mean chain execution time: 253.8 seconds.
Total execution time: 269.1 seconds.

  beta_col   param_name
1  beta[1] X.Intercept.
2  beta[2] Smoking_Rate
3  beta[3]  EQI_factor2
4  beta[4]  EQI_factor3
5  beta[5]  EQI_factor4
6  beta[6]  EQI_factor5
  quintile     mean       sd     q025      q975     rhat ess_bulk ess_tail
1       Q2 6.412882 1.172661 4.470873  8.345675 1.001014 2794.837 2510.807
2       Q3 7.050200 1.146134 5.176913  8.910273 1.002253 2260.590 2544.526
3       Q4 8.113095 1.176144 6.186925 10.050612 1.003122 1957.488 2623.978
4       Q5 9.933635 1.260696 7.861380 11.989743 1.002773 1831.792 2492.259
[2025-12-11 15:35:56] [INFO] - ✓ Overall 模型完成
[2025-12-11 15:35:56] [INFO] - 运行 Multi-domain 模型 (Scenario=2)
[1] "EQI"          "EQI_Air"      "EQI_Water"    "EQI_Land"     "EQI_Built"   
[6] "EQI_Social"   "Smoking_Rate" "State_FIPS"   "RUCC"        
Running MCMC with 4 parallel chains...

Chain 1 Iteration:    1 / 2000 [  0%]  (Warmup) 
Chain 2 Iteration:    1 / 2000 [  0%]  (Warmup) 
Chain 3 Iteration:    1 / 2000 [  0%]  (Warmup) 
Chain 4 Iteration:    1 / 2000 [  0%]  (Warmup) 
Chain 3 Iteration:  100 / 2000 [  5%]  (Warmup) 
Chain 2 Iteration:  100 / 2000 [  5%]  (Warmup) 
Chain 4 Iteration:  100 / 2000 [  5%]  (Warmup) 
Chain 3 Iteration:  200 / 2000 [ 10%]  (Warmup) 
Chain 2 Iteration:  200 / 2000 [ 10%]  (Warmup) 
Chain 4 Iteration:  200 / 2000 [ 10%]  (Warmup) 
Chain 2 Iteration:  300 / 2000 [ 15%]  (Warmup) 
Chain 3 Iteration:  300 / 2000 [ 15%]  (Warmup) 
Chain 1 Iteration:  100 / 2000 [  5%]  (Warmup) 
Chain 4 Iteration:  300 / 2000 [ 15%]  (Warmup) 
Chain 3 Iteration:  400 / 2000 [ 20%]  (Warmup) 
Chain 2 Iteration:  400 / 2000 [ 20%]  (Warmup) 
Chain 4 Iteration:  400 / 2000 [ 20%]  (Warmup) 
Chain 1 Iteration:  200 / 2000 [ 10%]  (Warmup) 
Chain 2 Iteration:  500 / 2000 [ 25%]  (Warmup) 
Chain 3 Iteration:  500 / 2000 [ 25%]  (Warmup) 
Chain 4 Iteration:  500 / 2000 [ 25%]  (Warmup) 
Chain 2 Iteration:  600 / 2000 [ 30%]  (Warmup) 
Chain 3 Iteration:  600 / 2000 [ 30%]  (Warmup) 
Chain 4 Iteration:  600 / 2000 [ 30%]  (Warmup) 
Chain 1 Iteration:  300 / 2000 [ 15%]  (Warmup) 
Chain 2 Iteration:  700 / 2000 [ 35%]  (Warmup) 
Chain 3 Iteration:  700 / 2000 [ 35%]  (Warmup) 
Chain 4 Iteration:  700 / 2000 [ 35%]  (Warmup) 
Chain 1 Iteration:  400 / 2000 [ 20%]  (Warmup) 
Chain 3 Iteration:  800 / 2000 [ 40%]  (Warmup) 
Chain 2 Iteration:  800 / 2000 [ 40%]  (Warmup) 
Chain 4 Iteration:  800 / 2000 [ 40%]  (Warmup) 
Chain 1 Iteration:  500 / 2000 [ 25%]  (Warmup) 
Chain 3 Iteration:  900 / 2000 [ 45%]  (Warmup) 
Chain 2 Iteration:  900 / 2000 [ 45%]  (Warmup) 
Chain 4 Iteration:  900 / 2000 [ 45%]  (Warmup) 
Chain 1 Iteration:  600 / 2000 [ 30%]  (Warmup) 
Chain 3 Iteration: 1000 / 2000 [ 50%]  (Warmup) 
Chain 3 Iteration: 1001 / 2000 [ 50%]  (Sampling) 
Chain 2 Iteration: 1000 / 2000 [ 50%]  (Warmup) 
Chain 4 Iteration: 1000 / 2000 [ 50%]  (Warmup) 
Chain 2 Iteration: 1001 / 2000 [ 50%]  (Sampling) 
Chain 4 Iteration: 1001 / 2000 [ 50%]  (Sampling) 
Chain 1 Iteration:  700 / 2000 [ 35%]  (Warmup) 
Chain 3 Iteration: 1100 / 2000 [ 55%]  (Sampling) 
Chain 2 Iteration: 1100 / 2000 [ 55%]  (Sampling) 
Chain 4 Iteration: 1100 / 2000 [ 55%]  (Sampling) 
Chain 1 Iteration:  800 / 2000 [ 40%]  (Warmup) 
Chain 3 Iteration: 1200 / 2000 [ 60%]  (Sampling) 
Chain 2 Iteration: 1200 / 2000 [ 60%]  (Sampling) 
Chain 4 Iteration: 1200 / 2000 [ 60%]  (Sampling) 
Chain 1 Iteration:  900 / 2000 [ 45%]  (Warmup) 
Chain 3 Iteration: 1300 / 2000 [ 65%]  (Sampling) 
Chain 2 Iteration: 1300 / 2000 [ 65%]  (Sampling) 
Chain 1 Iteration: 1000 / 2000 [ 50%]  (Warmup) 
Chain 4 Iteration: 1300 / 2000 [ 65%]  (Sampling) 
Chain 1 Iteration: 1001 / 2000 [ 50%]  (Sampling) 
Chain 3 Iteration: 1400 / 2000 [ 70%]  (Sampling) 
Chain 2 Iteration: 1400 / 2000 [ 70%]  (Sampling) 
Chain 1 Iteration: 1100 / 2000 [ 55%]  (Sampling) 
Chain 4 Iteration: 1400 / 2000 [ 70%]  (Sampling) 
Chain 3 Iteration: 1500 / 2000 [ 75%]  (Sampling) 
Chain 2 Iteration: 1500 / 2000 [ 75%]  (Sampling) 
Chain 1 Iteration: 1200 / 2000 [ 60%]  (Sampling) 
Chain 4 Iteration: 1500 / 2000 [ 75%]  (Sampling) 
Chain 2 Iteration: 1600 / 2000 [ 80%]  (Sampling) 
Chain 3 Iteration: 1600 / 2000 [ 80%]  (Sampling) 
Chain 1 Iteration: 1300 / 2000 [ 65%]  (Sampling) 
Chain 4 Iteration: 1600 / 2000 [ 80%]  (Sampling) 
Chain 2 Iteration: 1700 / 2000 [ 85%]  (Sampling) 
Chain 3 Iteration: 1700 / 2000 [ 85%]  (Sampling) 
Chain 1 Iteration: 1400 / 2000 [ 70%]  (Sampling) 
Chain 4 Iteration: 1700 / 2000 [ 85%]  (Sampling) 
Chain 2 Iteration: 1800 / 2000 [ 90%]  (Sampling) 
Chain 3 Iteration: 1800 / 2000 [ 90%]  (Sampling) 
Chain 1 Iteration: 1500 / 2000 [ 75%]  (Sampling) 
Chain 2 Iteration: 1900 / 2000 [ 95%]  (Sampling) 
Chain 3 Iteration: 1900 / 2000 [ 95%]  (Sampling) 
Chain 4 Iteration: 1800 / 2000 [ 90%]  (Sampling) 
Chain 1 Iteration: 1600 / 2000 [ 80%]  (Sampling) 
Chain 2 Iteration: 2000 / 2000 [100%]  (Sampling) 
Chain 2 finished in 344.9 seconds.
Chain 3 Iteration: 2000 / 2000 [100%]  (Sampling) 
Chain 3 finished in 345.1 seconds.
Chain 4 Iteration: 1900 / 2000 [ 95%]  (Sampling) 
Chain 1 Iteration: 1700 / 2000 [ 85%]  (Sampling) 
Chain 1 Iteration: 1800 / 2000 [ 90%]  (Sampling) 
Chain 4 Iteration: 2000 / 2000 [100%]  (Sampling) 
Chain 4 finished in 360.1 seconds.
Chain 1 Iteration: 1900 / 2000 [ 95%]  (Sampling) 
Chain 1 Iteration: 2000 / 2000 [100%]  (Sampling) 
Chain 1 finished in 384.6 seconds.

All 4 chains finished successfully.
Mean chain execution time: 358.7 seconds.
Total execution time: 384.8 seconds.

   beta_col         param_name
1   beta[1]       X.Intercept.
2   beta[2]       Smoking_Rate
3   beta[3]    EQI_Air_factor2
4   beta[4]    EQI_Air_factor3
5   beta[5]    EQI_Air_factor4
6   beta[6]    EQI_Air_factor5
7   beta[7]  EQI_Water_factor2
8   beta[8]  EQI_Water_factor3
9   beta[9]  EQI_Water_factor4
10 beta[10]  EQI_Water_factor5
11 beta[11]   EQI_Land_factor2
12 beta[12]   EQI_Land_factor3
13 beta[13]   EQI_Land_factor4
14 beta[14]   EQI_Land_factor5
15 beta[15]  EQI_Built_factor2
16 beta[16]  EQI_Built_factor3
17 beta[17]  EQI_Built_factor4
18 beta[18]  EQI_Built_factor5
19 beta[19] EQI_Social_factor2
20 beta[20] EQI_Social_factor3
21 beta[21] EQI_Social_factor4
22 beta[22] EQI_Social_factor5
         quintile       mean       sd       q025       q975      rhat ess_bulk
Air.1          Q2  6.9962847 1.332974  4.8399016  9.1881828 1.0017493 2053.260
Air.2          Q3  9.4844988 1.343998  7.2783551 11.6852618 1.0006877 1710.082
Air.3          Q4 10.6545403 1.366349  8.4088724 12.9320901 1.0011207 1523.298
Air.4          Q5 12.3150212 1.464857  9.9031242 14.7618123 1.0018185 1484.291
Water.1        Q2  0.5303004 1.459329 -1.8604290  2.8937718 1.0009966 1729.993
Water.2        Q3 -1.2558736 1.467185 -3.6904948  1.1767779 1.0003786 1547.451
Water.3        Q4  0.7645323 1.437184 -1.6263966  3.1332211 1.0006142 1491.067
Water.4        Q5  1.4514554 1.529106 -1.0859882  3.9259610 1.0006908 1490.366
Land.1         Q2  1.2349576 1.064037 -0.5184890  2.9880972 1.0003825 2895.207
Land.2         Q3  1.1182019 1.134526 -0.7444219  2.9539657 1.0019544 2432.477
Land.3         Q4  1.7758322 1.274757 -0.3720493  3.8941696 1.0029900 2162.514
Land.4         Q5  2.0353931 1.364760 -0.1780881  4.2405040 1.0024927 2116.492
Built.1        Q2  5.0816686 1.140905  3.1941833  6.9446974 1.0019330 2165.976
Built.2        Q3  6.1862220 1.151898  4.2538764  8.0423675 1.0022963 1817.156
Built.3        Q4  6.2773174 1.168156  4.3438662  8.1979609 1.0033722 1662.398
Built.4        Q5  8.0277679 1.196448  6.0458290  9.9735613 1.0041922 1704.576
Social.1       Q2 -0.9501253 1.093193 -2.7495954  0.8498446 1.0022941 3186.702
Social.2       Q3 -3.8541263 1.149693 -5.7447791 -1.9645103 0.9996158 2525.297
Social.3       Q4 -5.1441061 1.214375 -7.1700606 -3.1481603 0.9998116 2183.290
Social.4       Q5 -4.6603291 1.307025 -6.7851738 -2.5200561 1.0000446 2065.869
         ess_tail domain
Air.1    2871.339    Air
Air.2    2382.905    Air
Air.3    2154.569    Air
Air.4    2401.696    Air
Water.1  2541.910  Water
Water.2  2185.217  Water
Water.3  2378.331  Water
Water.4  2339.402  Water
Land.1   2956.093   Land
Land.2   2740.806   Land
Land.3   2834.064   Land
Land.4   2778.013   Land
Built.1  2289.008  Built
Built.2  2230.059  Built
Built.3  2377.451  Built
Built.4  2415.964  Built
Social.1 3030.325 Social
Social.2 2960.720 Social
Social.3 2958.104 Social
Social.4 2987.874 Social
[2025-12-11 15:42:45] [INFO] - ✓ Multi-domain 模型完成
[2025-12-11 15:42:45] [INFO] - ✅ 完成任务 2: Lag10 (Overall + MultiDomain)
